Archive member included because of file (symbol)

/home/laurence/ARM-GCC/bin/../lib/gcc/arm-none-eabi/4.7.4/armv7-m/libgcc.a(_arm_addsubdf3.o)
                              /tmp/ccOdj1ue.ltrans2.ltrans.o (__aeabi_dsub)
/home/laurence/ARM-GCC/bin/../lib/gcc/arm-none-eabi/4.7.4/armv7-m/libgcc.a(_arm_muldivdf3.o)
                              /tmp/ccOdj1ue.ltrans2.ltrans.o (__aeabi_dmul)
/home/laurence/ARM-GCC/bin/../lib/gcc/arm-none-eabi/4.7.4/armv7-m/libgcc.a(_arm_fixdfsi.o)
                              /tmp/ccOdj1ue.ltrans2.ltrans.o (__aeabi_d2iz)
/home/laurence/ARM-GCC/bin/../lib/gcc/arm-none-eabi/4.7.4/armv7-m/libgcc.a(_arm_fixunsdfsi.o)
                              /tmp/ccOdj1ue.ltrans4.ltrans.o (__aeabi_d2uiz)
/home/laurence/ARM-GCC/bin/../lib/gcc/arm-none-eabi/4.7.4/armv7-m/libgcc.a(_arm_truncdfsf2.o)
                              /tmp/ccOdj1ue.ltrans2.ltrans.o (__aeabi_d2f)
/home/laurence/ARM-GCC/bin/../lib/gcc/arm-none-eabi/4.7.4/armv7-m/libgcc.a(_arm_addsubsf3.o)
                              /tmp/ccOdj1ue.ltrans4.ltrans.o (__aeabi_fsub)
/home/laurence/ARM-GCC/bin/../lib/gcc/arm-none-eabi/4.7.4/armv7-m/libgcc.a(_arm_muldivsf3.o)
                              /tmp/ccOdj1ue.ltrans4.ltrans.o (__aeabi_fmul)
/home/laurence/ARM-GCC/bin/../lib/gcc/arm-none-eabi/4.7.4/armv7-m/libgcc.a(_arm_cmpsf2.o)
                              /tmp/ccOdj1ue.ltrans2.ltrans.o (__aeabi_fcmplt)
/home/laurence/ARM-GCC/bin/../lib/gcc/arm-none-eabi/4.7.4/armv7-m/libgcc.a(_arm_fixsfsi.o)
                              /tmp/ccOdj1ue.ltrans2.ltrans.o (__aeabi_f2iz)
/home/laurence/ARM-GCC/bin/../lib/gcc/arm-none-eabi/4.7.4/armv7-m/libgcc.a(_arm_fixunssfsi.o)
                              /tmp/ccOdj1ue.ltrans4.ltrans.o (__aeabi_f2uiz)
/home/laurence/ARM-GCC/bin/../lib/gcc/arm-none-eabi/4.7.4/../../../../arm-none-eabi/lib/armv7-m/libg.a(lib_a-memset.o)
                              /tmp/ccOdj1ue.ltrans6.ltrans.o (memset)
/home/laurence/ARM-GCC/bin/../lib/gcc/arm-none-eabi/4.7.4/../../../../arm-none-eabi/lib/armv7-m/libg.a(lib_a-strcasecmp.o)
                              /tmp/ccOdj1ue.ltrans10.ltrans.o (strcasecmp)
/home/laurence/ARM-GCC/bin/../lib/gcc/arm-none-eabi/4.7.4/../../../../arm-none-eabi/lib/armv7-m/libg.a(lib_a-strlen.o)
                              /tmp/ccOdj1ue.ltrans1.ltrans.o (strlen)
/home/laurence/ARM-GCC/bin/../lib/gcc/arm-none-eabi/4.7.4/../../../../arm-none-eabi/lib/armv7-m/libg.a(lib_a-strncpy.o)
                              /tmp/ccOdj1ue.ltrans3.ltrans.o (strncpy)
/home/laurence/ARM-GCC/bin/../lib/gcc/arm-none-eabi/4.7.4/../../../../arm-none-eabi/lib/armv7-m/libg.a(lib_a-strpbrk.o)
                              /tmp/ccOdj1ue.ltrans6.ltrans.o (strpbrk)
/home/laurence/ARM-GCC/bin/../lib/gcc/arm-none-eabi/4.7.4/../../../../arm-none-eabi/lib/armv7-m/libg.a(lib_a-strspn.o)
                              /tmp/ccOdj1ue.ltrans6.ltrans.o (strspn)
/home/laurence/ARM-GCC/bin/../lib/gcc/arm-none-eabi/4.7.4/../../../../arm-none-eabi/lib/armv7-m/libg.a(lib_a-ctype_.o)
                              /home/laurence/ARM-GCC/bin/../lib/gcc/arm-none-eabi/4.7.4/../../../../arm-none-eabi/lib/armv7-m/libg.a(lib_a-strcasecmp.o) (__ctype_ptr__)

Discarded input sections

 .data          0x00000000        0x0 build/obj/chcoreasm_v7m.o
 .bss           0x00000000        0x0 build/obj/chcoreasm_v7m.o
 .text          0x00000000        0x0 build/obj/crt0.o (symbol from plugin)
 .text          0x00000000        0x0 /tmp/ccOdj1ue.ltrans0.ltrans.o
 .data          0x00000000        0x0 /tmp/ccOdj1ue.ltrans0.ltrans.o
 .bss           0x00000000        0x0 /tmp/ccOdj1ue.ltrans0.ltrans.o
 .text          0x00000000        0x0 /tmp/ccOdj1ue.ltrans1.ltrans.o
 .data          0x00000000        0x0 /tmp/ccOdj1ue.ltrans1.ltrans.o
 .bss           0x00000000        0x0 /tmp/ccOdj1ue.ltrans1.ltrans.o
 .text          0x00000000        0x0 /tmp/ccOdj1ue.ltrans2.ltrans.o
 .data          0x00000000        0x0 /tmp/ccOdj1ue.ltrans2.ltrans.o
 .bss           0x00000000        0x0 /tmp/ccOdj1ue.ltrans2.ltrans.o
 .text          0x00000000        0x0 /tmp/ccOdj1ue.ltrans3.ltrans.o
 .data          0x00000000        0x0 /tmp/ccOdj1ue.ltrans3.ltrans.o
 .bss           0x00000000        0x0 /tmp/ccOdj1ue.ltrans3.ltrans.o
 .text          0x00000000        0x0 /tmp/ccOdj1ue.ltrans4.ltrans.o
 .data          0x00000000        0x0 /tmp/ccOdj1ue.ltrans4.ltrans.o
 .bss           0x00000000        0x0 /tmp/ccOdj1ue.ltrans4.ltrans.o
 .text          0x00000000        0x0 /tmp/ccOdj1ue.ltrans5.ltrans.o
 .data          0x00000000        0x0 /tmp/ccOdj1ue.ltrans5.ltrans.o
 .bss           0x00000000        0x0 /tmp/ccOdj1ue.ltrans5.ltrans.o
 .text          0x00000000        0x0 /tmp/ccOdj1ue.ltrans6.ltrans.o
 .data          0x00000000        0x0 /tmp/ccOdj1ue.ltrans6.ltrans.o
 .bss           0x00000000        0x0 /tmp/ccOdj1ue.ltrans6.ltrans.o
 .text          0x00000000        0x0 /tmp/ccOdj1ue.ltrans7.ltrans.o
 .data          0x00000000        0x0 /tmp/ccOdj1ue.ltrans7.ltrans.o
[...]
Memory Configuration

Name             Origin             Length             Attributes
flash            0x08000000         0x00020000
ram              0x20000000         0x00005000
*default*        0x00000000         0xffffffff

Linker script and memory map

LOAD build/obj/chcoreasm_v7m.o
LOAD build/obj/crt0.o
LOAD /tmp/ccOdj1ue.ltrans0.ltrans.o
LOAD /tmp/ccOdj1ue.ltrans1.ltrans.o
LOAD /tmp/ccOdj1ue.ltrans2.ltrans.o
LOAD /tmp/ccOdj1ue.ltrans3.ltrans.o
LOAD /tmp/ccOdj1ue.ltrans4.ltrans.o
LOAD /tmp/ccOdj1ue.ltrans5.ltrans.o
LOAD /tmp/ccOdj1ue.ltrans6.ltrans.o
LOAD /tmp/ccOdj1ue.ltrans7.ltrans.o
LOAD /tmp/ccOdj1ue.ltrans8.ltrans.o
LOAD /tmp/ccOdj1ue.ltrans9.ltrans.o
LOAD /tmp/ccOdj1ue.ltrans10.ltrans.o
LOAD /home/laurence/ARM-GCC/bin/../lib/gcc/arm-none-eabi/4.7.4/armv7-m/libgcc.a
LOAD /home/laurence/ARM-GCC/bin/../lib/gcc/arm-none-eabi/4.7.4/../../../../arm-none-eabi/lib/armv7-m/libg.a
LOAD /home/laurence/ARM-GCC/bin/../lib/gcc/arm-none-eabi/4.7.4/../../../../arm-none-eabi/lib/armv7-m/libc.a
LOAD build/obj/vectors.o
LOAD build/obj/chcore.o
LOAD build/obj/chcore_v7m.o
LOAD build/obj/chsys.o
LOAD build/obj/chdebug.o
LOAD build/obj/chtm.o
LOAD build/obj/chstats.o
LOAD build/obj/chschd.o
LOAD build/obj/chvt.o
LOAD build/obj/chthreads.o
LOAD build/obj/chdynamic.o
LOAD build/obj/chregistry.o
LOAD build/obj/chsem.o
LOAD build/obj/chmtx.o
LOAD build/obj/chcond.o
LOAD build/obj/chevents.o
LOAD build/obj/chmsg.o
LOAD build/obj/chmboxes.o
LOAD build/obj/chqueues.o
LOAD build/obj/chmemcore.o
LOAD build/obj/chheap.o
LOAD build/obj/chmempools.o
LOAD build/obj/test.o
LOAD build/obj/testthd.o
LOAD build/obj/testsem.o
LOAD build/obj/testmtx.o
LOAD build/obj/testmsg.o
LOAD build/obj/testmbox.o
LOAD build/obj/testevt.o
LOAD build/obj/testheap.o
LOAD build/obj/testpools.o
LOAD build/obj/testdyn.o
LOAD build/obj/testqueues.o
LOAD build/obj/testbmk.o
LOAD build/obj/hal.o
LOAD build/obj/hal_queues.o
LOAD build/obj/hal_mmcsd.o
LOAD build/obj/adc.o
LOAD build/obj/can.o
LOAD build/obj/dac.o
LOAD build/obj/ext.o
LOAD build/obj/gpt.o
LOAD build/obj/i2c.o
LOAD build/obj/i2s.o
LOAD build/obj/icu.o
LOAD build/obj/mac.o
LOAD build/obj/mmc_spi.o
LOAD build/obj/pal.o
LOAD build/obj/pwm.o
LOAD build/obj/rtc.o
LOAD build/obj/sdc.o
LOAD build/obj/serial.o
LOAD build/obj/serial_usb.o
LOAD build/obj/spi.o
LOAD build/obj/st.o
LOAD build/obj/uart.o
LOAD build/obj/usb.o
LOAD build/obj/osal.o
LOAD build/obj/nvic.o
LOAD build/obj/stm32_dma.o
LOAD build/obj/hal_lld.o
LOAD build/obj/adc_lld.o
LOAD build/obj/ext_lld_isr.o
LOAD build/obj/can_lld.o
LOAD build/obj/ext_lld.o
LOAD build/obj/mac_lld.o
LOAD build/obj/sdc_lld.o
LOAD build/obj/pal_lld.o
LOAD build/obj/i2c_lld.o
LOAD build/obj/rtc_lld.o
LOAD build/obj/spi_lld.o
LOAD build/obj/gpt_lld.o
LOAD build/obj/icu_lld.o
LOAD build/obj/pwm_lld.o
LOAD build/obj/st_lld.o
LOAD build/obj/serial_lld.o
LOAD build/obj/uart_lld.o
LOAD build/obj/usb_lld.o
LOAD build/obj/board.o
LOAD build/obj/shell.o
LOAD build/obj/chprintf.o
LOAD build/obj/main.o
LOAD build/obj/usbcfg.o
LOAD build/obj/Si446x_thread.o
                0x20000000                __ram_start__ = ORIGIN (ram)
                0x00005000                __ram_size__ = 0x5000
                0x20005000                __ram_end__ = (__ram_start__ + __ram_size__)
                0x00000000                . = 0x0
                0x00000000                _text = .

startup         0x08000000      0x140
 *(vectors)
 vectors        0x08000000      0x140 /tmp/ccOdj1ue.ltrans8.ltrans.o
                0x08000000                _vectors

constructors    0x08000140        0x0
                0x08000140                PROVIDE (__init_array_start, .)
 *(SORT(.init_array.*))
 *(.init_array)
                0x08000140                PROVIDE (__init_array_end, .)

destructors     0x08000140        0x0
                0x08000140                PROVIDE (__fini_array_start, .)
 *(.fini_array)
 *(SORT(.fini_array.*))
                0x08000140                PROVIDE (__fini_array_end, .)

.text           0x08000140     0xbc74
 *(.text.startup.*)
 .text.startup.main.4369
                0x08000140      0x5b0 /tmp/ccOdj1ue.ltrans8.ltrans.o
 *(.text)
 .text          0x080006f0       0x26 build/obj/chcoreasm_v7m.o
                0x080006f0                _port_switch
                0x08000700                _port_thread_start
                0x0800070e                _port_switch_from_isr
                0x08000712                _port_exit_from_isr
 *fill*         0x08000716        0xa 00
 .text          0x08000720      0x370 /home/laurence/ARM-GCC/bin/../lib/gcc/arm-none-eabi/4.7.4/armv7-m/libgcc.a(_arm_addsubdf3.o)
                0x08000720                __aeabi_drsub
                0x08000728                __aeabi_dsub
                0x08000728                __subdf3
                0x0800072c                __adddf3
                0x0800072c                __aeabi_dadd
                0x080009a4                __aeabi_ui2d
                0x080009a4                __floatunsidf
                0x080009c4                __floatsidf
                0x080009c4                __aeabi_i2d
                0x080009e8                __extendsfdf2
                0x080009e8                __aeabi_f2d
                0x08000a24                __aeabi_ul2d
                0x08000a24                __floatundidf
                0x08000a34                __floatdidf
                0x08000a34                __aeabi_l2d
 .text          0x08000a90      0x424 /home/laurence/ARM-GCC/bin/../lib/gcc/arm-none-eabi/4.7.4/armv7-m/libgcc.a(_arm_muldivdf3.o)
                0x08000a90                __aeabi_dmul
                0x08000a90                __muldf3
                0x08000ce4                __aeabi_ddiv
                0x08000ce4                __divdf3
 *fill*         0x08000eb4        0xc 00
 .text          0x08000ec0       0x50 /home/laurence/ARM-GCC/bin/../lib/gcc/arm-none-eabi/4.7.4/armv7-m/libgcc.a(_arm_fixdfsi.o)
                0x08000ec0                __fixdfsi
                0x08000ec0                __aeabi_d2iz
 .text          0x08000f10       0x40 /home/laurence/ARM-GCC/bin/../lib/gcc/arm-none-eabi/4.7.4/armv7-m/libgcc.a(_arm_fixunsdfsi.o)
                0x08000f10                __fixunsdfsi
                0x08000f10                __aeabi_d2uiz
 .text          0x08000f50       0xa0 /home/laurence/ARM-GCC/bin/../lib/gcc/arm-none-eabi/4.7.4/armv7-m/libgcc.a(_arm_truncdfsf2.o)
                0x08000f50                __aeabi_d2f
                0x08000f50                __truncdfsf2
 .text          0x08000ff0      0x21c /home/laurence/ARM-GCC/bin/../lib/gcc/arm-none-eabi/4.7.4/armv7-m/libgcc.a(_arm_addsubsf3.o)
                0x08000ff0                __aeabi_frsub
                0x08000ff8                __subsf3
                0x08000ff8                __aeabi_fsub
                0x08000ffc                __aeabi_fadd
                0x08000ffc                __addsf3
                0x0800115c                __aeabi_ui2f
                0x0800115c                __floatunsisf
                0x08001164                __aeabi_i2f
                0x08001164                __floatsisf
                0x08001180                __floatundisf
                0x08001180                __aeabi_ul2f
                0x08001190                __floatdisf
                0x08001190                __aeabi_l2f
 *fill*         0x0800120c        0x4 00
 .text          0x08001210      0x2a0 /home/laurence/ARM-GCC/bin/../lib/gcc/arm-none-eabi/4.7.4/armv7-m/libgcc.a(_arm_muldivsf3.o)
                0x08001210                __mulsf3
                0x08001210                __aeabi_fmul
                0x08001378                __divsf3
                0x08001378                __aeabi_fdiv
 .text          0x080014b0       0xec /home/laurence/ARM-GCC/bin/../lib/gcc/arm-none-eabi/4.7.4/armv7-m/libgcc.a(_arm_cmpsf2.o)
                0x080014b0                __gtsf2
                0x080014b0                __gesf2
                0x080014b8                __lesf2
                0x080014b8                __ltsf2
                0x080014c0                __nesf2
                0x080014c0                __eqsf2
                0x080014c0                __cmpsf2
                0x08001520                __aeabi_cfrcmple
                0x08001528                __aeabi_cfcmple
                0x08001528                __aeabi_cfcmpeq
                0x08001538                __aeabi_fcmpeq
                0x0800154c                __aeabi_fcmplt
                0x08001560                __aeabi_fcmple
                0x08001574                __aeabi_fcmpge
                0x08001588                __aeabi_fcmpgt
 *fill*         0x0800159c        0x4 00
 .text          0x080015a0       0x4c /home/laurence/ARM-GCC/bin/../lib/gcc/arm-none-eabi/4.7.4/armv7-m/libgcc.a(_arm_fixsfsi.o)
                0x080015a0                __fixsfsi
                0x080015a0                __aeabi_f2iz
 *fill*         0x080015ec        0x4 00
 .text          0x080015f0       0x40 /home/laurence/ARM-GCC/bin/../lib/gcc/arm-none-eabi/4.7.4/armv7-m/libgcc.a(_arm_fixunssfsi.o)
                0x080015f0                __aeabi_f2uiz
                0x080015f0                __fixunssfsi
 *(.text.*)
 .text.tmr.6612
                0x08001630       0x10 /tmp/ccOdj1ue.ltrans0.ltrans.o
                0x08001630                tmr.6612
 .text.chCoreAlloc
                0x08001640       0x40 /tmp/ccOdj1ue.ltrans0.ltrans.o
                0x08001640                chCoreAlloc
 .text.wakeup.4589
                0x08001680       0x60 /tmp/ccOdj1ue.ltrans0.ltrans.o
                0x08001680                wakeup.4589
 .text._idle_thread.4288
                0x080016e0       0x20 /tmp/ccOdj1ue.ltrans0.ltrans.o
                0x080016e0                _idle_thread.4288
 .text.SVC_Handler
                0x08001700       0x20 /tmp/ccOdj1ue.ltrans0.ltrans.o
                0x08001700                SVC_Handler
 .text.test_terminate_threads
                0x08001720       0x80 /tmp/ccOdj1ue.ltrans0.ltrans.o
                0x08001720                test_terminate_threads
 .text._test_assert_time_window
                0x080017a0       0x50 /tmp/ccOdj1ue.ltrans0.ltrans.o
                0x080017a0                _test_assert_time_window
 .text._test_assert_sequence
                0x080017f0       0x90 /tmp/ccOdj1ue.ltrans0.ltrans.o
                0x080017f0                _test_assert_sequence
 .text._test_assert
                0x08001880       0x30 /tmp/ccOdj1ue.ltrans0.ltrans.o
                0x08001880                _test_assert
 .text.test_emit_token
                0x080018b0       0x20 /tmp/ccOdj1ue.ltrans0.ltrans.o
                0x080018b0                test_emit_token
 .text.h1.7730  0x080018d0       0x10 /tmp/ccOdj1ue.ltrans0.ltrans.o
                0x080018d0                h1.7730
 .text.h2.7727  0x080018e0       0x10 /tmp/ccOdj1ue.ltrans0.ltrans.o
                0x080018e0                h2.7727
 .text.h3.7724  0x080018f0       0x10 /tmp/ccOdj1ue.ltrans0.ltrans.o
                0x080018f0                h3.7724
 .text.thread.6821.4052
                0x08001900       0x10 /tmp/ccOdj1ue.ltrans0.ltrans.o
 .text.test_println
                0x08001910       0x30 /tmp/ccOdj1ue.ltrans0.ltrans.o
                0x08001910                test_println
 .text.test_print
                0x08001940       0x20 /tmp/ccOdj1ue.ltrans0.ltrans.o
                0x08001940                test_print
 .text.test_printn
                0x08001960       0x90 /tmp/ccOdj1ue.ltrans0.ltrans.o
                0x08001960                test_printn
 .text.print_line.6617
                0x080019f0       0x40 /tmp/ccOdj1ue.ltrans0.ltrans.o
                0x080019f0                print_line.6617
 .text.chPoolAlloc
                0x08001a30       0x30 /tmp/ccOdj1ue.ltrans0.ltrans.o
                0x08001a30                chPoolAlloc
 .text.chEvtUnregister
                0x08001a60       0x30 /tmp/ccOdj1ue.ltrans0.ltrans.o
                0x08001a60                chEvtUnregister
 .text.chThdYield
                0x08001a90       0x50 /tmp/ccOdj1ue.ltrans0.ltrans.o
                0x08001a90                chThdYield
 .text.chThdCreateI
                0x08001ae0       0x70 /tmp/ccOdj1ue.ltrans0.ltrans.o
                0x08001ae0                chThdCreateI
 .text.chSchDoRescheduleAhead
                0x08001b50       0x40 /tmp/ccOdj1ue.ltrans0.ltrans.o
                0x08001b50                chSchDoRescheduleAhead
 .text.chSchRescheduleS
                0x08001b90       0x20 /tmp/ccOdj1ue.ltrans0.ltrans.o
                0x08001b90                chSchRescheduleS
 .text.chThdSetPriority.4319
                0x08001bb0       0x30 /tmp/ccOdj1ue.ltrans0.ltrans.o
 .text.thd3_execute.6824
                0x08001be0      0x150 /tmp/ccOdj1ue.ltrans0.ltrans.o
                0x08001be0                thd3_execute.6824
 .text.chSchWakeupS
                0x08001d30       0x60 /tmp/ccOdj1ue.ltrans0.ltrans.o
                0x08001d30                chSchWakeupS
 .text.chMtxUnlock
                0x08001d90       0x60 /tmp/ccOdj1ue.ltrans0.ltrans.o
                0x08001d90                chMtxUnlock
 .text.chSemSignal
                0x08001df0       0x30 /tmp/ccOdj1ue.ltrans0.ltrans.o
                0x08001df0                chSemSignal
 .text.chThdCreateStatic
                0x08001e20       0x80 /tmp/ccOdj1ue.ltrans0.ltrans.o
                0x08001e20                chThdCreateStatic
 .text.chSchGoSleepS
                0x08001ea0       0x30 /tmp/ccOdj1ue.ltrans0.ltrans.o
                0x08001ea0                chSchGoSleepS
 .text.chMsgWait
                0x08001ed0       0x40 /tmp/ccOdj1ue.ltrans0.ltrans.o
                0x08001ed0                chMsgWait
 .text.chSemWait
                0x08001f10       0x40 /tmp/ccOdj1ue.ltrans0.ltrans.o
                0x08001f10                chSemWait
 .text.thread1.7054
                0x08001f50       0x20 /tmp/ccOdj1ue.ltrans0.ltrans.o
                0x08001f50                thread1.7054
 .text.thread3.7057
                0x08001f70       0x20 /tmp/ccOdj1ue.ltrans0.ltrans.o
                0x08001f70                thread3.7057
 .text._port_irq_epilogue
                0x08001f90       0x60 /tmp/ccOdj1ue.ltrans0.ltrans.o
                0x08001f90                _port_irq_epilogue
 .text.chSchReadyI
                0x08001ff0       0x20 /tmp/ccOdj1ue.ltrans0.ltrans.o
                0x08001ff0                chSchReadyI
 .text.chMsgSend
                0x08002010       0x40 /tmp/ccOdj1ue.ltrans0.ltrans.o
                0x08002010                chMsgSend
 .text.thread.7390
                0x08002050       0x20 /tmp/ccOdj1ue.ltrans0.ltrans.o
                0x08002050                thread.7390
 .text.chEvtSignalI
                0x08002070       0x30 /tmp/ccOdj1ue.ltrans0.ltrans.o
                0x08002070                chEvtSignalI
 .text.chEvtBroadcastFlagsI
                0x080020a0       0x30 /tmp/ccOdj1ue.ltrans0.ltrans.o
                0x080020a0                chEvtBroadcastFlagsI
 .text.chMtxUnlockAll
                0x080020d0       0x60 /tmp/ccOdj1ue.ltrans0.ltrans.o
                0x080020d0                chMtxUnlockAll
 .text.chMtxUnlockS
                0x08002130       0x50 /tmp/ccOdj1ue.ltrans0.ltrans.o
                0x08002130                chMtxUnlockS
 .text.chMtxLockS
                0x08002180       0xd0 /tmp/ccOdj1ue.ltrans0.ltrans.o
                0x08002180                chMtxLockS
 .text.chMtxLock
                0x08002250       0x20 /tmp/ccOdj1ue.ltrans0.ltrans.o
                0x08002250                chMtxLock
 .text.thread1.7272.4036
                0x08002270       0x30 /tmp/ccOdj1ue.ltrans0.ltrans.o
 .text.thread12.7263
                0x080022a0       0x30 /tmp/ccOdj1ue.ltrans0.ltrans.o
                0x080022a0                thread12.7263
 .text.chHeapStatus
                0x080022d0       0x40 /tmp/ccOdj1ue.ltrans0.ltrans.o
                0x080022d0                chHeapStatus
 .text.chHeapFree
                0x08002310       0x90 /tmp/ccOdj1ue.ltrans0.ltrans.o
                0x08002310                chHeapFree
 .text.chThdRelease
                0x080023a0       0x60 /tmp/ccOdj1ue.ltrans0.ltrans.o
                0x080023a0                chThdRelease
 .text.chThdWait
                0x08002400       0x40 /tmp/ccOdj1ue.ltrans0.ltrans.o
                0x08002400                chThdWait
 .text.test_wait_threads
                0x08002440       0x50 /tmp/ccOdj1ue.ltrans0.ltrans.o
                0x08002440                test_wait_threads
 .text.mtx1_execute.7299
                0x08002490       0xe0 /tmp/ccOdj1ue.ltrans0.ltrans.o
                0x08002490                mtx1_execute.7299
 .text.thd1_execute.6828
                0x08002570       0xe0 /tmp/ccOdj1ue.ltrans0.ltrans.o
                0x08002570                thd1_execute.6828
 .text.thd2_execute.6826
                0x08002650      0x100 /tmp/ccOdj1ue.ltrans0.ltrans.o
                0x08002650                thd2_execute.6826
 .text.chRegNextThread
                0x08002750       0x30 /tmp/ccOdj1ue.ltrans0.ltrans.o
                0x08002750                chRegNextThread
 .text.chHeapAlloc
                0x08002780       0x90 /tmp/ccOdj1ue.ltrans0.ltrans.o
                0x08002780                chHeapAlloc
 .text.heap1_execute.7927
                0x08002810      0x250 /tmp/ccOdj1ue.ltrans0.ltrans.o
                0x08002810                heap1_execute.7927
 .text.chThdCreateFromHeap
                0x08002a60       0x40 /tmp/ccOdj1ue.ltrans0.ltrans.o
                0x08002a60                chThdCreateFromHeap
 .text.chSemSignalI
                0x08002aa0       0x20 /tmp/ccOdj1ue.ltrans0.ltrans.o
                0x08002aa0                chSemSignalI
 .text.chSemResetI
                0x08002ac0       0x70 /tmp/ccOdj1ue.ltrans0.ltrans.o
                0x08002ac0                chSemResetI
 .text.chThdExitS
                0x08002b30       0x40 /tmp/ccOdj1ue.ltrans0.ltrans.o
                0x08002b30                chThdExitS
 .text.chTMStopMeasurementX
                0x08002b70       0x50 /tmp/ccOdj1ue.ltrans0.ltrans.o
                0x08002b70                chTMStopMeasurementX
 .text.chTMStartMeasurementX
                0x08002bc0       0x10 /tmp/ccOdj1ue.ltrans0.ltrans.o
                0x08002bc0                chTMStartMeasurementX
 .text._unhandled_exception.4384
                0x08002bd0       0x10 /tmp/ccOdj1ue.ltrans0.ltrans.o
                0x08002bd0                Vector58
                0x08002bd0                VectorE8
                0x08002bd0                Vector9C
                0x08002bd0                VectorAC
                0x08002bd0                DebugMon_Handler
                0x08002bd0                Vector5C
                0x08002bd0                Vector11C
                0x08002bd0                HardFault_Handler
                0x08002bd0                SysTick_Handler
                0x08002bd0                VectorDC
                0x08002bd0                PendSV_Handler
                0x08002bd0                NMI_Handler
                0x08002bd0                Vector110
                0x08002bd0                Vector120
                0x08002bd0                VectorC8
                0x08002bd0                Vector94
                0x08002bd0                VectorA8
                0x08002bd0                UsageFault_Handler
                0x08002bd0                VectorEC
                0x08002bd0                Vector40
                0x08002bd0                VectorF8
                0x08002bd0                Vector108
                0x08002bd0                VectorBC
                0x08002bd0                Vector124
                0x08002bd0                Vector118
                0x08002bd0                Vector64
                0x08002bd0                VectorCC
                0x08002bd0                Vector54
                0x08002bd0                Vector98
                0x08002bd0                VectorD8
                0x08002bd0                Vector138
                0x08002bd0                Vector24
                0x08002bd0                VectorD0
                0x08002bd0                VectorE4
                0x08002bd0                VectorC0
                0x08002bd0                Vector130
                0x08002bd0                Vector134
                0x08002bd0                VectorF0
                0x08002bd0                Vector12C
                0x08002bd0                Vector13C
                0x08002bd0                Vector100
                0x08002bd0                VectorE0
                0x08002bd0                VectorF4
                0x08002bd0                MemManage_Handler
                0x08002bd0                VectorA0
                0x08002bd0                VectorC4
                0x08002bd0                Vector114
                0x08002bd0                Vector60
                0x08002bd0                Vector1C
                0x08002bd0                Vector48
                0x08002bd0                VectorD4
                0x08002bd0                Vector4C
                0x08002bd0                Vector68
                0x08002bd0                Vector88
                0x08002bd0                Vector104
                0x08002bd0                Vector10C
                0x08002bd0                BusFault_Handler
                0x08002bd0                Vector50
                0x08002bd0                Vector44
                0x08002bd0                Vector28
                0x08002bd0                VectorFC
                0x08002bd0                Vector34
                0x08002bd0                Vector128
                0x08002bd0                VectorA4
                0x08002bd0                Vector20
 .text.chOQGetI.constprop.24.4160
                0x08002be0       0x50 /tmp/ccOdj1ue.ltrans1.ltrans.o
 .text.thread2.7700
                0x08002c30       0x50 /tmp/ccOdj1ue.ltrans1.ltrans.o
                0x08002c30                thread2.7700
 .text.mtx5_execute.7301
                0x08002c80      0x100 /tmp/ccOdj1ue.ltrans1.ltrans.o
                0x08002c80                mtx5_execute.7301
 .text.queues2_execute.8268
                0x08002d80      0x2a0 /tmp/ccOdj1ue.ltrans1.ltrans.o
                0x08002d80                queues2_execute.8268
 .text.cmd_threads.11065
                0x08003020       0x80 /tmp/ccOdj1ue.ltrans1.ltrans.o
                0x08003020                cmd_threads.11065
 .text.silabs_set_channel
                0x080030a0       0xa0 /tmp/ccOdj1ue.ltrans1.ltrans.o
                0x080030a0                silabs_set_channel
 .text.msg1_execute.7393
                0x08003140       0xa0 /tmp/ccOdj1ue.ltrans1.ltrans.o
                0x08003140                msg1_execute.7393
 .text.cmd_info.10627
                0x080031e0       0xc0 /tmp/ccOdj1ue.ltrans1.ltrans.o
                0x080031e0                cmd_info.10627
 .text.cmd_systime.10619
                0x080032a0       0x40 /tmp/ccOdj1ue.ltrans1.ltrans.o
                0x080032a0                cmd_systime.10619
 .text.evt1_execute.7722
                0x080032e0       0xe0 /tmp/ccOdj1ue.ltrans1.ltrans.o
                0x080032e0                evt1_execute.7722
 .text.sem2_execute.7099
                0x080033c0      0x2a0 /tmp/ccOdj1ue.ltrans1.ltrans.o
                0x080033c0                sem2_execute.7099
 .text.thd4_execute.6832
                0x08003660       0xd0 /tmp/ccOdj1ue.ltrans1.ltrans.o
                0x08003660                thd4_execute.6832
 .text.bmk12_execute.8462
                0x08003730       0x70 /tmp/ccOdj1ue.ltrans1.ltrans.o
                0x08003730                bmk12_execute.8462
 .text.bmk6_execute.8479
                0x080037a0       0x70 /tmp/ccOdj1ue.ltrans1.ltrans.o
                0x080037a0                bmk6_execute.8479
 .text.bmk11_execute.8466
                0x08003810       0x70 /tmp/ccOdj1ue.ltrans1.ltrans.o
                0x08003810                bmk11_execute.8466
 .text.bmk10_execute.8472
                0x08003880       0x80 /tmp/ccOdj1ue.ltrans1.ltrans.o
                0x08003880                bmk10_execute.8472
 .text.bmk8_execute.8481
                0x08003900       0xf0 /tmp/ccOdj1ue.ltrans1.ltrans.o
                0x08003900                bmk8_execute.8481
 .text.chIQPutI
                0x080039f0       0x50 /tmp/ccOdj1ue.ltrans1.ltrans.o
                0x080039f0                chIQPutI
 .text.queues2_setup.8259
                0x08003a40       0x40 /tmp/ccOdj1ue.ltrans2.ltrans.o
                0x08003a40                queues2_setup.8259
 .text.queues1_setup.8264
                0x08003a80       0x30 /tmp/ccOdj1ue.ltrans2.ltrans.o
                0x08003a80                queues1_setup.8264
 .text.mtx8_setup.7283
                0x08003ab0       0x30 /tmp/ccOdj1ue.ltrans2.ltrans.o
                0x08003ab0                mtx8_setup.7283
 .text.mtx7_setup.7285
                0x08003ae0       0x20 /tmp/ccOdj1ue.ltrans2.ltrans.o
                0x08003ae0                mtx7_setup.7285
 .text.mtx6_setup.7287
                0x08003b00       0x20 /tmp/ccOdj1ue.ltrans2.ltrans.o
                0x08003b00                mtx6_setup.7287
 .text.mtx5_setup.7289
                0x08003b20       0x20 /tmp/ccOdj1ue.ltrans2.ltrans.o
                0x08003b20                mtx5_setup.7289
 .text.mtx4_setup.7291
                0x08003b40       0x20 /tmp/ccOdj1ue.ltrans2.ltrans.o
                0x08003b40                mtx4_setup.7291
 .text.mtx1_setup.7293
                0x08003b60       0x20 /tmp/ccOdj1ue.ltrans2.ltrans.o
                0x08003b60                mtx1_setup.7293
 .text.bmk12_setup.8464
                0x08003b80       0x20 /tmp/ccOdj1ue.ltrans2.ltrans.o
                0x08003b80                bmk12_setup.8464
 .text.thread2.8457
                0x08003ba0       0x30 /tmp/ccOdj1ue.ltrans2.ltrans.o
                0x08003ba0                thread2.8457
 .text.pools1_execute.7964
                0x08003bd0      0x200 /tmp/ccOdj1ue.ltrans2.ltrans.o
                0x08003bd0                pools1_execute.7964
 .text.dyn2_execute.8090
                0x08003dd0      0x160 /tmp/ccOdj1ue.ltrans2.ltrans.o
                0x08003dd0                dyn2_execute.8090
 .text.thread11.7269
                0x08003f30       0x90 /tmp/ccOdj1ue.ltrans2.ltrans.o
                0x08003f30                thread11.7269
 .text.chvprintf
                0x08003fc0      0x470 /tmp/ccOdj1ue.ltrans2.ltrans.o
                0x08003fc0                chvprintf
 .text.chThdDequeueAllI
                0x08004430       0x30 /tmp/ccOdj1ue.ltrans2.ltrans.o
                0x08004430                chThdDequeueAllI
 .text.usb_packet_write_from_queue.10326.4251
                0x08004460      0x130 /tmp/ccOdj1ue.ltrans2.ltrans.o
 .text.Vector90
                0x08004590      0x4c0 /tmp/ccOdj1ue.ltrans2.ltrans.o
                0x08004590                Vector90
 .text.usb_lld_prepare_transmit
                0x08004a50       0xb0 /tmp/ccOdj1ue.ltrans2.ltrans.o
                0x08004a50                usb_lld_prepare_transmit
 .text.usbPrepareTransmit.constprop.5
                0x08004b00       0x20 /tmp/ccOdj1ue.ltrans2.ltrans.o
                0x08004b00                usbPrepareTransmit.constprop.5
 .text.onotify.8832
                0x08004b20       0x70 /tmp/ccOdj1ue.ltrans2.ltrans.o
                0x08004b20                onotify.8832
 .text.mbox1_execute.7599
                0x08004b90      0x7a0 /tmp/ccOdj1ue.ltrans3.ltrans.o
                0x08004b90                mbox1_execute.7599
 .text.silabs_send_packet.4130
                0x08005330       0x90 /tmp/ccOdj1ue.ltrans3.ltrans.o
 .text._usb_ep0setup
                0x080053c0      0x3f0 /tmp/ccOdj1ue.ltrans3.ltrans.o
                0x080053c0                _usb_ep0setup
 .text.sduDataTransmitted
                0x080057b0       0x90 /tmp/ccOdj1ue.ltrans3.ltrans.o
                0x080057b0                sduDataTransmitted
 .text._usb_ep0in
                0x08005840       0xd0 /tmp/ccOdj1ue.ltrans4.ltrans.o
                0x08005840                _usb_ep0in
 .text.thread4.7051
                0x08005910       0x20 /tmp/ccOdj1ue.ltrans4.ltrans.o
                0x08005910                thread4.7051
 .text.usb_event.11391
                0x08005930       0xb0 /tmp/ccOdj1ue.ltrans4.ltrans.o
                0x08005930                usb_event.11391
 .text.queues1_execute.8272
                0x080059e0      0x2d0 /tmp/ccOdj1ue.ltrans4.ltrans.o
                0x080059e0                queues1_execute.8272
 .text.bmk9_execute.8477
                0x08005cb0       0xb0 /tmp/ccOdj1ue.ltrans4.ltrans.o
                0x08005cb0                bmk9_execute.8477
 .text.si446x_spi
                0x08005d60      0x180 /tmp/ccOdj1ue.ltrans4.ltrans.o
                0x08005d60                si446x_spi
 .text.si446x_set_frequency
                0x08005ee0      0x1c0 /tmp/ccOdj1ue.ltrans4.ltrans.o
                0x08005ee0                si446x_set_frequency
 .text.si446x_initialise
                0x080060a0      0x560 /tmp/ccOdj1ue.ltrans4.ltrans.o
                0x080060a0                si446x_initialise
 .text.chMBPost.constprop.30
                0x08006600       0x50 /tmp/ccOdj1ue.ltrans4.ltrans.o
                0x08006600                chMBPost.constprop.30
 .text.spi_lld_serve_tx_interrupt.9951
                0x08006650       0x20 /tmp/ccOdj1ue.ltrans5.ltrans.o
                0x08006650                spi_lld_serve_tx_interrupt.9951
 .text.mbox1_setup.7601
                0x08006670       0x40 /tmp/ccOdj1ue.ltrans5.ltrans.o
                0x08006670                mbox1_setup.7601
 .text.sem3_setup.7070
                0x080066b0       0x20 /tmp/ccOdj1ue.ltrans5.ltrans.o
                0x080066b0                sem3_setup.7070
 .text.sem2_setup.7072
                0x080066d0       0x20 /tmp/ccOdj1ue.ltrans5.ltrans.o
                0x080066d0                sem2_setup.7072
 .text.sem1_setup.7074
                0x080066f0       0x20 /tmp/ccOdj1ue.ltrans5.ltrans.o
                0x080066f0                sem1_setup.7074
 .text.bmk11_setup.8468
                0x08006710       0x20 /tmp/ccOdj1ue.ltrans5.ltrans.o
                0x08006710                bmk11_setup.8468
 .text.bmk7_setup.8470
                0x08006730       0x20 /tmp/ccOdj1ue.ltrans5.ltrans.o
                0x08006730                bmk7_setup.8470
 .text.dyn2_setup.8092
                0x08006750       0x20 /tmp/ccOdj1ue.ltrans5.ltrans.o
                0x08006750                dyn2_setup.8092
 .text.pools1_setup.7960
                0x08006770       0x20 /tmp/ccOdj1ue.ltrans5.ltrans.o
                0x08006770                pools1_setup.7960
 .text.VectorB0
                0x08006790       0xa0 /tmp/ccOdj1ue.ltrans5.ltrans.o
                0x08006790                VectorB0
 .text.spi_lld_serve_rx_interrupt.9955
                0x08006830       0x80 /tmp/ccOdj1ue.ltrans5.ltrans.o
                0x08006830                spi_lld_serve_rx_interrupt.9955
 .text.chSemSignalWait.constprop.52.4502
                0x080068b0       0x70 /tmp/ccOdj1ue.ltrans5.ltrans.o
 .text.chCondSignal.constprop.49.4518
                0x08006920       0x30 /tmp/ccOdj1ue.ltrans5.ltrans.o
 .text.sem3_execute.7095
                0x08006950       0xa0 /tmp/ccOdj1ue.ltrans5.ltrans.o
                0x08006950                sem3_execute.7095
 .text.mtx8_execute.7281
                0x080069f0       0xb0 /tmp/ccOdj1ue.ltrans5.ltrans.o
                0x080069f0                mtx8_execute.7281
 .text.sem1_execute.7091
                0x08006aa0      0x180 /tmp/ccOdj1ue.ltrans5.ltrans.o
                0x08006aa0                sem1_execute.7091
 .text.mtx6_execute.7297
                0x08006c20       0xf0 /tmp/ccOdj1ue.ltrans5.ltrans.o
                0x08006c20                mtx6_execute.7297
 .text.chVTDoResetI
                0x08006d10       0x60 /tmp/ccOdj1ue.ltrans5.ltrans.o
                0x08006d10                chVTDoResetI
 .text.gpt_lld_start
                0x08006d70       0xd0 /tmp/ccOdj1ue.ltrans5.ltrans.o
                0x08006d70                gpt_lld_start
 .text.chVTDoSetI
                0x08006e40       0x90 /tmp/ccOdj1ue.ltrans5.ltrans.o
                0x08006e40                chVTDoSetI
 .text.chSchGoSleepTimeoutS
                0x08006ed0       0x50 /tmp/ccOdj1ue.ltrans5.ltrans.o
                0x08006ed0                chSchGoSleepTimeoutS
 .text.chThdEnqueueTimeoutS.4214
                0x08006f20       0x30 /tmp/ccOdj1ue.ltrans5.ltrans.o
 .text.chIQGetTimeout
                0x08006f50       0x50 /tmp/ccOdj1ue.ltrans5.ltrans.o
                0x08006f50                chIQGetTimeout
 .text.thread1.8252
                0x08006fa0       0x20 /tmp/ccOdj1ue.ltrans5.ltrans.o
                0x08006fa0                thread1.8252
 .text.gett.8862
                0x08006fc0       0x10 /tmp/ccOdj1ue.ltrans5.ltrans.o
                0x08006fc0                gett.8862
 .text.get.8866
                0x08006fd0       0x10 /tmp/ccOdj1ue.ltrans5.ltrans.o
                0x08006fd0                get.8866
 .text.chIQReadTimeout
                0x08006fe0       0x80 /tmp/ccOdj1ue.ltrans5.ltrans.o
                0x08006fe0                chIQReadTimeout
 .text.readt.8838
                0x08007060       0x10 /tmp/ccOdj1ue.ltrans5.ltrans.o
                0x08007060                readt.8838
 .text.read.8846
                0x08007070       0x10 /tmp/ccOdj1ue.ltrans5.ltrans.o
                0x08007070                read.8846
 .text.chOQPutTimeout
                0x08007080       0x50 /tmp/ccOdj1ue.ltrans5.ltrans.o
                0x08007080                chOQPutTimeout
 .text.thread2.8249
                0x080070d0       0x20 /tmp/ccOdj1ue.ltrans5.ltrans.o
                0x080070d0                thread2.8249
 .text.putt.8869
                0x080070f0       0x10 /tmp/ccOdj1ue.ltrans5.ltrans.o
                0x080070f0                putt.8869
 .text.put.8874
                0x08007100       0x10 /tmp/ccOdj1ue.ltrans5.ltrans.o
                0x08007100                put.8874
 .text.chOQWriteTimeout
                0x08007110       0x80 /tmp/ccOdj1ue.ltrans5.ltrans.o
                0x08007110                chOQWriteTimeout
 .text.writet.8851
                0x08007190       0x10 /tmp/ccOdj1ue.ltrans5.ltrans.o
                0x08007190                writet.8851
 .text.write.8857
                0x080071a0       0x10 /tmp/ccOdj1ue.ltrans5.ltrans.o
                0x080071a0                write.8857
 .text.chSemWaitTimeoutS
                0x080071b0       0x40 /tmp/ccOdj1ue.ltrans5.ltrans.o
                0x080071b0                chSemWaitTimeoutS
 .text.unlikely.chMBFetch.constprop.26
                0x080071f0       0x4c /tmp/ccOdj1ue.ltrans5.ltrans.o
                0x080071f0                chMBFetch.constprop.26
 *fill*         0x0800723c        0x4 00
 .text.chSemWaitTimeout
                0x08007240       0x20 /tmp/ccOdj1ue.ltrans5.ltrans.o
                0x08007240                chSemWaitTimeout
 .text.test_start_timer.constprop.19
                0x08007260       0x40 /tmp/ccOdj1ue.ltrans5.ltrans.o
                0x08007260                test_start_timer.constprop.19
 .text.chThdCreateFromMemoryPool.constprop.54
                0x080072a0       0x50 /tmp/ccOdj1ue.ltrans5.ltrans.o
                0x080072a0                chThdCreateFromMemoryPool.constprop.54
 .text.dyn3_setup.8086
                0x080072f0       0x30 /tmp/ccOdj1ue.ltrans6.ltrans.o
                0x080072f0                dyn3_setup.8086
 .text.get_descriptor.11382
                0x08007320       0x40 /tmp/ccOdj1ue.ltrans6.ltrans.o
                0x08007320                get_descriptor.11382
 .text.usb_lld_init_endpoint.4444
                0x08007360       0xc0 /tmp/ccOdj1ue.ltrans6.ltrans.o
 .text.set_address.9473
                0x08007420       0x30 /tmp/ccOdj1ue.ltrans6.ltrans.o
                0x08007420                set_address.9473
 .text.gpt_lld_serve_interrupt.10064.4505
                0x08007450       0x30 /tmp/ccOdj1ue.ltrans6.ltrans.o
 .text.sduInterruptTransmitted
                0x08007480       0x10 /tmp/ccOdj1ue.ltrans6.ltrans.o
                0x08007480                sduInterruptTransmitted
 .text.sduRequestsHook
                0x08007490       0x40 /tmp/ccOdj1ue.ltrans6.ltrans.o
                0x08007490                sduRequestsHook
 .text.tmo.8442
                0x080074d0       0x10 /tmp/ccOdj1ue.ltrans6.ltrans.o
                0x080074d0                tmo.8442
 .text.thread1.8445
                0x080074e0       0x10 /tmp/ccOdj1ue.ltrans6.ltrans.o
                0x080074e0                thread1.8445
 .text.notify.8246
                0x080074f0       0x10 /tmp/ccOdj1ue.ltrans6.ltrans.o
                0x080074f0                notify.8246
 .text.null_provider.7957
                0x08007500       0x10 /tmp/ccOdj1ue.ltrans6.ltrans.o
                0x08007500                null_provider.7957
 .text.mtx7_execute.7295
                0x08007510       0xf0 /tmp/ccOdj1ue.ltrans6.ltrans.o
                0x08007510                mtx7_execute.7295
 .text.thread.8077
                0x08007600       0x10 /tmp/ccOdj1ue.ltrans6.ltrans.o
                0x08007600                thread.8077
 .text.thread4  0x08007610       0x30 /tmp/ccOdj1ue.ltrans6.ltrans.o
                0x08007610                thread4
 .text.thread10.7266
                0x08007640       0x70 /tmp/ccOdj1ue.ltrans6.ltrans.o
                0x08007640                thread10.7266
 .text.Vector8C
                0x080076b0       0x10 /tmp/ccOdj1ue.ltrans6.ltrans.o
                0x080076b0                Vector8C
 .text.VectorB8
                0x080076c0       0x20 /tmp/ccOdj1ue.ltrans6.ltrans.o
                0x080076c0                VectorB8
 .text.VectorB4
                0x080076e0       0x20 /tmp/ccOdj1ue.ltrans6.ltrans.o
                0x080076e0                VectorB4
 .text.Vector84
                0x08007700       0x30 /tmp/ccOdj1ue.ltrans6.ltrans.o
                0x08007700                Vector84
 .text.Vector80
                0x08007730       0x30 /tmp/ccOdj1ue.ltrans6.ltrans.o
                0x08007730                Vector80
 .text.Vector7C
                0x08007760       0x30 /tmp/ccOdj1ue.ltrans6.ltrans.o
                0x08007760                Vector7C
 .text.Vector78
                0x08007790       0x30 /tmp/ccOdj1ue.ltrans6.ltrans.o
                0x08007790                Vector78
 .text.Vector74
                0x080077c0       0x30 /tmp/ccOdj1ue.ltrans6.ltrans.o
                0x080077c0                Vector74
 .text.Vector70
                0x080077f0       0x30 /tmp/ccOdj1ue.ltrans6.ltrans.o
                0x080077f0                Vector70
 .text.Vector6C
                0x08007820       0x30 /tmp/ccOdj1ue.ltrans6.ltrans.o
                0x08007820                Vector6C
 .text.thread8.8448
                0x08007850       0x40 /tmp/ccOdj1ue.ltrans6.ltrans.o
                0x08007850                thread8.8448
 .text.thread3.8451
                0x08007890       0x30 /tmp/ccOdj1ue.ltrans6.ltrans.o
                0x08007890                thread3.8451
 .text.bmk13_execute.8460
                0x080078c0      0x100 /tmp/ccOdj1ue.ltrans6.ltrans.o
                0x080078c0                bmk13_execute.8460
 .text.dyn1_execute.8094
                0x080079c0      0x100 /tmp/ccOdj1ue.ltrans6.ltrans.o
                0x080079c0                dyn1_execute.8094
 .text.chCondSignalI.constprop.48
                0x08007ac0       0x20 /tmp/ccOdj1ue.ltrans6.ltrans.o
                0x08007ac0                chCondSignalI.constprop.48
 .text.chEvtGetAndClearEvents.constprop.42
                0x08007ae0       0x20 /tmp/ccOdj1ue.ltrans6.ltrans.o
                0x08007ae0                chEvtGetAndClearEvents.constprop.42
 .text.evt1_setup.7710
                0x08007b00       0x10 /tmp/ccOdj1ue.ltrans6.ltrans.o
                0x08007b00                evt1_setup.7710
 .text.evt2_setup.7708
                0x08007b10       0x10 /tmp/ccOdj1ue.ltrans6.ltrans.o
                0x08007b10                evt2_setup.7708
 .text.evt3_setup.7706
                0x08007b20       0x10 /tmp/ccOdj1ue.ltrans6.ltrans.o
                0x08007b20                evt3_setup.7706
 .text.chEvtWaitOne.constprop.38
                0x08007b30       0x40 /tmp/ccOdj1ue.ltrans6.ltrans.o
                0x08007b30                chEvtWaitOne.constprop.38
 .text.unlikely.chEvtWaitAny.constprop.37
                0x08007b70       0x34 /tmp/ccOdj1ue.ltrans6.ltrans.o
                0x08007b70                chEvtWaitAny.constprop.37
 *fill*         0x08007ba4        0xc 00
 .text.chMBPostI.constprop.29
                0x08007bb0       0x40 /tmp/ccOdj1ue.ltrans6.ltrans.o
                0x08007bb0                chMBPostI.constprop.29
 .text.chMBPostAheadI.constprop.27
                0x08007bf0       0x40 /tmp/ccOdj1ue.ltrans6.ltrans.o
                0x08007bf0                chMBPostAheadI.constprop.27
 .text.unlikely.chMBFetchI.constprop.25
                0x08007c30       0x3c /tmp/ccOdj1ue.ltrans6.ltrans.o
                0x08007c30                chMBFetchI.constprop.25
 *fill*         0x08007c6c        0x4 00
 .text.dmaStreamAllocate.constprop.11
                0x08007c70       0xa0 /tmp/ccOdj1ue.ltrans6.ltrans.o
                0x08007c70                dmaStreamAllocate.constprop.11
 .text._strtok.10608.constprop.4
                0x08007d10       0x40 /tmp/ccOdj1ue.ltrans6.ltrans.o
                0x08007d10                _strtok.10608.constprop.4
 .text.long_to_string_with_divisor.10737
                0x08007d50       0x70 /tmp/ccOdj1ue.ltrans6.ltrans.o
                0x08007d50                long_to_string_with_divisor.10737
 .text.usbStartTransmitI
                0x08007dc0       0x40 /tmp/ccOdj1ue.ltrans6.ltrans.o
                0x08007dc0                usbStartTransmitI
 .text.usbStartReceiveI
                0x08007e00       0x40 /tmp/ccOdj1ue.ltrans6.ltrans.o
                0x08007e00                usbStartReceiveI
 .text.usb_lld_prepare_receive
                0x08007e40       0x20 /tmp/ccOdj1ue.ltrans6.ltrans.o
                0x08007e40                usb_lld_prepare_receive
 .text.inotify.8835
                0x08007e60       0x80 /tmp/ccOdj1ue.ltrans6.ltrans.o
                0x08007e60                inotify.8835
 .text._usb_reset
                0x08007ee0       0x70 /tmp/ccOdj1ue.ltrans6.ltrans.o
                0x08007ee0                _usb_reset
 .text.usbInitEndpointI
                0x08007f50       0x40 /tmp/ccOdj1ue.ltrans6.ltrans.o
                0x08007f50                usbInitEndpointI
 .text.gpt_lld_start_timer
                0x08007f90       0x30 /tmp/ccOdj1ue.ltrans6.ltrans.o
                0x08007f90                gpt_lld_start_timer
 .text.spi_lld_exchange
                0x08007fc0       0x40 /tmp/ccOdj1ue.ltrans6.ltrans.o
                0x08007fc0                spi_lld_exchange
 .text.spi_lld_unselect
                0x08008000       0x10 /tmp/ccOdj1ue.ltrans6.ltrans.o
                0x08008000                spi_lld_unselect
 .text.spicb.11611
                0x08008010       0x20 /tmp/ccOdj1ue.ltrans6.ltrans.o
                0x08008010                spicb.11611
 .text.regfind.8080
                0x08008030       0x40 /tmp/ccOdj1ue.ltrans6.ltrans.o
                0x08008030                regfind.8080
 .text.Thread1.11031
                0x08008070       0x50 /tmp/ccOdj1ue.ltrans7.ltrans.o
                0x08008070                Thread1.11031
 .text.TestThread
                0x080080c0      0x330 /tmp/ccOdj1ue.ltrans7.ltrans.o
                0x080080c0                TestThread
 .text.thread2.7060
                0x080083f0       0x30 /tmp/ccOdj1ue.ltrans7.ltrans.o
                0x080083f0                thread2.7060
 .text.mtx4_execute.7303
                0x08008420      0x250 /tmp/ccOdj1ue.ltrans7.ltrans.o
                0x08008420                mtx4_execute.7303
 .text.thread4b.7275.4138
                0x08008670       0x30 /tmp/ccOdj1ue.ltrans7.ltrans.o
 .text.thread4a.7278.4135
                0x080086a0       0x20 /tmp/ccOdj1ue.ltrans7.ltrans.o
 .text.thread1.7703
                0x080086c0       0x30 /tmp/ccOdj1ue.ltrans7.ltrans.o
                0x080086c0                thread1.7703
 .text.dyn3_execute.8084
                0x080086f0      0x150 /tmp/ccOdj1ue.ltrans7.ltrans.o
                0x080086f0                dyn3_execute.8084
 .text.test_wait_tick
                0x08008840       0x20 /tmp/ccOdj1ue.ltrans7.ltrans.o
                0x08008840                test_wait_tick
 .text.bmk7_execute.8483
                0x08008860      0x130 /tmp/ccOdj1ue.ltrans7.ltrans.o
                0x08008860                bmk7_execute.8483
 .text.bmk5_execute.8485
                0x08008990       0x70 /tmp/ccOdj1ue.ltrans7.ltrans.o
                0x08008990                bmk5_execute.8485
 .text.bmk4_execute.8487
                0x08008a00       0xc0 /tmp/ccOdj1ue.ltrans7.ltrans.o
                0x08008a00                bmk4_execute.8487
 .text.msg_loop_test.8489.4107
                0x08008ac0       0x30 /tmp/ccOdj1ue.ltrans7.ltrans.o
 .text.bmk1_execute.8496
                0x08008af0       0x80 /tmp/ccOdj1ue.ltrans7.ltrans.o
                0x08008af0                bmk1_execute.8496
 .text.bmk2_execute.8494
                0x08008b70       0x80 /tmp/ccOdj1ue.ltrans7.ltrans.o
                0x08008b70                bmk2_execute.8494
 .text.bmk3_execute.8492
                0x08008bf0       0xf0 /tmp/ccOdj1ue.ltrans7.ltrans.o
                0x08008bf0                bmk3_execute.8492
 .text.heap1_setup.7929
                0x08008ce0       0x30 /tmp/ccOdj1ue.ltrans8.ltrans.o
                0x08008ce0                heap1_setup.7929
 .text.dyn1_setup.8088
                0x08008d10       0x30 /tmp/ccOdj1ue.ltrans8.ltrans.o
                0x08008d10                dyn1_setup.8088
 .text._usb_ep0out
                0x08008d40       0x90 /tmp/ccOdj1ue.ltrans8.ltrans.o
                0x08008d40                _usb_ep0out
 .text.chThdSleep
                0x08008dd0       0x20 /tmp/ccOdj1ue.ltrans8.ltrans.o
                0x08008dd0                chThdSleep
 .text.Reset_Handler
                0x08008df0      0x220 /tmp/ccOdj1ue.ltrans8.ltrans.o
                0x08008df0                Reset_Handler
 .text.RF_switch.part.8.11663
                0x08009010       0x30 /tmp/ccOdj1ue.ltrans8.ltrans.o
                0x08009010                RF_switch.part.8.11663
 .text.switch_output_callback.11711
                0x08009040       0x10 /tmp/ccOdj1ue.ltrans8.ltrans.o
                0x08009040                switch_output_callback.11711
 .text.switch_off_callback.11708
                0x08009050       0x20 /tmp/ccOdj1ue.ltrans8.ltrans.o
                0x08009050                switch_off_callback.11708
 .text.chprintf.10588
                0x08009070       0x20 /tmp/ccOdj1ue.ltrans8.ltrans.o
                0x08009070                chprintf.10588
 .text.chprintf.11034
                0x08009090       0x20 /tmp/ccOdj1ue.ltrans8.ltrans.o
                0x08009090                chprintf.11034
 .text.cmd_mem.11073
                0x080090b0       0x60 /tmp/ccOdj1ue.ltrans8.ltrans.o
                0x080090b0                cmd_mem.11073
 .text.cmd_test.11057
                0x08009110       0x60 /tmp/ccOdj1ue.ltrans8.ltrans.o
                0x08009110                cmd_test.11057
 .text.cmd_write.11049
                0x08009170       0x50 /tmp/ccOdj1ue.ltrans8.ltrans.o
                0x08009170                cmd_write.11049
 .text.cmd_help.11041
                0x080091c0       0xc0 /tmp/ccOdj1ue.ltrans8.ltrans.o
                0x080091c0                cmd_help.11041
 .text.chprintf.11625
                0x08009280       0x20 /tmp/ccOdj1ue.ltrans8.ltrans.o
                0x08009280                chprintf.11625
 .text.silabs_get_part_id
                0x080092a0       0x30 /tmp/ccOdj1ue.ltrans8.ltrans.o
                0x080092a0                silabs_get_part_id
 .text.evt2_execute.7717
                0x080092d0      0x300 /tmp/ccOdj1ue.ltrans9.ltrans.o
                0x080092d0                evt2_execute.7717
 .text.silabs_set_header
                0x080095d0       0x80 /tmp/ccOdj1ue.ltrans9.ltrans.o
                0x080095d0                silabs_set_header
 .text.silabs_tune_up
                0x08009650       0x70 /tmp/ccOdj1ue.ltrans9.ltrans.o
                0x08009650                silabs_tune_up
 .text.silabs_send_command
                0x080096c0       0x80 /tmp/ccOdj1ue.ltrans9.ltrans.o
                0x080096c0                silabs_send_command
 .text.silabs_tune_reset
                0x08009740       0x70 /tmp/ccOdj1ue.ltrans9.ltrans.o
                0x08009740                silabs_tune_reset
 .text.silabs_tune_down
                0x080097b0       0x70 /tmp/ccOdj1ue.ltrans9.ltrans.o
                0x080097b0                silabs_tune_down
 .text.sduDataReceived
                0x08009820       0x80 /tmp/ccOdj1ue.ltrans9.ltrans.o
                0x08009820                sduDataReceived
 .text.SI_Thread.11604
                0x080098a0      0x320 /tmp/ccOdj1ue.ltrans9.ltrans.o
                0x080098a0                SI_Thread.11604
 .text.shell_thread.10585
                0x08009bc0      0x280 /tmp/ccOdj1ue.ltrans10.ltrans.o
                0x08009bc0                shell_thread.10585
 .text.sem4_execute.7089.4141
                0x08009e40      0x150 /tmp/ccOdj1ue.ltrans10.ltrans.o
 .text.evt3_execute.7735.4183
                0x08009f90      0x170 /tmp/ccOdj1ue.ltrans10.ltrans.o
 .text.chThdExit
                0x0800a100       0x10 /tmp/ccOdj1ue.ltrans10.ltrans.o
                0x0800a100                chThdExit
 .text.chSchDoReschedule
                0x0800a110       0x10 /tmp/ccOdj1ue.ltrans10.ltrans.o
                0x0800a110                chSchDoReschedule
 .text.memset   0x0800a120      0x12c /home/laurence/ARM-GCC/bin/../lib/gcc/arm-none-eabi/4.7.4/../../../../arm-none-eabi/lib/armv7-m/libg.a(lib_a-memset.o)
                0x0800a120                memset
 *fill*         0x0800a24c        0x4 00
 .text.strcasecmp
                0x0800a250       0x44 /home/laurence/ARM-GCC/bin/../lib/gcc/arm-none-eabi/4.7.4/../../../../arm-none-eabi/lib/armv7-m/libg.a(lib_a-strcasecmp.o)
                0x0800a250                strcasecmp
 *fill*         0x0800a294        0xc 00
 .text.strlen   0x0800a2a0       0x60 /home/laurence/ARM-GCC/bin/../lib/gcc/arm-none-eabi/4.7.4/../../../../arm-none-eabi/lib/armv7-m/libg.a(lib_a-strlen.o)
                0x0800a2a0                strlen
 .text.strncpy  0x0800a300      0x10c /home/laurence/ARM-GCC/bin/../lib/gcc/arm-none-eabi/4.7.4/../../../../arm-none-eabi/lib/armv7-m/libg.a(lib_a-strncpy.o)
                0x0800a300                strncpy
 *fill*         0x0800a40c        0x4 00
 .text.strpbrk  0x0800a410       0x4c /home/laurence/ARM-GCC/bin/../lib/gcc/arm-none-eabi/4.7.4/../../../../arm-none-eabi/lib/armv7-m/libg.a(lib_a-strpbrk.o)
                0x0800a410                strpbrk
 *fill*         0x0800a45c        0x4 00
 .text.strspn   0x0800a460       0x40 /home/laurence/ARM-GCC/bin/../lib/gcc/arm-none-eabi/4.7.4/../../../../arm-none-eabi/lib/armv7-m/libg.a(lib_a-strspn.o)
                0x0800a460                strspn
 *(.rodata)
 .rodata        0x0800a4a0       0xb0 /tmp/ccOdj1ue.ltrans4.ltrans.o
 *(.rodata.*)
 .rodata.str1.4
                0x0800a550       0x1a /tmp/ccOdj1ue.ltrans0.ltrans.o
                                 0x28 (size before relaxing)
 *fill*         0x0800a56a        0x6 00
 .rodata.evhndl.7763.4459
                0x0800a570        0xc /tmp/ccOdj1ue.ltrans1.ltrans.o
 *fill*         0x0800a57c        0x4 00
 .rodata.states.8533.11155.4505
                0x0800a580       0x40 /tmp/ccOdj1ue.ltrans1.ltrans.o
 .rodata.str1.4
                0x0800a5c0      0x362 /tmp/ccOdj1ue.ltrans1.ltrans.o
                                0x36c (size before relaxing)
 *fill*         0x0800a922        0xe 00
 .rodata.pow10.10791.4464
                0x0800a930       0x24 /tmp/ccOdj1ue.ltrans2.ltrans.o
 *fill*         0x0800a954        0xc 00
 .rodata.str1.4
                0x0800a960        0x7 /tmp/ccOdj1ue.ltrans2.ltrans.o
                                 0x24 (size before relaxing)
 *fill*         0x0800a967        0x9 00
 .rodata.active_status.9577.4492
                0x0800a970        0x4 /tmp/ccOdj1ue.ltrans3.ltrans.o
 *fill*         0x0800a974        0xc 00
 .rodata.ep1config.11401
                0x0800a980       0x24 /tmp/ccOdj1ue.ltrans3.ltrans.o
                0x0800a980                ep1config.11401
 *fill*         0x0800a9a4        0xc 00
 .rodata.zero_status.9575.4490
                0x0800a9b0        0x4 /tmp/ccOdj1ue.ltrans3.ltrans.o
 *fill*         0x0800a9b4        0xc 00
 .rodata.CSWTCH.32.10428.10428.4493
                0x0800a9c0       0x14 /tmp/ccOdj1ue.ltrans3.ltrans.o
 *fill*         0x0800a9d4        0xc 00
 .rodata.halted_status.9576.4491
                0x0800a9e0        0x4 /tmp/ccOdj1ue.ltrans3.ltrans.o
 *fill*         0x0800a9e4        0xc 00
 .rodata.str1.4
                0x0800a9f0       0xd0 /tmp/ccOdj1ue.ltrans3.ltrans.o
                                 0xe8 (size before relaxing)
 .rodata.ep0config.10422
                0x0800aac0       0x24 /tmp/ccOdj1ue.ltrans3.ltrans.o
                0x0800aac0                ep0config.10422
 *fill*         0x0800aae4        0xc 00
 .rodata.commands.11113
                0x0800aaf0       0x78 /tmp/ccOdj1ue.ltrans3.ltrans.o
                0x0800aaf0                commands.11113
 *fill*         0x0800ab68        0x8 00
 .rodata.shell_cfg1.11112
                0x0800ab70        0x8 /tmp/ccOdj1ue.ltrans3.ltrans.o
                0x0800ab70                shell_cfg1.11112
 *fill*         0x0800ab78        0x8 00
 .rodata.usbcfg
                0x0800ab80       0x10 /tmp/ccOdj1ue.ltrans4.ltrans.o
                0x0800ab80                usbcfg
 .rodata.str1.4
                0x0800ab90        0x9 /tmp/ccOdj1ue.ltrans4.ltrans.o
                                 0x24 (size before relaxing)
 *fill*         0x0800ab99        0x7 00
 .rodata.ep2config.11404.4661
                0x0800aba0       0x24 /tmp/ccOdj1ue.ltrans4.ltrans.o
 *fill*         0x0800abc4        0xc 00
 .rodata.str1.4
                0x0800abd0        0xc /tmp/ccOdj1ue.ltrans5.ltrans.o
                                 0x2c (size before relaxing)
 *fill*         0x0800abdc        0x4 00
 .rodata.vcom_string2.11410.4733
                0x0800abe0       0x38 /tmp/ccOdj1ue.ltrans6.ltrans.o
 *fill*         0x0800ac18        0x8 00
 .rodata.CSWTCH.26.10421.10421.4745
                0x0800ac20        0x8 /tmp/ccOdj1ue.ltrans6.ltrans.o
 *fill*         0x0800ac28        0x8 00
 .rodata.vcom_configuration_descriptor_data.11415.4738
                0x0800ac30       0x44 /tmp/ccOdj1ue.ltrans6.ltrans.o
 *fill*         0x0800ac74        0xc 00
 .rodata.vcom_configuration_descriptor.11414.4737
                0x0800ac80        0x8 /tmp/ccOdj1ue.ltrans6.ltrans.o
 *fill*         0x0800ac88        0x8 00
 .rodata.vcom_device_descriptor.11412.4735
                0x0800ac90        0x8 /tmp/ccOdj1ue.ltrans6.ltrans.o
 *fill*         0x0800ac98        0x8 00
 .rodata.vcom_device_descriptor_data.11413.4736
                0x0800aca0       0x14 /tmp/ccOdj1ue.ltrans6.ltrans.o
 *fill*         0x0800acb4        0xc 00
 .rodata.vcom_string3.11411.4734
                0x0800acc0        0x8 /tmp/ccOdj1ue.ltrans6.ltrans.o
 *fill*         0x0800acc8        0x8 00
 .rodata.vcom_string0.11408.4731
                0x0800acd0        0x4 /tmp/ccOdj1ue.ltrans6.ltrans.o
 *fill*         0x0800acd4        0xc 00
 .rodata.vcom_strings.11407.4730
                0x0800ace0       0x20 /tmp/ccOdj1ue.ltrans6.ltrans.o
 .rodata.str1.4
                0x0800ad00       0xaf /tmp/ccOdj1ue.ltrans6.ltrans.o
                                 0xcc (size before relaxing)
 *fill*         0x0800adaf        0x1 00
 .rodata.vcom_string1.11409.4732
                0x0800adb0       0x14 /tmp/ccOdj1ue.ltrans6.ltrans.o
 *fill*         0x0800adc4        0xc 00
 .rodata.str1.4
                0x0800add0      0x162 /tmp/ccOdj1ue.ltrans7.ltrans.o
                                0x264 (size before relaxing)
 *fill*         0x0800af32        0xe 00
 .rodata.serusbcfg
                0x0800af40        0x8 /tmp/ccOdj1ue.ltrans7.ltrans.o
                0x0800af40                serusbcfg
 *fill*         0x0800af48        0x8 00
 .rodata.ch_debug
                0x0800af50       0x18 /tmp/ccOdj1ue.ltrans8.ltrans.o
 *fill*         0x0800af68        0x8 00
 .rodata._stm32_dma_streams
                0x0800af70       0x54 /tmp/ccOdj1ue.ltrans8.ltrans.o
 *fill*         0x0800afc4        0xc 00
 .rodata.str1.4
                0x0800afd0      0x29e /tmp/ccOdj1ue.ltrans8.ltrans.o
                                0x2a0 (size before relaxing)
 *fill*         0x0800b26e        0x2 00
 .rodata.vmt.9039.5007
                0x0800b270       0x20 /tmp/ccOdj1ue.ltrans8.ltrans.o
 .rodata.spicfg.11765.4557
                0x0800b290        0xc /tmp/ccOdj1ue.ltrans9.ltrans.o
 *fill*         0x0800b29c        0x4 00
 .rodata.str1.4
                0x0800b2a0      0x14b /tmp/ccOdj1ue.ltrans9.ltrans.o
                                0x158 (size before relaxing)
 *fill*         0x0800b3eb        0x5 00
 .rodata.patternthd
                0x0800b3f0       0x14 /tmp/ccOdj1ue.ltrans10.ltrans.o
                0x0800b3f0                patternthd
 *fill*         0x0800b404        0xc 00
 .rodata.patternmsg
                0x0800b410        0x8 /tmp/ccOdj1ue.ltrans10.ltrans.o
                0x0800b410                patternmsg
 *fill*         0x0800b418        0x8 00
 .rodata.testevt3.4530
                0x0800b420       0x10 /tmp/ccOdj1ue.ltrans10.ltrans.o
 .rodata.testbmk10.4572
                0x0800b430       0x10 /tmp/ccOdj1ue.ltrans10.ltrans.o
 .rodata.patterndyn
                0x0800b440       0x10 /tmp/ccOdj1ue.ltrans10.ltrans.o
                0x0800b440                patterndyn
 .rodata.testbmk12.4574
                0x0800b450       0x10 /tmp/ccOdj1ue.ltrans10.ltrans.o
 .rodata.testsem1
                0x0800b460       0x10 /tmp/ccOdj1ue.ltrans10.ltrans.o
 .rodata.patternevt
                0x0800b470       0x10 /tmp/ccOdj1ue.ltrans10.ltrans.o
                0x0800b470                patternevt
 .rodata.testevt2.4529
                0x0800b480       0x10 /tmp/ccOdj1ue.ltrans10.ltrans.o
 .rodata.testthd4.4499
                0x0800b490       0x10 /tmp/ccOdj1ue.ltrans10.ltrans.o
 .rodata.patternpools
                0x0800b4a0        0x8 /tmp/ccOdj1ue.ltrans10.ltrans.o
                0x0800b4a0                patternpools
 *fill*         0x0800b4a8        0x8 00
 .rodata.testmtx6.4508
                0x0800b4b0       0x10 /tmp/ccOdj1ue.ltrans10.ltrans.o
 .rodata.testbmk1
                0x0800b4c0       0x10 /tmp/ccOdj1ue.ltrans10.ltrans.o
 .rodata.testbmk9.4571
                0x0800b4d0       0x10 /tmp/ccOdj1ue.ltrans10.ltrans.o
 .rodata.testbmk6.4568
                0x0800b4e0       0x10 /tmp/ccOdj1ue.ltrans10.ltrans.o
 .rodata.testmtx8.4510
                0x0800b4f0       0x10 /tmp/ccOdj1ue.ltrans10.ltrans.o
 .rodata.testpools1
                0x0800b500       0x10 /tmp/ccOdj1ue.ltrans10.ltrans.o
 .rodata.testbmk3.4565
                0x0800b510       0x10 /tmp/ccOdj1ue.ltrans10.ltrans.o
 .rodata.patterns.6764
                0x0800b520       0x30 /tmp/ccOdj1ue.ltrans10.ltrans.o
                0x0800b520                patterns.6764
 .rodata.testbmk2.4564
                0x0800b550       0x10 /tmp/ccOdj1ue.ltrans10.ltrans.o
 .rodata.testsem2.4472
                0x0800b560       0x10 /tmp/ccOdj1ue.ltrans10.ltrans.o
 .rodata.testbmk5.4567
                0x0800b570       0x10 /tmp/ccOdj1ue.ltrans10.ltrans.o
 .rodata.testdyn1
                0x0800b580       0x10 /tmp/ccOdj1ue.ltrans10.ltrans.o
 .rodata.testmbox1
                0x0800b590       0x10 /tmp/ccOdj1ue.ltrans10.ltrans.o
 .rodata.testbmk8.4570
                0x0800b5a0       0x10 /tmp/ccOdj1ue.ltrans10.ltrans.o
 .rodata.testmtx7.4509
                0x0800b5b0       0x10 /tmp/ccOdj1ue.ltrans10.ltrans.o
 .rodata.patternheap
                0x0800b5c0        0x8 /tmp/ccOdj1ue.ltrans10.ltrans.o
                0x0800b5c0                patternheap
 *fill*         0x0800b5c8        0x8 00
 .rodata.patternqueues
                0x0800b5d0        0xc /tmp/ccOdj1ue.ltrans10.ltrans.o
                0x0800b5d0                patternqueues
 *fill*         0x0800b5dc        0x4 00
 .rodata.testmtx4.4506
                0x0800b5e0       0x10 /tmp/ccOdj1ue.ltrans10.ltrans.o
 .rodata.testsem4.4460
                0x0800b5f0       0x10 /tmp/ccOdj1ue.ltrans10.ltrans.o
 .rodata.testmsg1
                0x0800b600       0x10 /tmp/ccOdj1ue.ltrans10.ltrans.o
 .rodata.testdyn3.4550
                0x0800b610       0x10 /tmp/ccOdj1ue.ltrans10.ltrans.o
 .rodata.testqueues1
                0x0800b620       0x10 /tmp/ccOdj1ue.ltrans10.ltrans.o
 .rodata.testthd2.4497
                0x0800b630       0x10 /tmp/ccOdj1ue.ltrans10.ltrans.o
 .rodata.patternmbox
                0x0800b640        0x8 /tmp/ccOdj1ue.ltrans10.ltrans.o
                0x0800b640                patternmbox
 *fill*         0x0800b648        0x8 00
 .rodata.testbmk7.4569
                0x0800b650       0x10 /tmp/ccOdj1ue.ltrans10.ltrans.o
 .rodata.testthd1
                0x0800b660       0x10 /tmp/ccOdj1ue.ltrans10.ltrans.o
 .rodata.patternbmk
                0x0800b670       0x38 /tmp/ccOdj1ue.ltrans10.ltrans.o
                0x0800b670                patternbmk
 *fill*         0x0800b6a8        0x8 00
 .rodata.testbmk4.4566
                0x0800b6b0       0x10 /tmp/ccOdj1ue.ltrans10.ltrans.o
 .rodata.patternsem
                0x0800b6c0       0x14 /tmp/ccOdj1ue.ltrans10.ltrans.o
                0x0800b6c0                patternsem
 *fill*         0x0800b6d4        0xc 00
 .rodata.patternmtx
                0x0800b6e0       0x1c /tmp/ccOdj1ue.ltrans10.ltrans.o
                0x0800b6e0                patternmtx
 *fill*         0x0800b6fc        0x4 00
 .rodata.testbmk13.4575
                0x0800b700       0x10 /tmp/ccOdj1ue.ltrans10.ltrans.o
 .rodata.testsem3.4473
                0x0800b710       0x10 /tmp/ccOdj1ue.ltrans10.ltrans.o
 .rodata.testevt1
                0x0800b720       0x10 /tmp/ccOdj1ue.ltrans10.ltrans.o
 .rodata.testheap1
                0x0800b730       0x10 /tmp/ccOdj1ue.ltrans10.ltrans.o
 .rodata.testdyn2.4549
                0x0800b740       0x10 /tmp/ccOdj1ue.ltrans10.ltrans.o
 .rodata.testqueues2.4557
                0x0800b750       0x10 /tmp/ccOdj1ue.ltrans10.ltrans.o
 .rodata.testbmk11.4573
                0x0800b760       0x10 /tmp/ccOdj1ue.ltrans10.ltrans.o
 .rodata.testthd3.4498
                0x0800b770       0x10 /tmp/ccOdj1ue.ltrans10.ltrans.o
 .rodata.str1.4
                0x0800b780      0x50c /tmp/ccOdj1ue.ltrans10.ltrans.o
                                0x52c (size before relaxing)
 *fill*         0x0800bc8c        0x4 00
 .rodata.testmtx1
                0x0800bc90       0x10 /tmp/ccOdj1ue.ltrans10.ltrans.o
 .rodata.testmtx5.4507
                0x0800bca0       0x10 /tmp/ccOdj1ue.ltrans10.ltrans.o
 .rodata._ctype_
                0x0800bcb0      0x104 /home/laurence/ARM-GCC/bin/../lib/gcc/arm-none-eabi/4.7.4/../../../../arm-none-eabi/lib/armv7-m/libg.a(lib_a-ctype_.o)
                0x0800bcb0                _ctype_
 *(.glue_7t)
 .glue_7t       0x00000000        0x0 linker stubs
 *(.glue_7)
 .glue_7        0x00000000        0x0 linker stubs
 *(.gcc*)

.vfp11_veneer   0x0800bdb4        0x0
 .vfp11_veneer  0x00000000        0x0 linker stubs

.v4_bx          0x0800bdb4        0x0
 .v4_bx         0x00000000        0x0 linker stubs

.iplt           0x0800bdb4        0x0
 .iplt          0x00000000        0x0 build/obj/chcoreasm_v7m.o

.rel.dyn        0x0800bdb4        0x0
 .rel.iplt      0x00000000        0x0 build/obj/chcoreasm_v7m.o

.ARM.extab
 *(.ARM.extab* .gnu.linkonce.armextab.*)

.ARM.exidx      0x0800bdb4        0x0
                0x0800bdb4                PROVIDE (__exidx_start, .)
 *(.ARM.exidx* .gnu.linkonce.armexidx.*)
                0x0800bdb4                PROVIDE (__exidx_end, .)

.eh_frame_hdr
 *(.eh_frame_hdr)

.eh_frame
 *(.eh_frame)

.textalign      0x0800bdb4        0x4
                0x0800bdb8                . = ALIGN (0x8)
 *fill*         0x0800bdb4        0x4 00
                0x0800bdb8                . = ALIGN (0x4)
                0x0800bdb8                _etext = .
                0x0800bdb8                _textdata = _etext

.stacks         0x20000000      0x800
                0x20000000                . = ALIGN (0x8)
                0x20000000                __main_stack_base__ = .
                0x20000400                . = (. + __main_stack_size__)
 *fill*         0x20000000      0x400 00
                0x20000400                . = ALIGN (0x8)
                0x20000400                __main_stack_end__ = .
                0x20000400                __process_stack_base__ = .
                0x20000400                __main_thread_stack_base__ = .
                0x20000800                . = (. + __process_stack_size__)
 *fill*         0x20000400      0x400 00
                0x20000800                . = ALIGN (0x8)
                0x20000800                __process_stack_end__ = .
                0x20000800                __main_thread_stack_end__ = .

.data           0x20000800      0x50c load address 0x0800bdb8
                0x20000800                . = ALIGN (0x4)
                0x20000800                PROVIDE (_data, .)
 *(.data)
 *(.data.*)
 .data.m1.7331  0x20000800       0x10 /tmp/ccOdj1ue.ltrans1.ltrans.o
                0x20000800                m1.7331
 .data.sem1.7122
                0x20000810        0xc /tmp/ccOdj1ue.ltrans1.ltrans.o
                0x20000810                sem1.7122
 .data.c1.7329  0x2000081c        0x8 /tmp/ccOdj1ue.ltrans2.ltrans.o
                0x2000081c                c1.7329
 .data.mp1.7972
                0x20000824        0xc /tmp/ccOdj1ue.ltrans2.ltrans.o
                0x20000824                mp1.7972
 .data.Outdiv.4568
                0x20000830        0x1 /tmp/ccOdj1ue.ltrans4.ltrans.o
 .data.Active_banddiv.4570
                0x20000831        0x1 /tmp/ccOdj1ue.ltrans4.ltrans.o
 .data.Active_shift.4616
                0x20000832        0x2 /tmp/ccOdj1ue.ltrans4.ltrans.o
 .data.Active_level.4617
                0x20000834        0x1 /tmp/ccOdj1ue.ltrans4.ltrans.o
 *fill*         0x20000835        0x3 00
 .data.linecoding.9032.4748
                0x20000838        0x8 /tmp/ccOdj1ue.ltrans6.ltrans.o
 .data.m2.7330  0x20000840       0x10 /tmp/ccOdj1ue.ltrans7.ltrans.o
                0x20000840                m2.7330
 .data.buf.8548.11111.5056
                0x20000850      0x404 /tmp/ccOdj1ue.ltrans8.ltrans.o
 .data.Active_Frequency
                0x20000c54        0x4 /tmp/ccOdj1ue.ltrans9.ltrans.o
                0x20000c54                Active_Frequency
 .data.gpt3cfg.11763.4619
                0x20000c58       0x10 /tmp/ccOdj1ue.ltrans9.ltrans.o
 .data.es1.7762
                0x20000c68        0x4 /tmp/ccOdj1ue.ltrans9.ltrans.o
                0x20000c68                es1.7762
 .data.es2.7761
                0x20000c6c        0x4 /tmp/ccOdj1ue.ltrans9.ltrans.o
                0x20000c6c                es2.7761
 .data.gpt4cfg.11764.4617
                0x20000c70       0x10 /tmp/ccOdj1ue.ltrans9.ltrans.o
 .data.local_commands.10670.4448
                0x20000c80       0x18 /tmp/ccOdj1ue.ltrans10.ltrans.o
 .data.oq.8291  0x20000c98       0x24 /tmp/ccOdj1ue.ltrans10.ltrans.o
                0x20000c98                oq.8291
 .data.iq.8304  0x20000cbc       0x24 /tmp/ccOdj1ue.ltrans10.ltrans.o
                0x20000cbc                iq.8304
 .data.mb1.7615
                0x20000ce0       0x28 /tmp/ccOdj1ue.ltrans10.ltrans.o
                0x20000ce0                mb1.7615
 .data.__ctype_ptr__
                0x20000d08        0x4 /home/laurence/ARM-GCC/bin/../lib/gcc/arm-none-eabi/4.7.4/../../../../arm-none-eabi/lib/armv7-m/libg.a(lib_a-ctype_.o)
                0x20000d08                __ctype_ptr__
 *(.ramtext)
                0x20000d0c                . = ALIGN (0x4)
                0x20000d0c                PROVIDE (_edata, .)

.igot.plt       0x20000d0c        0x0 load address 0x0800c2c4
 .igot.plt      0x00000000        0x0 build/obj/chcoreasm_v7m.o

.bss            0x20000d0c     0x1318
                0x20000d0c                . = ALIGN (0x4)
                0x20000d0c                PROVIDE (_bss_start, .)
 *(.bss)
 *(.bss.*)
 .bss.vt2.6287.8529.4514
                0x20000d0c       0x14 /tmp/ccOdj1ue.ltrans1.ltrans.o
 .bss.sem1.8528
                0x20000d20        0xc /tmp/ccOdj1ue.ltrans1.ltrans.o
                0x20000d20                sem1.8528
 .bss.mtx1.8527
                0x20000d2c       0x10 /tmp/ccOdj1ue.ltrans1.ltrans.o
                0x20000d2c                mtx1.8527
 .bss.vt1.6286.8530.4513
                0x20000d3c       0x14 /tmp/ccOdj1ue.ltrans1.ltrans.o
 .bss.mp1.8119  0x20000d50        0xc /tmp/ccOdj1ue.ltrans2.ltrans.o
                0x20000d50                mp1.8119
 .bss.SDU1      0x20000d5c      0x258 /tmp/ccOdj1ue.ltrans3.ltrans.o
                0x20000d5c                SDU1
 .bss.ep0setup_buffer.10427
                0x20000fb4        0x8 /tmp/ccOdj1ue.ltrans3.ltrans.o
                0x20000fb4                ep0setup_buffer.10427
 .bss.Command   0x20000fbc        0x1 /tmp/ccOdj1ue.ltrans3.ltrans.o
                0x20000fbc                Command
 *fill*         0x20000fbd        0x3 00
 .bss.ep0_state.10423
                0x20000fc0       0x14 /tmp/ccOdj1ue.ltrans3.ltrans.o
                0x20000fc0                ep0_state.10423
 .bss.Silabs_busy
                0x20000fd4        0xc /tmp/ccOdj1ue.ltrans3.ltrans.o
                0x20000fd4                Silabs_busy
 .bss.ep1outstate.11403
                0x20000fe0       0x14 /tmp/ccOdj1ue.ltrans3.ltrans.o
                0x20000fe0                ep1outstate.11403
 .bss.Silabs_callback
                0x20000ff4        0xc /tmp/ccOdj1ue.ltrans3.ltrans.o
                0x20000ff4                Silabs_callback
 .bss.Command_string
                0x20001000        0x8 /tmp/ccOdj1ue.ltrans3.ltrans.o
                0x20001000                Command_string
 .bss.ep1instate.11402
                0x20001008       0x10 /tmp/ccOdj1ue.ltrans3.ltrans.o
                0x20001008                ep1instate.11402
 .bss.iq.6276.8531.4577
                0x20001018       0x24 /tmp/ccOdj1ue.ltrans4.ltrans.o
 .bss.ep2instate.11405.4662
                0x2000103c       0x10 /tmp/ccOdj1ue.ltrans4.ltrans.o
 .bss.test_timer_done
                0x2000104c        0x1 /tmp/ccOdj1ue.ltrans4.ltrans.o
                0x2000104c                test_timer_done
 *fill*         0x2000104d        0x3 00
 .bss.ib.6275.8532.4674
                0x20001050       0x10 /tmp/ccOdj1ue.ltrans4.ltrans.o
 .bss.Silabs_Part_ID
                0x20001060        0x2 /tmp/ccOdj1ue.ltrans4.ltrans.o
                0x20001060                Silabs_Part_ID
 *fill*         0x20001062        0x2 00
 .bss.vt.6747.4576
                0x20001064       0x14 /tmp/ccOdj1ue.ltrans5.ltrans.o
 .bss.tokp.6757
                0x20001078        0x4 /tmp/ccOdj1ue.ltrans7.ltrans.o
                0x20001078                tokp.6757
 .bss.USBD1     0x2000107c       0x84 /tmp/ccOdj1ue.ltrans7.ltrans.o
                0x2000107c                USBD1
 .bss.local_fail.6760
                0x20001100        0x1 /tmp/ccOdj1ue.ltrans7.ltrans.o
                0x20001100                local_fail.6760
 *fill*         0x20001101        0x7 00
 .bss.heap1.8117
                0x20001108       0x20 /tmp/ccOdj1ue.ltrans7.ltrans.o
                0x20001108                heap1.8117
 .bss.global_fail.6761
                0x20001128        0x1 /tmp/ccOdj1ue.ltrans7.ltrans.o
                0x20001128                global_fail.6761
 *fill*         0x20001129        0x3 00
 .bss.chp.6748  0x2000112c        0x4 /tmp/ccOdj1ue.ltrans7.ltrans.o
                0x2000112c                chp.6748
 .bss.failpoint.6762
                0x20001130        0x4 /tmp/ccOdj1ue.ltrans7.ltrans.o
                0x20001130                failpoint.6762
 .bss.tokens_buffer.6758
                0x20001134       0x10 /tmp/ccOdj1ue.ltrans7.ltrans.o
                0x20001134                tokens_buffer.6758
 .bss.dma_streams_mask.9722
                0x20001144        0x4 /tmp/ccOdj1ue.ltrans8.ltrans.o
                0x20001144                dma_streams_mask.9722
 .bss.endmem.6446
                0x20001148        0x4 /tmp/ccOdj1ue.ltrans8.ltrans.o
                0x20001148                endmem.6446
 .bss.nextmem.6444
                0x2000114c        0x4 /tmp/ccOdj1ue.ltrans8.ltrans.o
                0x2000114c                nextmem.6444
 .bss.waThread1.11114.5002
                0x20001150      0x148 /tmp/ccOdj1ue.ltrans8.ltrans.o
 .bss.dma_isr_redir.9717
                0x20001298       0x38 /tmp/ccOdj1ue.ltrans8.ltrans.o
                0x20001298                dma_isr_redir.9717
 .bss.dummytx.10008.4968
                0x200012d0        0x2 /tmp/ccOdj1ue.ltrans8.ltrans.o
 *fill*         0x200012d2        0x6 00
 .bss.waThreadSI.11766.5005
                0x200012d8      0x4c8 /tmp/ccOdj1ue.ltrans8.ltrans.o
 .bss.default_heap.6550
                0x200017a0       0x20 /tmp/ccOdj1ue.ltrans8.ltrans.o
                0x200017a0                default_heap.6550
 .bss.test_heap.7938
                0x200017c0       0x20 /tmp/ccOdj1ue.ltrans8.ltrans.o
                0x200017c0                test_heap.7938
 .bss.tx_buffer
                0x200017e0       0x10 /tmp/ccOdj1ue.ltrans9.ltrans.o
                0x200017e0                tx_buffer
 .bss.SPID1     0x200017f0       0x30 /tmp/ccOdj1ue.ltrans9.ltrans.o
                0x200017f0                SPID1
 .bss.GPTD3     0x20001820       0x10 /tmp/ccOdj1ue.ltrans9.ltrans.o
                0x20001820                GPTD3
 .bss.GPTD4     0x20001830       0x10 /tmp/ccOdj1ue.ltrans9.ltrans.o
                0x20001830                GPTD4
 .bss.Active_channel
                0x20001840        0x1 /tmp/ccOdj1ue.ltrans9.ltrans.o
                0x20001840                Active_channel
 *fill*         0x20001841        0x3 00
 .bss.rx_buffer
                0x20001844        0xc /tmp/ccOdj1ue.ltrans9.ltrans.o
                0x20001844                rx_buffer
 .bss.test      0x20001850      0x668 /tmp/ccOdj1ue.ltrans10.ltrans.o
                0x20001850                test
 .bss.shell_terminated
                0x20001eb8        0x4 /tmp/ccOdj1ue.ltrans10.ltrans.o
                0x20001eb8                shell_terminated
 *fill*         0x20001ebc        0x4 00
 .bss.ch        0x20001ec0      0x150 /tmp/ccOdj1ue.ltrans10.ltrans.o
                0x20001ec0                ch
 .bss.threads   0x20002010       0x14 /tmp/ccOdj1ue.ltrans10.ltrans.o
                0x20002010                threads
 *(COMMON)
                0x20002024                . = ALIGN (0x4)
                0x20002024                PROVIDE (_bss_end, .)
                0x20002024                PROVIDE (end, .)
                0x20002024                _end = .
                0x20002024                __heap_base__ = _end
                0x20005000                __heap_end__ = __ram_end__
                0x00000400                __process_stack_size__ = 0x400
                0x00000400                __main_stack_size__ = 0x400
START GROUP
LOAD /home/laurence/ARM-GCC/bin/../lib/gcc/arm-none-eabi/4.7.4/armv7-m/libgcc.a
LOAD /home/laurence/ARM-GCC/bin/../lib/gcc/arm-none-eabi/4.7.4/../../../../arm-none-eabi/lib/armv7-m/libg.a
LOAD /home/laurence/ARM-GCC/bin/../lib/gcc/arm-none-eabi/4.7.4/../../../../arm-none-eabi/lib/armv7-m/libc.a
END GROUP
OUTPUT(build/ch.elf elf32-littlearm)

.ARM.attributes
                0x00000000       0x2f
 .ARM.attributes
                0x00000000       0x21 build/obj/chcoreasm_v7m.o
 .ARM.attributes
                0x00000021       0x31 /tmp/ccOdj1ue.ltrans0.ltrans.o
 .ARM.attributes
                0x00000052       0x31 /tmp/ccOdj1ue.ltrans1.ltrans.o
 .ARM.attributes
                0x00000083       0x31 /tmp/ccOdj1ue.ltrans2.ltrans.o
 .ARM.attributes
                0x000000b4       0x31 /tmp/ccOdj1ue.ltrans3.ltrans.o
 .ARM.attributes
                0x000000e5       0x31 /tmp/ccOdj1ue.ltrans4.ltrans.o
 .ARM.attributes
                0x00000116       0x31 /tmp/ccOdj1ue.ltrans5.ltrans.o
 .ARM.attributes
                0x00000147       0x31 /tmp/ccOdj1ue.ltrans6.ltrans.o
 .ARM.attributes
                0x00000178       0x31 /tmp/ccOdj1ue.ltrans7.ltrans.o
 .ARM.attributes
                0x000001a9       0x31 /tmp/ccOdj1ue.ltrans8.ltrans.o
 .ARM.attributes
                0x000001da       0x31 /tmp/ccOdj1ue.ltrans9.ltrans.o
 .ARM.attributes
                0x0000020b       0x31 /tmp/ccOdj1ue.ltrans10.ltrans.o
 .ARM.attributes
                0x0000023c       0x1d /home/laurence/ARM-GCC/bin/../lib/gcc/arm-none-eabi/4.7.4/armv7-m/libgcc.a(_arm_addsubdf3.o)
 .ARM.attributes
                0x00000259       0x1d /home/laurence/ARM-GCC/bin/../lib/gcc/arm-none-eabi/4.7.4/armv7-m/libgcc.a(_arm_muldivdf3.o)
 .ARM.attributes
                0x00000276       0x1d /home/laurence/ARM-GCC/bin/../lib/gcc/arm-none-eabi/4.7.4/armv7-m/libgcc.a(_arm_fixdfsi.o)
 .ARM.attributes
                0x00000293       0x1d /home/laurence/ARM-GCC/bin/../lib/gcc/arm-none-eabi/4.7.4/armv7-m/libgcc.a(_arm_fixunsdfsi.o)
 .ARM.attributes
                0x000002b0       0x1d /home/laurence/ARM-GCC/bin/../lib/gcc/arm-none-eabi/4.7.4/armv7-m/libgcc.a(_arm_truncdfsf2.o)
 .ARM.attributes
                0x000002cd       0x1d /home/laurence/ARM-GCC/bin/../lib/gcc/arm-none-eabi/4.7.4/armv7-m/libgcc.a(_arm_addsubsf3.o)
 .ARM.attributes
                0x000002ea       0x1d /home/laurence/ARM-GCC/bin/../lib/gcc/arm-none-eabi/4.7.4/armv7-m/libgcc.a(_arm_muldivsf3.o)
 .ARM.attributes
                0x00000307       0x1d /home/laurence/ARM-GCC/bin/../lib/gcc/arm-none-eabi/4.7.4/armv7-m/libgcc.a(_arm_cmpsf2.o)
 .ARM.attributes
                0x00000324       0x1d /home/laurence/ARM-GCC/bin/../lib/gcc/arm-none-eabi/4.7.4/armv7-m/libgcc.a(_arm_fixsfsi.o)
 .ARM.attributes
                0x00000341       0x1d /home/laurence/ARM-GCC/bin/../lib/gcc/arm-none-eabi/4.7.4/armv7-m/libgcc.a(_arm_fixunssfsi.o)
 .ARM.attributes
                0x0000035e       0x2d /home/laurence/ARM-GCC/bin/../lib/gcc/arm-none-eabi/4.7.4/../../../../arm-none-eabi/lib/armv7-m/libg.a(lib_a-memset.o)
 .ARM.attributes
                0x0000038b       0x2d /home/laurence/ARM-GCC/bin/../lib/gcc/arm-none-eabi/4.7.4/../../../../arm-none-eabi/lib/armv7-m/libg.a(lib_a-strcasecmp.o)
 .ARM.attributes
                0x000003b8       0x2d /home/laurence/ARM-GCC/bin/../lib/gcc/arm-none-eabi/4.7.4/../../../../arm-none-eabi/lib/armv7-m/libg.a(lib_a-strlen.o)
 .ARM.attributes
                0x000003e5       0x2d /home/laurence/ARM-GCC/bin/../lib/gcc/arm-none-eabi/4.7.4/../../../../arm-none-eabi/lib/armv7-m/libg.a(lib_a-strncpy.o)
 .ARM.attributes
                0x00000412       0x2d /home/laurence/ARM-GCC/bin/../lib/gcc/arm-none-eabi/4.7.4/../../../../arm-none-eabi/lib/armv7-m/libg.a(lib_a-strpbrk.o)
 .ARM.attributes
                0x0000043f       0x2d /home/laurence/ARM-GCC/bin/../lib/gcc/arm-none-eabi/4.7.4/../../../../arm-none-eabi/lib/armv7-m/libg.a(lib_a-strspn.o)
 .ARM.attributes
                0x0000046c       0x2d /home/laurence/ARM-GCC/bin/../lib/gcc/arm-none-eabi/4.7.4/../../../../arm-none-eabi/lib/armv7-m/libg.a(lib_a-ctype_.o)

.comment        0x00000000       0x70
 .comment       0x00000000       0x70 /tmp/ccOdj1ue.ltrans0.ltrans.o
                                 0x71 (size before relaxing)
 .comment       0x00000000       0x71 /tmp/ccOdj1ue.ltrans1.ltrans.o
 .comment       0x00000000       0x71 /tmp/ccOdj1ue.ltrans2.ltrans.o
 .comment       0x00000000       0x71 /tmp/ccOdj1ue.ltrans3.ltrans.o
 .comment       0x00000000       0x71 /tmp/ccOdj1ue.ltrans4.ltrans.o
 .comment       0x00000000       0x71 /tmp/ccOdj1ue.ltrans5.ltrans.o
 .comment       0x00000000       0x71 /tmp/ccOdj1ue.ltrans6.ltrans.o
 .comment       0x00000000       0x71 /tmp/ccOdj1ue.ltrans7.ltrans.o
 .comment       0x00000000       0x71 /tmp/ccOdj1ue.ltrans8.ltrans.o
 .comment       0x00000000       0x71 /tmp/ccOdj1ue.ltrans9.ltrans.o
 .comment       0x00000000       0x71 /tmp/ccOdj1ue.ltrans10.ltrans.o

.debug_info     0x00000000    0x24d26
 .debug_info    0x00000000     0x3e5e /tmp/ccOdj1ue.ltrans0.ltrans.o
 .debug_info    0x00003e5e     0x3772 /tmp/ccOdj1ue.ltrans1.ltrans.o
 .debug_info    0x000075d0     0x324e /tmp/ccOdj1ue.ltrans2.ltrans.o
 .debug_info    0x0000a81e     0x31d8 /tmp/ccOdj1ue.ltrans3.ltrans.o
 .debug_info    0x0000d9f6     0x3829 /tmp/ccOdj1ue.ltrans4.ltrans.o
 .debug_info    0x0001121f     0x38a7 /tmp/ccOdj1ue.ltrans5.ltrans.o
 .debug_info    0x00014ac6     0x3dee /tmp/ccOdj1ue.ltrans6.ltrans.o
 .debug_info    0x000188b4     0x2bab /tmp/ccOdj1ue.ltrans7.ltrans.o
 .debug_info    0x0001b45f     0x405e /tmp/ccOdj1ue.ltrans8.ltrans.o
 .debug_info    0x0001f4bd     0x3483 /tmp/ccOdj1ue.ltrans9.ltrans.o
 .debug_info    0x00022940     0x23e6 /tmp/ccOdj1ue.ltrans10.ltrans.o

.debug_abbrev   0x00000000     0x462b
 .debug_abbrev  0x00000000      0x764 /tmp/ccOdj1ue.ltrans0.ltrans.o
 .debug_abbrev  0x00000764      0x5c9 /tmp/ccOdj1ue.ltrans1.ltrans.o
 .debug_abbrev  0x00000d2d      0x6c8 /tmp/ccOdj1ue.ltrans2.ltrans.o
 .debug_abbrev  0x000013f5      0x4f2 /tmp/ccOdj1ue.ltrans3.ltrans.o
 .debug_abbrev  0x000018e7      0x699 /tmp/ccOdj1ue.ltrans4.ltrans.o
 .debug_abbrev  0x00001f80      0x72d /tmp/ccOdj1ue.ltrans5.ltrans.o
 .debug_abbrev  0x000026ad      0x7a5 /tmp/ccOdj1ue.ltrans6.ltrans.o
 .debug_abbrev  0x00002e52      0x5f9 /tmp/ccOdj1ue.ltrans7.ltrans.o
 .debug_abbrev  0x0000344b      0x709 /tmp/ccOdj1ue.ltrans8.ltrans.o
 .debug_abbrev  0x00003b54      0x5d8 /tmp/ccOdj1ue.ltrans9.ltrans.o
 .debug_abbrev  0x0000412c      0x4ff /tmp/ccOdj1ue.ltrans10.ltrans.o

.debug_loc      0x00000000     0xb4e6
 .debug_loc     0x00000000     0x20a7 /tmp/ccOdj1ue.ltrans0.ltrans.o
 .debug_loc     0x000020a7      0xe39 /tmp/ccOdj1ue.ltrans1.ltrans.o
 .debug_loc     0x00002ee0     0x16c6 /tmp/ccOdj1ue.ltrans2.ltrans.o
 .debug_loc     0x000045a6     0x144f /tmp/ccOdj1ue.ltrans3.ltrans.o
 .debug_loc     0x000059f5      0xcd2 /tmp/ccOdj1ue.ltrans4.ltrans.o
 .debug_loc     0x000066c7     0x1347 /tmp/ccOdj1ue.ltrans5.ltrans.o
 .debug_loc     0x00007a0e     0x1262 /tmp/ccOdj1ue.ltrans6.ltrans.o
 .debug_loc     0x00008c70      0x66c /tmp/ccOdj1ue.ltrans7.ltrans.o
 .debug_loc     0x000092dc      0xab6 /tmp/ccOdj1ue.ltrans8.ltrans.o
 .debug_loc     0x00009d92      0xc39 /tmp/ccOdj1ue.ltrans9.ltrans.o
 .debug_loc     0x0000a9cb      0xb1b /tmp/ccOdj1ue.ltrans10.ltrans.o

.debug_aranges  0x00000000      0x908
 .debug_aranges
                0x00000000      0x220 /tmp/ccOdj1ue.ltrans0.ltrans.o
 .debug_aranges
                0x00000220       0xa8 /tmp/ccOdj1ue.ltrans1.ltrans.o
 .debug_aranges
                0x000002c8       0xb8 /tmp/ccOdj1ue.ltrans2.ltrans.o
 .debug_aranges
                0x00000380       0x38 /tmp/ccOdj1ue.ltrans3.ltrans.o
 .debug_aranges
                0x000003b8       0x60 /tmp/ccOdj1ue.ltrans4.ltrans.o
 .debug_aranges
                0x00000418      0x160 /tmp/ccOdj1ue.ltrans5.ltrans.o
 .debug_aranges
                0x00000578      0x1c0 /tmp/ccOdj1ue.ltrans6.ltrans.o
 .debug_aranges
                0x00000738       0x98 /tmp/ccOdj1ue.ltrans7.ltrans.o
 .debug_aranges
                0x000007d0       0xa0 /tmp/ccOdj1ue.ltrans8.ltrans.o
 .debug_aranges
                0x00000870       0x58 /tmp/ccOdj1ue.ltrans9.ltrans.o
 .debug_aranges
                0x000008c8       0x40 /tmp/ccOdj1ue.ltrans10.ltrans.o

.debug_ranges   0x00000000     0x4310
 .debug_ranges  0x00000000      0x930 /tmp/ccOdj1ue.ltrans0.ltrans.o
 .debug_ranges  0x00000930      0x600 /tmp/ccOdj1ue.ltrans1.ltrans.o
 .debug_ranges  0x00000f30      0xac8 /tmp/ccOdj1ue.ltrans2.ltrans.o
 .debug_ranges  0x000019f8      0x550 /tmp/ccOdj1ue.ltrans3.ltrans.o
 .debug_ranges  0x00001f48      0x418 /tmp/ccOdj1ue.ltrans4.ltrans.o
 .debug_ranges  0x00002360      0x5b0 /tmp/ccOdj1ue.ltrans5.ltrans.o
 .debug_ranges  0x00002910      0x560 /tmp/ccOdj1ue.ltrans6.ltrans.o
 .debug_ranges  0x00002e70      0x178 /tmp/ccOdj1ue.ltrans7.ltrans.o
 .debug_ranges  0x00002fe8      0xb78 /tmp/ccOdj1ue.ltrans8.ltrans.o
 .debug_ranges  0x00003b60      0x4e8 /tmp/ccOdj1ue.ltrans9.ltrans.o
 .debug_ranges  0x00004048      0x2c8 /tmp/ccOdj1ue.ltrans10.ltrans.o

.debug_line     0x00000000     0x8503
 .debug_line    0x00000000     0x12fd /tmp/ccOdj1ue.ltrans0.ltrans.o
 .debug_line    0x000012fd      0xc19 /tmp/ccOdj1ue.ltrans1.ltrans.o
 .debug_line    0x00001f16      0xca2 /tmp/ccOdj1ue.ltrans2.ltrans.o
 .debug_line    0x00002bb8      0x9ab /tmp/ccOdj1ue.ltrans3.ltrans.o
 .debug_line    0x00003563      0xa93 /tmp/ccOdj1ue.ltrans4.ltrans.o
 .debug_line    0x00003ff6      0xeb7 /tmp/ccOdj1ue.ltrans5.ltrans.o
 .debug_line    0x00004ead      0xf2f /tmp/ccOdj1ue.ltrans6.ltrans.o
 .debug_line    0x00005ddc      0x972 /tmp/ccOdj1ue.ltrans7.ltrans.o
 .debug_line    0x0000674e      0xdba /tmp/ccOdj1ue.ltrans8.ltrans.o
 .debug_line    0x00007508      0x9af /tmp/ccOdj1ue.ltrans9.ltrans.o
 .debug_line    0x00007eb7      0x64c /tmp/ccOdj1ue.ltrans10.ltrans.o

.debug_str      0x00000000     0x4081
 .debug_str     0x00000000      0xceb /tmp/ccOdj1ue.ltrans0.ltrans.o
                                0xdd3 (size before relaxing)
 .debug_str     0x00000ceb      0x5d8 /tmp/ccOdj1ue.ltrans1.ltrans.o
                                0xcc0 (size before relaxing)
 .debug_str     0x000012c3      0x8c7 /tmp/ccOdj1ue.ltrans2.ltrans.o
                               0x1056 (size before relaxing)
 .debug_str     0x00001b8a      0x463 /tmp/ccOdj1ue.ltrans3.ltrans.o
                                0xe2a (size before relaxing)
 .debug_str     0x00001fed      0x51a /tmp/ccOdj1ue.ltrans4.ltrans.o
                               0x11df (size before relaxing)
 .debug_str     0x00002507      0x507 /tmp/ccOdj1ue.ltrans5.ltrans.o
                                0xeac (size before relaxing)
 .debug_str     0x00002a0e      0x5d7 /tmp/ccOdj1ue.ltrans6.ltrans.o
                               0x1660 (size before relaxing)
 .debug_str     0x00002fe5      0x34b /tmp/ccOdj1ue.ltrans7.ltrans.o
                                0xefd (size before relaxing)
 .debug_str     0x00003330      0x970 /tmp/ccOdj1ue.ltrans8.ltrans.o
                               0x1b53 (size before relaxing)
 .debug_str     0x00003ca0      0x21b /tmp/ccOdj1ue.ltrans9.ltrans.o
                               0x11b1 (size before relaxing)
 .debug_str     0x00003ebb      0x1c6 /tmp/ccOdj1ue.ltrans10.ltrans.o
                                0xaf6 (size before relaxing)

.debug_frame    0x00000000     0x1b08
 .debug_frame   0x00000000      0x644 /tmp/ccOdj1ue.ltrans0.ltrans.o
 .debug_frame   0x00000644      0x224 /tmp/ccOdj1ue.ltrans1.ltrans.o
 .debug_frame   0x00000868      0x1f4 /tmp/ccOdj1ue.ltrans2.ltrans.o
 .debug_frame   0x00000a5c       0x90 /tmp/ccOdj1ue.ltrans3.ltrans.o
 .debug_frame   0x00000aec      0x140 /tmp/ccOdj1ue.ltrans4.ltrans.o
 .debug_frame   0x00000c2c      0x3dc /tmp/ccOdj1ue.ltrans5.ltrans.o
 .debug_frame   0x00001008      0x4d4 /tmp/ccOdj1ue.ltrans6.ltrans.o
 .debug_frame   0x000014dc      0x1e8 /tmp/ccOdj1ue.ltrans7.ltrans.o
 .debug_frame   0x000016c4      0x1c0 /tmp/ccOdj1ue.ltrans8.ltrans.o
 .debug_frame   0x00001884       0xf4 /tmp/ccOdj1ue.ltrans9.ltrans.o
 .debug_frame   0x00001978       0x94 /tmp/ccOdj1ue.ltrans10.ltrans.o
 .debug_frame   0x00001a0c       0x2c /home/laurence/ARM-GCC/bin/../lib/gcc/arm-none-eabi/4.7.4/../../../../arm-none-eabi/lib/armv7-m/libg.a(lib_a-memset.o)
 .debug_frame   0x00001a38       0x2c /home/laurence/ARM-GCC/bin/../lib/gcc/arm-none-eabi/4.7.4/../../../../arm-none-eabi/lib/armv7-m/libg.a(lib_a-strcasecmp.o)
 .debug_frame   0x00001a64       0x20 /home/laurence/ARM-GCC/bin/../lib/gcc/arm-none-eabi/4.7.4/../../../../arm-none-eabi/lib/armv7-m/libg.a(lib_a-strlen.o)
 .debug_frame   0x00001a84       0x2c /home/laurence/ARM-GCC/bin/../lib/gcc/arm-none-eabi/4.7.4/../../../../arm-none-eabi/lib/armv7-m/libg.a(lib_a-strncpy.o)
 .debug_frame   0x00001ab0       0x2c /home/laurence/ARM-GCC/bin/../lib/gcc/arm-none-eabi/4.7.4/../../../../arm-none-eabi/lib/armv7-m/libg.a(lib_a-strpbrk.o)
 .debug_frame   0x00001adc       0x2c /home/laurence/ARM-GCC/bin/../lib/gcc/arm-none-eabi/4.7.4/../../../../arm-none-eabi/lib/armv7-m/libg.a(lib_a-strspn.o)

Cross Reference Table

Symbol                                            File
Active_Frequency                                  /tmp/ccOdj1ue.ltrans9.ltrans.o
                                                  /tmp/ccOdj1ue.ltrans4.ltrans.o
Active_channel                                    /tmp/ccOdj1ue.ltrans9.ltrans.o
                                                  /tmp/ccOdj1ue.ltrans1.ltrans.o
BusFault_Handler                                  /tmp/ccOdj1ue.ltrans0.ltrans.o
                                                  /tmp/ccOdj1ue.ltrans8.ltrans.o
Command                                           /tmp/ccOdj1ue.ltrans3.ltrans.o
                                                  /tmp/ccOdj1ue.ltrans9.ltrans.o
                                                  /tmp/ccOdj1ue.ltrans1.ltrans.o
Command_string                                    /tmp/ccOdj1ue.ltrans3.ltrans.o
                                                  /tmp/ccOdj1ue.ltrans9.ltrans.o
DebugMon_Handler                                  /tmp/ccOdj1ue.ltrans0.ltrans.o
                                                  /tmp/ccOdj1ue.ltrans8.ltrans.o
GPTD3                                             /tmp/ccOdj1ue.ltrans9.ltrans.o
                                                  /tmp/ccOdj1ue.ltrans8.ltrans.o
                                                  /tmp/ccOdj1ue.ltrans6.ltrans.o
                                                  /tmp/ccOdj1ue.ltrans5.ltrans.o
GPTD4                                             /tmp/ccOdj1ue.ltrans9.ltrans.o
                                                  /tmp/ccOdj1ue.ltrans8.ltrans.o
                                                  /tmp/ccOdj1ue.ltrans6.ltrans.o
                                                  /tmp/ccOdj1ue.ltrans5.ltrans.o
HardFault_Handler                                 /tmp/ccOdj1ue.ltrans0.ltrans.o
                                                  /tmp/ccOdj1ue.ltrans8.ltrans.o
MemManage_Handler                                 /tmp/ccOdj1ue.ltrans0.ltrans.o
                                                  /tmp/ccOdj1ue.ltrans8.ltrans.o
NMI_Handler                                       /tmp/ccOdj1ue.ltrans0.ltrans.o
                                                  /tmp/ccOdj1ue.ltrans8.ltrans.o
PendSV_Handler                                    /tmp/ccOdj1ue.ltrans0.ltrans.o
                                                  /tmp/ccOdj1ue.ltrans8.ltrans.o
RF_switch.part.8.11663                            /tmp/ccOdj1ue.ltrans8.ltrans.o
                                                  /tmp/ccOdj1ue.ltrans9.ltrans.o
Reset_Handler                                     /tmp/ccOdj1ue.ltrans8.ltrans.o
SDU1                                              /tmp/ccOdj1ue.ltrans3.ltrans.o
                                                  /tmp/ccOdj1ue.ltrans8.ltrans.o
                                                  /tmp/ccOdj1ue.ltrans4.ltrans.o
SI_Thread.11604                                   /tmp/ccOdj1ue.ltrans9.ltrans.o
                                                  /tmp/ccOdj1ue.ltrans8.ltrans.o
SPID1                                             /tmp/ccOdj1ue.ltrans9.ltrans.o
                                                  /tmp/ccOdj1ue.ltrans8.ltrans.o
                                                  /tmp/ccOdj1ue.ltrans4.ltrans.o
SVC_Handler                                       /tmp/ccOdj1ue.ltrans0.ltrans.o
                                                  /tmp/ccOdj1ue.ltrans8.ltrans.o
Silabs_Part_ID                                    /tmp/ccOdj1ue.ltrans4.ltrans.o
                                                  /tmp/ccOdj1ue.ltrans8.ltrans.o
Silabs_busy                                       /tmp/ccOdj1ue.ltrans3.ltrans.o
                                                  /tmp/ccOdj1ue.ltrans9.ltrans.o
                                                  /tmp/ccOdj1ue.ltrans8.ltrans.o
                                                  /tmp/ccOdj1ue.ltrans1.ltrans.o
Silabs_callback                                   /tmp/ccOdj1ue.ltrans3.ltrans.o
                                                  /tmp/ccOdj1ue.ltrans9.ltrans.o
                                                  /tmp/ccOdj1ue.ltrans8.ltrans.o
                                                  /tmp/ccOdj1ue.ltrans1.ltrans.o
SysTick_Handler                                   /tmp/ccOdj1ue.ltrans0.ltrans.o
                                                  /tmp/ccOdj1ue.ltrans8.ltrans.o
TestThread                                        /tmp/ccOdj1ue.ltrans7.ltrans.o
                                                  /tmp/ccOdj1ue.ltrans8.ltrans.o
Thread1.11031                                     /tmp/ccOdj1ue.ltrans7.ltrans.o
                                                  /tmp/ccOdj1ue.ltrans8.ltrans.o
USBD1                                             /tmp/ccOdj1ue.ltrans7.ltrans.o
                                                  /tmp/ccOdj1ue.ltrans8.ltrans.o
                                                  /tmp/ccOdj1ue.ltrans2.ltrans.o
UsageFault_Handler                                /tmp/ccOdj1ue.ltrans0.ltrans.o
                                                  /tmp/ccOdj1ue.ltrans8.ltrans.o
Vector100                                         /tmp/ccOdj1ue.ltrans0.ltrans.o
                                                  /tmp/ccOdj1ue.ltrans8.ltrans.o
Vector104                                         /tmp/ccOdj1ue.ltrans0.ltrans.o
                                                  /tmp/ccOdj1ue.ltrans8.ltrans.o
Vector108                                         /tmp/ccOdj1ue.ltrans0.ltrans.o
                                                  /tmp/ccOdj1ue.ltrans8.ltrans.o