Archive member included because of file (symbol)

/home/laurence/ARM-GCC/gcc-arm-none-eabi-4_9-2014q4/bin/../lib/gcc/arm-none-eabi/4.9.3/armv7-m/libgcc.a(_arm_addsubdf3.o)
                              /tmp/ccgWHfgk.ltrans2.ltrans.o (__aeabi_dsub)
/home/laurence/ARM-GCC/gcc-arm-none-eabi-4_9-2014q4/bin/../lib/gcc/arm-none-eabi/4.9.3/armv7-m/libgcc.a(_arm_muldivdf3.o)
                              /tmp/ccgWHfgk.ltrans2.ltrans.o (__aeabi_dmul)
/home/laurence/ARM-GCC/gcc-arm-none-eabi-4_9-2014q4/bin/../lib/gcc/arm-none-eabi/4.9.3/armv7-m/libgcc.a(_arm_fixdfsi.o)
                              /tmp/ccgWHfgk.ltrans2.ltrans.o (__aeabi_d2iz)
/home/laurence/ARM-GCC/gcc-arm-none-eabi-4_9-2014q4/bin/../lib/gcc/arm-none-eabi/4.9.3/armv7-m/libgcc.a(_arm_fixunsdfsi.o)
                              /tmp/ccgWHfgk.ltrans8.ltrans.o (__aeabi_d2uiz)
/home/laurence/ARM-GCC/gcc-arm-none-eabi-4_9-2014q4/bin/../lib/gcc/arm-none-eabi/4.9.3/armv7-m/libgcc.a(_arm_truncdfsf2.o)
                              /tmp/ccgWHfgk.ltrans2.ltrans.o (__aeabi_d2f)
/home/laurence/ARM-GCC/gcc-arm-none-eabi-4_9-2014q4/bin/../lib/gcc/arm-none-eabi/4.9.3/armv7-m/libgcc.a(_arm_addsubsf3.o)
                              /tmp/ccgWHfgk.ltrans8.ltrans.o (__aeabi_fsub)
/home/laurence/ARM-GCC/gcc-arm-none-eabi-4_9-2014q4/bin/../lib/gcc/arm-none-eabi/4.9.3/armv7-m/libgcc.a(_arm_muldivsf3.o)
                              /tmp/ccgWHfgk.ltrans8.ltrans.o (__aeabi_fmul)
/home/laurence/ARM-GCC/gcc-arm-none-eabi-4_9-2014q4/bin/../lib/gcc/arm-none-eabi/4.9.3/armv7-m/libgcc.a(_arm_cmpsf2.o)
                              /tmp/ccgWHfgk.ltrans2.ltrans.o (__aeabi_fcmplt)
/home/laurence/ARM-GCC/gcc-arm-none-eabi-4_9-2014q4/bin/../lib/gcc/arm-none-eabi/4.9.3/armv7-m/libgcc.a(_arm_fixsfsi.o)
                              /tmp/ccgWHfgk.ltrans2.ltrans.o (__aeabi_f2iz)
/home/laurence/ARM-GCC/gcc-arm-none-eabi-4_9-2014q4/bin/../lib/gcc/arm-none-eabi/4.9.3/armv7-m/libgcc.a(_arm_fixunssfsi.o)
                              /tmp/ccgWHfgk.ltrans8.ltrans.o (__aeabi_f2uiz)
/home/laurence/ARM-GCC/gcc-arm-none-eabi-4_9-2014q4/bin/../lib/gcc/arm-none-eabi/4.9.3/../../../../arm-none-eabi/lib/armv7-m/libg.a(lib_a-memset.o)
                              /tmp/ccgWHfgk.ltrans4.ltrans.o (memset)
/home/laurence/ARM-GCC/gcc-arm-none-eabi-4_9-2014q4/bin/../lib/gcc/arm-none-eabi/4.9.3/../../../../arm-none-eabi/lib/armv7-m/libg.a(lib_a-strcasecmp.o)
                              /tmp/ccgWHfgk.ltrans2.ltrans.o (strcasecmp)
/home/laurence/ARM-GCC/gcc-arm-none-eabi-4_9-2014q4/bin/../lib/gcc/arm-none-eabi/4.9.3/../../../../arm-none-eabi/lib/armv7-m/libg.a(lib_a-strlen.o)
                              /tmp/ccgWHfgk.ltrans3.ltrans.o (strlen)
/home/laurence/ARM-GCC/gcc-arm-none-eabi-4_9-2014q4/bin/../lib/gcc/arm-none-eabi/4.9.3/../../../../arm-none-eabi/lib/armv7-m/libg.a(lib_a-strncpy.o)
                              /tmp/ccgWHfgk.ltrans3.ltrans.o (strncpy)
/home/laurence/ARM-GCC/gcc-arm-none-eabi-4_9-2014q4/bin/../lib/gcc/arm-none-eabi/4.9.3/../../../../arm-none-eabi/lib/armv7-m/libg.a(lib_a-strpbrk.o)
                              /tmp/ccgWHfgk.ltrans10.ltrans.o (strpbrk)
/home/laurence/ARM-GCC/gcc-arm-none-eabi-4_9-2014q4/bin/../lib/gcc/arm-none-eabi/4.9.3/../../../../arm-none-eabi/lib/armv7-m/libg.a(lib_a-strspn.o)
                              /tmp/ccgWHfgk.ltrans10.ltrans.o (strspn)
/home/laurence/ARM-GCC/gcc-arm-none-eabi-4_9-2014q4/bin/../lib/gcc/arm-none-eabi/4.9.3/../../../../arm-none-eabi/lib/armv7-m/libg.a(lib_a-ctype_.o)
                              /home/laurence/ARM-GCC/gcc-arm-none-eabi-4_9-2014q4/bin/../lib/gcc/arm-none-eabi/4.9.3/../../../../arm-none-eabi/lib/armv7-m/libg.a(lib_a-strcasecmp.o) (__ctype_ptr__)

Discarded input sections

 .data          0x00000000        0x0 build/obj/chcoreasm_v7m.o
 .bss           0x00000000        0x0 build/obj/chcoreasm_v7m.o
 .text          0x00000000        0x0 build/obj/crt0.o (symbol from plugin)
 .text          0x00000000        0x0 /tmp/ccgWHfgk.ltrans0.ltrans.o
 .data          0x00000000        0x0 /tmp/ccgWHfgk.ltrans0.ltrans.o
 .bss           0x00000000        0x0 /tmp/ccgWHfgk.ltrans0.ltrans.o
 .text          0x00000000        0x0 /tmp/ccgWHfgk.ltrans1.ltrans.o
 .data          0x00000000        0x0 /tmp/ccgWHfgk.ltrans1.ltrans.o
 .bss           0x00000000        0x0 /tmp/ccgWHfgk.ltrans1.ltrans.o
 .text          0x00000000        0x0 /tmp/ccgWHfgk.ltrans2.ltrans.o
 .data          0x00000000        0x0 /tmp/ccgWHfgk.ltrans2.ltrans.o
 .bss           0x00000000        0x0 /tmp/ccgWHfgk.ltrans2.ltrans.o
 .text          0x00000000        0x0 /tmp/ccgWHfgk.ltrans3.ltrans.o
 .data          0x00000000        0x0 /tmp/ccgWHfgk.ltrans3.ltrans.o
 .bss           0x00000000        0x0 /tmp/ccgWHfgk.ltrans3.ltrans.o
 .text          0x00000000        0x0 /tmp/ccgWHfgk.ltrans4.ltrans.o
 .data          0x00000000        0x0 /tmp/ccgWHfgk.ltrans4.ltrans.o
 .bss           0x00000000        0x0 /tmp/ccgWHfgk.ltrans4.ltrans.o
[...]
Memory Configuration

Name             Origin             Length             Attributes
flash            0x08000000         0x00020000
ram              0x20000000         0x00005000
*default*        0x00000000         0xffffffff

Linker script and memory map

LOAD build/obj/chcoreasm_v7m.o
LOAD build/obj/crt0.o
LOAD /tmp/ccgWHfgk.ltrans0.ltrans.o
LOAD /tmp/ccgWHfgk.ltrans1.ltrans.o
LOAD /tmp/ccgWHfgk.ltrans2.ltrans.o
LOAD /tmp/ccgWHfgk.ltrans3.ltrans.o
LOAD /tmp/ccgWHfgk.ltrans4.ltrans.o
LOAD /tmp/ccgWHfgk.ltrans5.ltrans.o
LOAD /tmp/ccgWHfgk.ltrans6.ltrans.o
LOAD /tmp/ccgWHfgk.ltrans7.ltrans.o
LOAD /tmp/ccgWHfgk.ltrans8.ltrans.o
LOAD /tmp/ccgWHfgk.ltrans9.ltrans.o
LOAD /tmp/ccgWHfgk.ltrans10.ltrans.o
LOAD /home/laurence/ARM-GCC/gcc-arm-none-eabi-4_9-2014q4/bin/../lib/gcc/arm-none-eabi/4.9.3/armv7-m/libgcc.a
LOAD /home/laurence/ARM-GCC/gcc-arm-none-eabi-4_9-2014q4/bin/../lib/gcc/arm-none-eabi/4.9.3/../../../../arm-none-eabi/lib/armv7-m/libg.a
LOAD /home/laurence/ARM-GCC/gcc-arm-none-eabi-4_9-2014q4/bin/../lib/gcc/arm-none-eabi/4.9.3/../../../../arm-none-eabi/lib/armv7-m/libc.a
LOAD build/obj/vectors.o
LOAD build/obj/chcore.o
LOAD build/obj/chcore_v7m.o
LOAD build/obj/chsys.o
LOAD build/obj/chdebug.o
LOAD build/obj/chtm.o
LOAD build/obj/chstats.o
LOAD build/obj/chschd.o
LOAD build/obj/chvt.o
LOAD build/obj/chthreads.o
LOAD build/obj/chdynamic.o
LOAD build/obj/chregistry.o
LOAD build/obj/chsem.o
LOAD build/obj/chmtx.o
LOAD build/obj/chcond.o
LOAD build/obj/chevents.o
LOAD build/obj/chmsg.o
LOAD build/obj/chmboxes.o
LOAD build/obj/chqueues.o
LOAD build/obj/chmemcore.o
LOAD build/obj/chheap.o
LOAD build/obj/chmempools.o
LOAD build/obj/test.o
LOAD build/obj/testthd.o
LOAD build/obj/testsem.o
LOAD build/obj/testmtx.o
LOAD build/obj/testmsg.o
LOAD build/obj/testmbox.o
LOAD build/obj/testevt.o
LOAD build/obj/testheap.o
LOAD build/obj/testpools.o
LOAD build/obj/testdyn.o
LOAD build/obj/testqueues.o
LOAD build/obj/testbmk.o
LOAD build/obj/hal.o
LOAD build/obj/hal_queues.o
LOAD build/obj/hal_mmcsd.o
LOAD build/obj/adc.o
LOAD build/obj/can.o
LOAD build/obj/dac.o
LOAD build/obj/ext.o
LOAD build/obj/gpt.o
LOAD build/obj/i2c.o
LOAD build/obj/i2s.o
LOAD build/obj/icu.o
LOAD build/obj/mac.o
LOAD build/obj/mmc_spi.o
LOAD build/obj/pal.o
LOAD build/obj/pwm.o
LOAD build/obj/rtc.o
LOAD build/obj/sdc.o
LOAD build/obj/serial.o
LOAD build/obj/serial_usb.o
LOAD build/obj/spi.o
LOAD build/obj/st.o
LOAD build/obj/uart.o
LOAD build/obj/usb.o
LOAD build/obj/osal.o
LOAD build/obj/nvic.o
LOAD build/obj/stm32_dma.o
LOAD build/obj/hal_lld.o
LOAD build/obj/adc_lld.o
LOAD build/obj/ext_lld_isr.o
LOAD build/obj/can_lld.o
LOAD build/obj/ext_lld.o
LOAD build/obj/mac_lld.o
LOAD build/obj/sdc_lld.o
LOAD build/obj/pal_lld.o
LOAD build/obj/i2c_lld.o
LOAD build/obj/rtc_lld.o
LOAD build/obj/spi_lld.o
LOAD build/obj/gpt_lld.o
LOAD build/obj/icu_lld.o
LOAD build/obj/pwm_lld.o
LOAD build/obj/st_lld.o
LOAD build/obj/serial_lld.o
LOAD build/obj/uart_lld.o
LOAD build/obj/usb_lld.o
LOAD build/obj/board.o
LOAD build/obj/shell.o
LOAD build/obj/chprintf.o
LOAD build/obj/main.o
LOAD build/obj/usbcfg.o
LOAD build/obj/Si446x_thread.o
                0x20000000                __ram_start__ = ORIGIN (ram)
                0x00005000                __ram_size__ = 0x5000
                0x20005000                __ram_end__ = (__ram_start__ + __ram_size__)
                0x00000000                . = 0x0
                0x00000000                _text = .

startup         0x08000000      0x140
 *(vectors)
 vectors        0x08000000      0x140 /tmp/ccgWHfgk.ltrans2.ltrans.o
                0x08000000                _vectors

constructors    0x08000140        0x0
                0x08000140                PROVIDE (__init_array_start, .)
 *(SORT(.init_array.*))
 *(.init_array)
                0x08000140                PROVIDE (__init_array_end, .)

destructors     0x08000140        0x0
                0x08000140                PROVIDE (__fini_array_start, .)
 *(.fini_array)
 *(SORT(.fini_array.*))
                0x08000140                PROVIDE (__fini_array_end, .)

.text           0x08000140     0xac44
 *(.text.startup.*)
 .text.startup.main
                0x08000140      0x550 /tmp/ccgWHfgk.ltrans3.ltrans.o
                0x08000140                main
 *(.text)
 .text          0x08000690       0x26 build/obj/chcoreasm_v7m.o
                0x08000690                _port_switch
                0x080006a0                _port_thread_start
                0x080006ae                _port_switch_from_isr
                0x080006b2                _port_exit_from_isr
 *fill*         0x080006b6        0xa 
 .text          0x080006c0      0x370 /home/laurence/ARM-GCC/gcc-arm-none-eabi-4_9-2014q4/bin/../lib/gcc/arm-none-eabi/4.9.3/armv7-m/libgcc.a(_arm_addsubdf3.o)
                0x080006c0                __aeabi_drsub
                0x080006c8                __aeabi_dsub
                0x080006c8                __subdf3
                0x080006cc                __adddf3
                0x080006cc                __aeabi_dadd
                0x08000944                __aeabi_ui2d
                0x08000944                __floatunsidf
                0x08000964                __floatsidf
                0x08000964                __aeabi_i2d
                0x08000988                __extendsfdf2
                0x08000988                __aeabi_f2d
                0x080009c4                __aeabi_ul2d
                0x080009c4                __floatundidf
                0x080009d4                __floatdidf
                0x080009d4                __aeabi_l2d
 .text          0x08000a30      0x424 /home/laurence/ARM-GCC/gcc-arm-none-eabi-4_9-2014q4/bin/../lib/gcc/arm-none-eabi/4.9.3/armv7-m/libgcc.a(_arm_muldivdf3.o)
                0x08000a30                __aeabi_dmul
                0x08000a30                __muldf3
                0x08000c84                __aeabi_ddiv
                0x08000c84                __divdf3
 *fill*         0x08000e54        0xc 
 .text          0x08000e60       0x50 /home/laurence/ARM-GCC/gcc-arm-none-eabi-4_9-2014q4/bin/../lib/gcc/arm-none-eabi/4.9.3/armv7-m/libgcc.a(_arm_fixdfsi.o)
                0x08000e60                __fixdfsi
                0x08000e60                __aeabi_d2iz
 .text          0x08000eb0       0x40 /home/laurence/ARM-GCC/gcc-arm-none-eabi-4_9-2014q4/bin/../lib/gcc/arm-none-eabi/4.9.3/armv7-m/libgcc.a(_arm_fixunsdfsi.o)
                0x08000eb0                __fixunsdfsi
                0x08000eb0                __aeabi_d2uiz
 .text          0x08000ef0       0xa0 /home/laurence/ARM-GCC/gcc-arm-none-eabi-4_9-2014q4/bin/../lib/gcc/arm-none-eabi/4.9.3/armv7-m/libgcc.a(_arm_truncdfsf2.o)
                0x08000ef0                __aeabi_d2f
                0x08000ef0                __truncdfsf2
 .text          0x08000f90      0x21c /home/laurence/ARM-GCC/gcc-arm-none-eabi-4_9-2014q4/bin/../lib/gcc/arm-none-eabi/4.9.3/armv7-m/libgcc.a(_arm_addsubsf3.o)
                0x08000f90                __aeabi_frsub
                0x08000f98                __subsf3
                0x08000f98                __aeabi_fsub
                0x08000f9c                __aeabi_fadd
                0x08000f9c                __addsf3
                0x080010fc                __aeabi_ui2f
                0x080010fc                __floatunsisf
                0x08001104                __aeabi_i2f
                0x08001104                __floatsisf
                0x08001120                __floatundisf
                0x08001120                __aeabi_ul2f
                0x08001130                __floatdisf
                0x08001130                __aeabi_l2f
 *fill*         0x080011ac        0x4 
 .text          0x080011b0      0x2a0 /home/laurence/ARM-GCC/gcc-arm-none-eabi-4_9-2014q4/bin/../lib/gcc/arm-none-eabi/4.9.3/armv7-m/libgcc.a(_arm_muldivsf3.o)
                0x080011b0                __mulsf3
                0x080011b0                __aeabi_fmul
                0x08001318                __divsf3
                0x08001318                __aeabi_fdiv
 .text          0x08001450       0xec /home/laurence/ARM-GCC/gcc-arm-none-eabi-4_9-2014q4/bin/../lib/gcc/arm-none-eabi/4.9.3/armv7-m/libgcc.a(_arm_cmpsf2.o)
                0x08001450                __gtsf2
                0x08001450                __gesf2
                0x08001458                __lesf2
                0x08001458                __ltsf2
                0x08001460                __nesf2
                0x08001460                __eqsf2
                0x08001460                __cmpsf2
                0x080014c0                __aeabi_cfrcmple
                0x080014c8                __aeabi_cfcmple
                0x080014c8                __aeabi_cfcmpeq
                0x080014d8                __aeabi_fcmpeq
                0x080014ec                __aeabi_fcmplt
                0x08001500                __aeabi_fcmple
                0x08001514                __aeabi_fcmpge
                0x08001528                __aeabi_fcmpgt
 *fill*         0x0800153c        0x4 
 .text          0x08001540       0x4c /home/laurence/ARM-GCC/gcc-arm-none-eabi-4_9-2014q4/bin/../lib/gcc/arm-none-eabi/4.9.3/armv7-m/libgcc.a(_arm_fixsfsi.o)
                0x08001540                __fixsfsi
                0x08001540                __aeabi_f2iz
 *fill*         0x0800158c        0x4 
 .text          0x08001590       0x40 /home/laurence/ARM-GCC/gcc-arm-none-eabi-4_9-2014q4/bin/../lib/gcc/arm-none-eabi/4.9.3/armv7-m/libgcc.a(_arm_fixunssfsi.o)
                0x08001590                __aeabi_f2uiz
                0x08001590                __fixunssfsi
 *(.text.*)
 .text.print_line
                0x080015d0       0x30 /tmp/ccgWHfgk.ltrans0.ltrans.o
 .text.tmr.lto_priv.73
                0x08001600       0x10 /tmp/ccgWHfgk.ltrans0.ltrans.o
                0x08001600                tmr.lto_priv.73
 .text.chCoreAlloc
                0x08001610       0x40 /tmp/ccgWHfgk.ltrans0.ltrans.o
                0x08001610                chCoreAlloc
 .text.wakeup.lto_priv.108
                0x08001650       0x70 /tmp/ccgWHfgk.ltrans0.ltrans.o
                0x08001650                wakeup.lto_priv.108
 .text._idle_thread.lto_priv.87
                0x080016c0       0x20 /tmp/ccgWHfgk.ltrans0.ltrans.o
                0x080016c0                _idle_thread.lto_priv.87
 .text.SVC_Handler
                0x080016e0       0x20 /tmp/ccgWHfgk.ltrans0.ltrans.o
                0x080016e0                SVC_Handler
 .text.chSchDoRescheduleAhead
                0x08001700       0x40 /tmp/ccgWHfgk.ltrans0.ltrans.o
 .text.Reset_Handler
                0x08001740      0x170 /tmp/ccgWHfgk.ltrans0.ltrans.o
                0x08001740                Reset_Handler
 .text.test_terminate_threads
                0x080018b0       0x30 /tmp/ccgWHfgk.ltrans0.ltrans.o
                0x080018b0                test_terminate_threads
 .text._test_assert_time_window
                0x080018e0       0x40 /tmp/ccgWHfgk.ltrans0.ltrans.o
                0x080018e0                _test_assert_time_window
 .text._test_assert_sequence
                0x08001920       0x50 /tmp/ccgWHfgk.ltrans0.ltrans.o
                0x08001920                _test_assert_sequence
 .text._test_assert
                0x08001970       0x30 /tmp/ccgWHfgk.ltrans0.ltrans.o
                0x08001970                _test_assert
 .text.test_emit_token
                0x080019a0       0x30 /tmp/ccgWHfgk.ltrans0.ltrans.o
                0x080019a0                test_emit_token
 .text.test_println
                0x080019d0       0x40 /tmp/ccgWHfgk.ltrans0.ltrans.o
                0x080019d0                test_println
 .text.test_print
                0x08001a10       0x20 /tmp/ccgWHfgk.ltrans0.ltrans.o
                0x08001a10                test_print
 .text.test_printn
                0x08001a30       0x60 /tmp/ccgWHfgk.ltrans0.ltrans.o
                0x08001a30                test_printn
 .text.chPoolAlloc
                0x08001a90       0x30 /tmp/ccgWHfgk.ltrans0.ltrans.o
                0x08001a90                chPoolAlloc
 .text.chEvtUnregister
                0x08001ac0       0x30 /tmp/ccgWHfgk.ltrans0.ltrans.o
                0x08001ac0                chEvtUnregister
 .text.chThdYield
                0x08001af0       0x60 /tmp/ccgWHfgk.ltrans0.ltrans.o
                0x08001af0                chThdYield
 .text.chVTDoResetI
                0x08001b50       0x60 /tmp/ccgWHfgk.ltrans0.ltrans.o
                0x08001b50                chVTDoResetI
 .text.chVTDoSetI
                0x08001bb0       0x80 /tmp/ccgWHfgk.ltrans0.ltrans.o
                0x08001bb0                chVTDoSetI
 .text.chSchDoReschedule
                0x08001c30       0x10 /tmp/ccgWHfgk.ltrans0.ltrans.o
                0x08001c30                chSchDoReschedule
 .text.chSchRescheduleS
                0x08001c40       0x20 /tmp/ccgWHfgk.ltrans0.ltrans.o
                0x08001c40                chSchRescheduleS
 .text.chThdSetPriority
                0x08001c60       0x30 /tmp/ccgWHfgk.ltrans0.ltrans.o
                0x08001c60                chThdSetPriority
 .text.chSchWakeupS
                0x08001c90       0x60 /tmp/ccgWHfgk.ltrans0.ltrans.o
                0x08001c90                chSchWakeupS
 .text.chMtxUnlock
                0x08001cf0       0x60 /tmp/ccgWHfgk.ltrans0.ltrans.o
                0x08001cf0                chMtxUnlock
 .text.chSemSignal
                0x08001d50       0x40 /tmp/ccgWHfgk.ltrans0.ltrans.o
                0x08001d50                chSemSignal
 .text.chThdCreateStatic
                0x08001d90       0x80 /tmp/ccgWHfgk.ltrans0.ltrans.o
                0x08001d90                chThdCreateStatic
 .text.chSchGoSleepS
                0x08001e10       0x30 /tmp/ccgWHfgk.ltrans0.ltrans.o
                0x08001e10                chSchGoSleepS
 .text.chMsgWait
                0x08001e40       0x40 /tmp/ccgWHfgk.ltrans0.ltrans.o
                0x08001e40                chMsgWait
 .text.chSemWait
                0x08001e80       0x50 /tmp/ccgWHfgk.ltrans0.ltrans.o
                0x08001e80                chSemWait
 .text.chSchGoSleepTimeoutS
                0x08001ed0       0x50 /tmp/ccgWHfgk.ltrans0.ltrans.o
                0x08001ed0                chSchGoSleepTimeoutS
 .text.chSemWaitTimeoutS
                0x08001f20       0x40 /tmp/ccgWHfgk.ltrans0.ltrans.o
                0x08001f20                chSemWaitTimeoutS
 .text.chSemWaitTimeout
                0x08001f60       0x20 /tmp/ccgWHfgk.ltrans0.ltrans.o
                0x08001f60                chSemWaitTimeout
 .text.chThdEnqueueTimeoutS
                0x08001f80       0x30 /tmp/ccgWHfgk.ltrans0.ltrans.o
 .text.chOQWriteTimeout
                0x08001fb0       0x90 /tmp/ccgWHfgk.ltrans0.ltrans.o
                0x08001fb0                chOQWriteTimeout
 .text.chOQPutTimeout
                0x08002040       0x50 /tmp/ccgWHfgk.ltrans0.ltrans.o
                0x08002040                chOQPutTimeout
 .text.chIQReadTimeout
                0x08002090       0x80 /tmp/ccgWHfgk.ltrans0.ltrans.o
                0x08002090                chIQReadTimeout
 .text.chIQGetTimeout
                0x08002110       0x50 /tmp/ccgWHfgk.ltrans0.ltrans.o
                0x08002110                chIQGetTimeout
 .text.chThdSleep
                0x08002160       0x20 /tmp/ccgWHfgk.ltrans0.ltrans.o
                0x08002160                chThdSleep
 .text.test_wait_tick
                0x08002180       0x20 /tmp/ccgWHfgk.ltrans0.ltrans.o
                0x08002180                test_wait_tick
 .text.chSchReadyI
                0x080021a0       0x30 /tmp/ccgWHfgk.ltrans0.ltrans.o
                0x080021a0                chSchReadyI
 .text.chIQPutI
                0x080021d0       0x60 /tmp/ccgWHfgk.ltrans0.ltrans.o
                0x080021d0                chIQPutI
 .text.chMsgSend
                0x08002230       0x40 /tmp/ccgWHfgk.ltrans0.ltrans.o
                0x08002230                chMsgSend
 .text.chEvtSignalI
                0x08002270       0x30 /tmp/ccgWHfgk.ltrans0.ltrans.o
                0x08002270                chEvtSignalI
 .text.chEvtBroadcastFlagsI
                0x080022a0       0x30 /tmp/ccgWHfgk.ltrans0.ltrans.o
                0x080022a0                chEvtBroadcastFlagsI
 .text.chMtxUnlockAll
                0x080022d0       0x60 /tmp/ccgWHfgk.ltrans0.ltrans.o
                0x080022d0                chMtxUnlockAll
 .text.chMtxUnlockS
                0x08002330       0x50 /tmp/ccgWHfgk.ltrans0.ltrans.o
                0x08002330                chMtxUnlockS
 .text.chMtxLockS
                0x08002380       0xd0 /tmp/ccgWHfgk.ltrans0.ltrans.o
                0x08002380                chMtxLockS
 .text.chMtxLock
                0x08002450       0x20 /tmp/ccgWHfgk.ltrans0.ltrans.o
                0x08002450                chMtxLock
 .text.chHeapStatus
                0x08002470       0x50 /tmp/ccgWHfgk.ltrans0.ltrans.o
                0x08002470                chHeapStatus
 .text.chHeapFree
                0x080024c0       0x90 /tmp/ccgWHfgk.ltrans0.ltrans.o
                0x080024c0                chHeapFree
 .text.chThdRelease
                0x08002550       0x60 /tmp/ccgWHfgk.ltrans0.ltrans.o
                0x08002550                chThdRelease
 .text.chRegNextThread
                0x080025b0       0x30 /tmp/ccgWHfgk.ltrans0.ltrans.o
                0x080025b0                chRegNextThread
 .text.chThdWait
                0x080025e0       0x40 /tmp/ccgWHfgk.ltrans0.ltrans.o
                0x080025e0                chThdWait
 .text.test_wait_threads
                0x08002620       0x30 /tmp/ccgWHfgk.ltrans0.ltrans.o
                0x08002620                test_wait_threads
 .text.TestThread
                0x08002650      0x330 /tmp/ccgWHfgk.ltrans0.ltrans.o
                0x08002650                TestThread
 .text.chHeapAlloc
                0x08002980       0x90 /tmp/ccgWHfgk.ltrans0.ltrans.o
                0x08002980                chHeapAlloc
 .text.chThdCreateFromHeap
                0x08002a10       0x90 /tmp/ccgWHfgk.ltrans0.ltrans.o
                0x08002a10                chThdCreateFromHeap
 .text.chSemSignalI
                0x08002aa0       0x30 /tmp/ccgWHfgk.ltrans0.ltrans.o
                0x08002aa0                chSemSignalI
 .text.chSemResetI
                0x08002ad0       0x30 /tmp/ccgWHfgk.ltrans0.ltrans.o
                0x08002ad0                chSemResetI
 .text.chThdDequeueAllI
                0x08002b00       0x30 /tmp/ccgWHfgk.ltrans0.ltrans.o
                0x08002b00                chThdDequeueAllI
 .text.chThdExitS
                0x08002b30       0x40 /tmp/ccgWHfgk.ltrans0.ltrans.o
                0x08002b30                chThdExitS
 .text.chThdExit
                0x08002b70       0x10 /tmp/ccgWHfgk.ltrans0.ltrans.o
                0x08002b70                chThdExit
 .text.chTMStopMeasurementX
                0x08002b80       0x50 /tmp/ccgWHfgk.ltrans0.ltrans.o
                0x08002b80                chTMStopMeasurementX
 .text._port_irq_epilogue
                0x08002bd0       0x60 /tmp/ccgWHfgk.ltrans0.ltrans.o
                0x08002bd0                _port_irq_epilogue
 .text._unhandled_exception
                0x08002c30       0x10 /tmp/ccgWHfgk.ltrans0.ltrans.o
                0x08002c30                Vector58
                0x08002c30                VectorE8
                0x08002c30                Vector9C
                0x08002c30                VectorAC
                0x08002c30                DebugMon_Handler
                0x08002c30                Vector5C
                0x08002c30                Vector11C
                0x08002c30                HardFault_Handler
                0x08002c30                SysTick_Handler
                0x08002c30                VectorDC
                0x08002c30                PendSV_Handler
                0x08002c30                NMI_Handler
                0x08002c30                Vector110
                0x08002c30                Vector120
                0x08002c30                VectorC8
                0x08002c30                Vector94
                0x08002c30                VectorA8
                0x08002c30                UsageFault_Handler
                0x08002c30                VectorEC
                0x08002c30                Vector40
                0x08002c30                VectorF8
                0x08002c30                Vector108
                0x08002c30                VectorBC
                0x08002c30                Vector124
                0x08002c30                Vector118
                0x08002c30                Vector64
                0x08002c30                VectorCC
                0x08002c30                Vector54
                0x08002c30                Vector98
                0x08002c30                VectorD8
                0x08002c30                Vector138
                0x08002c30                Vector24
                0x08002c30                VectorD0
                0x08002c30                VectorE4
                0x08002c30                VectorC0
                0x08002c30                Vector130
                0x08002c30                Vector134
                0x08002c30                VectorF0
                0x08002c30                Vector12C
                0x08002c30                Vector13C
                0x08002c30                Vector100
                0x08002c30                VectorE0
                0x08002c30                VectorF4
                0x08002c30                MemManage_Handler
                0x08002c30                VectorA0
                0x08002c30                VectorC4
                0x08002c30                Vector114
                0x08002c30                Vector60
                0x08002c30                Vector1C
                0x08002c30                Vector48
                0x08002c30                VectorD4
                0x08002c30                Vector4C
                0x08002c30                Vector68
                0x08002c30                Vector88
                0x08002c30                Vector104
                0x08002c30                Vector10C
                0x08002c30                BusFault_Handler
                0x08002c30                Vector50
                0x08002c30                Vector44
                0x08002c30                Vector28
                0x08002c30                VectorFC
                0x08002c30                Vector34
                0x08002c30                Vector128
                0x08002c30                VectorA4
                0x08002c30                Vector20
 .text.mtx5_setup.lto_priv.130
                0x08002c40       0x10 /tmp/ccgWHfgk.ltrans1.ltrans.o
                0x08002c40                mtx5_setup.lto_priv.130
 .text.mtx4_setup.lto_priv.128
                0x08002c50       0x20 /tmp/ccgWHfgk.ltrans1.ltrans.o
                0x08002c50                mtx4_setup.lto_priv.128
 .text.mtx1_setup.lto_priv.126
                0x08002c70       0x10 /tmp/ccgWHfgk.ltrans1.ltrans.o
                0x08002c70                mtx1_setup.lto_priv.126
 .text.sem3_setup.lto_priv.123
                0x08002c80       0x10 /tmp/ccgWHfgk.ltrans1.ltrans.o
                0x08002c80                sem3_setup.lto_priv.123
 .text.sem2_setup.lto_priv.121
                0x08002c90       0x10 /tmp/ccgWHfgk.ltrans1.ltrans.o
                0x08002c90                sem2_setup.lto_priv.121
 .text.sem1_setup.lto_priv.119
                0x08002ca0       0x10 /tmp/ccgWHfgk.ltrans1.ltrans.o
                0x08002ca0                sem1_setup.lto_priv.119
 .text.mtx4_execute.lto_priv.129
                0x08002cb0      0x250 /tmp/ccgWHfgk.ltrans1.ltrans.o
                0x08002cb0                mtx4_execute.lto_priv.129
 .text.thread4a
                0x08002f00       0x20 /tmp/ccgWHfgk.ltrans1.ltrans.o
 .text.thread4b
                0x08002f20       0x20 /tmp/ccgWHfgk.ltrans1.ltrans.o
 .text.mtx1_execute.lto_priv.127
                0x08002f40       0xf0 /tmp/ccgWHfgk.ltrans1.ltrans.o
                0x08002f40                mtx1_execute.lto_priv.127
 .text.thd1_execute.lto_priv.115
                0x08003030       0xd0 /tmp/ccgWHfgk.ltrans1.ltrans.o
                0x08003030                thd1_execute.lto_priv.115
 .text.thread1.lto_priv.112
                0x08003100       0x20 /tmp/ccgWHfgk.ltrans1.ltrans.o
 .text.thread   0x08003120       0x10 /tmp/ccgWHfgk.ltrans1.ltrans.o
 .text.thread1.lto_priv.111
                0x08003130       0x20 /tmp/ccgWHfgk.ltrans1.ltrans.o
 .text.thread4  0x08003150       0x30 /tmp/ccgWHfgk.ltrans1.ltrans.o
 .text.thread2  0x08003180       0x30 /tmp/ccgWHfgk.ltrans1.ltrans.o
 .text.sem4_execute.lto_priv.125
                0x080031b0      0x160 /tmp/ccgWHfgk.ltrans1.ltrans.o
                0x080031b0                sem4_execute.lto_priv.125
 .text.sem3_execute.lto_priv.124
                0x08003310       0x90 /tmp/ccgWHfgk.ltrans1.ltrans.o
                0x08003310                sem3_execute.lto_priv.124
 .text.thread3  0x080033a0       0x20 /tmp/ccgWHfgk.ltrans1.ltrans.o
 .text.sem2_execute.lto_priv.122
                0x080033c0      0x160 /tmp/ccgWHfgk.ltrans1.ltrans.o
                0x080033c0                sem2_execute.lto_priv.122
 .text.sem1_execute.lto_priv.120
                0x08003520      0x170 /tmp/ccgWHfgk.ltrans1.ltrans.o
                0x08003520                sem1_execute.lto_priv.120
 .text.thd2_execute.lto_priv.116
                0x08003690      0x150 /tmp/ccgWHfgk.ltrans1.ltrans.o
                0x08003690                thd2_execute.lto_priv.116
 .text.thd4_execute.lto_priv.118
                0x080037e0       0xd0 /tmp/ccgWHfgk.ltrans1.ltrans.o
                0x080037e0                thd4_execute.lto_priv.118
 .text.thd3_execute.lto_priv.117
                0x080038b0      0x130 /tmp/ccgWHfgk.ltrans1.ltrans.o
                0x080038b0                thd3_execute.lto_priv.117
 .text.long_to_string_with_divisor
                0x080039e0       0x50 /tmp/ccgWHfgk.ltrans2.ltrans.o
 .text.Vector8C
                0x08003a30       0x10 /tmp/ccgWHfgk.ltrans2.ltrans.o
 .text.VectorB0
                0x08003a40       0xb0 /tmp/ccgWHfgk.ltrans2.ltrans.o
 .text.usb_packet_write_from_queue
                0x08003af0       0xc0 /tmp/ccgWHfgk.ltrans2.ltrans.o
 .text.VectorB8
                0x08003bb0       0x20 /tmp/ccgWHfgk.ltrans2.ltrans.o
 .text.VectorB4
                0x08003bd0       0x20 /tmp/ccgWHfgk.ltrans2.ltrans.o
 .text.chvprintf
                0x08003bf0      0x420 /tmp/ccgWHfgk.ltrans2.ltrans.o
                0x08003bf0                chvprintf
 .text.chprintf.lto_priv.81
                0x08004010       0x20 /tmp/ccgWHfgk.ltrans2.ltrans.o
                0x08004010                chprintf.lto_priv.81
 .text.chprintf
                0x08004030       0x20 /tmp/ccgWHfgk.ltrans2.ltrans.o
 .text.shell_thread.lto_priv.83
                0x08004050      0x240 /tmp/ccgWHfgk.ltrans2.ltrans.o
                0x08004050                shell_thread.lto_priv.83
 .text.cmd_systime
                0x08004290       0x40 /tmp/ccgWHfgk.ltrans2.ltrans.o
 .text.cmd_info
                0x080042d0       0xc0 /tmp/ccgWHfgk.ltrans2.ltrans.o
 .text.usb_lld_prepare_transmit
                0x08004390       0x80 /tmp/ccgWHfgk.ltrans2.ltrans.o
                0x08004390                usb_lld_prepare_transmit
 .text.usb_lld_prepare_receive
                0x08004410       0x20 /tmp/ccgWHfgk.ltrans2.ltrans.o
                0x08004410                usb_lld_prepare_receive
 .text.usb_lld_init_endpoint
                0x08004430       0xd0 /tmp/ccgWHfgk.ltrans2.ltrans.o
                0x08004430                usb_lld_init_endpoint
 .text.usb_lld_reset
                0x08004500       0x50 /tmp/ccgWHfgk.ltrans2.ltrans.o
                0x08004500                usb_lld_reset
 .text.Vector90
                0x08004550      0x3a0 /tmp/ccgWHfgk.ltrans2.ltrans.o
 .text.gpt_lld_start_timer
                0x080048f0       0x30 /tmp/ccgWHfgk.ltrans2.ltrans.o
                0x080048f0                gpt_lld_start_timer
 .text.spicb.lto_priv.77
                0x08004920       0x20 /tmp/ccgWHfgk.ltrans3.ltrans.o
                0x08004920                spicb.lto_priv.77
 .text.get_descriptor
                0x08004940       0x30 /tmp/ccgWHfgk.ltrans3.ltrans.o
 .text.Thread1  0x08004970       0x50 /tmp/ccgWHfgk.ltrans3.ltrans.o
 .text.switch_off_callback.lto_priv.79
                0x080049c0       0x20 /tmp/ccgWHfgk.ltrans3.ltrans.o
                0x080049c0                switch_off_callback.lto_priv.79
 .text.switch_output_callback.lto_priv.78
                0x080049e0       0x30 /tmp/ccgWHfgk.ltrans3.ltrans.o
                0x080049e0                switch_output_callback.lto_priv.78
 .text.chprintf.lto_priv.82
                0x08004a10       0x20 /tmp/ccgWHfgk.ltrans3.ltrans.o
 .text.silabs_get_part_id
                0x08004a30       0x30 /tmp/ccgWHfgk.ltrans3.ltrans.o
 .text.silabs_send_command
                0x08004a60       0x80 /tmp/ccgWHfgk.ltrans3.ltrans.o
 .text.silabs_set_channel
                0x08004ae0       0x90 /tmp/ccgWHfgk.ltrans3.ltrans.o
 .text.silabs_tune_reset
                0x08004b70       0x70 /tmp/ccgWHfgk.ltrans3.ltrans.o
 .text.silabs_tune_down
                0x08004be0       0x70 /tmp/ccgWHfgk.ltrans3.ltrans.o
 .text.silabs_tune_up
                0x08004c50       0x70 /tmp/ccgWHfgk.ltrans3.ltrans.o
 .text.usb_event
                0x08004cc0       0xb0 /tmp/ccgWHfgk.ltrans3.ltrans.o
 .text.cmd_help
                0x08004d70       0x10 /tmp/ccgWHfgk.ltrans3.ltrans.o
 .text.cmd_write
                0x08004d80       0x50 /tmp/ccgWHfgk.ltrans3.ltrans.o
 .text.cmd_test
                0x08004dd0       0x50 /tmp/ccgWHfgk.ltrans3.ltrans.o
 .text.cmd_threads
                0x08004e20       0x70 /tmp/ccgWHfgk.ltrans3.ltrans.o
 .text.cmd_mem  0x08004e90       0x60 /tmp/ccgWHfgk.ltrans3.ltrans.o
 .text.si446x_spi
                0x08004ef0      0x120 /tmp/ccgWHfgk.ltrans3.ltrans.o
                0x08004ef0                si446x_spi
 .text.spi_lld_serve_tx_interrupt.lto_priv.76
                0x08005010       0x20 /tmp/ccgWHfgk.ltrans4.ltrans.o
                0x08005010                spi_lld_serve_tx_interrupt.lto_priv.76
 .text.usbStartTransmitI
                0x08005030       0x40 /tmp/ccgWHfgk.ltrans4.ltrans.o
 .text.set_address
                0x08005070       0x30 /tmp/ccgWHfgk.ltrans4.ltrans.o
 .text.sduInterruptTransmitted
                0x080050a0       0x10 /tmp/ccgWHfgk.ltrans4.ltrans.o
                0x080050a0                sduInterruptTransmitted
 .text.sduRequestsHook
                0x080050b0       0x40 /tmp/ccgWHfgk.ltrans4.ltrans.o
                0x080050b0                sduRequestsHook
 .text.spi_lld_serve_rx_interrupt.lto_priv.75
                0x080050f0       0x80 /tmp/ccgWHfgk.ltrans4.ltrans.o
                0x080050f0                spi_lld_serve_rx_interrupt.lto_priv.75
 .text.Vector84
                0x08005170       0x30 /tmp/ccgWHfgk.ltrans4.ltrans.o
                0x08005170                Vector84
 .text.Vector80
                0x080051a0       0x30 /tmp/ccgWHfgk.ltrans4.ltrans.o
                0x080051a0                Vector80
 .text.Vector7C
                0x080051d0       0x30 /tmp/ccgWHfgk.ltrans4.ltrans.o
                0x080051d0                Vector7C
 .text.Vector78
                0x08005200       0x30 /tmp/ccgWHfgk.ltrans4.ltrans.o
                0x08005200                Vector78
 .text.Vector74
                0x08005230       0x30 /tmp/ccgWHfgk.ltrans4.ltrans.o
                0x08005230                Vector74
 .text.Vector70
                0x08005260       0x30 /tmp/ccgWHfgk.ltrans4.ltrans.o
                0x08005260                Vector70
 .text.Vector6C
                0x08005290       0x30 /tmp/ccgWHfgk.ltrans4.ltrans.o
                0x08005290                Vector6C
 .text._usb_ep0out
                0x080052c0       0x90 /tmp/ccgWHfgk.ltrans4.ltrans.o
                0x080052c0                _usb_ep0out
 .text.onotify.lto_priv.86
                0x08005350       0x70 /tmp/ccgWHfgk.ltrans4.ltrans.o
                0x08005350                onotify.lto_priv.86
 .text.sduDataTransmitted
                0x080053c0       0x90 /tmp/ccgWHfgk.ltrans4.ltrans.o
                0x080053c0                sduDataTransmitted
 .text.readt.lto_priv.97
                0x08005450       0x10 /tmp/ccgWHfgk.ltrans4.ltrans.o
                0x08005450                readt.lto_priv.97
 .text.read.lto_priv.91
                0x08005460       0x10 /tmp/ccgWHfgk.ltrans4.ltrans.o
                0x08005460                read.lto_priv.91
 .text.writet.lto_priv.96
                0x08005470       0x10 /tmp/ccgWHfgk.ltrans4.ltrans.o
                0x08005470                writet.lto_priv.96
 .text.write.lto_priv.90
                0x08005480       0x10 /tmp/ccgWHfgk.ltrans4.ltrans.o
                0x08005480                write.lto_priv.90
 .text.gett.lto_priv.95
                0x08005490       0x10 /tmp/ccgWHfgk.ltrans4.ltrans.o
                0x08005490                gett.lto_priv.95
 .text.get.lto_priv.93
                0x080054a0       0x10 /tmp/ccgWHfgk.ltrans4.ltrans.o
                0x080054a0                get.lto_priv.93
 .text.putt.lto_priv.94
                0x080054b0       0x10 /tmp/ccgWHfgk.ltrans4.ltrans.o
                0x080054b0                putt.lto_priv.94
 .text.put.lto_priv.92
                0x080054c0       0x10 /tmp/ccgWHfgk.ltrans4.ltrans.o
                0x080054c0                put.lto_priv.92
 .text.gpt_lld_serve_interrupt.lto_priv.98
                0x080054d0       0x30 /tmp/ccgWHfgk.ltrans4.ltrans.o
                0x080054d0                gpt_lld_serve_interrupt.lto_priv.98
 .text.usbStartReceiveI
                0x08005500       0x40 /tmp/ccgWHfgk.ltrans4.ltrans.o
                0x08005500                usbStartReceiveI
 .text._usb_ep0in
                0x08005540       0xe0 /tmp/ccgWHfgk.ltrans4.ltrans.o
                0x08005540                _usb_ep0in
 .text._usb_ep0setup
                0x08005620      0x3d0 /tmp/ccgWHfgk.ltrans4.ltrans.o
                0x08005620                _usb_ep0setup
 .text.sduDataReceived
                0x080059f0       0x80 /tmp/ccgWHfgk.ltrans4.ltrans.o
                0x080059f0                sduDataReceived
 .text.inotify.lto_priv.85
                0x08005a70       0x80 /tmp/ccgWHfgk.ltrans4.ltrans.o
                0x08005a70                inotify.lto_priv.85
 .text.usbInitEndpointI
                0x08005af0       0x40 /tmp/ccgWHfgk.ltrans4.ltrans.o
                0x08005af0                usbInitEndpointI
 .text.mbox1_setup.lto_priv.139
                0x08005b30       0x40 /tmp/ccgWHfgk.ltrans5.ltrans.o
                0x08005b30                mbox1_setup.lto_priv.139
 .text.mtx8_setup.lto_priv.136
                0x08005b70       0x30 /tmp/ccgWHfgk.ltrans5.ltrans.o
                0x08005b70                mtx8_setup.lto_priv.136
 .text.mtx7_setup.lto_priv.134
                0x08005ba0       0x20 /tmp/ccgWHfgk.ltrans5.ltrans.o
                0x08005ba0                mtx7_setup.lto_priv.134
 .text.mtx6_setup.lto_priv.132
                0x08005bc0       0x20 /tmp/ccgWHfgk.ltrans5.ltrans.o
                0x08005bc0                mtx6_setup.lto_priv.132
 .text.mbox1_execute.lto_priv.140
                0x08005be0      0x5d0 /tmp/ccgWHfgk.ltrans5.ltrans.o
                0x08005be0                mbox1_execute.lto_priv.140
 .text.thread   0x080061b0       0x20 /tmp/ccgWHfgk.ltrans5.ltrans.o
 .text.msg1_execute.lto_priv.138
                0x080061d0       0xa0 /tmp/ccgWHfgk.ltrans5.ltrans.o
                0x080061d0                msg1_execute.lto_priv.138
 .text.mtx8_execute.lto_priv.137
                0x08006270       0x90 /tmp/ccgWHfgk.ltrans5.ltrans.o
                0x08006270                mtx8_execute.lto_priv.137
 .text.thread12
                0x08006300       0x20 /tmp/ccgWHfgk.ltrans5.ltrans.o
 .text.thread11
                0x08006320       0x90 /tmp/ccgWHfgk.ltrans5.ltrans.o
 .text.thread10
                0x080063b0       0x70 /tmp/ccgWHfgk.ltrans5.ltrans.o
 .text.mtx7_execute.lto_priv.135
                0x08006420       0xf0 /tmp/ccgWHfgk.ltrans5.ltrans.o
                0x08006420                mtx7_execute.lto_priv.135
 .text.mtx6_execute.lto_priv.133
                0x08006510       0xe0 /tmp/ccgWHfgk.ltrans5.ltrans.o
                0x08006510                mtx6_execute.lto_priv.133
 .text.mtx5_execute.lto_priv.131
                0x080065f0      0x100 /tmp/ccgWHfgk.ltrans5.ltrans.o
                0x080065f0                mtx5_execute.lto_priv.131
 .text.notify.lto_priv.74
                0x080066f0       0x10 /tmp/ccgWHfgk.ltrans6.ltrans.o
                0x080066f0                notify.lto_priv.74
 .text.queues2_setup.lto_priv.159
                0x08006700       0x30 /tmp/ccgWHfgk.ltrans6.ltrans.o
                0x08006700                queues2_setup.lto_priv.159
 .text.queues1_setup.lto_priv.157
                0x08006730       0x30 /tmp/ccgWHfgk.ltrans6.ltrans.o
                0x08006730                queues1_setup.lto_priv.157
 .text.dyn3_setup.lto_priv.155
                0x08006760       0x30 /tmp/ccgWHfgk.ltrans6.ltrans.o
                0x08006760                dyn3_setup.lto_priv.155
 .text.dyn2_setup.lto_priv.153
                0x08006790       0x20 /tmp/ccgWHfgk.ltrans6.ltrans.o
                0x08006790                dyn2_setup.lto_priv.153
 .text.dyn1_setup.lto_priv.151
                0x080067b0       0x30 /tmp/ccgWHfgk.ltrans6.ltrans.o
                0x080067b0                dyn1_setup.lto_priv.151
 .text.null_provider
                0x080067e0       0x10 /tmp/ccgWHfgk.ltrans6.ltrans.o
 .text.pools1_setup.lto_priv.149
                0x080067f0       0x20 /tmp/ccgWHfgk.ltrans6.ltrans.o
                0x080067f0                pools1_setup.lto_priv.149
 .text.heap1_setup.lto_priv.147
                0x08006810       0x30 /tmp/ccgWHfgk.ltrans6.ltrans.o
                0x08006810                heap1_setup.lto_priv.147
 .text.thread1  0x08006840       0x20 /tmp/ccgWHfgk.ltrans6.ltrans.o
 .text.thread.lto_priv.72
                0x08006860       0x10 /tmp/ccgWHfgk.ltrans6.ltrans.o
                0x08006860                thread.lto_priv.72
 .text.queues1_execute.lto_priv.158
                0x08006870      0x270 /tmp/ccgWHfgk.ltrans6.ltrans.o
                0x08006870                queues1_execute.lto_priv.158
 .text.regfind  0x08006ae0       0x40 /tmp/ccgWHfgk.ltrans6.ltrans.o
 .text.dyn3_execute.lto_priv.156
                0x08006b20      0x140 /tmp/ccgWHfgk.ltrans6.ltrans.o
                0x08006b20                dyn3_execute.lto_priv.156
 .text.pools1_execute.lto_priv.150
                0x08006c60       0xd0 /tmp/ccgWHfgk.ltrans6.ltrans.o
                0x08006c60                pools1_execute.lto_priv.150
 .text.dyn2_execute.lto_priv.154
                0x08006d30       0xf0 /tmp/ccgWHfgk.ltrans6.ltrans.o
                0x08006d30                dyn2_execute.lto_priv.154
 .text.dyn1_execute.lto_priv.152
                0x08006e20      0x100 /tmp/ccgWHfgk.ltrans6.ltrans.o
                0x08006e20                dyn1_execute.lto_priv.152
 .text.heap1_execute.lto_priv.148
                0x08006f20      0x240 /tmp/ccgWHfgk.ltrans6.ltrans.o
                0x08006f20                heap1_execute.lto_priv.148
 .text.bmk12_setup.lto_priv.174
                0x08007160       0x10 /tmp/ccgWHfgk.ltrans7.ltrans.o
                0x08007160                bmk12_setup.lto_priv.174
 .text.bmk11_setup.lto_priv.172
                0x08007170       0x10 /tmp/ccgWHfgk.ltrans7.ltrans.o
                0x08007170                bmk11_setup.lto_priv.172
 .text.tmo      0x08007180       0x10 /tmp/ccgWHfgk.ltrans7.ltrans.o
 .text.bmk7_setup.lto_priv.167
                0x08007190       0x10 /tmp/ccgWHfgk.ltrans7.ltrans.o
                0x08007190                bmk7_setup.lto_priv.167
 .text.thread1  0x080071a0       0x10 /tmp/ccgWHfgk.ltrans7.ltrans.o
 .text.bmk13_execute.lto_priv.176
                0x080071b0       0xf0 /tmp/ccgWHfgk.ltrans7.ltrans.o
                0x080071b0                bmk13_execute.lto_priv.176
 .text.bmk12_execute.lto_priv.175
                0x080072a0       0x70 /tmp/ccgWHfgk.ltrans7.ltrans.o
                0x080072a0                bmk12_execute.lto_priv.175
 .text.bmk11_execute.lto_priv.173
                0x08007310       0x70 /tmp/ccgWHfgk.ltrans7.ltrans.o
                0x08007310                bmk11_execute.lto_priv.173
 .text.thread3  0x08007380       0x30 /tmp/ccgWHfgk.ltrans7.ltrans.o
 .text.bmk10_execute.lto_priv.171
                0x080073b0       0x80 /tmp/ccgWHfgk.ltrans7.ltrans.o
                0x080073b0                bmk10_execute.lto_priv.171
 .text.bmk9_execute.lto_priv.170
                0x08007430       0xb0 /tmp/ccgWHfgk.ltrans7.ltrans.o
                0x08007430                bmk9_execute.lto_priv.170
 .text.bmk8_execute.lto_priv.169
                0x080074e0       0xe0 /tmp/ccgWHfgk.ltrans7.ltrans.o
                0x080074e0                bmk8_execute.lto_priv.169
 .text.bmk6_execute.lto_priv.166
                0x080075c0       0x70 /tmp/ccgWHfgk.ltrans7.ltrans.o
                0x080075c0                bmk6_execute.lto_priv.166
 .text.thread8  0x08007630       0x30 /tmp/ccgWHfgk.ltrans7.ltrans.o
 .text.bmk7_execute.lto_priv.168
                0x08007660      0x130 /tmp/ccgWHfgk.ltrans7.ltrans.o
                0x08007660                bmk7_execute.lto_priv.168
 .text.bmk5_execute.lto_priv.165
                0x08007790       0x70 /tmp/ccgWHfgk.ltrans7.ltrans.o
                0x08007790                bmk5_execute.lto_priv.165
 .text.bmk4_execute.lto_priv.164
                0x08007800       0xc0 /tmp/ccgWHfgk.ltrans7.ltrans.o
                0x08007800                bmk4_execute.lto_priv.164
 .text.thread4  0x080078c0       0x30 /tmp/ccgWHfgk.ltrans7.ltrans.o
 .text.thread2.lto_priv.100
                0x080078f0       0x30 /tmp/ccgWHfgk.ltrans7.ltrans.o
 .text.msg_loop_test
                0x08007920       0x30 /tmp/ccgWHfgk.ltrans7.ltrans.o
 .text.bmk3_execute.lto_priv.163
                0x08007950       0xe0 /tmp/ccgWHfgk.ltrans7.ltrans.o
                0x08007950                bmk3_execute.lto_priv.163
 .text.bmk2_execute.lto_priv.162
                0x08007a30       0x70 /tmp/ccgWHfgk.ltrans7.ltrans.o
                0x08007a30                bmk2_execute.lto_priv.162
 .text.bmk1_execute.lto_priv.161
                0x08007aa0       0x70 /tmp/ccgWHfgk.ltrans7.ltrans.o
                0x08007aa0                bmk1_execute.lto_priv.161
 .text.thread2.lto_priv.99
                0x08007b10       0x20 /tmp/ccgWHfgk.ltrans7.ltrans.o
 .text.queues2_execute.lto_priv.160
                0x08007b30      0x250 /tmp/ccgWHfgk.ltrans7.ltrans.o
                0x08007b30                queues2_execute.lto_priv.160
 .text.gptStart
                0x08007d80       0xc0 /tmp/ccgWHfgk.ltrans7.ltrans.o
                0x08007d80                gptStart
 .text.si446x_set_frequency
                0x08007e40      0x1e0 /tmp/ccgWHfgk.ltrans8.ltrans.o
 .text.si446x_initialise
                0x08008020      0x530 /tmp/ccgWHfgk.ltrans8.ltrans.o
 .text.SI_Thread.lto_priv.84
                0x08008550      0x280 /tmp/ccgWHfgk.ltrans8.ltrans.o
                0x08008550                SI_Thread.lto_priv.84
 .text.evt3_execute.lto_priv.146
                0x080087d0      0x160 /tmp/ccgWHfgk.ltrans9.ltrans.o
                0x080087d0                evt3_execute.lto_priv.146
 .text.evt3_setup.lto_priv.145
                0x08008930       0x10 /tmp/ccgWHfgk.ltrans9.ltrans.o
                0x08008930                evt3_setup.lto_priv.145
 .text.evt2_setup.lto_priv.143
                0x08008940       0x10 /tmp/ccgWHfgk.ltrans9.ltrans.o
                0x08008940                evt2_setup.lto_priv.143
 .text.evt1_setup.lto_priv.141
                0x08008950       0x10 /tmp/ccgWHfgk.ltrans9.ltrans.o
                0x08008950                evt1_setup.lto_priv.141
 .text.evt2_execute.lto_priv.144
                0x08008960      0x2f0 /tmp/ccgWHfgk.ltrans9.ltrans.o
                0x08008960                evt2_execute.lto_priv.144
 .text.thread2  0x08008c50       0x40 /tmp/ccgWHfgk.ltrans9.ltrans.o
 .text.thread1  0x08008c90       0x30 /tmp/ccgWHfgk.ltrans9.ltrans.o
 .text.evt1_execute.lto_priv.142
                0x08008cc0       0xe0 /tmp/ccgWHfgk.ltrans9.ltrans.o
                0x08008cc0                evt1_execute.lto_priv.142
 .text.h3       0x08008da0       0x10 /tmp/ccgWHfgk.ltrans9.ltrans.o
 .text.h2       0x08008db0       0x10 /tmp/ccgWHfgk.ltrans9.ltrans.o
 .text.h1       0x08008dc0       0x10 /tmp/ccgWHfgk.ltrans9.ltrans.o
 .text.chTMStartMeasurementX.constprop.66
                0x08008dd0       0x10 /tmp/ccgWHfgk.ltrans10.ltrans.o
                0x08008dd0                chTMStartMeasurementX.constprop.66
 .text.chThdCreateFromMemoryPool.constprop.59
                0x08008de0       0xa0 /tmp/ccgWHfgk.ltrans10.ltrans.o
                0x08008de0                chThdCreateFromMemoryPool.constprop.59
 .text.chSemSignalWait.constprop.56
                0x08008e80       0x70 /tmp/ccgWHfgk.ltrans10.ltrans.o
                0x08008e80                chSemSignalWait.constprop.56
 .text.chCondSignal.constprop.52
                0x08008ef0       0x30 /tmp/ccgWHfgk.ltrans10.ltrans.o
                0x08008ef0                chCondSignal.constprop.52
 .text.chCondSignalI.constprop.51
                0x08008f20       0x30 /tmp/ccgWHfgk.ltrans10.ltrans.o
                0x08008f20                chCondSignalI.constprop.51
 .text.chEvtGetAndClearEvents.constprop.43
                0x08008f50       0x20 /tmp/ccgWHfgk.ltrans10.ltrans.o
                0x08008f50                chEvtGetAndClearEvents.constprop.43
 .text.chEvtWaitOne.constprop.39
                0x08008f70       0x40 /tmp/ccgWHfgk.ltrans10.ltrans.o
                0x08008f70                chEvtWaitOne.constprop.39
 .text.unlikely.chEvtWaitAny.constprop.38
                0x08008fb0       0x34 /tmp/ccgWHfgk.ltrans10.ltrans.o
                0x08008fb0                chEvtWaitAny.constprop.38
 *fill*         0x08008fe4        0xc 
 .text.chMBPost.constprop.24
                0x08008ff0       0x50 /tmp/ccgWHfgk.ltrans10.ltrans.o
                0x08008ff0                chMBPost.constprop.24
 .text.chMBPostI.constprop.23
                0x08009040       0x40 /tmp/ccgWHfgk.ltrans10.ltrans.o
                0x08009040                chMBPostI.constprop.23
 .text.chMBPostAhead.constprop.22
                0x08009080       0x50 /tmp/ccgWHfgk.ltrans10.ltrans.o
                0x08009080                chMBPostAhead.constprop.22
 .text.chMBPostAheadI.constprop.21
                0x080090d0       0x40 /tmp/ccgWHfgk.ltrans10.ltrans.o
                0x080090d0                chMBPostAheadI.constprop.21
 .text.unlikely.chMBFetch.constprop.20
                0x08009110       0x4c /tmp/ccgWHfgk.ltrans10.ltrans.o
                0x08009110                chMBFetch.constprop.20
 *fill*         0x0800915c        0x4 
 .text.unlikely.chMBFetchI.constprop.19
                0x08009160       0x3c /tmp/ccgWHfgk.ltrans10.ltrans.o
                0x08009160                chMBFetchI.constprop.19
 *fill*         0x0800919c        0x4 
 .text.chOQGetI.constprop.18
                0x080091a0       0x50 /tmp/ccgWHfgk.ltrans10.ltrans.o
                0x080091a0                chOQGetI.constprop.18
 .text.test_start_timer.constprop.14
                0x080091f0       0x40 /tmp/ccgWHfgk.ltrans10.ltrans.o
                0x080091f0                test_start_timer.constprop.14
 .text.dmaStreamAllocate.constprop.11
                0x08009230       0xa0 /tmp/ccgWHfgk.ltrans10.ltrans.o
                0x08009230                dmaStreamAllocate.constprop.11
 .text.spiExchange.constprop.4
                0x080092d0       0x80 /tmp/ccgWHfgk.ltrans10.ltrans.o
                0x080092d0                spiExchange.constprop.4
 .text._strtok.constprop.3
                0x08009350       0x40 /tmp/ccgWHfgk.ltrans10.ltrans.o
                0x08009350                _strtok.constprop.3
 .text.RF_switch.part.6.lto_priv.80
                0x08009390       0x30 /tmp/ccgWHfgk.ltrans10.ltrans.o
                0x08009390                RF_switch.part.6.lto_priv.80
 .text.memset   0x080093c0       0x9c /home/laurence/ARM-GCC/gcc-arm-none-eabi-4_9-2014q4/bin/../lib/gcc/arm-none-eabi/4.9.3/../../../../arm-none-eabi/lib/armv7-m/libg.a(lib_a-memset.o)
                0x080093c0                memset
 *fill*         0x0800945c        0x4 
 .text.strcasecmp
                0x08009460       0x40 /home/laurence/ARM-GCC/gcc-arm-none-eabi-4_9-2014q4/bin/../lib/gcc/arm-none-eabi/4.9.3/../../../../arm-none-eabi/lib/armv7-m/libg.a(lib_a-strcasecmp.o)
                0x08009460                strcasecmp
 .text.strlen   0x080094a0       0x5c /home/laurence/ARM-GCC/gcc-arm-none-eabi-4_9-2014q4/bin/../lib/gcc/arm-none-eabi/4.9.3/../../../../arm-none-eabi/lib/armv7-m/libg.a(lib_a-strlen.o)
                0x080094a0                strlen
 *fill*         0x080094fc        0x4 
 .text.strncpy  0x08009500       0x68 /home/laurence/ARM-GCC/gcc-arm-none-eabi-4_9-2014q4/bin/../lib/gcc/arm-none-eabi/4.9.3/../../../../arm-none-eabi/lib/armv7-m/libg.a(lib_a-strncpy.o)
                0x08009500                strncpy
 *fill*         0x08009568        0x8 
 .text.strpbrk  0x08009570       0x48 /home/laurence/ARM-GCC/gcc-arm-none-eabi-4_9-2014q4/bin/../lib/gcc/arm-none-eabi/4.9.3/../../../../arm-none-eabi/lib/armv7-m/libg.a(lib_a-strpbrk.o)
                0x08009570                strpbrk
 *fill*         0x080095b8        0x8 
 .text.strspn   0x080095c0       0x34 /home/laurence/ARM-GCC/gcc-arm-none-eabi-4_9-2014q4/bin/../lib/gcc/arm-none-eabi/4.9.3/../../../../arm-none-eabi/lib/armv7-m/libg.a(lib_a-strspn.o)
                0x080095c0                strspn
 *(.rodata)
 *fill*         0x080095f4        0xc 
 .rodata        0x08009600       0xb0 /tmp/ccgWHfgk.ltrans8.ltrans.o
 *(.rodata.*)
 .rodata.testmtx4
                0x080096b0       0x10 /tmp/ccgWHfgk.ltrans0.ltrans.o
 .rodata.testmtx5
                0x080096c0       0x10 /tmp/ccgWHfgk.ltrans0.ltrans.o
 .rodata.testmtx6
                0x080096d0       0x10 /tmp/ccgWHfgk.ltrans0.ltrans.o
 .rodata.testmtx7
                0x080096e0       0x10 /tmp/ccgWHfgk.ltrans0.ltrans.o
 .rodata.testmtx8
                0x080096f0       0x10 /tmp/ccgWHfgk.ltrans0.ltrans.o
 .rodata.patternmsg
                0x08009700        0x8 /tmp/ccgWHfgk.ltrans0.ltrans.o
 *fill*         0x08009708        0x8 
 .rodata.testbmk11
                0x08009710       0x10 /tmp/ccgWHfgk.ltrans0.ltrans.o
 .rodata.testbmk12
                0x08009720       0x10 /tmp/ccgWHfgk.ltrans0.ltrans.o
 .rodata.testevt2
                0x08009730       0x10 /tmp/ccgWHfgk.ltrans0.ltrans.o
 .rodata.patterndyn
                0x08009740       0x10 /tmp/ccgWHfgk.ltrans0.ltrans.o
 .rodata.testsem1
                0x08009750       0x10 /tmp/ccgWHfgk.ltrans0.ltrans.o
 .rodata.testsem2
                0x08009760       0x10 /tmp/ccgWHfgk.ltrans0.ltrans.o
 .rodata.testsem3
                0x08009770       0x10 /tmp/ccgWHfgk.ltrans0.ltrans.o
 .rodata.testsem4
                0x08009780       0x10 /tmp/ccgWHfgk.ltrans0.ltrans.o
 .rodata.testbmk6
                0x08009790       0x10 /tmp/ccgWHfgk.ltrans0.ltrans.o
 .rodata.testbmk10
                0x080097a0       0x10 /tmp/ccgWHfgk.ltrans0.ltrans.o
 .rodata.testbmk4
                0x080097b0       0x10 /tmp/ccgWHfgk.ltrans0.ltrans.o
 .rodata.patternthd
                0x080097c0       0x14 /tmp/ccgWHfgk.ltrans0.ltrans.o
 *fill*         0x080097d4        0xc 
 .rodata.testbmk13
                0x080097e0       0x10 /tmp/ccgWHfgk.ltrans0.ltrans.o
 .rodata.testbmk1
                0x080097f0       0x10 /tmp/ccgWHfgk.ltrans0.ltrans.o
 .rodata.testbmk2
                0x08009800       0x10 /tmp/ccgWHfgk.ltrans0.ltrans.o
 .rodata.testbmk3
                0x08009810       0x10 /tmp/ccgWHfgk.ltrans0.ltrans.o
 .rodata.testbmk5
                0x08009820       0x10 /tmp/ccgWHfgk.ltrans0.ltrans.o
 .rodata.testbmk8
                0x08009830       0x10 /tmp/ccgWHfgk.ltrans0.ltrans.o
 .rodata.testbmk7
                0x08009840       0x10 /tmp/ccgWHfgk.ltrans0.ltrans.o
 .rodata.testpools1
                0x08009850       0x10 /tmp/ccgWHfgk.ltrans0.ltrans.o
 .rodata.testbmk9
                0x08009860       0x10 /tmp/ccgWHfgk.ltrans0.ltrans.o
 .rodata.patternbmk
                0x08009870       0x38 /tmp/ccgWHfgk.ltrans0.ltrans.o
 *fill*         0x080098a8        0x8 
 .rodata.patterns
                0x080098b0       0x30 /tmp/ccgWHfgk.ltrans0.ltrans.o
 .rodata.testdyn1
                0x080098e0       0x10 /tmp/ccgWHfgk.ltrans0.ltrans.o
 .rodata.testdyn2
                0x080098f0       0x10 /tmp/ccgWHfgk.ltrans0.ltrans.o
 .rodata.testdyn3
                0x08009900       0x10 /tmp/ccgWHfgk.ltrans0.ltrans.o
 .rodata.testmbox1
                0x08009910       0x10 /tmp/ccgWHfgk.ltrans0.ltrans.o
 .rodata.patternevt
                0x08009920       0x10 /tmp/ccgWHfgk.ltrans0.ltrans.o
 .rodata.patternheap
                0x08009930        0x8 /tmp/ccgWHfgk.ltrans0.ltrans.o
 *fill*         0x08009938        0x8 
 .rodata.testmsg1
                0x08009940       0x10 /tmp/ccgWHfgk.ltrans0.ltrans.o
 .rodata.testqueues1
                0x08009950       0x10 /tmp/ccgWHfgk.ltrans0.ltrans.o
 .rodata.testqueues2
                0x08009960       0x10 /tmp/ccgWHfgk.ltrans0.ltrans.o
 .rodata.patternmbox
                0x08009970        0x8 /tmp/ccgWHfgk.ltrans0.ltrans.o
 *fill*         0x08009978        0x8 
 .rodata.testthd1
                0x08009980       0x10 /tmp/ccgWHfgk.ltrans0.ltrans.o
 .rodata.testthd2
                0x08009990       0x10 /tmp/ccgWHfgk.ltrans0.ltrans.o
 .rodata.testthd3
                0x080099a0       0x10 /tmp/ccgWHfgk.ltrans0.ltrans.o
 .rodata.testthd4
                0x080099b0       0x10 /tmp/ccgWHfgk.ltrans0.ltrans.o
 .rodata.patternsem
                0x080099c0       0x14 /tmp/ccgWHfgk.ltrans0.ltrans.o
 *fill*         0x080099d4        0xc 
 .rodata.patternqueues
                0x080099e0        0xc /tmp/ccgWHfgk.ltrans0.ltrans.o
 *fill*         0x080099ec        0x4 
 .rodata.testevt1
                0x080099f0       0x10 /tmp/ccgWHfgk.ltrans0.ltrans.o
 .rodata.testheap1
                0x08009a00       0x10 /tmp/ccgWHfgk.ltrans0.ltrans.o
 .rodata.testevt3
                0x08009a10       0x10 /tmp/ccgWHfgk.ltrans0.ltrans.o
 .rodata.patternmtx
                0x08009a20       0x1c /tmp/ccgWHfgk.ltrans0.ltrans.o
 *fill*         0x08009a3c        0x4 
 .rodata.str1.4
                0x08009a40      0x683 /tmp/ccgWHfgk.ltrans0.ltrans.o
                                0x694 (size before relaxing)
 *fill*         0x0800a0c3        0xd 
 .rodata.testmtx1
                0x0800a0d0       0x10 /tmp/ccgWHfgk.ltrans0.ltrans.o
 .rodata.patternpools
                0x0800a0e0        0x8 /tmp/ccgWHfgk.ltrans0.ltrans.o
 *fill*         0x0800a0e8        0x8 
 .rodata.str1.4
                0x0800a0f0       0x12 /tmp/ccgWHfgk.ltrans1.ltrans.o
                                 0x1c (size before relaxing)
 *fill*         0x0800a102        0xe 
 .rodata.str1.4
                0x0800a110      0x171 /tmp/ccgWHfgk.ltrans2.ltrans.o
                                0x234 (size before relaxing)
 *fill*         0x0800a281        0xf 
 .rodata.ep0config
                0x0800a290       0x24 /tmp/ccgWHfgk.ltrans2.ltrans.o
 *fill*         0x0800a2b4        0xc 
 .rodata.pow10  0x0800a2c0       0x24 /tmp/ccgWHfgk.ltrans2.ltrans.o
 *fill*         0x0800a2e4        0xc 
 .rodata.CSWTCH.32
                0x0800a2f0        0x8 /tmp/ccgWHfgk.ltrans2.ltrans.o
 *fill*         0x0800a2f8        0x8 
 .rodata.vcom_string0
                0x0800a300        0x4 /tmp/ccgWHfgk.ltrans3.ltrans.o
 *fill*         0x0800a304        0xc 
 .rodata.ep2config
                0x0800a310       0x24 /tmp/ccgWHfgk.ltrans3.ltrans.o
 *fill*         0x0800a334        0xc 
 .rodata.vcom_string3
                0x0800a340        0x8 /tmp/ccgWHfgk.ltrans3.ltrans.o
 *fill*         0x0800a348        0x8 
 .rodata.vcom_string1
                0x0800a350       0x14 /tmp/ccgWHfgk.ltrans3.ltrans.o
 *fill*         0x0800a364        0xc 
 .rodata.vcom_strings
                0x0800a370       0x20 /tmp/ccgWHfgk.ltrans3.ltrans.o
 .rodata.vcom_device_descriptor
                0x0800a390        0x8 /tmp/ccgWHfgk.ltrans3.ltrans.o
 *fill*         0x0800a398        0x8 
 .rodata.vmt    0x0800a3a0       0x20 /tmp/ccgWHfgk.ltrans3.ltrans.o
 .rodata.vcom_string2
                0x0800a3c0       0x38 /tmp/ccgWHfgk.ltrans3.ltrans.o
 *fill*         0x0800a3f8        0x8 
 .rodata.serusbcfg
                0x0800a400        0x8 /tmp/ccgWHfgk.ltrans3.ltrans.o
 *fill*         0x0800a408        0x8 
 .rodata._stm32_dma_streams
                0x0800a410       0x54 /tmp/ccgWHfgk.ltrans3.ltrans.o
 *fill*         0x0800a464        0xc 
 .rodata.usbcfg
                0x0800a470       0x10 /tmp/ccgWHfgk.ltrans3.ltrans.o
 .rodata.ch_debug
                0x0800a480       0x18 /tmp/ccgWHfgk.ltrans3.ltrans.o
 *fill*         0x0800a498        0x8 
 .rodata.vcom_device_descriptor_data
                0x0800a4a0       0x14 /tmp/ccgWHfgk.ltrans3.ltrans.o
 *fill*         0x0800a4b4        0xc 
 .rodata.vcom_configuration_descriptor
                0x0800a4c0        0x8 /tmp/ccgWHfgk.ltrans3.ltrans.o
 *fill*         0x0800a4c8        0x8 
 .rodata.str1.4
                0x0800a4d0      0x486 /tmp/ccgWHfgk.ltrans3.ltrans.o
                                0x494 (size before relaxing)
 *fill*         0x0800a956        0xa 
 .rodata.commands
                0x0800a960       0x60 /tmp/ccgWHfgk.ltrans3.ltrans.o
 .rodata.vcom_configuration_descriptor_data
                0x0800a9c0       0x44 /tmp/ccgWHfgk.ltrans3.ltrans.o
 *fill*         0x0800aa04        0xc 
 .rodata.shell_cfg1
                0x0800aa10        0x8 /tmp/ccgWHfgk.ltrans3.ltrans.o
 *fill*         0x0800aa18        0x8 
 .rodata.ep1config
                0x0800aa20       0x24 /tmp/ccgWHfgk.ltrans3.ltrans.o
 *fill*         0x0800aa44        0xc 
 .rodata.states.8553
                0x0800aa50       0x40 /tmp/ccgWHfgk.ltrans3.ltrans.o
 .rodata.zero_status
                0x0800aa90        0x4 /tmp/ccgWHfgk.ltrans4.ltrans.o
 *fill*         0x0800aa94        0xc 
 .rodata.active_status
                0x0800aaa0        0x4 /tmp/ccgWHfgk.ltrans4.ltrans.o
 *fill*         0x0800aaa4        0xc 
 .rodata.str1.4
                0x0800aab0        0xc /tmp/ccgWHfgk.ltrans4.ltrans.o
 *fill*         0x0800aabc        0x4 
 .rodata.halted_status
                0x0800aac0        0x4 /tmp/ccgWHfgk.ltrans4.ltrans.o
 *fill*         0x0800aac4        0xc 
 .rodata.str1.4
                0x0800aad0        0x4 /tmp/ccgWHfgk.ltrans5.ltrans.o
                                 0x20 (size before relaxing)
 *fill*         0x0800aad4        0xc 
 .rodata.str1.4
                0x0800aae0        0xb /tmp/ccgWHfgk.ltrans6.ltrans.o
                                 0x20 (size before relaxing)
 *fill*         0x0800aaeb        0x5 
 .rodata.wa     0x0800aaf0       0x14 /tmp/ccgWHfgk.ltrans7.ltrans.o
                0x0800aaf0                wa
 *fill*         0x0800ab04        0xc 
 .rodata.str1.4
                0x0800ab10      0x126 /tmp/ccgWHfgk.ltrans7.ltrans.o
                                0x130 (size before relaxing)
 *fill*         0x0800ac36        0xa 
 .rodata.spicfg
                0x0800ac40        0xc /tmp/ccgWHfgk.ltrans8.ltrans.o
 *fill*         0x0800ac4c        0x4 
 .rodata.str1.4
                0x0800ac50        0x7 /tmp/ccgWHfgk.ltrans8.ltrans.o
                                  0x8 (size before relaxing)
 .rodata.str1.4
                0x00000000        0x8 /tmp/ccgWHfgk.ltrans9.ltrans.o
 *fill*         0x0800ac57        0x9 
 .rodata.evhndl
                0x0800ac60        0xc /tmp/ccgWHfgk.ltrans9.ltrans.o
 *fill*         0x0800ac6c        0x4 
 .rodata.str1.4
                0x0800ac70        0x4 /tmp/ccgWHfgk.ltrans10.ltrans.o
 *fill*         0x0800ac74        0xc 
 .rodata._ctype_
                0x0800ac80      0x104 /home/laurence/ARM-GCC/gcc-arm-none-eabi-4_9-2014q4/bin/../lib/gcc/arm-none-eabi/4.9.3/../../../../arm-none-eabi/lib/armv7-m/libg.a(lib_a-ctype_.o)
                0x0800ac80                _ctype_
 *(.glue_7t)
 .glue_7t       0x00000000        0x0 linker stubs
 *(.glue_7)
 .glue_7        0x00000000        0x0 linker stubs
 *(.gcc*)

.vfp11_veneer   0x0800ad84        0x0
 .vfp11_veneer  0x00000000        0x0 linker stubs

.v4_bx          0x0800ad84        0x0
 .v4_bx         0x00000000        0x0 linker stubs

.iplt           0x0800ad84        0x0
 .iplt          0x00000000        0x0 build/obj/chcoreasm_v7m.o

.rel.dyn        0x0800ad84        0x0
 .rel.iplt      0x00000000        0x0 build/obj/chcoreasm_v7m.o

.ARM.extab
 *(.ARM.extab* .gnu.linkonce.armextab.*)

.ARM.exidx      0x0800ad84        0x0
                0x0800ad84                PROVIDE (__exidx_start, .)
 *(.ARM.exidx* .gnu.linkonce.armexidx.*)
                0x0800ad84                PROVIDE (__exidx_end, .)

.eh_frame_hdr
 *(.eh_frame_hdr)

.eh_frame
 *(.eh_frame)

.textalign      0x0800ad84        0x4
                0x0800ad88                . = ALIGN (0x8)
 *fill*         0x0800ad84        0x4 
                0x0800ad88                . = ALIGN (0x4)
                0x0800ad88                _etext = .
                0x0800ad88                _textdata = _etext

.stacks         0x20000000      0x800
                0x20000000                . = ALIGN (0x8)
                0x20000000                __main_stack_base__ = .
                0x20000400                . = (. + __main_stack_size__)
 *fill*         0x20000000      0x400 
                0x20000400                . = ALIGN (0x8)
                0x20000400                __main_stack_end__ = .
                0x20000400                __process_stack_base__ = .
                0x20000400                __main_thread_stack_base__ = .
                0x20000800                . = (. + __process_stack_size__)
 *fill*         0x20000400      0x400 
                0x20000800                . = ALIGN (0x8)
                0x20000800                __process_stack_end__ = .
                0x20000800                __main_thread_stack_end__ = .

.data           0x20000800      0x510 load address 0x0800ad88
                0x20000800                . = ALIGN (0x4)
                0x20000800                PROVIDE (_data, .)
 *(.data)
 *(.data.*)
 .data.local_commands
                0x20000800       0x18 /tmp/ccgWHfgk.ltrans2.ltrans.o
 .data.buf.8568
                0x20000818      0x404 /tmp/ccgWHfgk.ltrans3.ltrans.o
 .data.linecoding
                0x20000c1c        0x8 /tmp/ccgWHfgk.ltrans4.ltrans.o
 .data.m1.lto_priv.109
                0x20000c24       0x10 /tmp/ccgWHfgk.ltrans5.ltrans.o
                0x20000c24                m1.lto_priv.109
 .data.m2.lto_priv.110
                0x20000c34       0x10 /tmp/ccgWHfgk.ltrans5.ltrans.o
                0x20000c34                m2.lto_priv.110
 .data.mp1.lto_priv.102
                0x20000c44        0xc /tmp/ccgWHfgk.ltrans6.ltrans.o
 .data.iq       0x20000c50       0x24 /tmp/ccgWHfgk.ltrans6.ltrans.o
 .data.gpt3cfg  0x20000c74       0x10 /tmp/ccgWHfgk.ltrans8.ltrans.o
 .data.Active_level
                0x20000c84        0x1 /tmp/ccgWHfgk.ltrans8.ltrans.o
 *fill*         0x20000c85        0x1 
 .data.Active_shift
                0x20000c86        0x2 /tmp/ccgWHfgk.ltrans8.ltrans.o
 .data.Active_banddiv
                0x20000c88        0x1 /tmp/ccgWHfgk.ltrans8.ltrans.o
 *fill*         0x20000c89        0x3 
 .data.gpt4cfg  0x20000c8c       0x10 /tmp/ccgWHfgk.ltrans8.ltrans.o
 .data.Outdiv   0x20000c9c        0x1 /tmp/ccgWHfgk.ltrans8.ltrans.o
 *fill*         0x20000c9d        0x3 
 .data.Active_Frequency
                0x20000ca0        0x4 /tmp/ccgWHfgk.ltrans8.ltrans.o
                0x20000ca0                Active_Frequency
 .data.es1      0x20000ca4        0x4 /tmp/ccgWHfgk.ltrans9.ltrans.o
 .data.es2      0x20000ca8        0x4 /tmp/ccgWHfgk.ltrans9.ltrans.o
 .data.c1.lto_priv.107
                0x20000cac        0x8 /tmp/ccgWHfgk.ltrans10.ltrans.o
                0x20000cac                c1.lto_priv.107
 .data.sem1.lto_priv.113
                0x20000cb4        0xc /tmp/ccgWHfgk.ltrans10.ltrans.o
                0x20000cb4                sem1.lto_priv.113
 .data.oq.lto_priv.101
                0x20000cc0       0x24 /tmp/ccgWHfgk.ltrans10.ltrans.o
                0x20000cc0                oq.lto_priv.101
 .data.mb1.lto_priv.106
                0x20000ce4       0x28 /tmp/ccgWHfgk.ltrans10.ltrans.o
                0x20000ce4                mb1.lto_priv.106
 .data.__ctype_ptr__
                0x20000d0c        0x4 /home/laurence/ARM-GCC/gcc-arm-none-eabi-4_9-2014q4/bin/../lib/gcc/arm-none-eabi/4.9.3/../../../../arm-none-eabi/lib/armv7-m/libg.a(lib_a-ctype_.o)
                0x20000d0c                __ctype_ptr__
 *(.ramtext)
                0x20000d10                . = ALIGN (0x4)
                0x20000d10                PROVIDE (_edata, .)

.igot.plt       0x20000d10        0x0 load address 0x0800b298
 .igot.plt      0x00000000        0x0 build/obj/chcoreasm_v7m.o

.bss            0x20000d10     0x1310
                0x20000d10                . = ALIGN (0x4)
                0x20000d10                PROVIDE (_bss_start, .)
 *(.bss)
 *(.bss.*)
 .bss.tokp      0x20000d10        0x4 /tmp/ccgWHfgk.ltrans0.ltrans.o
 .bss.global_fail
                0x20000d14        0x1 /tmp/ccgWHfgk.ltrans0.ltrans.o
 .bss.local_fail
                0x20000d15        0x1 /tmp/ccgWHfgk.ltrans0.ltrans.o
 *fill*         0x20000d16        0x2 
 .bss.chp       0x20000d18        0x4 /tmp/ccgWHfgk.ltrans0.ltrans.o
 .bss.tokens_buffer
                0x20000d1c       0x10 /tmp/ccgWHfgk.ltrans0.ltrans.o
 .bss.failpoint
                0x20000d2c        0x4 /tmp/ccgWHfgk.ltrans0.ltrans.o
 .bss.ep0_state
                0x20000d30       0x14 /tmp/ccgWHfgk.ltrans2.ltrans.o
 .bss.ep0setup_buffer
                0x20000d44        0x8 /tmp/ccgWHfgk.ltrans2.ltrans.o
 .bss.endmem.lto_priv.104
                0x20000d4c        0x4 /tmp/ccgWHfgk.ltrans3.ltrans.o
                0x20000d4c                endmem.lto_priv.104
 .bss.waThreadSI
                0x20000d50      0x4c8 /tmp/ccgWHfgk.ltrans3.ltrans.o
 .bss.nextmem.lto_priv.105
                0x20001218        0x4 /tmp/ccgWHfgk.ltrans3.ltrans.o
                0x20001218                nextmem.lto_priv.105
 .bss.USBD1     0x2000121c       0x84 /tmp/ccgWHfgk.ltrans3.ltrans.o
                0x2000121c                USBD1
 .bss.default_heap.lto_priv.114
                0x200012a0       0x20 /tmp/ccgWHfgk.ltrans3.ltrans.o
                0x200012a0                default_heap.lto_priv.114
 .bss.SDU1      0x200012c0      0x258 /tmp/ccgWHfgk.ltrans3.ltrans.o
 .bss.ep2instate
                0x20001518       0x10 /tmp/ccgWHfgk.ltrans3.ltrans.o
 .bss.shell_terminated
                0x20001528        0x4 /tmp/ccgWHfgk.ltrans3.ltrans.o
                0x20001528                shell_terminated
 .bss.ep1outstate
                0x2000152c       0x14 /tmp/ccgWHfgk.ltrans3.ltrans.o
 .bss.dummytx   0x20001540        0x2 /tmp/ccgWHfgk.ltrans3.ltrans.o
 *fill*         0x20001542        0x2 
 .bss.ep1instate
                0x20001544       0x10 /tmp/ccgWHfgk.ltrans3.ltrans.o
 *fill*         0x20001554        0x4 
 .bss.waThread1
                0x20001558      0x148 /tmp/ccgWHfgk.ltrans3.ltrans.o
 .bss.test_heap
                0x200016a0       0x20 /tmp/ccgWHfgk.ltrans6.ltrans.o
 .bss.heap1     0x200016c0       0x20 /tmp/ccgWHfgk.ltrans6.ltrans.o
 .bss.vt1.6324  0x200016e0       0x14 /tmp/ccgWHfgk.ltrans7.ltrans.o
 .bss.iq.6314   0x200016f4       0x24 /tmp/ccgWHfgk.ltrans7.ltrans.o
 .bss.mtx1      0x20001718       0x10 /tmp/ccgWHfgk.ltrans7.ltrans.o
 .bss.sem1      0x20001728        0xc /tmp/ccgWHfgk.ltrans7.ltrans.o
 .bss.threads   0x20001734       0x14 /tmp/ccgWHfgk.ltrans7.ltrans.o
                0x20001734                threads
 .bss.vt2.6325  0x20001748       0x14 /tmp/ccgWHfgk.ltrans7.ltrans.o
 .bss.ib.6313   0x2000175c       0x10 /tmp/ccgWHfgk.ltrans7.ltrans.o
 .bss.Command   0x2000176c        0x1 /tmp/ccgWHfgk.ltrans8.ltrans.o
                0x2000176c                Command
 *fill*         0x2000176d        0x3 
 .bss.rx_buffer
                0x20001770        0xc /tmp/ccgWHfgk.ltrans8.ltrans.o
 .bss.Active_channel
                0x2000177c        0x1 /tmp/ccgWHfgk.ltrans8.ltrans.o
                0x2000177c                Active_channel
 *fill*         0x2000177d        0x3 
 .bss.GPTD4     0x20001780       0x10 /tmp/ccgWHfgk.ltrans8.ltrans.o
                0x20001780                GPTD4
 .bss.Silabs_busy
                0x20001790        0xc /tmp/ccgWHfgk.ltrans8.ltrans.o
                0x20001790                Silabs_busy
 .bss.tx_buffer
                0x2000179c       0x10 /tmp/ccgWHfgk.ltrans8.ltrans.o
 .bss.Silabs_Part_ID
                0x200017ac        0x2 /tmp/ccgWHfgk.ltrans8.ltrans.o
                0x200017ac                Silabs_Part_ID
 *fill*         0x200017ae        0x2 
 .bss.Silabs_callback
                0x200017b0        0xc /tmp/ccgWHfgk.ltrans8.ltrans.o
                0x200017b0                Silabs_callback
 .bss.Command_string
                0x200017bc        0x8 /tmp/ccgWHfgk.ltrans8.ltrans.o
                0x200017bc                Command_string
 *fill*         0x200017c4        0x4 
 .bss.test      0x200017c8      0x668 /tmp/ccgWHfgk.ltrans10.ltrans.o
                0x200017c8                test
 .bss.dma_isr_redir.lto_priv.89
                0x20001e30       0x38 /tmp/ccgWHfgk.ltrans10.ltrans.o
                0x20001e30                dma_isr_redir.lto_priv.89
 .bss.ch        0x20001e68      0x150 /tmp/ccgWHfgk.ltrans10.ltrans.o
                0x20001e68                ch
 .bss.test_timer_done
                0x20001fb8        0x1 /tmp/ccgWHfgk.ltrans10.ltrans.o
                0x20001fb8                test_timer_done
 *fill*         0x20001fb9        0x3 
 .bss.GPTD3     0x20001fbc       0x10 /tmp/ccgWHfgk.ltrans10.ltrans.o
                0x20001fbc                GPTD3
 .bss.SPID1     0x20001fcc       0x30 /tmp/ccgWHfgk.ltrans10.ltrans.o
                0x20001fcc                SPID1
 .bss.vt        0x20001ffc       0x14 /tmp/ccgWHfgk.ltrans10.ltrans.o
 .bss.mp1.lto_priv.103
                0x20002010        0xc /tmp/ccgWHfgk.ltrans10.ltrans.o
                0x20002010                mp1.lto_priv.103
 .bss.dma_streams_mask.lto_priv.88
                0x2000201c        0x4 /tmp/ccgWHfgk.ltrans10.ltrans.o
                0x2000201c                dma_streams_mask.lto_priv.88
 *(COMMON)
                0x20002020                . = ALIGN (0x4)
                0x20002020                PROVIDE (_bss_end, .)
                0x20002020                PROVIDE (end, .)
                0x20002020                _end = .
                0x20002020                __heap_base__ = _end
                0x20005000                __heap_end__ = __ram_end__
                0x00000400                __process_stack_size__ = 0x400
                0x00000400                __main_stack_size__ = 0x400
START GROUP
LOAD /home/laurence/ARM-GCC/gcc-arm-none-eabi-4_9-2014q4/bin/../lib/gcc/arm-none-eabi/4.9.3/armv7-m/libgcc.a
LOAD /home/laurence/ARM-GCC/gcc-arm-none-eabi-4_9-2014q4/bin/../lib/gcc/arm-none-eabi/4.9.3/../../../../arm-none-eabi/lib/armv7-m/libg.a
LOAD /home/laurence/ARM-GCC/gcc-arm-none-eabi-4_9-2014q4/bin/../lib/gcc/arm-none-eabi/4.9.3/../../../../arm-none-eabi/lib/armv7-m/libc.a
END GROUP
OUTPUT(build/ch.elf elf32-littlearm)

.ARM.attributes
                0x00000000       0x2f
 .ARM.attributes
                0x00000000       0x21 build/obj/chcoreasm_v7m.o
 .ARM.attributes
                0x00000021       0x31 /tmp/ccgWHfgk.ltrans0.ltrans.o
 .ARM.attributes
                0x00000052       0x31 /tmp/ccgWHfgk.ltrans1.ltrans.o
 .ARM.attributes
                0x00000083       0x31 /tmp/ccgWHfgk.ltrans2.ltrans.o
 .ARM.attributes
                0x000000b4       0x31 /tmp/ccgWHfgk.ltrans3.ltrans.o
 .ARM.attributes
                0x000000e5       0x31 /tmp/ccgWHfgk.ltrans4.ltrans.o
 .ARM.attributes
                0x00000116       0x31 /tmp/ccgWHfgk.ltrans5.ltrans.o
 .ARM.attributes
                0x00000147       0x31 /tmp/ccgWHfgk.ltrans6.ltrans.o
 .ARM.attributes
                0x00000178       0x31 /tmp/ccgWHfgk.ltrans7.ltrans.o
 .ARM.attributes
                0x000001a9       0x31 /tmp/ccgWHfgk.ltrans8.ltrans.o
 .ARM.attributes
                0x000001da       0x31 /tmp/ccgWHfgk.ltrans9.ltrans.o
 .ARM.attributes
                0x0000020b       0x31 /tmp/ccgWHfgk.ltrans10.ltrans.o
 .ARM.attributes
                0x0000023c       0x1d /home/laurence/ARM-GCC/gcc-arm-none-eabi-4_9-2014q4/bin/../lib/gcc/arm-none-eabi/4.9.3/armv7-m/libgcc.a(_arm_addsubdf3.o)
 .ARM.attributes
                0x00000259       0x1d /home/laurence/ARM-GCC/gcc-arm-none-eabi-4_9-2014q4/bin/../lib/gcc/arm-none-eabi/4.9.3/armv7-m/libgcc.a(_arm_muldivdf3.o)
 .ARM.attributes
                0x00000276       0x1d /home/laurence/ARM-GCC/gcc-arm-none-eabi-4_9-2014q4/bin/../lib/gcc/arm-none-eabi/4.9.3/armv7-m/libgcc.a(_arm_fixdfsi.o)
 .ARM.attributes
                0x00000293       0x1d /home/laurence/ARM-GCC/gcc-arm-none-eabi-4_9-2014q4/bin/../lib/gcc/arm-none-eabi/4.9.3/armv7-m/libgcc.a(_arm_fixunsdfsi.o)
 .ARM.attributes
                0x000002b0       0x1d /home/laurence/ARM-GCC/gcc-arm-none-eabi-4_9-2014q4/bin/../lib/gcc/arm-none-eabi/4.9.3/armv7-m/libgcc.a(_arm_truncdfsf2.o)
 .ARM.attributes
                0x000002cd       0x1d /home/laurence/ARM-GCC/gcc-arm-none-eabi-4_9-2014q4/bin/../lib/gcc/arm-none-eabi/4.9.3/armv7-m/libgcc.a(_arm_addsubsf3.o)
 .ARM.attributes
                0x000002ea       0x1d /home/laurence/ARM-GCC/gcc-arm-none-eabi-4_9-2014q4/bin/../lib/gcc/arm-none-eabi/4.9.3/armv7-m/libgcc.a(_arm_muldivsf3.o)
 .ARM.attributes
                0x00000307       0x1d /home/laurence/ARM-GCC/gcc-arm-none-eabi-4_9-2014q4/bin/../lib/gcc/arm-none-eabi/4.9.3/armv7-m/libgcc.a(_arm_cmpsf2.o)
 .ARM.attributes
                0x00000324       0x1d /home/laurence/ARM-GCC/gcc-arm-none-eabi-4_9-2014q4/bin/../lib/gcc/arm-none-eabi/4.9.3/armv7-m/libgcc.a(_arm_fixsfsi.o)
 .ARM.attributes
                0x00000341       0x1d /home/laurence/ARM-GCC/gcc-arm-none-eabi-4_9-2014q4/bin/../lib/gcc/arm-none-eabi/4.9.3/armv7-m/libgcc.a(_arm_fixunssfsi.o)
 .ARM.attributes
                0x0000035e       0x2d /home/laurence/ARM-GCC/gcc-arm-none-eabi-4_9-2014q4/bin/../lib/gcc/arm-none-eabi/4.9.3/../../../../arm-none-eabi/lib/armv7-m/libg.a(lib_a-memset.o)
 .ARM.attributes
                0x0000038b       0x2d /home/laurence/ARM-GCC/gcc-arm-none-eabi-4_9-2014q4/bin/../lib/gcc/arm-none-eabi/4.9.3/../../../../arm-none-eabi/lib/armv7-m/libg.a(lib_a-strcasecmp.o)
 .ARM.attributes
                0x000003b8       0x2d /home/laurence/ARM-GCC/gcc-arm-none-eabi-4_9-2014q4/bin/../lib/gcc/arm-none-eabi/4.9.3/../../../../arm-none-eabi/lib/armv7-m/libg.a(lib_a-strlen.o)
 .ARM.attributes
                0x000003e5       0x2d /home/laurence/ARM-GCC/gcc-arm-none-eabi-4_9-2014q4/bin/../lib/gcc/arm-none-eabi/4.9.3/../../../../arm-none-eabi/lib/armv7-m/libg.a(lib_a-strncpy.o)
 .ARM.attributes
                0x00000412       0x2d /home/laurence/ARM-GCC/gcc-arm-none-eabi-4_9-2014q4/bin/../lib/gcc/arm-none-eabi/4.9.3/../../../../arm-none-eabi/lib/armv7-m/libg.a(lib_a-strpbrk.o)
 .ARM.attributes
                0x0000043f       0x2d /home/laurence/ARM-GCC/gcc-arm-none-eabi-4_9-2014q4/bin/../lib/gcc/arm-none-eabi/4.9.3/../../../../arm-none-eabi/lib/armv7-m/libg.a(lib_a-strspn.o)
 .ARM.attributes
                0x0000046c       0x2d /home/laurence/ARM-GCC/gcc-arm-none-eabi-4_9-2014q4/bin/../lib/gcc/arm-none-eabi/4.9.3/../../../../arm-none-eabi/lib/armv7-m/libg.a(lib_a-ctype_.o)

.comment        0x00000000       0x70
 .comment       0x00000000       0x70 /tmp/ccgWHfgk.ltrans0.ltrans.o
                                 0x71 (size before relaxing)
 .comment       0x00000000       0x71 /tmp/ccgWHfgk.ltrans1.ltrans.o
 .comment       0x00000000       0x71 /tmp/ccgWHfgk.ltrans2.ltrans.o
 .comment       0x00000000       0x71 /tmp/ccgWHfgk.ltrans3.ltrans.o
 .comment       0x00000000       0x71 /tmp/ccgWHfgk.ltrans4.ltrans.o
 .comment       0x00000000       0x71 /tmp/ccgWHfgk.ltrans5.ltrans.o
 .comment       0x00000000       0x71 /tmp/ccgWHfgk.ltrans6.ltrans.o
 .comment       0x00000000       0x71 /tmp/ccgWHfgk.ltrans7.ltrans.o
 .comment       0x00000000       0x71 /tmp/ccgWHfgk.ltrans8.ltrans.o
 .comment       0x00000000       0x71 /tmp/ccgWHfgk.ltrans9.ltrans.o
 .comment       0x00000000       0x71 /tmp/ccgWHfgk.ltrans10.ltrans.o

.debug_info     0x00000000    0x23498
 .debug_info    0x00000000     0x53e9 /tmp/ccgWHfgk.ltrans0.ltrans.o
 .debug_info    0x000053e9     0x32fd /tmp/ccgWHfgk.ltrans1.ltrans.o
 .debug_info    0x000086e6     0x305f /tmp/ccgWHfgk.ltrans2.ltrans.o
 .debug_info    0x0000b745     0x4b0c /tmp/ccgWHfgk.ltrans3.ltrans.o
 .debug_info    0x00010251     0x3942 /tmp/ccgWHfgk.ltrans4.ltrans.o
 .debug_info    0x00013b93     0x3422 /tmp/ccgWHfgk.ltrans5.ltrans.o
 .debug_info    0x00016fb5     0x297e /tmp/ccgWHfgk.ltrans6.ltrans.o
 .debug_info    0x00019933     0x33d7 /tmp/ccgWHfgk.ltrans7.ltrans.o
 .debug_info    0x0001cd0a     0x1a76 /tmp/ccgWHfgk.ltrans8.ltrans.o
 .debug_info    0x0001e780     0x2097 /tmp/ccgWHfgk.ltrans9.ltrans.o
 .debug_info    0x00020817     0x2c81 /tmp/ccgWHfgk.ltrans10.ltrans.o

.debug_abbrev   0x00000000     0x3d04
 .debug_abbrev  0x00000000      0x709 /tmp/ccgWHfgk.ltrans0.ltrans.o
 .debug_abbrev  0x00000709      0x51e /tmp/ccgWHfgk.ltrans1.ltrans.o
 .debug_abbrev  0x00000c27      0x68d /tmp/ccgWHfgk.ltrans2.ltrans.o
 .debug_abbrev  0x000012b4      0x663 /tmp/ccgWHfgk.ltrans3.ltrans.o
 .debug_abbrev  0x00001917      0x614 /tmp/ccgWHfgk.ltrans4.ltrans.o
 .debug_abbrev  0x00001f2b      0x506 /tmp/ccgWHfgk.ltrans5.ltrans.o
 .debug_abbrev  0x00002431      0x49e /tmp/ccgWHfgk.ltrans6.ltrans.o
 .debug_abbrev  0x000028cf      0x5b3 /tmp/ccgWHfgk.ltrans7.ltrans.o
 .debug_abbrev  0x00002e82      0x49e /tmp/ccgWHfgk.ltrans8.ltrans.o
 .debug_abbrev  0x00003320      0x4cb /tmp/ccgWHfgk.ltrans9.ltrans.o
 .debug_abbrev  0x000037eb      0x519 /tmp/ccgWHfgk.ltrans10.ltrans.o

.debug_loc      0x00000000     0x9c31
 .debug_loc     0x00000000     0x2859 /tmp/ccgWHfgk.ltrans0.ltrans.o
 .debug_loc     0x00002859      0x716 /tmp/ccgWHfgk.ltrans1.ltrans.o
 .debug_loc     0x00002f6f     0x17de /tmp/ccgWHfgk.ltrans2.ltrans.o
 .debug_loc     0x0000474d     0x113a /tmp/ccgWHfgk.ltrans3.ltrans.o
 .debug_loc     0x00005887     0x1735 /tmp/ccgWHfgk.ltrans4.ltrans.o
 .debug_loc     0x00006fbc      0xabf /tmp/ccgWHfgk.ltrans5.ltrans.o
 .debug_loc     0x00007a7b      0x711 /tmp/ccgWHfgk.ltrans6.ltrans.o
 .debug_loc     0x0000818c      0x62d /tmp/ccgWHfgk.ltrans7.ltrans.o
 .debug_loc     0x000087b9      0x4fd /tmp/ccgWHfgk.ltrans8.ltrans.o
 .debug_loc     0x00008cb6      0x5ab /tmp/ccgWHfgk.ltrans9.ltrans.o
 .debug_loc     0x00009261      0x9d0 /tmp/ccgWHfgk.ltrans10.ltrans.o

.debug_aranges  0x00000000      0x8e8
 .debug_aranges
                0x00000000      0x230 /tmp/ccgWHfgk.ltrans0.ltrans.o
 .debug_aranges
                0x00000230       0xd8 /tmp/ccgWHfgk.ltrans1.ltrans.o
 .debug_aranges
                0x00000308       0xa8 /tmp/ccgWHfgk.ltrans2.ltrans.o
 .debug_aranges
                0x000003b0       0xb8 /tmp/ccgWHfgk.ltrans3.ltrans.o
 .debug_aranges
                0x00000468      0x110 /tmp/ccgWHfgk.ltrans4.ltrans.o
 .debug_aranges
                0x00000578       0x88 /tmp/ccgWHfgk.ltrans5.ltrans.o
 .debug_aranges
                0x00000600       0xa8 /tmp/ccgWHfgk.ltrans6.ltrans.o
 .debug_aranges
                0x000006a8       0xe8 /tmp/ccgWHfgk.ltrans7.ltrans.o
 .debug_aranges
                0x00000790       0x30 /tmp/ccgWHfgk.ltrans8.ltrans.o
 .debug_aranges
                0x000007c0       0x70 /tmp/ccgWHfgk.ltrans9.ltrans.o
 .debug_aranges
                0x00000830       0xb8 /tmp/ccgWHfgk.ltrans10.ltrans.o

.debug_ranges   0x00000000     0x33f8
 .debug_ranges  0x00000000      0xa30 /tmp/ccgWHfgk.ltrans0.ltrans.o
 .debug_ranges  0x00000a30      0x498 /tmp/ccgWHfgk.ltrans1.ltrans.o
 .debug_ranges  0x00000ec8      0x320 /tmp/ccgWHfgk.ltrans2.ltrans.o
 .debug_ranges  0x000011e8      0xac8 /tmp/ccgWHfgk.ltrans3.ltrans.o
 .debug_ranges  0x00001cb0      0x3c8 /tmp/ccgWHfgk.ltrans4.ltrans.o
 .debug_ranges  0x00002078      0x4e8 /tmp/ccgWHfgk.ltrans5.ltrans.o
 .debug_ranges  0x00002560      0x378 /tmp/ccgWHfgk.ltrans6.ltrans.o
 .debug_ranges  0x000028d8      0x448 /tmp/ccgWHfgk.ltrans7.ltrans.o
 .debug_ranges  0x00002d20      0x160 /tmp/ccgWHfgk.ltrans8.ltrans.o
 .debug_ranges  0x00002e80      0x230 /tmp/ccgWHfgk.ltrans9.ltrans.o
 .debug_ranges  0x000030b0      0x348 /tmp/ccgWHfgk.ltrans10.ltrans.o

.debug_line     0x00000000     0x7ec6
 .debug_line    0x00000000     0x1660 /tmp/ccgWHfgk.ltrans0.ltrans.o
 .debug_line    0x00001660      0xbb3 /tmp/ccgWHfgk.ltrans1.ltrans.o
 .debug_line    0x00002213      0xacc /tmp/ccgWHfgk.ltrans2.ltrans.o
 .debug_line    0x00002cdf      0xfc4 /tmp/ccgWHfgk.ltrans3.ltrans.o
 .debug_line    0x00003ca3      0xc56 /tmp/ccgWHfgk.ltrans4.ltrans.o
 .debug_line    0x000048f9      0x951 /tmp/ccgWHfgk.ltrans5.ltrans.o
 .debug_line    0x0000524a      0x884 /tmp/ccgWHfgk.ltrans6.ltrans.o
 .debug_line    0x00005ace      0xb5f /tmp/ccgWHfgk.ltrans7.ltrans.o
 .debug_line    0x0000662d      0x6d6 /tmp/ccgWHfgk.ltrans8.ltrans.o
 .debug_line    0x00006d03      0x6ae /tmp/ccgWHfgk.ltrans9.ltrans.o
 .debug_line    0x000073b1      0xb15 /tmp/ccgWHfgk.ltrans10.ltrans.o

.debug_str      0x00000000     0x4549
 .debug_str     0x00000000     0x114c /tmp/ccgWHfgk.ltrans0.ltrans.o
                               0x1232 (size before relaxing)
 .debug_str     0x0000114c      0x42a /tmp/ccgWHfgk.ltrans1.ltrans.o
                                0x9e5 (size before relaxing)
 .debug_str     0x00001576      0xa4d /tmp/ccgWHfgk.ltrans2.ltrans.o
                               0x1142 (size before relaxing)
 .debug_str     0x00001fc3      0xc19 /tmp/ccgWHfgk.ltrans3.ltrans.o
                               0x193e (size before relaxing)
 .debug_str     0x00002bdc      0x483 /tmp/ccgWHfgk.ltrans4.ltrans.o
                               0x11f9 (size before relaxing)
 .debug_str     0x0000305f      0x4ae /tmp/ccgWHfgk.ltrans5.ltrans.o
                                0xa62 (size before relaxing)
 .debug_str     0x0000350d      0x336 /tmp/ccgWHfgk.ltrans6.ltrans.o
                                0xa11 (size before relaxing)
 .debug_str     0x00003843      0x397 /tmp/ccgWHfgk.ltrans7.ltrans.o
                                0xbc4 (size before relaxing)
 .debug_str     0x00003bda      0x2a1 /tmp/ccgWHfgk.ltrans8.ltrans.o
                                0xa52 (size before relaxing)
 .debug_str     0x00003e7b      0x2ab /tmp/ccgWHfgk.ltrans9.ltrans.o
                                0x871 (size before relaxing)
 .debug_str     0x00004126      0x423 /tmp/ccgWHfgk.ltrans10.ltrans.o
                               0x1098 (size before relaxing)

.debug_frame    0x00000000     0x1f9c
 .debug_frame   0x00000000      0x7c0 /tmp/ccgWHfgk.ltrans0.ltrans.o
 .debug_frame   0x000007c0      0x300 /tmp/ccgWHfgk.ltrans1.ltrans.o
 .debug_frame   0x00000ac0      0x2ac /tmp/ccgWHfgk.ltrans2.ltrans.o
 .debug_frame   0x00000d6c      0x2b0 /tmp/ccgWHfgk.ltrans3.ltrans.o
 .debug_frame   0x0000101c      0x314 /tmp/ccgWHfgk.ltrans4.ltrans.o
 .debug_frame   0x00001330      0x1d0 /tmp/ccgWHfgk.ltrans5.ltrans.o
 .debug_frame   0x00001500      0x224 /tmp/ccgWHfgk.ltrans6.ltrans.o
 .debug_frame   0x00001724      0x37c /tmp/ccgWHfgk.ltrans7.ltrans.o
 .debug_frame   0x00001aa0       0x8c /tmp/ccgWHfgk.ltrans8.ltrans.o
 .debug_frame   0x00001b2c      0x124 /tmp/ccgWHfgk.ltrans9.ltrans.o
 .debug_frame   0x00001c50      0x230 /tmp/ccgWHfgk.ltrans10.ltrans.o
 .debug_frame   0x00001e80       0x34 /home/laurence/ARM-GCC/gcc-arm-none-eabi-4_9-2014q4/bin/../lib/gcc/arm-none-eabi/4.9.3/../../../../arm-none-eabi/lib/armv7-m/libg.a(lib_a-memset.o)
 .debug_frame   0x00001eb4       0x2c /home/laurence/ARM-GCC/gcc-arm-none-eabi-4_9-2014q4/bin/../lib/gcc/arm-none-eabi/4.9.3/../../../../arm-none-eabi/lib/armv7-m/libg.a(lib_a-strcasecmp.o)
 .debug_frame   0x00001ee0       0x20 /home/laurence/ARM-GCC/gcc-arm-none-eabi-4_9-2014q4/bin/../lib/gcc/arm-none-eabi/4.9.3/../../../../arm-none-eabi/lib/armv7-m/libg.a(lib_a-strlen.o)
 .debug_frame   0x00001f00       0x34 /home/laurence/ARM-GCC/gcc-arm-none-eabi-4_9-2014q4/bin/../lib/gcc/arm-none-eabi/4.9.3/../../../../arm-none-eabi/lib/armv7-m/libg.a(lib_a-strncpy.o)
 .debug_frame   0x00001f34       0x34 /home/laurence/ARM-GCC/gcc-arm-none-eabi-4_9-2014q4/bin/../lib/gcc/arm-none-eabi/4.9.3/../../../../arm-none-eabi/lib/armv7-m/libg.a(lib_a-strpbrk.o)
 .debug_frame   0x00001f68       0x34 /home/laurence/ARM-GCC/gcc-arm-none-eabi-4_9-2014q4/bin/../lib/gcc/arm-none-eabi/4.9.3/../../../../arm-none-eabi/lib/armv7-m/libg.a(lib_a-strspn.o)

Cross Reference Table

Symbol                                            File
Active_Frequency                                  /tmp/ccgWHfgk.ltrans8.ltrans.o
                                                  build/obj/Si446x_thread.o (symbol from plugin)
                                                  /tmp/ccgWHfgk.ltrans3.ltrans.o
Active_banddiv                                    build/obj/Si446x_thread.o (symbol from plugin)
Active_channel                                    /tmp/ccgWHfgk.ltrans8.ltrans.o
                                                  build/obj/Si446x_thread.o (symbol from plugin)
                                                  /tmp/ccgWHfgk.ltrans3.ltrans.o
Active_level                                      build/obj/Si446x_thread.o (symbol from plugin)
Active_shift                                      build/obj/Si446x_thread.o (symbol from plugin)
BusFault_Handler                                  /tmp/ccgWHfgk.ltrans0.ltrans.o
                                                  build/obj/vectors.o (symbol from plugin)
                                                  /tmp/ccgWHfgk.ltrans2.ltrans.o
Command                                           /tmp/ccgWHfgk.ltrans8.ltrans.o
                                                  build/obj/Si446x_thread.o (symbol from plugin)
                                                  /tmp/ccgWHfgk.ltrans3.ltrans.o
Command_string                                    /tmp/ccgWHfgk.ltrans8.ltrans.o
                                                  build/obj/Si446x_thread.o (symbol from plugin)
                                                  /tmp/ccgWHfgk.ltrans3.ltrans.o
DebugMon_Handler                                  /tmp/ccgWHfgk.ltrans0.ltrans.o
                                                  build/obj/vectors.o (symbol from plugin)
                                                  /tmp/ccgWHfgk.ltrans2.ltrans.o
GPTD3                                             /tmp/ccgWHfgk.ltrans10.ltrans.o
                                                  build/obj/gpt_lld.o (symbol from plugin)
                                                  /tmp/ccgWHfgk.ltrans8.ltrans.o
                                                  /tmp/ccgWHfgk.ltrans7.ltrans.o
                                                  /tmp/ccgWHfgk.ltrans3.ltrans.o
                                                  /tmp/ccgWHfgk.ltrans2.ltrans.o
                                                  build/obj/Si446x_thread.o (symbol from plugin)
GPTD4                                             /tmp/ccgWHfgk.ltrans8.ltrans.o
                                                  build/obj/gpt_lld.o (symbol from plugin)
                                                  /tmp/ccgWHfgk.ltrans7.ltrans.o
                                                  /tmp/ccgWHfgk.ltrans3.ltrans.o
                                                  /tmp/ccgWHfgk.ltrans2.ltrans.o
                                                  build/obj/Si446x_thread.o (symbol from plugin)
HardFault_Handler                                 /tmp/ccgWHfgk.ltrans0.ltrans.o
                                                  build/obj/vectors.o (symbol from plugin)
                                                  /tmp/ccgWHfgk.ltrans2.ltrans.o
MemManage_Handler                                 /tmp/ccgWHfgk.ltrans0.ltrans.o
                                                  build/obj/vectors.o (symbol from plugin)
                                                  /tmp/ccgWHfgk.ltrans2.ltrans.o
NMI_Handler                                       /tmp/ccgWHfgk.ltrans0.ltrans.o
                                                  build/obj/vectors.o (symbol from plugin)
                                                  /tmp/ccgWHfgk.ltrans2.ltrans.o
Outdiv                                            build/obj/Si446x_thread.o (symbol from plugin)
PendSV_Handler                                    /tmp/ccgWHfgk.ltrans0.ltrans.o
                                                  build/obj/vectors.o (symbol from plugin)
                                                  /tmp/ccgWHfgk.ltrans2.ltrans.o
RF_switch                                         build/obj/Si446x_thread.o (symbol from plugin)
RF_switch.part.6.lto_priv.80                      /tmp/ccgWHfgk.ltrans10.ltrans.o
                                                  /tmp/ccgWHfgk.ltrans8.ltrans.o
Reset_Handler                                     /tmp/ccgWHfgk.ltrans0.ltrans.o
                                                  build/obj/crt0.o (symbol from plugin)
                                                  /tmp/ccgWHfgk.ltrans2.ltrans.o
SDU1                                              build/obj/main.o (symbol from plugin)
                                                  build/obj/usbcfg.o (symbol from plugin)
SI_Thread.lto_priv.84                             /tmp/ccgWHfgk.ltrans8.ltrans.o
                                                  /tmp/ccgWHfgk.ltrans3.ltrans.o
SPID1                                             /tmp/ccgWHfgk.ltrans10.ltrans.o
                                                  build/obj/spi_lld.o (symbol from plugin)
                                                  /tmp/ccgWHfgk.ltrans8.ltrans.o
                                                  /tmp/ccgWHfgk.ltrans3.ltrans.o
                                                  build/obj/Si446x_thread.o (symbol from plugin)
SVC_Handler                                       /tmp/ccgWHfgk.ltrans0.ltrans.o
                                                  build/obj/chcore_v7m.o (symbol from plugin)
                                                  build/obj/vectors.o (symbol from plugin)
                                                  /tmp/ccgWHfgk.ltrans2.ltrans.o
Silabs_Header                                     build/obj/Si446x_thread.o (symbol from plugin)
Silabs_Part_ID                                    /tmp/ccgWHfgk.ltrans8.ltrans.o
                                                  build/obj/Si446x_thread.o (symbol from plugin)
                                                  /tmp/ccgWHfgk.ltrans3.ltrans.o
Silabs_busy                                       /tmp/ccgWHfgk.ltrans8.ltrans.o
                                                  build/obj/Si446x_thread.o (symbol from plugin)
                                                  /tmp/ccgWHfgk.ltrans3.ltrans.o
Silabs_callback                                   /tmp/ccgWHfgk.ltrans8.ltrans.o
                                                  build/obj/Si446x_thread.o (symbol from plugin)
                                                  /tmp/ccgWHfgk.ltrans3.ltrans.o
Spawn_Si446x_Thread                               build/obj/Si446x_thread.o (symbol from plugin)
                                                  build/obj/main.o (symbol from plugin)
SysTick_Handler                                   /tmp/ccgWHfgk.ltrans0.ltrans.o
                                                  build/obj/vectors.o (symbol from plugin)
                                                  /tmp/ccgWHfgk.ltrans2.ltrans.o
TestThread                                        /tmp/ccgWHfgk.ltrans0.ltrans.o
                                                  build/obj/test.o (symbol from plugin)
                                                  /tmp/ccgWHfgk.ltrans3.ltrans.o
                                                  build/obj/main.o (symbol from plugin)
USBD1                                             /tmp/ccgWHfgk.ltrans3.ltrans.o
                                                  build/obj/usb_lld.o (symbol from plugin)
                                                  /tmp/ccgWHfgk.ltrans2.ltrans.o
                                                  build/obj/usbcfg.o (symbol from plugin)
UsageFault_Handler                                /tmp/ccgWHfgk.ltrans0.ltrans.o
                                                  build/obj/vectors.o (symbol from plugin)
                                                  /tmp/ccgWHfgk.ltrans2.ltrans.o
Vector100                                         /tmp/ccgWHfgk.ltrans0.ltrans.o
                                                  build/obj/vectors.o (symbol from plugin)
                                                  /tmp/ccgWHfgk.ltrans2.ltrans.o
Vector104                                         /tmp/ccgWHfgk.ltrans0.ltrans.o
                                                  build/obj/vectors.o (symbol from plugin)
                                                  /tmp/ccgWHfgk.ltrans2.ltrans.o
Vector108                                         /tmp/ccgWHfgk.ltrans0.ltrans.o
                                                  build/obj/vectors.o (symbol from plugin)
                                                  /tmp/ccgWHfgk.ltrans2.ltrans.o
Vector10C                                         /tmp/ccgWHfgk.ltrans0.ltrans.o
                                                  build/obj/vectors.o (symbol from plugin)
                                                  /tmp/ccgWHfgk.ltrans2.ltrans.o
Vector110                                         /tmp/ccgWHfgk.ltrans0.ltrans.o
                                                  build/obj/vectors.o (symbol from plugin)
                                                  /tmp/ccgWHfgk.ltrans2.ltrans.o
Vector114                                         /tmp/ccgWHfgk.ltrans0.ltrans.o
                                                  build/obj/vectors.o (symbol from plugin)