Archive member included because of file (symbol)

/home/laurence/ARM-GCC/gcc-arm-none-eabi-4_9-2014q4/bin/../lib/gcc/arm-none-eabi/4.9.3/armv7-m/libgcc.a(_arm_addsubdf3.o)
                              /tmp/ccMm6SEV.ltrans9.ltrans.o (__aeabi_dsub)
/home/laurence/ARM-GCC/gcc-arm-none-eabi-4_9-2014q4/bin/../lib/gcc/arm-none-eabi/4.9.3/armv7-m/libgcc.a(_arm_muldivdf3.o)
                              /tmp/ccMm6SEV.ltrans9.ltrans.o (__aeabi_dmul)
/home/laurence/ARM-GCC/gcc-arm-none-eabi-4_9-2014q4/bin/../lib/gcc/arm-none-eabi/4.9.3/armv7-m/libgcc.a(_arm_fixdfsi.o)
                              /tmp/ccMm6SEV.ltrans9.ltrans.o (__aeabi_d2iz)
/home/laurence/ARM-GCC/gcc-arm-none-eabi-4_9-2014q4/bin/../lib/gcc/arm-none-eabi/4.9.3/armv7-m/libgcc.a(_arm_fixunsdfsi.o)
                              /tmp/ccMm6SEV.ltrans10.ltrans.o (__aeabi_d2uiz)
/home/laurence/ARM-GCC/gcc-arm-none-eabi-4_9-2014q4/bin/../lib/gcc/arm-none-eabi/4.9.3/armv7-m/libgcc.a(_arm_truncdfsf2.o)
                              /tmp/ccMm6SEV.ltrans9.ltrans.o (__aeabi_d2f)
/home/laurence/ARM-GCC/gcc-arm-none-eabi-4_9-2014q4/bin/../lib/gcc/arm-none-eabi/4.9.3/armv7-m/libgcc.a(_arm_addsubsf3.o)
                              /tmp/ccMm6SEV.ltrans1.ltrans.o (__aeabi_fsub)
/home/laurence/ARM-GCC/gcc-arm-none-eabi-4_9-2014q4/bin/../lib/gcc/arm-none-eabi/4.9.3/armv7-m/libgcc.a(_arm_muldivsf3.o)
                              /tmp/ccMm6SEV.ltrans1.ltrans.o (__aeabi_fmul)
/home/laurence/ARM-GCC/gcc-arm-none-eabi-4_9-2014q4/bin/../lib/gcc/arm-none-eabi/4.9.3/armv7-m/libgcc.a(_arm_cmpsf2.o)
                              /tmp/ccMm6SEV.ltrans9.ltrans.o (__aeabi_fcmplt)
/home/laurence/ARM-GCC/gcc-arm-none-eabi-4_9-2014q4/bin/../lib/gcc/arm-none-eabi/4.9.3/armv7-m/libgcc.a(_arm_fixsfsi.o)
                              /tmp/ccMm6SEV.ltrans9.ltrans.o (__aeabi_f2iz)
/home/laurence/ARM-GCC/gcc-arm-none-eabi-4_9-2014q4/bin/../lib/gcc/arm-none-eabi/4.9.3/armv7-m/libgcc.a(_arm_fixunssfsi.o)
                              /tmp/ccMm6SEV.ltrans1.ltrans.o (__aeabi_f2uiz)
/home/laurence/ARM-GCC/gcc-arm-none-eabi-4_9-2014q4/bin/../lib/gcc/arm-none-eabi/4.9.3/../../../../arm-none-eabi/lib/armv7-m/libg.a(lib_a-memset.o)
                              /tmp/ccMm6SEV.ltrans2.ltrans.o (memset)
/home/laurence/ARM-GCC/gcc-arm-none-eabi-4_9-2014q4/bin/../lib/gcc/arm-none-eabi/4.9.3/../../../../arm-none-eabi/lib/armv7-m/libg.a(lib_a-strcasecmp.o)
                              /tmp/ccMm6SEV.ltrans9.ltrans.o (strcasecmp)
/home/laurence/ARM-GCC/gcc-arm-none-eabi-4_9-2014q4/bin/../lib/gcc/arm-none-eabi/4.9.3/../../../../arm-none-eabi/lib/armv7-m/libg.a(lib_a-strlen.o)
                              /tmp/ccMm6SEV.ltrans1.ltrans.o (strlen)
/home/laurence/ARM-GCC/gcc-arm-none-eabi-4_9-2014q4/bin/../lib/gcc/arm-none-eabi/4.9.3/../../../../arm-none-eabi/lib/armv7-m/libg.a(lib_a-strncpy.o)
                              /tmp/ccMm6SEV.ltrans1.ltrans.o (strncpy)
/home/laurence/ARM-GCC/gcc-arm-none-eabi-4_9-2014q4/bin/../lib/gcc/arm-none-eabi/4.9.3/../../../../arm-none-eabi/lib/armv7-m/libg.a(lib_a-strpbrk.o)
                              /tmp/ccMm6SEV.ltrans11.ltrans.o (strpbrk)
/home/laurence/ARM-GCC/gcc-arm-none-eabi-4_9-2014q4/bin/../lib/gcc/arm-none-eabi/4.9.3/../../../../arm-none-eabi/lib/armv7-m/libg.a(lib_a-strspn.o)
                              /tmp/ccMm6SEV.ltrans11.ltrans.o (strspn)
/home/laurence/ARM-GCC/gcc-arm-none-eabi-4_9-2014q4/bin/../lib/gcc/arm-none-eabi/4.9.3/../../../../arm-none-eabi/lib/armv7-m/libg.a(lib_a-ctype_.o)
                              /home/laurence/ARM-GCC/gcc-arm-none-eabi-4_9-2014q4/bin/../lib/gcc/arm-none-eabi/4.9.3/../../../../arm-none-eabi/lib/armv7-m/libg.a(lib_a-strcasecmp.o) (__ctype_ptr__)

Discarded input sections

 .data          0x00000000        0x0 build/obj/chcoreasm_v7m.o
 .bss           0x00000000        0x0 build/obj/chcoreasm_v7m.o
 .text          0x00000000        0x0 build/obj/crt0.o (symbol from plugin)
 .text          0x00000000        0x0 /tmp/ccMm6SEV.ltrans0.ltrans.o
 .data          0x00000000        0x0 /tmp/ccMm6SEV.ltrans0.ltrans.o
 .bss           0x00000000        0x0 /tmp/ccMm6SEV.ltrans0.ltrans.o
 .text          0x00000000        0x0 /tmp/ccMm6SEV.ltrans1.ltrans.o
 .data          0x00000000        0x0 /tmp/ccMm6SEV.ltrans1.ltrans.o
 .bss           0x00000000        0x0 /tmp/ccMm6SEV.ltrans1.ltrans.o
 .text          0x00000000        0x0 /tmp/ccMm6SEV.ltrans2.ltrans.o
 .data          0x00000000        0x0 /tmp/ccMm6SEV.ltrans2.ltrans.o
 .bss           0x00000000        0x0 /tmp/ccMm6SEV.ltrans2.ltrans.o
 .text          0x00000000        0x0 /tmp/ccMm6SEV.ltrans3.ltrans.o
 .data          0x00000000        0x0 /tmp/ccMm6SEV.ltrans3.ltrans.o
 .bss           0x00000000        0x0 /tmp/ccMm6SEV.ltrans3.ltrans.o
 .text          0x00000000        0x0 /tmp/ccMm6SEV.ltrans4.ltrans.o
 .data          0x00000000        0x0 /tmp/ccMm6SEV.ltrans4.ltrans.o
 .bss           0x00000000        0x0 /tmp/ccMm6SEV.ltrans4.ltrans.o
[...]
Memory Configuration

Name             Origin             Length             Attributes
flash            0x08000000         0x00020000
ram              0x20000000         0x00005000
*default*        0x00000000         0xffffffff

Linker script and memory map

LOAD build/obj/chcoreasm_v7m.o
LOAD build/obj/crt0.o
LOAD /tmp/ccMm6SEV.ltrans0.ltrans.o
LOAD /tmp/ccMm6SEV.ltrans1.ltrans.o
LOAD /tmp/ccMm6SEV.ltrans2.ltrans.o
LOAD /tmp/ccMm6SEV.ltrans3.ltrans.o
LOAD /tmp/ccMm6SEV.ltrans4.ltrans.o
LOAD /tmp/ccMm6SEV.ltrans5.ltrans.o
LOAD /tmp/ccMm6SEV.ltrans6.ltrans.o
LOAD /tmp/ccMm6SEV.ltrans7.ltrans.o
LOAD /tmp/ccMm6SEV.ltrans8.ltrans.o
LOAD /tmp/ccMm6SEV.ltrans9.ltrans.o
LOAD /tmp/ccMm6SEV.ltrans10.ltrans.o
LOAD /tmp/ccMm6SEV.ltrans11.ltrans.o
LOAD /home/laurence/ARM-GCC/gcc-arm-none-eabi-4_9-2014q4/bin/../lib/gcc/arm-none-eabi/4.9.3/armv7-m/libgcc.a
LOAD /home/laurence/ARM-GCC/gcc-arm-none-eabi-4_9-2014q4/bin/../lib/gcc/arm-none-eabi/4.9.3/../../../../arm-none-eabi/lib/armv7-m/libg.a
LOAD /home/laurence/ARM-GCC/gcc-arm-none-eabi-4_9-2014q4/bin/../lib/gcc/arm-none-eabi/4.9.3/../../../../arm-none-eabi/lib/armv7-m/libc.a
LOAD build/obj/vectors.o
LOAD build/obj/chcore.o
LOAD build/obj/chcore_v7m.o
LOAD build/obj/chsys.o
LOAD build/obj/chdebug.o
LOAD build/obj/chtm.o
LOAD build/obj/chstats.o
LOAD build/obj/chschd.o
LOAD build/obj/chvt.o
LOAD build/obj/chthreads.o
LOAD build/obj/chdynamic.o
LOAD build/obj/chregistry.o
LOAD build/obj/chsem.o
LOAD build/obj/chmtx.o
LOAD build/obj/chcond.o
LOAD build/obj/chevents.o
LOAD build/obj/chmsg.o
LOAD build/obj/chmboxes.o
LOAD build/obj/chqueues.o
LOAD build/obj/chmemcore.o
LOAD build/obj/chheap.o
LOAD build/obj/chmempools.o
LOAD build/obj/test.o
LOAD build/obj/testthd.o
LOAD build/obj/testsem.o
LOAD build/obj/testmtx.o
LOAD build/obj/testmsg.o
LOAD build/obj/testmbox.o
LOAD build/obj/testevt.o
LOAD build/obj/testheap.o
LOAD build/obj/testpools.o
LOAD build/obj/testdyn.o
LOAD build/obj/testqueues.o
LOAD build/obj/testbmk.o
LOAD build/obj/hal.o
LOAD build/obj/hal_queues.o
LOAD build/obj/hal_mmcsd.o
LOAD build/obj/adc.o
LOAD build/obj/can.o
LOAD build/obj/dac.o
LOAD build/obj/ext.o
LOAD build/obj/gpt.o
LOAD build/obj/i2c.o
LOAD build/obj/i2s.o
LOAD build/obj/icu.o
LOAD build/obj/mac.o
LOAD build/obj/mmc_spi.o
LOAD build/obj/pal.o
LOAD build/obj/pwm.o
LOAD build/obj/rtc.o
LOAD build/obj/sdc.o
LOAD build/obj/serial.o
LOAD build/obj/serial_usb.o
LOAD build/obj/spi.o
LOAD build/obj/st.o
LOAD build/obj/uart.o
LOAD build/obj/usb.o
LOAD build/obj/osal.o
LOAD build/obj/nvic.o
LOAD build/obj/stm32_dma.o
LOAD build/obj/hal_lld.o
LOAD build/obj/adc_lld.o
LOAD build/obj/ext_lld_isr.o
LOAD build/obj/can_lld.o
LOAD build/obj/ext_lld.o
LOAD build/obj/mac_lld.o
LOAD build/obj/sdc_lld.o
LOAD build/obj/pal_lld.o
LOAD build/obj/i2c_lld.o
LOAD build/obj/rtc_lld.o
LOAD build/obj/spi_lld.o
LOAD build/obj/gpt_lld.o
LOAD build/obj/icu_lld.o
LOAD build/obj/pwm_lld.o
LOAD build/obj/st_lld.o
LOAD build/obj/serial_lld.o
LOAD build/obj/uart_lld.o
LOAD build/obj/usb_lld.o
LOAD build/obj/board.o
LOAD build/obj/shell.o
LOAD build/obj/chprintf.o
LOAD build/obj/main.o
LOAD build/obj/usbcfg.o
LOAD build/obj/Si446x_thread.o
                0x20000000                __ram_start__ = ORIGIN (ram)
                0x00005000                __ram_size__ = 0x5000
                0x20005000                __ram_end__ = (__ram_start__ + __ram_size__)
                0x00000000                . = 0x0
                0x00000000                _text = .

startup         0x08000000      0x140
 *(vectors)
 vectors        0x08000000      0x140 /tmp/ccMm6SEV.ltrans8.ltrans.o
                0x08000000                _vectors

constructors    0x08000140        0x0
                0x08000140                PROVIDE (__init_array_start, .)
 *(SORT(.init_array.*))
 *(.init_array)
                0x08000140                PROVIDE (__init_array_end, .)

destructors     0x08000140        0x0
                0x08000140                PROVIDE (__fini_array_start, .)
 *(.fini_array)
 *(SORT(.fini_array.*))
                0x08000140                PROVIDE (__fini_array_end, .)

.text           0x08000140     0xaed4
 *(.text.startup.*)
 .text.startup.main
                0x08000140      0x550 /tmp/ccMm6SEV.ltrans1.ltrans.o
                0x08000140                main
 *(.text)
 .text          0x08000690       0x26 build/obj/chcoreasm_v7m.o
                0x08000690                _port_switch
                0x080006a0                _port_thread_start
                0x080006ae                _port_switch_from_isr
                0x080006b2                _port_exit_from_isr
 *fill*         0x080006b6        0xa 
 .text          0x080006c0      0x370 /home/laurence/ARM-GCC/gcc-arm-none-eabi-4_9-2014q4/bin/../lib/gcc/arm-none-eabi/4.9.3/armv7-m/libgcc.a(_arm_addsubdf3.o)
                0x080006c0                __aeabi_drsub
                0x080006c8                __aeabi_dsub
                0x080006c8                __subdf3
                0x080006cc                __adddf3
                0x080006cc                __aeabi_dadd
                0x08000944                __aeabi_ui2d
                0x08000944                __floatunsidf
                0x08000964                __floatsidf
                0x08000964                __aeabi_i2d
                0x08000988                __extendsfdf2
                0x08000988                __aeabi_f2d
                0x080009c4                __aeabi_ul2d
                0x080009c4                __floatundidf
                0x080009d4                __floatdidf
                0x080009d4                __aeabi_l2d
 .text          0x08000a30      0x424 /home/laurence/ARM-GCC/gcc-arm-none-eabi-4_9-2014q4/bin/../lib/gcc/arm-none-eabi/4.9.3/armv7-m/libgcc.a(_arm_muldivdf3.o)
                0x08000a30                __aeabi_dmul
                0x08000a30                __muldf3
                0x08000c84                __aeabi_ddiv
                0x08000c84                __divdf3
 *fill*         0x08000e54        0xc 
 .text          0x08000e60       0x50 /home/laurence/ARM-GCC/gcc-arm-none-eabi-4_9-2014q4/bin/../lib/gcc/arm-none-eabi/4.9.3/armv7-m/libgcc.a(_arm_fixdfsi.o)
                0x08000e60                __fixdfsi
                0x08000e60                __aeabi_d2iz
 .text          0x08000eb0       0x40 /home/laurence/ARM-GCC/gcc-arm-none-eabi-4_9-2014q4/bin/../lib/gcc/arm-none-eabi/4.9.3/armv7-m/libgcc.a(_arm_fixunsdfsi.o)
                0x08000eb0                __fixunsdfsi
                0x08000eb0                __aeabi_d2uiz
 .text          0x08000ef0       0xa0 /home/laurence/ARM-GCC/gcc-arm-none-eabi-4_9-2014q4/bin/../lib/gcc/arm-none-eabi/4.9.3/armv7-m/libgcc.a(_arm_truncdfsf2.o)
                0x08000ef0                __aeabi_d2f
                0x08000ef0                __truncdfsf2
 .text          0x08000f90      0x21c /home/laurence/ARM-GCC/gcc-arm-none-eabi-4_9-2014q4/bin/../lib/gcc/arm-none-eabi/4.9.3/armv7-m/libgcc.a(_arm_addsubsf3.o)
                0x08000f90                __aeabi_frsub
                0x08000f98                __subsf3
                0x08000f98                __aeabi_fsub
                0x08000f9c                __aeabi_fadd
                0x08000f9c                __addsf3
                0x080010fc                __aeabi_ui2f
                0x080010fc                __floatunsisf
                0x08001104                __aeabi_i2f
                0x08001104                __floatsisf
                0x08001120                __floatundisf
                0x08001120                __aeabi_ul2f
                0x08001130                __floatdisf
                0x08001130                __aeabi_l2f
 *fill*         0x080011ac        0x4 
 .text          0x080011b0      0x2a0 /home/laurence/ARM-GCC/gcc-arm-none-eabi-4_9-2014q4/bin/../lib/gcc/arm-none-eabi/4.9.3/armv7-m/libgcc.a(_arm_muldivsf3.o)
                0x080011b0                __mulsf3
                0x080011b0                __aeabi_fmul
                0x08001318                __divsf3
                0x08001318                __aeabi_fdiv
 .text          0x08001450       0xec /home/laurence/ARM-GCC/gcc-arm-none-eabi-4_9-2014q4/bin/../lib/gcc/arm-none-eabi/4.9.3/armv7-m/libgcc.a(_arm_cmpsf2.o)
                0x08001450                __gtsf2
                0x08001450                __gesf2
                0x08001458                __lesf2
                0x08001458                __ltsf2
                0x08001460                __nesf2
                0x08001460                __eqsf2
                0x08001460                __cmpsf2
                0x080014c0                __aeabi_cfrcmple
                0x080014c8                __aeabi_cfcmple
                0x080014c8                __aeabi_cfcmpeq
                0x080014d8                __aeabi_fcmpeq
                0x080014ec                __aeabi_fcmplt
                0x08001500                __aeabi_fcmple
                0x08001514                __aeabi_fcmpge
                0x08001528                __aeabi_fcmpgt
 *fill*         0x0800153c        0x4 
 .text          0x08001540       0x4c /home/laurence/ARM-GCC/gcc-arm-none-eabi-4_9-2014q4/bin/../lib/gcc/arm-none-eabi/4.9.3/armv7-m/libgcc.a(_arm_fixsfsi.o)
                0x08001540                __fixsfsi
                0x08001540                __aeabi_f2iz
 *fill*         0x0800158c        0x4 
 .text          0x08001590       0x40 /home/laurence/ARM-GCC/gcc-arm-none-eabi-4_9-2014q4/bin/../lib/gcc/arm-none-eabi/4.9.3/armv7-m/libgcc.a(_arm_fixunssfsi.o)
                0x08001590                __aeabi_f2uiz
                0x08001590                __fixunssfsi
 *(.text.*)
 .text.dyn3_setup.lto_priv.164
                0x080015d0       0x30 /tmp/ccMm6SEV.ltrans0.ltrans.o
                0x080015d0                dyn3_setup.lto_priv.164
 .text.dyn2_setup.lto_priv.162
                0x08001600       0x20 /tmp/ccMm6SEV.ltrans0.ltrans.o
                0x08001600                dyn2_setup.lto_priv.162
 .text.dyn1_setup.lto_priv.160
                0x08001620       0x30 /tmp/ccMm6SEV.ltrans0.ltrans.o
                0x08001620                dyn1_setup.lto_priv.160
 .text.null_provider
                0x08001650       0x10 /tmp/ccMm6SEV.ltrans0.ltrans.o
 .text.pools1_setup.lto_priv.158
                0x08001660       0x20 /tmp/ccMm6SEV.ltrans0.ltrans.o
                0x08001660                pools1_setup.lto_priv.158
 .text.heap1_setup.lto_priv.156
                0x08001680       0x30 /tmp/ccMm6SEV.ltrans0.ltrans.o
                0x08001680                heap1_setup.lto_priv.156
 .text.pools1_execute.lto_priv.159
                0x080016b0       0xd0 /tmp/ccMm6SEV.ltrans0.ltrans.o
                0x080016b0                pools1_execute.lto_priv.159
 .text.dyn2_execute.lto_priv.163
                0x08001780       0xf0 /tmp/ccMm6SEV.ltrans0.ltrans.o
                0x08001780                dyn2_execute.lto_priv.163
 .text.thread.lto_priv.72
                0x08001870       0x10 /tmp/ccMm6SEV.ltrans0.ltrans.o
                0x08001870                thread.lto_priv.72
 .text.dyn1_execute.lto_priv.161
                0x08001880      0x100 /tmp/ccMm6SEV.ltrans0.ltrans.o
                0x08001880                dyn1_execute.lto_priv.161
 .text.heap1_execute.lto_priv.157
                0x08001980      0x240 /tmp/ccMm6SEV.ltrans0.ltrans.o
                0x08001980                heap1_execute.lto_priv.157
 .text.evt3_execute.lto_priv.155
                0x08001bc0      0x160 /tmp/ccMm6SEV.ltrans0.ltrans.o
                0x08001bc0                evt3_execute.lto_priv.155
 .text.evt3_setup.lto_priv.154
                0x08001d20       0x10 /tmp/ccMm6SEV.ltrans0.ltrans.o
                0x08001d20                evt3_setup.lto_priv.154
 .text.evt2_execute.lto_priv.153
                0x08001d30      0x2f0 /tmp/ccMm6SEV.ltrans0.ltrans.o
                0x08001d30                evt2_execute.lto_priv.153
 .text.thread2  0x08002020       0x40 /tmp/ccMm6SEV.ltrans0.ltrans.o
 .text.thread1  0x08002060       0x30 /tmp/ccMm6SEV.ltrans0.ltrans.o
 .text.regfind.lto_priv.112
                0x08002090       0x40 /tmp/ccMm6SEV.ltrans0.ltrans.o
                0x08002090                regfind.lto_priv.112
 .text.spicb.lto_priv.77
                0x080020d0       0x20 /tmp/ccMm6SEV.ltrans1.ltrans.o
                0x080020d0                spicb.lto_priv.77
 .text.get_descriptor
                0x080020f0       0x30 /tmp/ccMm6SEV.ltrans1.ltrans.o
 .text.Thread1  0x08002120       0x50 /tmp/ccMm6SEV.ltrans1.ltrans.o
 .text.switch_off_callback.lto_priv.79
                0x08002170       0x20 /tmp/ccMm6SEV.ltrans1.ltrans.o
                0x08002170                switch_off_callback.lto_priv.79
 .text.switch_output_callback.lto_priv.78
                0x08002190       0x30 /tmp/ccMm6SEV.ltrans1.ltrans.o
                0x08002190                switch_output_callback.lto_priv.78
 .text.chprintf.lto_priv.82
                0x080021c0       0x20 /tmp/ccMm6SEV.ltrans1.ltrans.o
 .text.silabs_get_part_id
                0x080021e0       0x30 /tmp/ccMm6SEV.ltrans1.ltrans.o
 .text.silabs_set_header
                0x08002210       0x80 /tmp/ccMm6SEV.ltrans1.ltrans.o
 .text.silabs_send_packet
                0x08002290       0x80 /tmp/ccMm6SEV.ltrans1.ltrans.o
 .text.silabs_send_command
                0x08002310       0x80 /tmp/ccMm6SEV.ltrans1.ltrans.o
 .text.silabs_set_channel
                0x08002390       0x90 /tmp/ccMm6SEV.ltrans1.ltrans.o
 .text.silabs_tune_reset
                0x08002420       0x70 /tmp/ccMm6SEV.ltrans1.ltrans.o
 .text.silabs_tune_down
                0x08002490       0x70 /tmp/ccMm6SEV.ltrans1.ltrans.o
 .text.silabs_tune_up
                0x08002500       0x70 /tmp/ccMm6SEV.ltrans1.ltrans.o
 .text.usb_event
                0x08002570       0xb0 /tmp/ccMm6SEV.ltrans1.ltrans.o
 .text.cmd_help
                0x08002620       0x10 /tmp/ccMm6SEV.ltrans1.ltrans.o
 .text.si446x_spi
                0x08002630      0x120 /tmp/ccMm6SEV.ltrans1.ltrans.o
                0x08002630                si446x_spi
 .text.si446x_set_frequency
                0x08002750      0x1e0 /tmp/ccMm6SEV.ltrans1.ltrans.o
                0x08002750                si446x_set_frequency
 .text.usbStartTransmitI
                0x08002930       0x40 /tmp/ccMm6SEV.ltrans2.ltrans.o
 .text.set_address
                0x08002970       0x30 /tmp/ccMm6SEV.ltrans2.ltrans.o
 .text.sduInterruptTransmitted
                0x080029a0       0x10 /tmp/ccMm6SEV.ltrans2.ltrans.o
                0x080029a0                sduInterruptTransmitted
 .text.sduRequestsHook
                0x080029b0       0x40 /tmp/ccMm6SEV.ltrans2.ltrans.o
                0x080029b0                sduRequestsHook
 .text.bmk12_setup.lto_priv.183
                0x080029f0       0x10 /tmp/ccMm6SEV.ltrans2.ltrans.o
                0x080029f0                bmk12_setup.lto_priv.183
 .text.bmk11_setup.lto_priv.181
                0x08002a00       0x10 /tmp/ccMm6SEV.ltrans2.ltrans.o
                0x08002a00                bmk11_setup.lto_priv.181
 .text._usb_ep0out
                0x08002a10       0x90 /tmp/ccMm6SEV.ltrans2.ltrans.o
                0x08002a10                _usb_ep0out
 .text.onotify.lto_priv.86
                0x08002aa0       0x70 /tmp/ccMm6SEV.ltrans2.ltrans.o
                0x08002aa0                onotify.lto_priv.86
 .text.sduDataTransmitted
                0x08002b10       0x90 /tmp/ccMm6SEV.ltrans2.ltrans.o
                0x08002b10                sduDataTransmitted
 .text.readt.lto_priv.97
                0x08002ba0       0x10 /tmp/ccMm6SEV.ltrans2.ltrans.o
                0x08002ba0                readt.lto_priv.97
 .text.read.lto_priv.91
                0x08002bb0       0x10 /tmp/ccMm6SEV.ltrans2.ltrans.o
                0x08002bb0                read.lto_priv.91
 .text.writet.lto_priv.96
                0x08002bc0       0x10 /tmp/ccMm6SEV.ltrans2.ltrans.o
                0x08002bc0                writet.lto_priv.96
 .text.write.lto_priv.90
                0x08002bd0       0x10 /tmp/ccMm6SEV.ltrans2.ltrans.o
                0x08002bd0                write.lto_priv.90
 .text.gett.lto_priv.95
                0x08002be0       0x10 /tmp/ccMm6SEV.ltrans2.ltrans.o
                0x08002be0                gett.lto_priv.95
 .text.get.lto_priv.93
                0x08002bf0       0x10 /tmp/ccMm6SEV.ltrans2.ltrans.o
                0x08002bf0                get.lto_priv.93
 .text.putt.lto_priv.94
                0x08002c00       0x10 /tmp/ccMm6SEV.ltrans2.ltrans.o
                0x08002c00                putt.lto_priv.94
 .text.put.lto_priv.92
                0x08002c10       0x10 /tmp/ccMm6SEV.ltrans2.ltrans.o
                0x08002c10                put.lto_priv.92
 .text.bmk13_execute.lto_priv.185
                0x08002c20       0xf0 /tmp/ccMm6SEV.ltrans2.ltrans.o
                0x08002c20                bmk13_execute.lto_priv.185
 .text.bmk12_execute.lto_priv.184
                0x08002d10       0x70 /tmp/ccMm6SEV.ltrans2.ltrans.o
                0x08002d10                bmk12_execute.lto_priv.184
 .text.bmk11_execute.lto_priv.182
                0x08002d80       0x70 /tmp/ccMm6SEV.ltrans2.ltrans.o
                0x08002d80                bmk11_execute.lto_priv.182
 .text.bmk10_execute.lto_priv.180
                0x08002df0       0x80 /tmp/ccMm6SEV.ltrans2.ltrans.o
                0x08002df0                bmk10_execute.lto_priv.180
 .text.usbStartReceiveI
                0x08002e70       0x40 /tmp/ccMm6SEV.ltrans2.ltrans.o
                0x08002e70                usbStartReceiveI
 .text._usb_ep0in
                0x08002eb0       0xe0 /tmp/ccMm6SEV.ltrans2.ltrans.o
                0x08002eb0                _usb_ep0in
 .text._usb_ep0setup
                0x08002f90      0x3d0 /tmp/ccMm6SEV.ltrans2.ltrans.o
                0x08002f90                _usb_ep0setup
 .text.sduDataReceived
                0x08003360       0x80 /tmp/ccMm6SEV.ltrans2.ltrans.o
                0x08003360                sduDataReceived
 .text.inotify.lto_priv.85
                0x080033e0       0x80 /tmp/ccMm6SEV.ltrans2.ltrans.o
                0x080033e0                inotify.lto_priv.85
 .text.usbInitEndpointI
                0x08003460       0x40 /tmp/ccMm6SEV.ltrans2.ltrans.o
                0x08003460                usbInitEndpointI
 .text.gptStart
                0x080034a0       0xc0 /tmp/ccMm6SEV.ltrans2.ltrans.o
                0x080034a0                gptStart
 .text.tmo.lto_priv.105
                0x08003560       0x10 /tmp/ccMm6SEV.ltrans3.ltrans.o
                0x08003560                tmo.lto_priv.105
 .text.bmk7_setup.lto_priv.176
                0x08003570       0x10 /tmp/ccMm6SEV.ltrans3.ltrans.o
                0x08003570                bmk7_setup.lto_priv.176
 .text.thread1.lto_priv.108
                0x08003580       0x10 /tmp/ccMm6SEV.ltrans3.ltrans.o
 .text.notify.lto_priv.74
                0x08003590       0x10 /tmp/ccMm6SEV.ltrans3.ltrans.o
                0x08003590                notify.lto_priv.74
 .text.queues2_setup.lto_priv.168
                0x080035a0       0x30 /tmp/ccMm6SEV.ltrans3.ltrans.o
                0x080035a0                queues2_setup.lto_priv.168
 .text.queues1_setup.lto_priv.166
                0x080035d0       0x30 /tmp/ccMm6SEV.ltrans3.ltrans.o
                0x080035d0                queues1_setup.lto_priv.166
 .text.thread1.lto_priv.107
                0x08003600       0x20 /tmp/ccMm6SEV.ltrans3.ltrans.o
 .text.bmk9_execute.lto_priv.179
                0x08003620       0xb0 /tmp/ccMm6SEV.ltrans3.ltrans.o
                0x08003620                bmk9_execute.lto_priv.179
 .text.bmk8_execute.lto_priv.178
                0x080036d0       0xe0 /tmp/ccMm6SEV.ltrans3.ltrans.o
                0x080036d0                bmk8_execute.lto_priv.178
 .text.bmk6_execute.lto_priv.175
                0x080037b0       0x70 /tmp/ccMm6SEV.ltrans3.ltrans.o
                0x080037b0                bmk6_execute.lto_priv.175
 .text.thread8  0x08003820       0x30 /tmp/ccMm6SEV.ltrans3.ltrans.o
 .text.thread3  0x08003850       0x30 /tmp/ccMm6SEV.ltrans3.ltrans.o
 .text.bmk7_execute.lto_priv.177
                0x08003880      0x130 /tmp/ccMm6SEV.ltrans3.ltrans.o
                0x08003880                bmk7_execute.lto_priv.177
 .text.bmk5_execute.lto_priv.174
                0x080039b0       0x70 /tmp/ccMm6SEV.ltrans3.ltrans.o
                0x080039b0                bmk5_execute.lto_priv.174
 .text.bmk4_execute.lto_priv.173
                0x08003a20       0xc0 /tmp/ccMm6SEV.ltrans3.ltrans.o
                0x08003a20                bmk4_execute.lto_priv.173
 .text.thread4  0x08003ae0       0x30 /tmp/ccMm6SEV.ltrans3.ltrans.o
 .text.thread2.lto_priv.110
                0x08003b10       0x30 /tmp/ccMm6SEV.ltrans3.ltrans.o
 .text.msg_loop_test
                0x08003b40       0x30 /tmp/ccMm6SEV.ltrans3.ltrans.o
 .text.bmk3_execute.lto_priv.172
                0x08003b70       0xe0 /tmp/ccMm6SEV.ltrans3.ltrans.o
                0x08003b70                bmk3_execute.lto_priv.172
 .text.bmk2_execute.lto_priv.171
                0x08003c50       0x70 /tmp/ccMm6SEV.ltrans3.ltrans.o
                0x08003c50                bmk2_execute.lto_priv.171
 .text.bmk1_execute.lto_priv.170
                0x08003cc0       0x70 /tmp/ccMm6SEV.ltrans3.ltrans.o
                0x08003cc0                bmk1_execute.lto_priv.170
 .text.thread2.lto_priv.109
                0x08003d30       0x20 /tmp/ccMm6SEV.ltrans3.ltrans.o
 .text.queues2_execute.lto_priv.169
                0x08003d50      0x250 /tmp/ccMm6SEV.ltrans3.ltrans.o
                0x08003d50                queues2_execute.lto_priv.169
 .text.queues1_execute.lto_priv.167
                0x08003fa0      0x270 /tmp/ccMm6SEV.ltrans3.ltrans.o
                0x08003fa0                queues1_execute.lto_priv.167
 .text.dyn3_execute.lto_priv.165
                0x08004210      0x140 /tmp/ccMm6SEV.ltrans3.ltrans.o
                0x08004210                dyn3_execute.lto_priv.165
 .text.mbox1_setup.lto_priv.148
                0x08004350       0x40 /tmp/ccMm6SEV.ltrans4.ltrans.o
                0x08004350                mbox1_setup.lto_priv.148
 .text.mtx8_setup.lto_priv.145
                0x08004390       0x30 /tmp/ccMm6SEV.ltrans4.ltrans.o
                0x08004390                mtx8_setup.lto_priv.145
 .text.mtx7_setup.lto_priv.143
                0x080043c0       0x20 /tmp/ccMm6SEV.ltrans4.ltrans.o
                0x080043c0                mtx7_setup.lto_priv.143
 .text.mtx6_setup.lto_priv.141
                0x080043e0       0x20 /tmp/ccMm6SEV.ltrans4.ltrans.o
                0x080043e0                mtx6_setup.lto_priv.141
 .text.evt2_setup.lto_priv.152
                0x08004400       0x10 /tmp/ccMm6SEV.ltrans4.ltrans.o
                0x08004400                evt2_setup.lto_priv.152
 .text.evt1_setup.lto_priv.150
                0x08004410       0x10 /tmp/ccMm6SEV.ltrans4.ltrans.o
                0x08004410                evt1_setup.lto_priv.150
 .text.evt1_execute.lto_priv.151
                0x08004420       0xe0 /tmp/ccMm6SEV.ltrans4.ltrans.o
                0x08004420                evt1_execute.lto_priv.151
 .text.h3       0x08004500       0x10 /tmp/ccMm6SEV.ltrans4.ltrans.o
 .text.h2       0x08004510       0x10 /tmp/ccMm6SEV.ltrans4.ltrans.o
 .text.h1       0x08004520       0x10 /tmp/ccMm6SEV.ltrans4.ltrans.o
 .text.mbox1_execute.lto_priv.149
                0x08004530      0x5d0 /tmp/ccMm6SEV.ltrans4.ltrans.o
                0x08004530                mbox1_execute.lto_priv.149
 .text.thread   0x08004b00       0x20 /tmp/ccMm6SEV.ltrans4.ltrans.o
 .text.msg1_execute.lto_priv.147
                0x08004b20       0xa0 /tmp/ccMm6SEV.ltrans4.ltrans.o
                0x08004b20                msg1_execute.lto_priv.147
 .text.mtx8_execute.lto_priv.146
                0x08004bc0       0x90 /tmp/ccMm6SEV.ltrans4.ltrans.o
                0x08004bc0                mtx8_execute.lto_priv.146
 .text.thread12
                0x08004c50       0x20 /tmp/ccMm6SEV.ltrans4.ltrans.o
 .text.thread11
                0x08004c70       0x90 /tmp/ccMm6SEV.ltrans4.ltrans.o
 .text.thread10
                0x08004d00       0x70 /tmp/ccMm6SEV.ltrans4.ltrans.o
 .text.mtx7_execute.lto_priv.144
                0x08004d70       0xf0 /tmp/ccMm6SEV.ltrans4.ltrans.o
                0x08004d70                mtx7_execute.lto_priv.144
 .text.mtx6_execute.lto_priv.142
                0x08004e60       0xe0 /tmp/ccMm6SEV.ltrans4.ltrans.o
                0x08004e60                mtx6_execute.lto_priv.142
 .text.mtx5_setup.lto_priv.139
                0x08004f40       0x10 /tmp/ccMm6SEV.ltrans5.ltrans.o
                0x08004f40                mtx5_setup.lto_priv.139
 .text.mtx4_setup.lto_priv.137
                0x08004f50       0x20 /tmp/ccMm6SEV.ltrans5.ltrans.o
                0x08004f50                mtx4_setup.lto_priv.137
 .text.mtx1_setup.lto_priv.135
                0x08004f70       0x10 /tmp/ccMm6SEV.ltrans5.ltrans.o
                0x08004f70                mtx1_setup.lto_priv.135
 .text.sem3_setup.lto_priv.132
                0x08004f80       0x10 /tmp/ccMm6SEV.ltrans5.ltrans.o
                0x08004f80                sem3_setup.lto_priv.132
 .text.sem2_setup.lto_priv.130
                0x08004f90       0x10 /tmp/ccMm6SEV.ltrans5.ltrans.o
                0x08004f90                sem2_setup.lto_priv.130
 .text.sem1_setup.lto_priv.128
                0x08004fa0       0x10 /tmp/ccMm6SEV.ltrans5.ltrans.o
                0x08004fa0                sem1_setup.lto_priv.128
 .text.mtx5_execute.lto_priv.140
                0x08004fb0      0x100 /tmp/ccMm6SEV.ltrans5.ltrans.o
                0x08004fb0                mtx5_execute.lto_priv.140
 .text.mtx4_execute.lto_priv.138
                0x080050b0      0x250 /tmp/ccMm6SEV.ltrans5.ltrans.o
                0x080050b0                mtx4_execute.lto_priv.138
 .text.thread4a
                0x08005300       0x20 /tmp/ccMm6SEV.ltrans5.ltrans.o
 .text.thread4b
                0x08005320       0x20 /tmp/ccMm6SEV.ltrans5.ltrans.o
 .text.mtx1_execute.lto_priv.136
                0x08005340       0xf0 /tmp/ccMm6SEV.ltrans5.ltrans.o
                0x08005340                mtx1_execute.lto_priv.136
 .text.thread1.lto_priv.123
                0x08005430       0x20 /tmp/ccMm6SEV.ltrans5.ltrans.o
 .text.thread1.lto_priv.122
                0x08005450       0x20 /tmp/ccMm6SEV.ltrans5.ltrans.o
 .text.thread4  0x08005470       0x30 /tmp/ccMm6SEV.ltrans5.ltrans.o
 .text.thread2  0x080054a0       0x30 /tmp/ccMm6SEV.ltrans5.ltrans.o
 .text.sem4_execute.lto_priv.134
                0x080054d0      0x160 /tmp/ccMm6SEV.ltrans5.ltrans.o
                0x080054d0                sem4_execute.lto_priv.134
 .text.sem3_execute.lto_priv.133
                0x08005630       0x90 /tmp/ccMm6SEV.ltrans5.ltrans.o
                0x08005630                sem3_execute.lto_priv.133
 .text.thread3  0x080056c0       0x20 /tmp/ccMm6SEV.ltrans5.ltrans.o
 .text.sem2_execute.lto_priv.131
                0x080056e0      0x160 /tmp/ccMm6SEV.ltrans5.ltrans.o
                0x080056e0                sem2_execute.lto_priv.131
 .text.sem1_execute.lto_priv.129
                0x08005840      0x170 /tmp/ccMm6SEV.ltrans5.ltrans.o
                0x08005840                sem1_execute.lto_priv.129
 .text.thd4_execute.lto_priv.127
                0x080059b0       0xd0 /tmp/ccMm6SEV.ltrans5.ltrans.o
                0x080059b0                thd4_execute.lto_priv.127
 .text.thd3_execute.lto_priv.126
                0x08005a80      0x130 /tmp/ccMm6SEV.ltrans5.ltrans.o
                0x08005a80                thd3_execute.lto_priv.126
 .text.print_line
                0x08005bb0       0x30 /tmp/ccMm6SEV.ltrans6.ltrans.o
 .text.tmr.lto_priv.73
                0x08005be0       0x10 /tmp/ccMm6SEV.ltrans6.ltrans.o
                0x08005be0                tmr.lto_priv.73
 .text.chCoreAlloc
                0x08005bf0       0x40 /tmp/ccMm6SEV.ltrans6.ltrans.o
                0x08005bf0                chCoreAlloc
 .text.test_wait_tick
                0x08005c30       0x20 /tmp/ccMm6SEV.ltrans6.ltrans.o
                0x08005c30                test_wait_tick
 .text.test_wait_threads
                0x08005c50       0x30 /tmp/ccMm6SEV.ltrans6.ltrans.o
                0x08005c50                test_wait_threads
 .text.test_terminate_threads
                0x08005c80       0x30 /tmp/ccMm6SEV.ltrans6.ltrans.o
                0x08005c80                test_terminate_threads
 .text._test_assert_time_window
                0x08005cb0       0x40 /tmp/ccMm6SEV.ltrans6.ltrans.o
                0x08005cb0                _test_assert_time_window
 .text._test_assert_sequence
                0x08005cf0       0x50 /tmp/ccMm6SEV.ltrans6.ltrans.o
                0x08005cf0                _test_assert_sequence
 .text.thd2_execute
                0x08005d40      0x150 /tmp/ccMm6SEV.ltrans6.ltrans.o
 .text.thd1_execute
                0x08005e90       0xd0 /tmp/ccMm6SEV.ltrans6.ltrans.o
 .text._test_assert
                0x08005f60       0x30 /tmp/ccMm6SEV.ltrans6.ltrans.o
                0x08005f60                _test_assert
 .text.test_emit_token
                0x08005f90       0x30 /tmp/ccMm6SEV.ltrans6.ltrans.o
                0x08005f90                test_emit_token
 .text.thread   0x08005fc0       0x10 /tmp/ccMm6SEV.ltrans6.ltrans.o
 .text.test_println
                0x08005fd0       0x40 /tmp/ccMm6SEV.ltrans6.ltrans.o
                0x08005fd0                test_println
 .text.test_print
                0x08006010       0x20 /tmp/ccMm6SEV.ltrans6.ltrans.o
                0x08006010                test_print
 .text.test_printn
                0x08006030       0x60 /tmp/ccMm6SEV.ltrans6.ltrans.o
                0x08006030                test_printn
 .text.TestThread
                0x08006090      0x330 /tmp/ccMm6SEV.ltrans6.ltrans.o
                0x08006090                TestThread
 .text.chPoolAlloc
                0x080063c0       0x30 /tmp/ccMm6SEV.ltrans6.ltrans.o
                0x080063c0                chPoolAlloc
 .text.chHeapStatus
                0x080063f0       0x50 /tmp/ccMm6SEV.ltrans6.ltrans.o
                0x080063f0                chHeapStatus
 .text.chHeapFree
                0x08006440       0x90 /tmp/ccMm6SEV.ltrans6.ltrans.o
                0x08006440                chHeapFree
 .text.chHeapAlloc
                0x080064d0       0x90 /tmp/ccMm6SEV.ltrans6.ltrans.o
                0x080064d0                chHeapAlloc
 .text.chOQWriteTimeout
                0x08006560       0x90 /tmp/ccMm6SEV.ltrans6.ltrans.o
                0x08006560                chOQWriteTimeout
 .text.chOQPutTimeout
                0x080065f0       0x50 /tmp/ccMm6SEV.ltrans6.ltrans.o
                0x080065f0                chOQPutTimeout
 .text.chIQReadTimeout
                0x08006640       0x80 /tmp/ccMm6SEV.ltrans6.ltrans.o
                0x08006640                chIQReadTimeout
 .text.chIQGetTimeout
                0x080066c0       0x50 /tmp/ccMm6SEV.ltrans6.ltrans.o
                0x080066c0                chIQGetTimeout
 .text.chIQPutI
                0x08006710       0x60 /tmp/ccMm6SEV.ltrans6.ltrans.o
                0x08006710                chIQPutI
 .text.chMsgWait
                0x08006770       0x40 /tmp/ccMm6SEV.ltrans6.ltrans.o
                0x08006770                chMsgWait
 .text.chMsgSend
                0x080067b0       0x40 /tmp/ccMm6SEV.ltrans6.ltrans.o
                0x080067b0                chMsgSend
 .text.chEvtSignalI
                0x080067f0       0x30 /tmp/ccMm6SEV.ltrans6.ltrans.o
                0x080067f0                chEvtSignalI
 .text.wakeup.lto_priv.119
                0x08006820       0x70 /tmp/ccMm6SEV.ltrans7.ltrans.o
                0x08006820                wakeup.lto_priv.119
 .text._idle_thread.lto_priv.87
                0x08006890       0x20 /tmp/ccMm6SEV.ltrans7.ltrans.o
                0x08006890                _idle_thread.lto_priv.87
 .text.SVC_Handler
                0x080068b0       0x20 /tmp/ccMm6SEV.ltrans7.ltrans.o
                0x080068b0                SVC_Handler
 .text.chSchDoRescheduleAhead
                0x080068d0       0x40 /tmp/ccMm6SEV.ltrans7.ltrans.o
 .text.Reset_Handler
                0x08006910      0x170 /tmp/ccMm6SEV.ltrans7.ltrans.o
                0x08006910                Reset_Handler
 .text.chEvtBroadcastFlagsI
                0x08006a80       0x30 /tmp/ccMm6SEV.ltrans7.ltrans.o
                0x08006a80                chEvtBroadcastFlagsI
 .text.chEvtUnregister
                0x08006ab0       0x30 /tmp/ccMm6SEV.ltrans7.ltrans.o
                0x08006ab0                chEvtUnregister
 .text.chThdRelease
                0x08006ae0       0x60 /tmp/ccMm6SEV.ltrans7.ltrans.o
                0x08006ae0                chThdRelease
 .text.chRegNextThread
                0x08006b40       0x30 /tmp/ccMm6SEV.ltrans7.ltrans.o
                0x08006b40                chRegNextThread
 .text.chThdYield
                0x08006b70       0x60 /tmp/ccMm6SEV.ltrans7.ltrans.o
                0x08006b70                chThdYield
 .text.chVTDoResetI
                0x08006bd0       0x60 /tmp/ccMm6SEV.ltrans7.ltrans.o
                0x08006bd0                chVTDoResetI
 .text.chVTDoSetI
                0x08006c30       0x80 /tmp/ccMm6SEV.ltrans7.ltrans.o
                0x08006c30                chVTDoSetI
 .text.chSchDoReschedule
                0x08006cb0       0x10 /tmp/ccMm6SEV.ltrans7.ltrans.o
                0x08006cb0                chSchDoReschedule
 .text.chSchRescheduleS
                0x08006cc0       0x20 /tmp/ccMm6SEV.ltrans7.ltrans.o
                0x08006cc0                chSchRescheduleS
 .text.chThdSetPriority
                0x08006ce0       0x30 /tmp/ccMm6SEV.ltrans7.ltrans.o
                0x08006ce0                chThdSetPriority
 .text.chSchWakeupS
                0x08006d10       0x60 /tmp/ccMm6SEV.ltrans7.ltrans.o
                0x08006d10                chSchWakeupS
 .text.chMtxUnlock
                0x08006d70       0x60 /tmp/ccMm6SEV.ltrans7.ltrans.o
                0x08006d70                chMtxUnlock
 .text.chSemSignal
                0x08006dd0       0x40 /tmp/ccMm6SEV.ltrans7.ltrans.o
                0x08006dd0                chSemSignal
 .text.chThdCreateFromHeap
                0x08006e10       0x90 /tmp/ccMm6SEV.ltrans7.ltrans.o
                0x08006e10                chThdCreateFromHeap
 .text.chThdCreateStatic
                0x08006ea0       0x80 /tmp/ccMm6SEV.ltrans7.ltrans.o
                0x08006ea0                chThdCreateStatic
 .text.chSchGoSleepS
                0x08006f20       0x30 /tmp/ccMm6SEV.ltrans7.ltrans.o
                0x08006f20                chSchGoSleepS
 .text.chSemWait
                0x08006f50       0x50 /tmp/ccMm6SEV.ltrans7.ltrans.o
                0x08006f50                chSemWait
 .text.chThdWait
                0x08006fa0       0x40 /tmp/ccMm6SEV.ltrans7.ltrans.o
                0x08006fa0                chThdWait
 .text.chSchGoSleepTimeoutS
                0x08006fe0       0x50 /tmp/ccMm6SEV.ltrans7.ltrans.o
                0x08006fe0                chSchGoSleepTimeoutS
 .text.chSemWaitTimeoutS
                0x08007030       0x40 /tmp/ccMm6SEV.ltrans7.ltrans.o
                0x08007030                chSemWaitTimeoutS
 .text.chSemWaitTimeout
                0x08007070       0x20 /tmp/ccMm6SEV.ltrans7.ltrans.o
                0x08007070                chSemWaitTimeout
 .text.chThdEnqueueTimeoutS
                0x08007090       0x30 /tmp/ccMm6SEV.ltrans7.ltrans.o
                0x08007090                chThdEnqueueTimeoutS
 .text.chThdSleep
                0x080070c0       0x20 /tmp/ccMm6SEV.ltrans7.ltrans.o
                0x080070c0                chThdSleep
 .text.chSchReadyI
                0x080070e0       0x30 /tmp/ccMm6SEV.ltrans7.ltrans.o
                0x080070e0                chSchReadyI
 .text.chMtxUnlockAll
                0x08007110       0x60 /tmp/ccMm6SEV.ltrans7.ltrans.o
                0x08007110                chMtxUnlockAll
 .text.chMtxUnlockS
                0x08007170       0x50 /tmp/ccMm6SEV.ltrans7.ltrans.o
                0x08007170                chMtxUnlockS
 .text.chMtxLockS
                0x080071c0       0xd0 /tmp/ccMm6SEV.ltrans7.ltrans.o
                0x080071c0                chMtxLockS
 .text.chMtxLock
                0x08007290       0x20 /tmp/ccMm6SEV.ltrans7.ltrans.o
                0x08007290                chMtxLock
 .text.chSemSignalI
                0x080072b0       0x30 /tmp/ccMm6SEV.ltrans7.ltrans.o
                0x080072b0                chSemSignalI
 .text.chSemResetI
                0x080072e0       0x30 /tmp/ccMm6SEV.ltrans7.ltrans.o
                0x080072e0                chSemResetI
 .text.chThdDequeueAllI
                0x08007310       0x30 /tmp/ccMm6SEV.ltrans7.ltrans.o
                0x08007310                chThdDequeueAllI
 .text.chThdExitS
                0x08007340       0x40 /tmp/ccMm6SEV.ltrans7.ltrans.o
                0x08007340                chThdExitS
 .text.chThdExit
                0x08007380       0x10 /tmp/ccMm6SEV.ltrans7.ltrans.o
                0x08007380                chThdExit
 .text.chTMStopMeasurementX
                0x08007390       0x50 /tmp/ccMm6SEV.ltrans7.ltrans.o
                0x08007390                chTMStopMeasurementX
 .text._port_irq_epilogue
                0x080073e0       0x60 /tmp/ccMm6SEV.ltrans7.ltrans.o
                0x080073e0                _port_irq_epilogue
 .text._unhandled_exception
                0x08007440       0x10 /tmp/ccMm6SEV.ltrans7.ltrans.o
                0x08007440                Vector58
                0x08007440                VectorE8
                0x08007440                Vector9C
                0x08007440                VectorAC
                0x08007440                DebugMon_Handler
                0x08007440                Vector5C
                0x08007440                Vector11C
                0x08007440                HardFault_Handler
                0x08007440                SysTick_Handler
                0x08007440                VectorDC
                0x08007440                PendSV_Handler
                0x08007440                NMI_Handler
                0x08007440                Vector110
                0x08007440                Vector120
                0x08007440                VectorC8
                0x08007440                Vector94
                0x08007440                VectorA8
                0x08007440                UsageFault_Handler
                0x08007440                VectorEC
                0x08007440                Vector40
                0x08007440                VectorF8
                0x08007440                Vector108
                0x08007440                VectorBC
                0x08007440                Vector124
                0x08007440                Vector118
                0x08007440                Vector64
                0x08007440                VectorCC
                0x08007440                Vector54
                0x08007440                Vector98
                0x08007440                VectorD8
                0x08007440                Vector138
                0x08007440                Vector24
                0x08007440                VectorD0
                0x08007440                VectorE4
                0x08007440                VectorC0
                0x08007440                Vector130
                0x08007440                Vector134
                0x08007440                VectorF0
                0x08007440                Vector12C
                0x08007440                Vector13C
                0x08007440                Vector100
                0x08007440                VectorE0
                0x08007440                VectorF4
                0x08007440                MemManage_Handler
                0x08007440                VectorA0
                0x08007440                VectorC4
                0x08007440                Vector114
                0x08007440                Vector60
                0x08007440                Vector1C
                0x08007440                Vector48
                0x08007440                VectorD4
                0x08007440                Vector4C
                0x08007440                Vector68
                0x08007440                Vector88
                0x08007440                Vector104
                0x08007440                Vector10C
                0x08007440                BusFault_Handler
                0x08007440                Vector50
                0x08007440                Vector44
                0x08007440                Vector28
                0x08007440                VectorFC
                0x08007440                Vector34
                0x08007440                Vector128
                0x08007440                VectorA4
                0x08007440                Vector20
 .text.gpt_lld_serve_interrupt
                0x08007450       0x30 /tmp/ccMm6SEV.ltrans8.ltrans.o
 .text.spi_lld_serve_tx_interrupt.lto_priv.76
                0x08007480       0x20 /tmp/ccMm6SEV.ltrans8.ltrans.o
                0x08007480                spi_lld_serve_tx_interrupt.lto_priv.76
 .text.Vector8C
                0x080074a0       0x10 /tmp/ccMm6SEV.ltrans8.ltrans.o
 .text.VectorB0
                0x080074b0       0xb0 /tmp/ccMm6SEV.ltrans8.ltrans.o
 .text.VectorB8
                0x08007560       0x20 /tmp/ccMm6SEV.ltrans8.ltrans.o
 .text.VectorB4
                0x08007580       0x20 /tmp/ccMm6SEV.ltrans8.ltrans.o
 .text.Vector84
                0x080075a0       0x30 /tmp/ccMm6SEV.ltrans8.ltrans.o
 .text.Vector80
                0x080075d0       0x30 /tmp/ccMm6SEV.ltrans8.ltrans.o
 .text.Vector7C
                0x08007600       0x30 /tmp/ccMm6SEV.ltrans8.ltrans.o
 .text.Vector78
                0x08007630       0x30 /tmp/ccMm6SEV.ltrans8.ltrans.o
 .text.Vector74
                0x08007660       0x30 /tmp/ccMm6SEV.ltrans8.ltrans.o
 .text.Vector70
                0x08007690       0x30 /tmp/ccMm6SEV.ltrans8.ltrans.o
 .text.Vector6C
                0x080076c0       0x30 /tmp/ccMm6SEV.ltrans8.ltrans.o
 .text.usb_packet_write_from_queue
                0x080076f0       0xc0 /tmp/ccMm6SEV.ltrans8.ltrans.o
 .text.spi_lld_serve_rx_interrupt.lto_priv.75
                0x080077b0       0x80 /tmp/ccMm6SEV.ltrans8.ltrans.o
                0x080077b0                spi_lld_serve_rx_interrupt.lto_priv.75
 .text.chprintf.lto_priv.104
                0x08007830       0x20 /tmp/ccMm6SEV.ltrans8.ltrans.o
                0x08007830                chprintf.lto_priv.104
 .text.usb_lld_prepare_transmit
                0x08007850       0x80 /tmp/ccMm6SEV.ltrans8.ltrans.o
                0x08007850                usb_lld_prepare_transmit
 .text.usb_lld_prepare_receive
                0x080078d0       0x20 /tmp/ccMm6SEV.ltrans8.ltrans.o
                0x080078d0                usb_lld_prepare_receive
 .text.usb_lld_init_endpoint
                0x080078f0       0xd0 /tmp/ccMm6SEV.ltrans8.ltrans.o
                0x080078f0                usb_lld_init_endpoint
 .text.usb_lld_reset
                0x080079c0       0x50 /tmp/ccMm6SEV.ltrans8.ltrans.o
                0x080079c0                usb_lld_reset
 .text.Vector90
                0x08007a10      0x3a0 /tmp/ccMm6SEV.ltrans8.ltrans.o
 .text.gpt_lld_start_timer
                0x08007db0       0x30 /tmp/ccMm6SEV.ltrans8.ltrans.o
                0x08007db0                gpt_lld_start_timer
 .text.long_to_string_with_divisor
                0x08007de0       0x50 /tmp/ccMm6SEV.ltrans9.ltrans.o
 .text.cmd_systime
                0x08007e30       0x40 /tmp/ccMm6SEV.ltrans9.ltrans.o
 .text.cmd_info
                0x08007e70       0xc0 /tmp/ccMm6SEV.ltrans9.ltrans.o
 .text.shell_thread.lto_priv.83
                0x08007f30      0x240 /tmp/ccMm6SEV.ltrans9.ltrans.o
                0x08007f30                shell_thread.lto_priv.83
 .text.chvprintf
                0x08008170      0x420 /tmp/ccMm6SEV.ltrans9.ltrans.o
                0x08008170                chvprintf
 .text.chprintf.lto_priv.81
                0x08008590       0x20 /tmp/ccMm6SEV.ltrans9.ltrans.o
                0x08008590                chprintf.lto_priv.81
 .text.cmd_write.lto_priv.101
                0x080085b0       0x50 /tmp/ccMm6SEV.ltrans9.ltrans.o
                0x080085b0                cmd_write.lto_priv.101
 .text.cmd_test.lto_priv.100
                0x08008600       0x50 /tmp/ccMm6SEV.ltrans9.ltrans.o
                0x08008600                cmd_test.lto_priv.100
 .text.cmd_threads.lto_priv.99
                0x08008650       0x70 /tmp/ccMm6SEV.ltrans9.ltrans.o
                0x08008650                cmd_threads.lto_priv.99
 .text.cmd_mem.lto_priv.98
                0x080086c0       0x60 /tmp/ccMm6SEV.ltrans9.ltrans.o
                0x080086c0                cmd_mem.lto_priv.98
 .text.si446x_initialise
                0x08008720      0x530 /tmp/ccMm6SEV.ltrans10.ltrans.o
 .text.SI_Thread.lto_priv.84
                0x08008c50      0x2c0 /tmp/ccMm6SEV.ltrans10.ltrans.o
                0x08008c50                SI_Thread.lto_priv.84
 .text.chTMStartMeasurementX.constprop.66
                0x08008f10       0x10 /tmp/ccMm6SEV.ltrans11.ltrans.o
                0x08008f10                chTMStartMeasurementX.constprop.66
 .text.chThdCreateFromMemoryPool.constprop.59
                0x08008f20       0xa0 /tmp/ccMm6SEV.ltrans11.ltrans.o
                0x08008f20                chThdCreateFromMemoryPool.constprop.59
 .text.chSemSignalWait.constprop.56
                0x08008fc0       0x70 /tmp/ccMm6SEV.ltrans11.ltrans.o
                0x08008fc0                chSemSignalWait.constprop.56
 .text.chCondSignal.constprop.52
                0x08009030       0x30 /tmp/ccMm6SEV.ltrans11.ltrans.o
                0x08009030                chCondSignal.constprop.52
 .text.chCondSignalI.constprop.51
                0x08009060       0x30 /tmp/ccMm6SEV.ltrans11.ltrans.o
                0x08009060                chCondSignalI.constprop.51
 .text.chEvtGetAndClearEvents.constprop.43
                0x08009090       0x20 /tmp/ccMm6SEV.ltrans11.ltrans.o
                0x08009090                chEvtGetAndClearEvents.constprop.43
 .text.chEvtWaitOne.constprop.39
                0x080090b0       0x40 /tmp/ccMm6SEV.ltrans11.ltrans.o
                0x080090b0                chEvtWaitOne.constprop.39
 .text.unlikely.chEvtWaitAny.constprop.38
                0x080090f0       0x34 /tmp/ccMm6SEV.ltrans11.ltrans.o
                0x080090f0                chEvtWaitAny.constprop.38
 *fill*         0x08009124        0xc 
 .text.chMBPost.constprop.24
                0x08009130       0x50 /tmp/ccMm6SEV.ltrans11.ltrans.o
                0x08009130                chMBPost.constprop.24
 .text.chMBPostI.constprop.23
                0x08009180       0x40 /tmp/ccMm6SEV.ltrans11.ltrans.o
                0x08009180                chMBPostI.constprop.23
 .text.chMBPostAhead.constprop.22
                0x080091c0       0x50 /tmp/ccMm6SEV.ltrans11.ltrans.o
                0x080091c0                chMBPostAhead.constprop.22
 .text.chMBPostAheadI.constprop.21
                0x08009210       0x40 /tmp/ccMm6SEV.ltrans11.ltrans.o
                0x08009210                chMBPostAheadI.constprop.21
 .text.unlikely.chMBFetch.constprop.20
                0x08009250       0x4c /tmp/ccMm6SEV.ltrans11.ltrans.o
                0x08009250                chMBFetch.constprop.20
 *fill*         0x0800929c        0x4 
 .text.unlikely.chMBFetchI.constprop.19
                0x080092a0       0x3c /tmp/ccMm6SEV.ltrans11.ltrans.o
                0x080092a0                chMBFetchI.constprop.19
 *fill*         0x080092dc        0x4 
 .text.chOQGetI.constprop.18
                0x080092e0       0x50 /tmp/ccMm6SEV.ltrans11.ltrans.o
                0x080092e0                chOQGetI.constprop.18
 .text.test_start_timer.constprop.14
                0x08009330       0x40 /tmp/ccMm6SEV.ltrans11.ltrans.o
                0x08009330                test_start_timer.constprop.14
 .text.dmaStreamAllocate.constprop.11
                0x08009370       0xa0 /tmp/ccMm6SEV.ltrans11.ltrans.o
                0x08009370                dmaStreamAllocate.constprop.11
 .text.spiExchange.constprop.4
                0x08009410       0x80 /tmp/ccMm6SEV.ltrans11.ltrans.o
                0x08009410                spiExchange.constprop.4
 .text._strtok.constprop.3
                0x08009490       0x40 /tmp/ccMm6SEV.ltrans11.ltrans.o
                0x08009490                _strtok.constprop.3
 .text.RF_switch.part.8.lto_priv.80
                0x080094d0       0x30 /tmp/ccMm6SEV.ltrans11.ltrans.o
                0x080094d0                RF_switch.part.8.lto_priv.80
 .text.memset   0x08009500       0x9c /home/laurence/ARM-GCC/gcc-arm-none-eabi-4_9-2014q4/bin/../lib/gcc/arm-none-eabi/4.9.3/../../../../arm-none-eabi/lib/armv7-m/libg.a(lib_a-memset.o)
                0x08009500                memset
 *fill*         0x0800959c        0x4 
 .text.strcasecmp
                0x080095a0       0x40 /home/laurence/ARM-GCC/gcc-arm-none-eabi-4_9-2014q4/bin/../lib/gcc/arm-none-eabi/4.9.3/../../../../arm-none-eabi/lib/armv7-m/libg.a(lib_a-strcasecmp.o)
                0x080095a0                strcasecmp
 .text.strlen   0x080095e0       0x5c /home/laurence/ARM-GCC/gcc-arm-none-eabi-4_9-2014q4/bin/../lib/gcc/arm-none-eabi/4.9.3/../../../../arm-none-eabi/lib/armv7-m/libg.a(lib_a-strlen.o)
                0x080095e0                strlen
 *fill*         0x0800963c        0x4 
 .text.strncpy  0x08009640       0x68 /home/laurence/ARM-GCC/gcc-arm-none-eabi-4_9-2014q4/bin/../lib/gcc/arm-none-eabi/4.9.3/../../../../arm-none-eabi/lib/armv7-m/libg.a(lib_a-strncpy.o)
                0x08009640                strncpy
 *fill*         0x080096a8        0x8 
 .text.strpbrk  0x080096b0       0x48 /home/laurence/ARM-GCC/gcc-arm-none-eabi-4_9-2014q4/bin/../lib/gcc/arm-none-eabi/4.9.3/../../../../arm-none-eabi/lib/armv7-m/libg.a(lib_a-strpbrk.o)
                0x080096b0                strpbrk
 *fill*         0x080096f8        0x8 
 .text.strspn   0x08009700       0x34 /home/laurence/ARM-GCC/gcc-arm-none-eabi-4_9-2014q4/bin/../lib/gcc/arm-none-eabi/4.9.3/../../../../arm-none-eabi/lib/armv7-m/libg.a(lib_a-strspn.o)
                0x08009700                strspn
 *(.rodata)
 *fill*         0x08009734        0xc 
 .rodata        0x08009740       0xb0 /tmp/ccMm6SEV.ltrans10.ltrans.o
 *(.rodata.*)
 .rodata.str1.4
                0x080097f0       0x17 /tmp/ccMm6SEV.ltrans0.ltrans.o
                                 0x20 (size before relaxing)
 *fill*         0x08009807        0x9 
 .rodata.vcom_string0
                0x08009810        0x4 /tmp/ccMm6SEV.ltrans1.ltrans.o
 *fill*         0x08009814        0xc 
 .rodata.ep2config
                0x08009820       0x24 /tmp/ccMm6SEV.ltrans1.ltrans.o
 *fill*         0x08009844        0xc 
 .rodata.vcom_string3
                0x08009850        0x8 /tmp/ccMm6SEV.ltrans1.ltrans.o
 *fill*         0x08009858        0x8 
 .rodata.vcom_string1
                0x08009860       0x14 /tmp/ccMm6SEV.ltrans1.ltrans.o
 *fill*         0x08009874        0xc 
 .rodata.vcom_device_descriptor
                0x08009880        0x8 /tmp/ccMm6SEV.ltrans1.ltrans.o
 *fill*         0x08009888        0x8 
 .rodata.vmt    0x08009890       0x20 /tmp/ccMm6SEV.ltrans1.ltrans.o
 .rodata.vcom_string2
                0x080098b0       0x38 /tmp/ccMm6SEV.ltrans1.ltrans.o
 *fill*         0x080098e8        0x8 
 .rodata.vcom_strings
                0x080098f0       0x20 /tmp/ccMm6SEV.ltrans1.ltrans.o
 .rodata._stm32_dma_streams
                0x08009910       0x54 /tmp/ccMm6SEV.ltrans1.ltrans.o
 *fill*         0x08009964        0xc 
 .rodata.usbcfg
                0x08009970       0x10 /tmp/ccMm6SEV.ltrans1.ltrans.o
 .rodata.ch_debug
                0x08009980       0x18 /tmp/ccMm6SEV.ltrans1.ltrans.o
 *fill*         0x08009998        0x8 
 .rodata.vcom_device_descriptor_data
                0x080099a0       0x14 /tmp/ccMm6SEV.ltrans1.ltrans.o
 *fill*         0x080099b4        0xc 
 .rodata.vcom_configuration_descriptor
                0x080099c0        0x8 /tmp/ccMm6SEV.ltrans1.ltrans.o
 *fill*         0x080099c8        0x8 
 .rodata.str1.4
                0x080099d0      0x44e /tmp/ccMm6SEV.ltrans1.ltrans.o
                                0x460 (size before relaxing)
 *fill*         0x08009e1e        0x2 
 .rodata.serusbcfg
                0x08009e20        0x8 /tmp/ccMm6SEV.ltrans1.ltrans.o
 *fill*         0x08009e28        0x8 
 .rodata.commands
                0x08009e30       0x70 /tmp/ccMm6SEV.ltrans1.ltrans.o
 .rodata.vcom_configuration_descriptor_data
                0x08009ea0       0x44 /tmp/ccMm6SEV.ltrans1.ltrans.o
 *fill*         0x08009ee4        0xc 
 .rodata.shell_cfg1
                0x08009ef0        0x8 /tmp/ccMm6SEV.ltrans1.ltrans.o
 *fill*         0x08009ef8        0x8 
 .rodata.ep1config
                0x08009f00       0x24 /tmp/ccMm6SEV.ltrans1.ltrans.o
 *fill*         0x08009f24        0xc 
 .rodata.zero_status
                0x08009f30        0x4 /tmp/ccMm6SEV.ltrans2.ltrans.o
 *fill*         0x08009f34        0xc 
 .rodata.active_status
                0x08009f40        0x4 /tmp/ccMm6SEV.ltrans2.ltrans.o
 *fill*         0x08009f44        0xc 
 .rodata.str1.4
                0x08009f50       0xe2 /tmp/ccMm6SEV.ltrans2.ltrans.o
                                 0xe4 (size before relaxing)
 *fill*         0x0800a032        0xe 
 .rodata.halted_status
                0x0800a040        0x4 /tmp/ccMm6SEV.ltrans2.ltrans.o
 *fill*         0x0800a044        0xc 
 .rodata.wa     0x0800a050       0x14 /tmp/ccMm6SEV.ltrans3.ltrans.o
                0x0800a050                wa
 *fill*         0x0800a064        0xc 
 .rodata.str1.4
                0x0800a070       0x42 /tmp/ccMm6SEV.ltrans3.ltrans.o
                                 0x60 (size before relaxing)
 *fill*         0x0800a0b2        0xe 
 .rodata.str1.4
                0x0800a0c0        0xa /tmp/ccMm6SEV.ltrans4.ltrans.o
                                 0x20 (size before relaxing)
 *fill*         0x0800a0ca        0x6 
 .rodata.evhndl
                0x0800a0d0        0xc /tmp/ccMm6SEV.ltrans4.ltrans.o
 .rodata.str1.4
                0x00000000       0x1c /tmp/ccMm6SEV.ltrans5.ltrans.o
 *fill*         0x0800a0dc        0x4 
 .rodata.testmtx4
                0x0800a0e0       0x10 /tmp/ccMm6SEV.ltrans6.ltrans.o
 .rodata.testmtx5
                0x0800a0f0       0x10 /tmp/ccMm6SEV.ltrans6.ltrans.o
 .rodata.testmtx6
                0x0800a100       0x10 /tmp/ccMm6SEV.ltrans6.ltrans.o
 .rodata.testmtx7
                0x0800a110       0x10 /tmp/ccMm6SEV.ltrans6.ltrans.o
 .rodata.testmtx8
                0x0800a120       0x10 /tmp/ccMm6SEV.ltrans6.ltrans.o
 .rodata.patternmsg
                0x0800a130        0x8 /tmp/ccMm6SEV.ltrans6.ltrans.o
 *fill*         0x0800a138        0x8 
 .rodata.testbmk11
                0x0800a140       0x10 /tmp/ccMm6SEV.ltrans6.ltrans.o
 .rodata.testbmk12
                0x0800a150       0x10 /tmp/ccMm6SEV.ltrans6.ltrans.o
 .rodata.testevt2
                0x0800a160       0x10 /tmp/ccMm6SEV.ltrans6.ltrans.o
 .rodata.patterndyn
                0x0800a170       0x10 /tmp/ccMm6SEV.ltrans6.ltrans.o
 .rodata.testsem1
                0x0800a180       0x10 /tmp/ccMm6SEV.ltrans6.ltrans.o
 .rodata.testsem2
                0x0800a190       0x10 /tmp/ccMm6SEV.ltrans6.ltrans.o
 .rodata.testsem3
                0x0800a1a0       0x10 /tmp/ccMm6SEV.ltrans6.ltrans.o
 .rodata.testsem4
                0x0800a1b0       0x10 /tmp/ccMm6SEV.ltrans6.ltrans.o
 .rodata.testbmk6
                0x0800a1c0       0x10 /tmp/ccMm6SEV.ltrans6.ltrans.o
 .rodata.testbmk10
                0x0800a1d0       0x10 /tmp/ccMm6SEV.ltrans6.ltrans.o
 .rodata.testbmk4
                0x0800a1e0       0x10 /tmp/ccMm6SEV.ltrans6.ltrans.o
 .rodata.patternthd
                0x0800a1f0       0x14 /tmp/ccMm6SEV.ltrans6.ltrans.o
 *fill*         0x0800a204        0xc 
 .rodata.testbmk13
                0x0800a210       0x10 /tmp/ccMm6SEV.ltrans6.ltrans.o
 .rodata.testbmk1
                0x0800a220       0x10 /tmp/ccMm6SEV.ltrans6.ltrans.o
 .rodata.testbmk2
                0x0800a230       0x10 /tmp/ccMm6SEV.ltrans6.ltrans.o
 .rodata.testbmk3
                0x0800a240       0x10 /tmp/ccMm6SEV.ltrans6.ltrans.o
 .rodata.testbmk5
                0x0800a250       0x10 /tmp/ccMm6SEV.ltrans6.ltrans.o
 .rodata.testbmk8
                0x0800a260       0x10 /tmp/ccMm6SEV.ltrans6.ltrans.o
 .rodata.testbmk7
                0x0800a270       0x10 /tmp/ccMm6SEV.ltrans6.ltrans.o
 .rodata.testpools1
                0x0800a280       0x10 /tmp/ccMm6SEV.ltrans6.ltrans.o
 .rodata.testbmk9
                0x0800a290       0x10 /tmp/ccMm6SEV.ltrans6.ltrans.o
 .rodata.patternbmk
                0x0800a2a0       0x38 /tmp/ccMm6SEV.ltrans6.ltrans.o
 *fill*         0x0800a2d8        0x8 
 .rodata.patterns
                0x0800a2e0       0x30 /tmp/ccMm6SEV.ltrans6.ltrans.o
 .rodata.testdyn1
                0x0800a310       0x10 /tmp/ccMm6SEV.ltrans6.ltrans.o
 .rodata.testdyn2
                0x0800a320       0x10 /tmp/ccMm6SEV.ltrans6.ltrans.o
 .rodata.testdyn3
                0x0800a330       0x10 /tmp/ccMm6SEV.ltrans6.ltrans.o
 .rodata.testmbox1
                0x0800a340       0x10 /tmp/ccMm6SEV.ltrans6.ltrans.o
 .rodata.patternevt
                0x0800a350       0x10 /tmp/ccMm6SEV.ltrans6.ltrans.o
 .rodata.patternheap
                0x0800a360        0x8 /tmp/ccMm6SEV.ltrans6.ltrans.o
 *fill*         0x0800a368        0x8 
 .rodata.testmsg1
                0x0800a370       0x10 /tmp/ccMm6SEV.ltrans6.ltrans.o
 .rodata.testqueues1
                0x0800a380       0x10 /tmp/ccMm6SEV.ltrans6.ltrans.o
 .rodata.testqueues2
                0x0800a390       0x10 /tmp/ccMm6SEV.ltrans6.ltrans.o
 .rodata.patternmbox
                0x0800a3a0        0x8 /tmp/ccMm6SEV.ltrans6.ltrans.o
 *fill*         0x0800a3a8        0x8 
 .rodata.testthd1
                0x0800a3b0       0x10 /tmp/ccMm6SEV.ltrans6.ltrans.o
 .rodata.testthd2
                0x0800a3c0       0x10 /tmp/ccMm6SEV.ltrans6.ltrans.o
 .rodata.testthd3
                0x0800a3d0       0x10 /tmp/ccMm6SEV.ltrans6.ltrans.o
 .rodata.testthd4
                0x0800a3e0       0x10 /tmp/ccMm6SEV.ltrans6.ltrans.o
 .rodata.patternsem
                0x0800a3f0       0x14 /tmp/ccMm6SEV.ltrans6.ltrans.o
 *fill*         0x0800a404        0xc 
 .rodata.patternqueues
                0x0800a410        0xc /tmp/ccMm6SEV.ltrans6.ltrans.o
 *fill*         0x0800a41c        0x4 
 .rodata.testevt1
                0x0800a420       0x10 /tmp/ccMm6SEV.ltrans6.ltrans.o
 .rodata.testheap1
                0x0800a430       0x10 /tmp/ccMm6SEV.ltrans6.ltrans.o
 .rodata.testevt3
                0x0800a440       0x10 /tmp/ccMm6SEV.ltrans6.ltrans.o
 .rodata.patternmtx
                0x0800a450       0x1c /tmp/ccMm6SEV.ltrans6.ltrans.o
 *fill*         0x0800a46c        0x4 
 .rodata.str1.4
                0x0800a470      0x67b /tmp/ccMm6SEV.ltrans6.ltrans.o
                                0x6a8 (size before relaxing)
 *fill*         0x0800aaeb        0x5 
 .rodata.testmtx1
                0x0800aaf0       0x10 /tmp/ccMm6SEV.ltrans6.ltrans.o
 .rodata.patternpools
                0x0800ab00        0x8 /tmp/ccMm6SEV.ltrans6.ltrans.o
 *fill*         0x0800ab08        0x8 
 .rodata.str1.4
                0x0800ab10        0x5 /tmp/ccMm6SEV.ltrans7.ltrans.o
                                  0x8 (size before relaxing)
 *fill*         0x0800ab15        0xb 
 .rodata.str1.4
                0x0800ab20        0xc /tmp/ccMm6SEV.ltrans8.ltrans.o
 *fill*         0x0800ab2c        0x4 
 .rodata.ep0config
                0x0800ab30       0x24 /tmp/ccMm6SEV.ltrans8.ltrans.o
 *fill*         0x0800ab54        0xc 
 .rodata.CSWTCH.32
                0x0800ab60        0x8 /tmp/ccMm6SEV.ltrans8.ltrans.o
 *fill*         0x0800ab68        0x8 
 .rodata.states.8561
                0x0800ab70       0x40 /tmp/ccMm6SEV.ltrans9.ltrans.o
 .rodata.str1.4
                0x0800abb0      0x2fe /tmp/ccMm6SEV.ltrans9.ltrans.o
                                0x3c0 (size before relaxing)
 *fill*         0x0800aeae        0x2 
 .rodata.pow10  0x0800aeb0       0x24 /tmp/ccMm6SEV.ltrans9.ltrans.o
 *fill*         0x0800aed4        0xc 
 .rodata.str1.4
                0x0800aee0        0x7 /tmp/ccMm6SEV.ltrans10.ltrans.o
                                 0x10 (size before relaxing)
 *fill*         0x0800aee7        0x9 
 .rodata.spicfg
                0x0800aef0        0xc /tmp/ccMm6SEV.ltrans10.ltrans.o
 *fill*         0x0800aefc        0x4 
 .rodata.str1.4
                0x0800af00        0x4 /tmp/ccMm6SEV.ltrans11.ltrans.o
 *fill*         0x0800af04        0xc 
 .rodata._ctype_
                0x0800af10      0x104 /home/laurence/ARM-GCC/gcc-arm-none-eabi-4_9-2014q4/bin/../lib/gcc/arm-none-eabi/4.9.3/../../../../arm-none-eabi/lib/armv7-m/libg.a(lib_a-ctype_.o)
                0x0800af10                _ctype_
 *(.glue_7t)
 .glue_7t       0x00000000        0x0 linker stubs
 *(.glue_7)
 .glue_7        0x00000000        0x0 linker stubs
 *(.gcc*)

.vfp11_veneer   0x0800b014        0x0
 .vfp11_veneer  0x00000000        0x0 linker stubs

.v4_bx          0x0800b014        0x0
 .v4_bx         0x00000000        0x0 linker stubs

.iplt           0x0800b014        0x0
 .iplt          0x00000000        0x0 build/obj/chcoreasm_v7m.o

.rel.dyn        0x0800b014        0x0
 .rel.iplt      0x00000000        0x0 build/obj/chcoreasm_v7m.o

.ARM.extab
 *(.ARM.extab* .gnu.linkonce.armextab.*)

.ARM.exidx      0x0800b014        0x0
                0x0800b014                PROVIDE (__exidx_start, .)
 *(.ARM.exidx* .gnu.linkonce.armexidx.*)
                0x0800b014                PROVIDE (__exidx_end, .)

.eh_frame_hdr
 *(.eh_frame_hdr)

.eh_frame
 *(.eh_frame)

.textalign      0x0800b014        0x4
                0x0800b018                . = ALIGN (0x8)
 *fill*         0x0800b014        0x4 
                0x0800b018                . = ALIGN (0x4)
                0x0800b018                _etext = .
                0x0800b018                _textdata = _etext

.stacks         0x20000000      0x800
                0x20000000                . = ALIGN (0x8)
                0x20000000                __main_stack_base__ = .
                0x20000400                . = (. + __main_stack_size__)
 *fill*         0x20000000      0x400 
                0x20000400                . = ALIGN (0x8)
                0x20000400                __main_stack_end__ = .
                0x20000400                __process_stack_base__ = .
                0x20000400                __main_thread_stack_base__ = .
                0x20000800                . = (. + __process_stack_size__)
 *fill*         0x20000400      0x400 
                0x20000800                . = ALIGN (0x8)
                0x20000800                __process_stack_end__ = .
                0x20000800                __main_thread_stack_end__ = .

.data           0x20000800      0x510 load address 0x0800b018
                0x20000800                . = ALIGN (0x4)
                0x20000800                PROVIDE (_data, .)
 *(.data)
 *(.data.*)
 .data.es1.lto_priv.116
                0x20000800        0x4 /tmp/ccMm6SEV.ltrans0.ltrans.o
                0x20000800                es1.lto_priv.116
 .data.mp1.lto_priv.114
                0x20000804        0xc /tmp/ccMm6SEV.ltrans0.ltrans.o
 .data.es2      0x20000810        0x4 /tmp/ccMm6SEV.ltrans0.ltrans.o
 .data.Active_shift
                0x20000814        0x2 /tmp/ccMm6SEV.ltrans1.ltrans.o
 .data.Active_level
                0x20000816        0x1 /tmp/ccMm6SEV.ltrans1.ltrans.o
 *fill*         0x20000817        0x1 
 .data.linecoding
                0x20000818        0x8 /tmp/ccMm6SEV.ltrans2.ltrans.o
 .data.iq       0x20000820       0x24 /tmp/ccMm6SEV.ltrans3.ltrans.o
 .data.m1.lto_priv.120
                0x20000844       0x10 /tmp/ccMm6SEV.ltrans4.ltrans.o
                0x20000844                m1.lto_priv.120
 .data.m2.lto_priv.121
                0x20000854       0x10 /tmp/ccMm6SEV.ltrans4.ltrans.o
                0x20000854                m2.lto_priv.121
 .data.local_commands
                0x20000864       0x18 /tmp/ccMm6SEV.ltrans9.ltrans.o
 .data.buf.8576
                0x2000087c      0x404 /tmp/ccMm6SEV.ltrans9.ltrans.o
 .data.Active_banddiv
                0x20000c80        0x1 /tmp/ccMm6SEV.ltrans10.ltrans.o
                0x20000c80                Active_banddiv
 *fill*         0x20000c81        0x3 
 .data.gpt3cfg  0x20000c84       0x10 /tmp/ccMm6SEV.ltrans10.ltrans.o
 .data.gpt4cfg  0x20000c94       0x10 /tmp/ccMm6SEV.ltrans10.ltrans.o
 .data.Outdiv   0x20000ca4        0x1 /tmp/ccMm6SEV.ltrans10.ltrans.o
                0x20000ca4                Outdiv
 *fill*         0x20000ca5        0x3 
 .data.Active_Frequency
                0x20000ca8        0x4 /tmp/ccMm6SEV.ltrans10.ltrans.o
                0x20000ca8                Active_Frequency
 .data.mb1.lto_priv.117
                0x20000cac       0x28 /tmp/ccMm6SEV.ltrans11.ltrans.o
                0x20000cac                mb1.lto_priv.117
 .data.c1.lto_priv.118
                0x20000cd4        0x8 /tmp/ccMm6SEV.ltrans11.ltrans.o
                0x20000cd4                c1.lto_priv.118
 .data.sem1.lto_priv.124
                0x20000cdc        0xc /tmp/ccMm6SEV.ltrans11.ltrans.o
                0x20000cdc                sem1.lto_priv.124
 .data.oq.lto_priv.111
                0x20000ce8       0x24 /tmp/ccMm6SEV.ltrans11.ltrans.o
                0x20000ce8                oq.lto_priv.111
 .data.__ctype_ptr__
                0x20000d0c        0x4 /home/laurence/ARM-GCC/gcc-arm-none-eabi-4_9-2014q4/bin/../lib/gcc/arm-none-eabi/4.9.3/../../../../arm-none-eabi/lib/armv7-m/libg.a(lib_a-ctype_.o)
                0x20000d0c                __ctype_ptr__
 *(.ramtext)
                0x20000d10                . = ALIGN (0x4)
                0x20000d10                PROVIDE (_edata, .)

.igot.plt       0x20000d10        0x0 load address 0x0800b528
 .igot.plt      0x00000000        0x0 build/obj/chcoreasm_v7m.o

.bss            0x20000d10     0x1314
                0x20000d10                . = ALIGN (0x4)
                0x20000d10                PROVIDE (_bss_start, .)
 *(.bss)
 *(.bss.*)
 .bss.test_heap
                0x20000d10       0x20 /tmp/ccMm6SEV.ltrans0.ltrans.o
 .bss.endmem.lto_priv.102
                0x20000d30        0x4 /tmp/ccMm6SEV.ltrans1.ltrans.o
                0x20000d30                endmem.lto_priv.102
 .bss.nextmem.lto_priv.103
                0x20000d34        0x4 /tmp/ccMm6SEV.ltrans1.ltrans.o
                0x20000d34                nextmem.lto_priv.103
 .bss.waThreadSI
                0x20000d38      0x4c8 /tmp/ccMm6SEV.ltrans1.ltrans.o
 .bss.USBD1     0x20001200       0x84 /tmp/ccMm6SEV.ltrans1.ltrans.o
                0x20001200                USBD1
 .bss.shell_terminated
                0x20001284        0x4 /tmp/ccMm6SEV.ltrans1.ltrans.o
                0x20001284                shell_terminated
 .bss.dummytx   0x20001288        0x2 /tmp/ccMm6SEV.ltrans1.ltrans.o
 *fill*         0x2000128a        0x2 
 .bss.SDU1      0x2000128c      0x258 /tmp/ccMm6SEV.ltrans1.ltrans.o
                0x2000128c                SDU1
 .bss.ep1instate
                0x200014e4       0x10 /tmp/ccMm6SEV.ltrans1.ltrans.o
 .bss.ep2instate
                0x200014f4       0x10 /tmp/ccMm6SEV.ltrans1.ltrans.o
 *fill*         0x20001504        0x4 
 .bss.default_heap.lto_priv.125
                0x20001508       0x20 /tmp/ccMm6SEV.ltrans1.ltrans.o
                0x20001508                default_heap.lto_priv.125
 .bss.ep1outstate
                0x20001528       0x14 /tmp/ccMm6SEV.ltrans1.ltrans.o
 *fill*         0x2000153c        0x4 
 .bss.waThread1
                0x20001540      0x148 /tmp/ccMm6SEV.ltrans1.ltrans.o
 .bss.vt1.6324  0x20001688       0x14 /tmp/ccMm6SEV.ltrans2.ltrans.o
 .bss.vt2.6325  0x2000169c       0x14 /tmp/ccMm6SEV.ltrans2.ltrans.o
 .bss.mtx1      0x200016b0       0x10 /tmp/ccMm6SEV.ltrans2.ltrans.o
 .bss.sem1.lto_priv.106
                0x200016c0        0xc /tmp/ccMm6SEV.ltrans2.ltrans.o
                0x200016c0                sem1.lto_priv.106
 .bss.iq.6314   0x200016cc       0x24 /tmp/ccMm6SEV.ltrans3.ltrans.o
 .bss.heap1.lto_priv.113
                0x200016f0       0x20 /tmp/ccMm6SEV.ltrans3.ltrans.o
                0x200016f0                heap1.lto_priv.113
 .bss.threads   0x20001710       0x14 /tmp/ccMm6SEV.ltrans3.ltrans.o
                0x20001710                threads
 .bss.ib.6313   0x20001724       0x10 /tmp/ccMm6SEV.ltrans3.ltrans.o
 .bss.tokp      0x20001734        0x4 /tmp/ccMm6SEV.ltrans6.ltrans.o
 .bss.global_fail
                0x20001738        0x1 /tmp/ccMm6SEV.ltrans6.ltrans.o
 .bss.local_fail
                0x20001739        0x1 /tmp/ccMm6SEV.ltrans6.ltrans.o
 *fill*         0x2000173a        0x2 
 .bss.chp       0x2000173c        0x4 /tmp/ccMm6SEV.ltrans6.ltrans.o
 .bss.tokens_buffer
                0x20001740       0x10 /tmp/ccMm6SEV.ltrans6.ltrans.o
 .bss.failpoint
                0x20001750        0x4 /tmp/ccMm6SEV.ltrans6.ltrans.o
 .bss.ep0_state
                0x20001754       0x14 /tmp/ccMm6SEV.ltrans8.ltrans.o
 .bss.ep0setup_buffer
                0x20001768        0x8 /tmp/ccMm6SEV.ltrans8.ltrans.o
 .bss.tx_buffer
                0x20001770       0x10 /tmp/ccMm6SEV.ltrans10.ltrans.o
 .bss.Command   0x20001780        0x1 /tmp/ccMm6SEV.ltrans10.ltrans.o
                0x20001780                Command
 *fill*         0x20001781        0x3 
 .bss.rx_buffer
                0x20001784        0xc /tmp/ccMm6SEV.ltrans10.ltrans.o
 .bss.Active_channel
                0x20001790        0x1 /tmp/ccMm6SEV.ltrans10.ltrans.o
                0x20001790                Active_channel
 *fill*         0x20001791        0x3 
 .bss.GPTD4     0x20001794       0x10 /tmp/ccMm6SEV.ltrans10.ltrans.o
                0x20001794                GPTD4
 .bss.Silabs_busy
                0x200017a4        0xc /tmp/ccMm6SEV.ltrans10.ltrans.o
                0x200017a4                Silabs_busy
 .bss.Silabs_Part_ID
                0x200017b0        0x2 /tmp/ccMm6SEV.ltrans10.ltrans.o
                0x200017b0                Silabs_Part_ID
 *fill*         0x200017b2        0x2 
 .bss.Silabs_callback
                0x200017b4        0xc /tmp/ccMm6SEV.ltrans10.ltrans.o
                0x200017b4                Silabs_callback
 .bss.Command_string
                0x200017c0        0x8 /tmp/ccMm6SEV.ltrans10.ltrans.o
                0x200017c0                Command_string
 .bss.test      0x200017c8      0x668 /tmp/ccMm6SEV.ltrans11.ltrans.o
                0x200017c8                test
 .bss.mp1.lto_priv.115
                0x20001e30        0xc /tmp/ccMm6SEV.ltrans11.ltrans.o
                0x20001e30                mp1.lto_priv.115
 *fill*         0x20001e3c        0x4 
 .bss.ch        0x20001e40      0x150 /tmp/ccMm6SEV.ltrans11.ltrans.o
                0x20001e40                ch
 .bss.test_timer_done
                0x20001f90        0x1 /tmp/ccMm6SEV.ltrans11.ltrans.o
                0x20001f90                test_timer_done
 *fill*         0x20001f91        0x3 
 .bss.GPTD3     0x20001f94       0x10 /tmp/ccMm6SEV.ltrans11.ltrans.o
                0x20001f94                GPTD3
 .bss.SPID1     0x20001fa4       0x30 /tmp/ccMm6SEV.ltrans11.ltrans.o
                0x20001fa4                SPID1
 .bss.vt        0x20001fd4       0x14 /tmp/ccMm6SEV.ltrans11.ltrans.o
 .bss.dma_isr_redir.lto_priv.89
                0x20001fe8       0x38 /tmp/ccMm6SEV.ltrans11.ltrans.o
                0x20001fe8                dma_isr_redir.lto_priv.89
 .bss.dma_streams_mask.lto_priv.88
                0x20002020        0x4 /tmp/ccMm6SEV.ltrans11.ltrans.o
                0x20002020                dma_streams_mask.lto_priv.88
 *(COMMON)
                0x20002024                . = ALIGN (0x4)
                0x20002024                PROVIDE (_bss_end, .)
                0x20002024                PROVIDE (end, .)
                0x20002024                _end = .
                0x20002024                __heap_base__ = _end
                0x20005000                __heap_end__ = __ram_end__
                0x00000400                __process_stack_size__ = 0x400
                0x00000400                __main_stack_size__ = 0x400
START GROUP
LOAD /home/laurence/ARM-GCC/gcc-arm-none-eabi-4_9-2014q4/bin/../lib/gcc/arm-none-eabi/4.9.3/armv7-m/libgcc.a
LOAD /home/laurence/ARM-GCC/gcc-arm-none-eabi-4_9-2014q4/bin/../lib/gcc/arm-none-eabi/4.9.3/../../../../arm-none-eabi/lib/armv7-m/libg.a
LOAD /home/laurence/ARM-GCC/gcc-arm-none-eabi-4_9-2014q4/bin/../lib/gcc/arm-none-eabi/4.9.3/../../../../arm-none-eabi/lib/armv7-m/libc.a
END GROUP
OUTPUT(build/ch.elf elf32-littlearm)

.ARM.attributes
                0x00000000       0x2f
 .ARM.attributes
                0x00000000       0x21 build/obj/chcoreasm_v7m.o
 .ARM.attributes
                0x00000021       0x31 /tmp/ccMm6SEV.ltrans0.ltrans.o
 .ARM.attributes
                0x00000052       0x31 /tmp/ccMm6SEV.ltrans1.ltrans.o
 .ARM.attributes
                0x00000083       0x31 /tmp/ccMm6SEV.ltrans2.ltrans.o
 .ARM.attributes
                0x000000b4       0x31 /tmp/ccMm6SEV.ltrans3.ltrans.o
 .ARM.attributes
                0x000000e5       0x31 /tmp/ccMm6SEV.ltrans4.ltrans.o
 .ARM.attributes
                0x00000116       0x31 /tmp/ccMm6SEV.ltrans5.ltrans.o
 .ARM.attributes
                0x00000147       0x31 /tmp/ccMm6SEV.ltrans6.ltrans.o
 .ARM.attributes
                0x00000178       0x31 /tmp/ccMm6SEV.ltrans7.ltrans.o
 .ARM.attributes
                0x000001a9       0x31 /tmp/ccMm6SEV.ltrans8.ltrans.o
 .ARM.attributes
                0x000001da       0x31 /tmp/ccMm6SEV.ltrans9.ltrans.o
 .ARM.attributes
                0x0000020b       0x31 /tmp/ccMm6SEV.ltrans10.ltrans.o
 .ARM.attributes
                0x0000023c       0x31 /tmp/ccMm6SEV.ltrans11.ltrans.o
 .ARM.attributes
                0x0000026d       0x1d /home/laurence/ARM-GCC/gcc-arm-none-eabi-4_9-2014q4/bin/../lib/gcc/arm-none-eabi/4.9.3/armv7-m/libgcc.a(_arm_addsubdf3.o)
 .ARM.attributes
                0x0000028a       0x1d /home/laurence/ARM-GCC/gcc-arm-none-eabi-4_9-2014q4/bin/../lib/gcc/arm-none-eabi/4.9.3/armv7-m/libgcc.a(_arm_muldivdf3.o)
 .ARM.attributes
                0x000002a7       0x1d /home/laurence/ARM-GCC/gcc-arm-none-eabi-4_9-2014q4/bin/../lib/gcc/arm-none-eabi/4.9.3/armv7-m/libgcc.a(_arm_fixdfsi.o)
 .ARM.attributes
                0x000002c4       0x1d /home/laurence/ARM-GCC/gcc-arm-none-eabi-4_9-2014q4/bin/../lib/gcc/arm-none-eabi/4.9.3/armv7-m/libgcc.a(_arm_fixunsdfsi.o)
 .ARM.attributes
                0x000002e1       0x1d /home/laurence/ARM-GCC/gcc-arm-none-eabi-4_9-2014q4/bin/../lib/gcc/arm-none-eabi/4.9.3/armv7-m/libgcc.a(_arm_truncdfsf2.o)
 .ARM.attributes
                0x000002fe       0x1d /home/laurence/ARM-GCC/gcc-arm-none-eabi-4_9-2014q4/bin/../lib/gcc/arm-none-eabi/4.9.3/armv7-m/libgcc.a(_arm_addsubsf3.o)
 .ARM.attributes
                0x0000031b       0x1d /home/laurence/ARM-GCC/gcc-arm-none-eabi-4_9-2014q4/bin/../lib/gcc/arm-none-eabi/4.9.3/armv7-m/libgcc.a(_arm_muldivsf3.o)
 .ARM.attributes
                0x00000338       0x1d /home/laurence/ARM-GCC/gcc-arm-none-eabi-4_9-2014q4/bin/../lib/gcc/arm-none-eabi/4.9.3/armv7-m/libgcc.a(_arm_cmpsf2.o)
 .ARM.attributes
                0x00000355       0x1d /home/laurence/ARM-GCC/gcc-arm-none-eabi-4_9-2014q4/bin/../lib/gcc/arm-none-eabi/4.9.3/armv7-m/libgcc.a(_arm_fixsfsi.o)
 .ARM.attributes
                0x00000372       0x1d /home/laurence/ARM-GCC/gcc-arm-none-eabi-4_9-2014q4/bin/../lib/gcc/arm-none-eabi/4.9.3/armv7-m/libgcc.a(_arm_fixunssfsi.o)
 .ARM.attributes
                0x0000038f       0x2d /home/laurence/ARM-GCC/gcc-arm-none-eabi-4_9-2014q4/bin/../lib/gcc/arm-none-eabi/4.9.3/../../../../arm-none-eabi/lib/armv7-m/libg.a(lib_a-memset.o)
 .ARM.attributes
                0x000003bc       0x2d /home/laurence/ARM-GCC/gcc-arm-none-eabi-4_9-2014q4/bin/../lib/gcc/arm-none-eabi/4.9.3/../../../../arm-none-eabi/lib/armv7-m/libg.a(lib_a-strcasecmp.o)
 .ARM.attributes
                0x000003e9       0x2d /home/laurence/ARM-GCC/gcc-arm-none-eabi-4_9-2014q4/bin/../lib/gcc/arm-none-eabi/4.9.3/../../../../arm-none-eabi/lib/armv7-m/libg.a(lib_a-strlen.o)
 .ARM.attributes
                0x00000416       0x2d /home/laurence/ARM-GCC/gcc-arm-none-eabi-4_9-2014q4/bin/../lib/gcc/arm-none-eabi/4.9.3/../../../../arm-none-eabi/lib/armv7-m/libg.a(lib_a-strncpy.o)
 .ARM.attributes
                0x00000443       0x2d /home/laurence/ARM-GCC/gcc-arm-none-eabi-4_9-2014q4/bin/../lib/gcc/arm-none-eabi/4.9.3/../../../../arm-none-eabi/lib/armv7-m/libg.a(lib_a-strpbrk.o)
 .ARM.attributes
                0x00000470       0x2d /home/laurence/ARM-GCC/gcc-arm-none-eabi-4_9-2014q4/bin/../lib/gcc/arm-none-eabi/4.9.3/../../../../arm-none-eabi/lib/armv7-m/libg.a(lib_a-strspn.o)
 .ARM.attributes
                0x0000049d       0x2d /home/laurence/ARM-GCC/gcc-arm-none-eabi-4_9-2014q4/bin/../lib/gcc/arm-none-eabi/4.9.3/../../../../arm-none-eabi/lib/armv7-m/libg.a(lib_a-ctype_.o)

.comment        0x00000000       0x70
 .comment       0x00000000       0x70 /tmp/ccMm6SEV.ltrans0.ltrans.o
                                 0x71 (size before relaxing)
 .comment       0x00000000       0x71 /tmp/ccMm6SEV.ltrans1.ltrans.o
 .comment       0x00000000       0x71 /tmp/ccMm6SEV.ltrans2.ltrans.o
 .comment       0x00000000       0x71 /tmp/ccMm6SEV.ltrans3.ltrans.o
 .comment       0x00000000       0x71 /tmp/ccMm6SEV.ltrans4.ltrans.o
 .comment       0x00000000       0x71 /tmp/ccMm6SEV.ltrans5.ltrans.o
 .comment       0x00000000       0x71 /tmp/ccMm6SEV.ltrans6.ltrans.o
 .comment       0x00000000       0x71 /tmp/ccMm6SEV.ltrans7.ltrans.o
 .comment       0x00000000       0x71 /tmp/ccMm6SEV.ltrans8.ltrans.o
 .comment       0x00000000       0x71 /tmp/ccMm6SEV.ltrans9.ltrans.o
 .comment       0x00000000       0x71 /tmp/ccMm6SEV.ltrans10.ltrans.o
 .comment       0x00000000       0x71 /tmp/ccMm6SEV.ltrans11.ltrans.o

.debug_info     0x00000000    0x24185
 .debug_info    0x00000000     0x2f92 /tmp/ccMm6SEV.ltrans0.ltrans.o
 .debug_info    0x00002f92     0x49e8 /tmp/ccMm6SEV.ltrans1.ltrans.o
 .debug_info    0x0000797a     0x3c3e /tmp/ccMm6SEV.ltrans2.ltrans.o
 .debug_info    0x0000b5b8     0x3768 /tmp/ccMm6SEV.ltrans3.ltrans.o
 .debug_info    0x0000ed20     0x35fe /tmp/ccMm6SEV.ltrans4.ltrans.o
 .debug_info    0x0001231e     0x3181 /tmp/ccMm6SEV.ltrans5.ltrans.o
 .debug_info    0x0001549f     0x2dc6 /tmp/ccMm6SEV.ltrans6.ltrans.o
 .debug_info    0x00018265     0x32f3 /tmp/ccMm6SEV.ltrans7.ltrans.o
 .debug_info    0x0001b558     0x2916 /tmp/ccMm6SEV.ltrans8.ltrans.o
 .debug_info    0x0001de6e     0x1d15 /tmp/ccMm6SEV.ltrans9.ltrans.o
 .debug_info    0x0001fb83     0x1981 /tmp/ccMm6SEV.ltrans10.ltrans.o
 .debug_info    0x00021504     0x2c81 /tmp/ccMm6SEV.ltrans11.ltrans.o

.debug_abbrev   0x00000000     0x4311
 .debug_abbrev  0x00000000      0x537 /tmp/ccMm6SEV.ltrans0.ltrans.o
 .debug_abbrev  0x00000537      0x65a /tmp/ccMm6SEV.ltrans1.ltrans.o
 .debug_abbrev  0x00000b91      0x681 /tmp/ccMm6SEV.ltrans2.ltrans.o
 .debug_abbrev  0x00001212      0x59d /tmp/ccMm6SEV.ltrans3.ltrans.o
 .debug_abbrev  0x000017af      0x556 /tmp/ccMm6SEV.ltrans4.ltrans.o
 .debug_abbrev  0x00001d05      0x51d /tmp/ccMm6SEV.ltrans5.ltrans.o
 .debug_abbrev  0x00002222      0x685 /tmp/ccMm6SEV.ltrans6.ltrans.o
 .debug_abbrev  0x000028a7      0x620 /tmp/ccMm6SEV.ltrans7.ltrans.o
 .debug_abbrev  0x00002ec7      0x619 /tmp/ccMm6SEV.ltrans8.ltrans.o
 .debug_abbrev  0x000034e0      0x4da /tmp/ccMm6SEV.ltrans9.ltrans.o
 .debug_abbrev  0x000039ba      0x43e /tmp/ccMm6SEV.ltrans10.ltrans.o
 .debug_abbrev  0x00003df8      0x519 /tmp/ccMm6SEV.ltrans11.ltrans.o

.debug_loc      0x00000000     0x9f3c
 .debug_loc     0x00000000      0x97b /tmp/ccMm6SEV.ltrans0.ltrans.o
 .debug_loc     0x0000097b     0x129b /tmp/ccMm6SEV.ltrans1.ltrans.o
 .debug_loc     0x00001c16     0x16d9 /tmp/ccMm6SEV.ltrans2.ltrans.o
 .debug_loc     0x000032ef      0x7c9 /tmp/ccMm6SEV.ltrans3.ltrans.o
 .debug_loc     0x00003ab8      0xa36 /tmp/ccMm6SEV.ltrans4.ltrans.o
 .debug_loc     0x000044ee      0x719 /tmp/ccMm6SEV.ltrans5.ltrans.o
 .debug_loc     0x00004c07     0x1267 /tmp/ccMm6SEV.ltrans6.ltrans.o
 .debug_loc     0x00005e6e     0x166e /tmp/ccMm6SEV.ltrans7.ltrans.o
 .debug_loc     0x000074dc      0xb33 /tmp/ccMm6SEV.ltrans8.ltrans.o
 .debug_loc     0x0000800f     0x1225 /tmp/ccMm6SEV.ltrans9.ltrans.o
 .debug_loc     0x00009234      0x338 /tmp/ccMm6SEV.ltrans10.ltrans.o
 .debug_loc     0x0000956c      0x9d0 /tmp/ccMm6SEV.ltrans11.ltrans.o

.debug_aranges  0x00000000      0x910
 .debug_aranges
                0x00000000       0xa0 /tmp/ccMm6SEV.ltrans0.ltrans.o
 .debug_aranges
                0x000000a0       0xb0 /tmp/ccMm6SEV.ltrans1.ltrans.o
 .debug_aranges
                0x00000150       0xf8 /tmp/ccMm6SEV.ltrans2.ltrans.o
 .debug_aranges
                0x00000248       0xe0 /tmp/ccMm6SEV.ltrans3.ltrans.o
 .debug_aranges
                0x00000328       0xb0 /tmp/ccMm6SEV.ltrans4.ltrans.o
 .debug_aranges
                0x000003d8       0xc8 /tmp/ccMm6SEV.ltrans5.ltrans.o
 .debug_aranges
                0x000004a0      0x100 /tmp/ccMm6SEV.ltrans6.ltrans.o
 .debug_aranges
                0x000005a0      0x160 /tmp/ccMm6SEV.ltrans7.ltrans.o
 .debug_aranges
                0x00000700       0xc8 /tmp/ccMm6SEV.ltrans8.ltrans.o
 .debug_aranges
                0x000007c8       0x68 /tmp/ccMm6SEV.ltrans9.ltrans.o
 .debug_aranges
                0x00000830       0x28 /tmp/ccMm6SEV.ltrans10.ltrans.o
 .debug_aranges
                0x00000858       0xb8 /tmp/ccMm6SEV.ltrans11.ltrans.o

.debug_ranges   0x00000000     0x34b0
 .debug_ranges  0x00000000      0x418 /tmp/ccMm6SEV.ltrans0.ltrans.o
 .debug_ranges  0x00000418      0xaf0 /tmp/ccMm6SEV.ltrans1.ltrans.o
 .debug_ranges  0x00000f08      0x458 /tmp/ccMm6SEV.ltrans2.ltrans.o
 .debug_ranges  0x00001360      0x460 /tmp/ccMm6SEV.ltrans3.ltrans.o
 .debug_ranges  0x000017c0      0x4c8 /tmp/ccMm6SEV.ltrans4.ltrans.o
 .debug_ranges  0x00001c88      0x458 /tmp/ccMm6SEV.ltrans5.ltrans.o
 .debug_ranges  0x000020e0      0x478 /tmp/ccMm6SEV.ltrans6.ltrans.o
 .debug_ranges  0x00002558      0x6b0 /tmp/ccMm6SEV.ltrans7.ltrans.o
 .debug_ranges  0x00002c08      0x2a8 /tmp/ccMm6SEV.ltrans8.ltrans.o
 .debug_ranges  0x00002eb0      0x178 /tmp/ccMm6SEV.ltrans9.ltrans.o
 .debug_ranges  0x00003028      0x140 /tmp/ccMm6SEV.ltrans10.ltrans.o
 .debug_ranges  0x00003168      0x348 /tmp/ccMm6SEV.ltrans11.ltrans.o

.debug_line     0x00000000     0x82ee
 .debug_line    0x00000000      0x94a /tmp/ccMm6SEV.ltrans0.ltrans.o
 .debug_line    0x0000094a      0xfdd /tmp/ccMm6SEV.ltrans1.ltrans.o
 .debug_line    0x00001927      0xc2c /tmp/ccMm6SEV.ltrans2.ltrans.o
 .debug_line    0x00002553      0xb2c /tmp/ccMm6SEV.ltrans3.ltrans.o
 .debug_line    0x0000307f      0x9ce /tmp/ccMm6SEV.ltrans4.ltrans.o
 .debug_line    0x00003a4d      0xad5 /tmp/ccMm6SEV.ltrans5.ltrans.o
 .debug_line    0x00004522      0xbcc /tmp/ccMm6SEV.ltrans6.ltrans.o
 .debug_line    0x000050ee      0xf16 /tmp/ccMm6SEV.ltrans7.ltrans.o
 .debug_line    0x00006004      0xa88 /tmp/ccMm6SEV.ltrans8.ltrans.o
 .debug_line    0x00006a8c      0x6b8 /tmp/ccMm6SEV.ltrans9.ltrans.o
 .debug_line    0x00007144      0x695 /tmp/ccMm6SEV.ltrans10.ltrans.o
 .debug_line    0x000077d9      0xb15 /tmp/ccMm6SEV.ltrans11.ltrans.o

.debug_str      0x00000000     0x463b
 .debug_str     0x00000000      0xaef /tmp/ccMm6SEV.ltrans0.ltrans.o
                                0xb9d (size before relaxing)
 .debug_str     0x00000aef     0x1314 /tmp/ccMm6SEV.ltrans1.ltrans.o
                               0x194d (size before relaxing)
 .debug_str     0x00001e03      0x662 /tmp/ccMm6SEV.ltrans2.ltrans.o
                               0x114d (size before relaxing)
 .debug_str     0x00002465      0x412 /tmp/ccMm6SEV.ltrans3.ltrans.o
                                0xb29 (size before relaxing)
 .debug_str     0x00002877      0x540 /tmp/ccMm6SEV.ltrans4.ltrans.o
                                0xbc3 (size before relaxing)
 .debug_str     0x00002db7      0x38b /tmp/ccMm6SEV.ltrans5.ltrans.o
                                0x9a7 (size before relaxing)
 .debug_str     0x00003142      0x3f6 /tmp/ccMm6SEV.ltrans6.ltrans.o
                                0xb9f (size before relaxing)
 .debug_str     0x00003538      0x3d3 /tmp/ccMm6SEV.ltrans7.ltrans.o
                                0xc9f (size before relaxing)
 .debug_str     0x0000390b      0x492 /tmp/ccMm6SEV.ltrans8.ltrans.o
                               0x11a9 (size before relaxing)
 .debug_str     0x00003d9d      0x242 /tmp/ccMm6SEV.ltrans9.ltrans.o
                                0x8b7 (size before relaxing)
 .debug_str     0x00003fdf      0x239 /tmp/ccMm6SEV.ltrans10.ltrans.o
                                0xa0b (size before relaxing)
 .debug_str     0x00004218      0x423 /tmp/ccMm6SEV.ltrans11.ltrans.o
                               0x1098 (size before relaxing)

.debug_frame    0x00000000     0x201c
 .debug_frame   0x00000000      0x1fc /tmp/ccMm6SEV.ltrans0.ltrans.o
 .debug_frame   0x000001fc      0x2b0 /tmp/ccMm6SEV.ltrans1.ltrans.o
 .debug_frame   0x000004ac      0x2e4 /tmp/ccMm6SEV.ltrans2.ltrans.o
 .debug_frame   0x00000790      0x36c /tmp/ccMm6SEV.ltrans3.ltrans.o
 .debug_frame   0x00000afc      0x21c /tmp/ccMm6SEV.ltrans4.ltrans.o
 .debug_frame   0x00000d18      0x2b0 /tmp/ccMm6SEV.ltrans5.ltrans.o
 .debug_frame   0x00000fc8      0x3c0 /tmp/ccMm6SEV.ltrans6.ltrans.o
 .debug_frame   0x00001388      0x48c /tmp/ccMm6SEV.ltrans7.ltrans.o
 .debug_frame   0x00001814      0x2cc /tmp/ccMm6SEV.ltrans8.ltrans.o
 .debug_frame   0x00001ae0      0x194 /tmp/ccMm6SEV.ltrans9.ltrans.o
 .debug_frame   0x00001c74       0x5c /tmp/ccMm6SEV.ltrans10.ltrans.o
 .debug_frame   0x00001cd0      0x230 /tmp/ccMm6SEV.ltrans11.ltrans.o
 .debug_frame   0x00001f00       0x34 /home/laurence/ARM-GCC/gcc-arm-none-eabi-4_9-2014q4/bin/../lib/gcc/arm-none-eabi/4.9.3/../../../../arm-none-eabi/lib/armv7-m/libg.a(lib_a-memset.o)
 .debug_frame   0x00001f34       0x2c /home/laurence/ARM-GCC/gcc-arm-none-eabi-4_9-2014q4/bin/../lib/gcc/arm-none-eabi/4.9.3/../../../../arm-none-eabi/lib/armv7-m/libg.a(lib_a-strcasecmp.o)
 .debug_frame   0x00001f60       0x20 /home/laurence/ARM-GCC/gcc-arm-none-eabi-4_9-2014q4/bin/../lib/gcc/arm-none-eabi/4.9.3/../../../../arm-none-eabi/lib/armv7-m/libg.a(lib_a-strlen.o)
 .debug_frame   0x00001f80       0x34 /home/laurence/ARM-GCC/gcc-arm-none-eabi-4_9-2014q4/bin/../lib/gcc/arm-none-eabi/4.9.3/../../../../arm-none-eabi/lib/armv7-m/libg.a(lib_a-strncpy.o)
 .debug_frame   0x00001fb4       0x34 /home/laurence/ARM-GCC/gcc-arm-none-eabi-4_9-2014q4/bin/../lib/gcc/arm-none-eabi/4.9.3/../../../../arm-none-eabi/lib/armv7-m/libg.a(lib_a-strpbrk.o)
 .debug_frame   0x00001fe8       0x34 /home/laurence/ARM-GCC/gcc-arm-none-eabi-4_9-2014q4/bin/../lib/gcc/arm-none-eabi/4.9.3/../../../../arm-none-eabi/lib/armv7-m/libg.a(lib_a-strspn.o)

Cross Reference Table

Symbol                                            File
Active_Frequency                                  /tmp/ccMm6SEV.ltrans10.ltrans.o
                                                  build/obj/Si446x_thread.o (symbol from plugin)
                                                  /tmp/ccMm6SEV.ltrans1.ltrans.o
Active_banddiv                                    /tmp/ccMm6SEV.ltrans10.ltrans.o
                                                  build/obj/Si446x_thread.o (symbol from plugin)
                                                  /tmp/ccMm6SEV.ltrans1.ltrans.o
Active_channel                                    /tmp/ccMm6SEV.ltrans10.ltrans.o
                                                  build/obj/Si446x_thread.o (symbol from plugin)
                                                  /tmp/ccMm6SEV.ltrans1.ltrans.o
Active_level                                      build/obj/Si446x_thread.o (symbol from plugin)
Active_shift                                      build/obj/Si446x_thread.o (symbol from plugin)
BusFault_Handler                                  /tmp/ccMm6SEV.ltrans7.ltrans.o
                                                  build/obj/vectors.o (symbol from plugin)
                                                  /tmp/ccMm6SEV.ltrans8.ltrans.o
Command                                           /tmp/ccMm6SEV.ltrans10.ltrans.o
                                                  build/obj/Si446x_thread.o (symbol from plugin)
                                                  /tmp/ccMm6SEV.ltrans1.ltrans.o
Command_string                                    /tmp/ccMm6SEV.ltrans10.ltrans.o
                                                  build/obj/Si446x_thread.o (symbol from plugin)
                                                  /tmp/ccMm6SEV.ltrans1.ltrans.o
DebugMon_Handler                                  /tmp/ccMm6SEV.ltrans7.ltrans.o
                                                  build/obj/vectors.o (symbol from plugin)
                                                  /tmp/ccMm6SEV.ltrans8.ltrans.o
GPTD3                                             /tmp/ccMm6SEV.ltrans11.ltrans.o
                                                  build/obj/gpt_lld.o (symbol from plugin)
                                                  /tmp/ccMm6SEV.ltrans10.ltrans.o
                                                  /tmp/ccMm6SEV.ltrans8.ltrans.o
                                                  /tmp/ccMm6SEV.ltrans2.ltrans.o
                                                  /tmp/ccMm6SEV.ltrans1.ltrans.o
                                                  build/obj/Si446x_thread.o (symbol from plugin)
GPTD4                                             /tmp/ccMm6SEV.ltrans10.ltrans.o
                                                  build/obj/gpt_lld.o (symbol from plugin)
                                                  /tmp/ccMm6SEV.ltrans8.ltrans.o
                                                  /tmp/ccMm6SEV.ltrans2.ltrans.o
                                                  /tmp/ccMm6SEV.ltrans1.ltrans.o
                                                  build/obj/Si446x_thread.o (symbol from plugin)
HardFault_Handler                                 /tmp/ccMm6SEV.ltrans7.ltrans.o
                                                  build/obj/vectors.o (symbol from plugin)
                                                  /tmp/ccMm6SEV.ltrans8.ltrans.o
MemManage_Handler                                 /tmp/ccMm6SEV.ltrans7.ltrans.o
                                                  build/obj/vectors.o (symbol from plugin)
                                                  /tmp/ccMm6SEV.ltrans8.ltrans.o
NMI_Handler                                       /tmp/ccMm6SEV.ltrans7.ltrans.o
                                                  build/obj/vectors.o (symbol from plugin)
                                                  /tmp/ccMm6SEV.ltrans8.ltrans.o
Outdiv                                            /tmp/ccMm6SEV.ltrans10.ltrans.o
                                                  build/obj/Si446x_thread.o (symbol from plugin)
                                                  /tmp/ccMm6SEV.ltrans1.ltrans.o
PendSV_Handler                                    /tmp/ccMm6SEV.ltrans7.ltrans.o
                                                  build/obj/vectors.o (symbol from plugin)
                                                  /tmp/ccMm6SEV.ltrans8.ltrans.o
RF_switch                                         build/obj/Si446x_thread.o (symbol from plugin)
RF_switch.part.8.lto_priv.80                      /tmp/ccMm6SEV.ltrans11.ltrans.o
                                                  /tmp/ccMm6SEV.ltrans10.ltrans.o
Reset_Handler                                     /tmp/ccMm6SEV.ltrans7.ltrans.o
                                                  build/obj/crt0.o (symbol from plugin)
                                                  /tmp/ccMm6SEV.ltrans8.ltrans.o
SDU1                                              /tmp/ccMm6SEV.ltrans1.ltrans.o
                                                  build/obj/main.o (symbol from plugin)
                                                  /tmp/ccMm6SEV.ltrans9.ltrans.o
                                                  build/obj/usbcfg.o (symbol from plugin)
SI_Thread.lto_priv.84                             /tmp/ccMm6SEV.ltrans10.ltrans.o
                                                  /tmp/ccMm6SEV.ltrans1.ltrans.o
SPID1                                             /tmp/ccMm6SEV.ltrans11.ltrans.o
                                                  build/obj/spi_lld.o (symbol from plugin)
                                                  /tmp/ccMm6SEV.ltrans10.ltrans.o
                                                  /tmp/ccMm6SEV.ltrans1.ltrans.o
                                                  build/obj/Si446x_thread.o (symbol from plugin)
SVC_Handler                                       /tmp/ccMm6SEV.ltrans7.ltrans.o
                                                  build/obj/chcore_v7m.o (symbol from plugin)
                                                  build/obj/vectors.o (symbol from plugin)
                                                  /tmp/ccMm6SEV.ltrans8.ltrans.o
Silabs_Header                                     build/obj/Si446x_thread.o (symbol from plugin)
Silabs_Part_ID                                    /tmp/ccMm6SEV.ltrans10.ltrans.o
                                                  build/obj/Si446x_thread.o (symbol from plugin)
                                                  /tmp/ccMm6SEV.ltrans1.ltrans.o
Silabs_busy                                       /tmp/ccMm6SEV.ltrans10.ltrans.o
                                                  build/obj/Si446x_thread.o (symbol from plugin)
                                                  /tmp/ccMm6SEV.ltrans1.ltrans.o
Silabs_callback                                   /tmp/ccMm6SEV.ltrans10.ltrans.o
                                                  build/obj/Si446x_thread.o (symbol from plugin)
                                                  /tmp/ccMm6SEV.ltrans1.ltrans.o
Spawn_Si446x_Thread                               build/obj/Si446x_thread.o (symbol from plugin)
                                                  build/obj/main.o (symbol from plugin)
SysTick_Handler                                   /tmp/ccMm6SEV.ltrans7.ltrans.o
                                                  build/obj/vectors.o (symbol from plugin)
                                                  /tmp/ccMm6SEV.ltrans8.ltrans.o