Archive member included because of file (symbol)

/home/laurence/ARM-GCC/bin/../lib/gcc/arm-none-eabi/4.7.4/armv7-m/libgcc.a(_arm_addsubdf3.o)
                              /tmp/ccCR2zU4.ltrans5.ltrans.o (__aeabi_dsub)
/home/laurence/ARM-GCC/bin/../lib/gcc/arm-none-eabi/4.7.4/armv7-m/libgcc.a(_arm_muldivdf3.o)
                              /tmp/ccCR2zU4.ltrans4.ltrans.o (__aeabi_dmul)
/home/laurence/ARM-GCC/bin/../lib/gcc/arm-none-eabi/4.7.4/armv7-m/libgcc.a(_arm_fixdfsi.o)
                              /tmp/ccCR2zU4.ltrans5.ltrans.o (__aeabi_d2iz)
/home/laurence/ARM-GCC/bin/../lib/gcc/arm-none-eabi/4.7.4/armv7-m/libgcc.a(_arm_fixunsdfsi.o)
                              /tmp/ccCR2zU4.ltrans4.ltrans.o (__aeabi_d2uiz)
/home/laurence/ARM-GCC/bin/../lib/gcc/arm-none-eabi/4.7.4/armv7-m/libgcc.a(_arm_truncdfsf2.o)
                              /tmp/ccCR2zU4.ltrans5.ltrans.o (__aeabi_d2f)
/home/laurence/ARM-GCC/bin/../lib/gcc/arm-none-eabi/4.7.4/armv7-m/libgcc.a(_arm_addsubsf3.o)
                              /tmp/ccCR2zU4.ltrans4.ltrans.o (__aeabi_fsub)
/home/laurence/ARM-GCC/bin/../lib/gcc/arm-none-eabi/4.7.4/armv7-m/libgcc.a(_arm_muldivsf3.o)
                              /tmp/ccCR2zU4.ltrans4.ltrans.o (__aeabi_fmul)
/home/laurence/ARM-GCC/bin/../lib/gcc/arm-none-eabi/4.7.4/armv7-m/libgcc.a(_arm_cmpsf2.o)
                              /tmp/ccCR2zU4.ltrans5.ltrans.o (__aeabi_fcmplt)
/home/laurence/ARM-GCC/bin/../lib/gcc/arm-none-eabi/4.7.4/armv7-m/libgcc.a(_arm_fixsfsi.o)
                              /tmp/ccCR2zU4.ltrans5.ltrans.o (__aeabi_f2iz)
/home/laurence/ARM-GCC/bin/../lib/gcc/arm-none-eabi/4.7.4/armv7-m/libgcc.a(_arm_fixunssfsi.o)
                              /tmp/ccCR2zU4.ltrans4.ltrans.o (__aeabi_f2uiz)
/home/laurence/ARM-GCC/bin/../lib/gcc/arm-none-eabi/4.7.4/../../../../arm-none-eabi/lib/armv7-m/libg.a(lib_a-memset.o)
                              /tmp/ccCR2zU4.ltrans6.ltrans.o (memset)
/home/laurence/ARM-GCC/bin/../lib/gcc/arm-none-eabi/4.7.4/../../../../arm-none-eabi/lib/armv7-m/libg.a(lib_a-strcasecmp.o)
                              /tmp/ccCR2zU4.ltrans10.ltrans.o (strcasecmp)
/home/laurence/ARM-GCC/bin/../lib/gcc/arm-none-eabi/4.7.4/../../../../arm-none-eabi/lib/armv7-m/libg.a(lib_a-strcpy.o)
                              /tmp/ccCR2zU4.ltrans9.ltrans.o (strcpy)
/home/laurence/ARM-GCC/bin/../lib/gcc/arm-none-eabi/4.7.4/../../../../arm-none-eabi/lib/armv7-m/libg.a(lib_a-strlen.o)
                              /tmp/ccCR2zU4.ltrans9.ltrans.o (strlen)
/home/laurence/ARM-GCC/bin/../lib/gcc/arm-none-eabi/4.7.4/../../../../arm-none-eabi/lib/armv7-m/libg.a(lib_a-strncpy.o)
                              /tmp/ccCR2zU4.ltrans9.ltrans.o (strncpy)
/home/laurence/ARM-GCC/bin/../lib/gcc/arm-none-eabi/4.7.4/../../../../arm-none-eabi/lib/armv7-m/libg.a(lib_a-strpbrk.o)
                              /tmp/ccCR2zU4.ltrans6.ltrans.o (strpbrk)
/home/laurence/ARM-GCC/bin/../lib/gcc/arm-none-eabi/4.7.4/../../../../arm-none-eabi/lib/armv7-m/libg.a(lib_a-strspn.o)
                              /tmp/ccCR2zU4.ltrans6.ltrans.o (strspn)
/home/laurence/ARM-GCC/bin/../lib/gcc/arm-none-eabi/4.7.4/../../../../arm-none-eabi/lib/armv7-m/libg.a(lib_a-ctype_.o)
                              /home/laurence/ARM-GCC/bin/../lib/gcc/arm-none-eabi/4.7.4/../../../../arm-none-eabi/lib/armv7-m/libg.a(lib_a-strcasecmp.o) (__ctype_ptr__)

Discarded input sections

 .data          0x00000000        0x0 build/obj/chcoreasm_v7m.o
 .bss           0x00000000        0x0 build/obj/chcoreasm_v7m.o
 .text          0x00000000        0x0 build/obj/crt0.o (symbol from plugin)
 .text          0x00000000        0x0 /tmp/ccCR2zU4.ltrans0.ltrans.o
 .data          0x00000000        0x0 /tmp/ccCR2zU4.ltrans0.ltrans.o
 .bss           0x00000000        0x0 /tmp/ccCR2zU4.ltrans0.ltrans.o
 .text          0x00000000        0x0 /tmp/ccCR2zU4.ltrans1.ltrans.o
 .data          0x00000000        0x0 /tmp/ccCR2zU4.ltrans1.ltrans.o
 .bss           0x00000000        0x0 /tmp/ccCR2zU4.ltrans1.ltrans.o
 .text          0x00000000        0x0 /tmp/ccCR2zU4.ltrans2.ltrans.o
 .data          0x00000000        0x0 /tmp/ccCR2zU4.ltrans2.ltrans.o
 .bss           0x00000000        0x0 /tmp/ccCR2zU4.ltrans2.ltrans.o
 .text          0x00000000        0x0 /tmp/ccCR2zU4.ltrans3.ltrans.o
 .data          0x00000000        0x0 /tmp/ccCR2zU4.ltrans3.ltrans.o
 .bss           0x00000000        0x0 /tmp/ccCR2zU4.ltrans3.ltrans.o
 .text          0x00000000        0x0 /tmp/ccCR2zU4.ltrans4.ltrans.o
 .data          0x00000000        0x0 /tmp/ccCR2zU4.ltrans4.ltrans.o
 .bss           0x00000000        0x0 /tmp/ccCR2zU4.ltrans4.ltrans.o
 .text          0x00000000        0x0 /tmp/ccCR2zU4.ltrans5.ltrans.o
 .data          0x00000000        0x0 /tmp/ccCR2zU4.ltrans5.ltrans.o
 .bss           0x00000000        0x0 /tmp/ccCR2zU4.ltrans5.ltrans.o
 .text          0x00000000        0x0 /tmp/ccCR2zU4.ltrans6.ltrans.o
 .data          0x00000000        0x0 /tmp/ccCR2zU4.ltrans6.ltrans.o
[...]
Memory Configuration

Name             Origin             Length             Attributes
flash            0x08000000         0x00020000
ram              0x20000000         0x00005000
*default*        0x00000000         0xffffffff

Linker script and memory map

LOAD build/obj/chcoreasm_v7m.o
LOAD build/obj/crt0.o
LOAD /tmp/ccCR2zU4.ltrans0.ltrans.o
LOAD /tmp/ccCR2zU4.ltrans1.ltrans.o
LOAD /tmp/ccCR2zU4.ltrans2.ltrans.o
LOAD /tmp/ccCR2zU4.ltrans3.ltrans.o
LOAD /tmp/ccCR2zU4.ltrans4.ltrans.o
LOAD /tmp/ccCR2zU4.ltrans5.ltrans.o
LOAD /tmp/ccCR2zU4.ltrans6.ltrans.o
LOAD /tmp/ccCR2zU4.ltrans7.ltrans.o
LOAD /tmp/ccCR2zU4.ltrans8.ltrans.o
LOAD /tmp/ccCR2zU4.ltrans9.ltrans.o
LOAD /tmp/ccCR2zU4.ltrans10.ltrans.o
LOAD /home/laurence/ARM-GCC/bin/../lib/gcc/arm-none-eabi/4.7.4/armv7-m/libgcc.a
LOAD /home/laurence/ARM-GCC/bin/../lib/gcc/arm-none-eabi/4.7.4/../../../../arm-none-eabi/lib/armv7-m/libg.a
LOAD /home/laurence/ARM-GCC/bin/../lib/gcc/arm-none-eabi/4.7.4/../../../../arm-none-eabi/lib/armv7-m/libc.a
LOAD build/obj/vectors.o
LOAD build/obj/chcore.o
LOAD build/obj/chcore_v7m.o
LOAD build/obj/chsys.o
LOAD build/obj/chdebug.o
LOAD build/obj/chtm.o
LOAD build/obj/chstats.o
LOAD build/obj/chschd.o
LOAD build/obj/chvt.o
LOAD build/obj/chthreads.o
LOAD build/obj/chdynamic.o
LOAD build/obj/chregistry.o
LOAD build/obj/chsem.o
LOAD build/obj/chmtx.o
LOAD build/obj/chcond.o
LOAD build/obj/chevents.o
LOAD build/obj/chmsg.o
LOAD build/obj/chmboxes.o
LOAD build/obj/chqueues.o
LOAD build/obj/chmemcore.o
LOAD build/obj/chheap.o
LOAD build/obj/chmempools.o
LOAD build/obj/test.o
LOAD build/obj/testthd.o
LOAD build/obj/testsem.o
LOAD build/obj/testmtx.o
LOAD build/obj/testmsg.o
LOAD build/obj/testmbox.o
LOAD build/obj/testevt.o
LOAD build/obj/testheap.o
LOAD build/obj/testpools.o
LOAD build/obj/testdyn.o
LOAD build/obj/testqueues.o
LOAD build/obj/testbmk.o
LOAD build/obj/hal.o
LOAD build/obj/hal_queues.o
LOAD build/obj/hal_mmcsd.o
LOAD build/obj/adc.o
LOAD build/obj/can.o
LOAD build/obj/dac.o
LOAD build/obj/ext.o
LOAD build/obj/gpt.o
LOAD build/obj/i2c.o
LOAD build/obj/i2s.o
LOAD build/obj/icu.o
LOAD build/obj/mac.o
LOAD build/obj/mmc_spi.o
LOAD build/obj/pal.o
LOAD build/obj/pwm.o
LOAD build/obj/rtc.o
LOAD build/obj/sdc.o
LOAD build/obj/serial.o
LOAD build/obj/serial_usb.o
LOAD build/obj/spi.o
LOAD build/obj/st.o
LOAD build/obj/uart.o
LOAD build/obj/usb.o
LOAD build/obj/osal.o
LOAD build/obj/nvic.o
LOAD build/obj/stm32_dma.o
LOAD build/obj/hal_lld.o
LOAD build/obj/adc_lld.o
LOAD build/obj/ext_lld_isr.o
LOAD build/obj/can_lld.o
LOAD build/obj/ext_lld.o
LOAD build/obj/mac_lld.o
LOAD build/obj/sdc_lld.o
LOAD build/obj/pal_lld.o
LOAD build/obj/i2c_lld.o
LOAD build/obj/rtc_lld.o
LOAD build/obj/spi_lld.o
LOAD build/obj/gpt_lld.o
LOAD build/obj/icu_lld.o
LOAD build/obj/pwm_lld.o
LOAD build/obj/st_lld.o
LOAD build/obj/serial_lld.o
LOAD build/obj/uart_lld.o
LOAD build/obj/usb_lld.o
LOAD build/obj/board.o
LOAD build/obj/shell.o
LOAD build/obj/chprintf.o
LOAD build/obj/main.o
LOAD build/obj/usbcfg.o
LOAD build/obj/Si446x_thread.o
                0x20000000                __ram_start__ = ORIGIN (ram)
                0x00005000                __ram_size__ = 0x5000
                0x20005000                __ram_end__ = (__ram_start__ + __ram_size__)
                0x00000000                . = 0x0
                0x00000000                _text = .

startup         0x08000000      0x140
 *(vectors)
 vectors        0x08000000      0x140 /tmp/ccCR2zU4.ltrans5.ltrans.o
                0x08000000                _vectors

constructors    0x08000140        0x0
                0x08000140                PROVIDE (__init_array_start, .)
 *(SORT(.init_array.*))
 *(.init_array)
                0x08000140                PROVIDE (__init_array_end, .)

destructors     0x08000140        0x0
                0x08000140                PROVIDE (__fini_array_start, .)
 *(.fini_array)
 *(SORT(.fini_array.*))
                0x08000140                PROVIDE (__fini_array_end, .)

.text           0x08000140     0xb4b4
 *(.text.startup.*)
 .text.startup.main.4408
                0x08000140      0x590 /tmp/ccCR2zU4.ltrans5.ltrans.o
 *(.text)
 .text          0x080006d0       0x26 build/obj/chcoreasm_v7m.o
                0x080006d0                _port_switch
                0x080006e0                _port_thread_start
                0x080006ee                _port_switch_from_isr
                0x080006f2                _port_exit_from_isr
 *fill*         0x080006f6        0xa 00
 .text          0x08000700      0x370 /home/laurence/ARM-GCC/bin/../lib/gcc/arm-none-eabi/4.7.4/armv7-m/libgcc.a(_arm_addsubdf3.o)
                0x08000700                __aeabi_drsub
                0x08000708                __aeabi_dsub
                0x08000708                __subdf3
                0x0800070c                __adddf3
                0x0800070c                __aeabi_dadd
                0x08000984                __aeabi_ui2d
                0x08000984                __floatunsidf
                0x080009a4                __floatsidf
                0x080009a4                __aeabi_i2d
                0x080009c8                __extendsfdf2
                0x080009c8                __aeabi_f2d
                0x08000a04                __aeabi_ul2d
                0x08000a04                __floatundidf
                0x08000a14                __floatdidf
                0x08000a14                __aeabi_l2d
 .text          0x08000a70      0x424 /home/laurence/ARM-GCC/bin/../lib/gcc/arm-none-eabi/4.7.4/armv7-m/libgcc.a(_arm_muldivdf3.o)
                0x08000a70                __aeabi_dmul
                0x08000a70                __muldf3
                0x08000cc4                __aeabi_ddiv
                0x08000cc4                __divdf3
 *fill*         0x08000e94        0xc 00
 .text          0x08000ea0       0x50 /home/laurence/ARM-GCC/bin/../lib/gcc/arm-none-eabi/4.7.4/armv7-m/libgcc.a(_arm_fixdfsi.o)
                0x08000ea0                __fixdfsi
                0x08000ea0                __aeabi_d2iz
 .text          0x08000ef0       0x40 /home/laurence/ARM-GCC/bin/../lib/gcc/arm-none-eabi/4.7.4/armv7-m/libgcc.a(_arm_fixunsdfsi.o)
                0x08000ef0                __fixunsdfsi
                0x08000ef0                __aeabi_d2uiz
 .text          0x08000f30       0xa0 /home/laurence/ARM-GCC/bin/../lib/gcc/arm-none-eabi/4.7.4/armv7-m/libgcc.a(_arm_truncdfsf2.o)
                0x08000f30                __aeabi_d2f
                0x08000f30                __truncdfsf2
 .text          0x08000fd0      0x21c /home/laurence/ARM-GCC/bin/../lib/gcc/arm-none-eabi/4.7.4/armv7-m/libgcc.a(_arm_addsubsf3.o)
                0x08000fd0                __aeabi_frsub
                0x08000fd8                __subsf3
                0x08000fd8                __aeabi_fsub
                0x08000fdc                __aeabi_fadd
                0x08000fdc                __addsf3
                0x0800113c                __aeabi_ui2f
                0x0800113c                __floatunsisf
                0x08001144                __aeabi_i2f
                0x08001144                __floatsisf
                0x08001160                __floatundisf
                0x08001160                __aeabi_ul2f
                0x08001170                __floatdisf
                0x08001170                __aeabi_l2f
 *fill*         0x080011ec        0x4 00
 .text          0x080011f0      0x2a0 /home/laurence/ARM-GCC/bin/../lib/gcc/arm-none-eabi/4.7.4/armv7-m/libgcc.a(_arm_muldivsf3.o)
                0x080011f0                __mulsf3
                0x080011f0                __aeabi_fmul
                0x08001358                __divsf3
                0x08001358                __aeabi_fdiv
 .text          0x08001490       0xec /home/laurence/ARM-GCC/bin/../lib/gcc/arm-none-eabi/4.7.4/armv7-m/libgcc.a(_arm_cmpsf2.o)
                0x08001490                __gtsf2
                0x08001490                __gesf2
                0x08001498                __lesf2
                0x08001498                __ltsf2
                0x080014a0                __nesf2
                0x080014a0                __eqsf2
                0x080014a0                __cmpsf2
                0x08001500                __aeabi_cfrcmple
                0x08001508                __aeabi_cfcmple
                0x08001508                __aeabi_cfcmpeq
                0x08001518                __aeabi_fcmpeq
                0x0800152c                __aeabi_fcmplt
                0x08001540                __aeabi_fcmple
                0x08001554                __aeabi_fcmpge
                0x08001568                __aeabi_fcmpgt
 *fill*         0x0800157c        0x4 00
 .text          0x08001580       0x4c /home/laurence/ARM-GCC/bin/../lib/gcc/arm-none-eabi/4.7.4/armv7-m/libgcc.a(_arm_fixsfsi.o)
                0x08001580                __fixsfsi
                0x08001580                __aeabi_f2iz
 *fill*         0x080015cc        0x4 00
 .text          0x080015d0       0x40 /home/laurence/ARM-GCC/bin/../lib/gcc/arm-none-eabi/4.7.4/armv7-m/libgcc.a(_arm_fixunssfsi.o)
                0x080015d0                __aeabi_f2uiz
                0x080015d0                __fixunssfsi
 *(.text.*)
 .text.tmr.6612
                0x08001610       0x10 /tmp/ccCR2zU4.ltrans0.ltrans.o
                0x08001610                tmr.6612
 .text.chCoreAlloc
                0x08001620       0x40 /tmp/ccCR2zU4.ltrans0.ltrans.o
                0x08001620                chCoreAlloc
 .text.wakeup.4589
                0x08001660       0x60 /tmp/ccCR2zU4.ltrans0.ltrans.o
                0x08001660                wakeup.4589
 .text._idle_thread.4288
                0x080016c0       0x20 /tmp/ccCR2zU4.ltrans0.ltrans.o
                0x080016c0                _idle_thread.4288
 .text.SVC_Handler
                0x080016e0       0x20 /tmp/ccCR2zU4.ltrans0.ltrans.o
                0x080016e0                SVC_Handler
 .text.test_terminate_threads
                0x08001700       0x80 /tmp/ccCR2zU4.ltrans0.ltrans.o
                0x08001700                test_terminate_threads
 .text._test_assert_time_window
                0x08001780       0x50 /tmp/ccCR2zU4.ltrans0.ltrans.o
                0x08001780                _test_assert_time_window
 .text._test_assert_sequence
                0x080017d0       0x90 /tmp/ccCR2zU4.ltrans0.ltrans.o
                0x080017d0                _test_assert_sequence
 .text._test_assert
                0x08001860       0x30 /tmp/ccCR2zU4.ltrans0.ltrans.o
                0x08001860                _test_assert
 .text.test_emit_token
                0x08001890       0x20 /tmp/ccCR2zU4.ltrans0.ltrans.o
                0x08001890                test_emit_token
 .text.test_println
                0x080018b0       0x30 /tmp/ccCR2zU4.ltrans0.ltrans.o
                0x080018b0                test_println
 .text.test_print
                0x080018e0       0x20 /tmp/ccCR2zU4.ltrans0.ltrans.o
                0x080018e0                test_print
 .text.test_printn
                0x08001900       0x90 /tmp/ccCR2zU4.ltrans0.ltrans.o
                0x08001900                test_printn
 .text.print_line.6617
                0x08001990       0x40 /tmp/ccCR2zU4.ltrans0.ltrans.o
                0x08001990                print_line.6617
 .text.chPoolAlloc
                0x080019d0       0x30 /tmp/ccCR2zU4.ltrans0.ltrans.o
                0x080019d0                chPoolAlloc
 .text.chEvtUnregister
                0x08001a00       0x30 /tmp/ccCR2zU4.ltrans0.ltrans.o
                0x08001a00                chEvtUnregister
 .text.chThdYield
                0x08001a30       0x50 /tmp/ccCR2zU4.ltrans0.ltrans.o
                0x08001a30                chThdYield
 .text.chThdCreateI
                0x08001a80       0x70 /tmp/ccCR2zU4.ltrans0.ltrans.o
                0x08001a80                chThdCreateI
 .text.chSchDoRescheduleAhead
                0x08001af0       0x40 /tmp/ccCR2zU4.ltrans0.ltrans.o
                0x08001af0                chSchDoRescheduleAhead
 .text.chSchRescheduleS
                0x08001b30       0x20 /tmp/ccCR2zU4.ltrans0.ltrans.o
                0x08001b30                chSchRescheduleS
 .text.chThdSetPriority.4281
                0x08001b50       0x30 /tmp/ccCR2zU4.ltrans0.ltrans.o
 .text.thd3_execute.6824
                0x08001b80      0x150 /tmp/ccCR2zU4.ltrans0.ltrans.o
                0x08001b80                thd3_execute.6824
 .text.chSchWakeupS
                0x08001cd0       0x60 /tmp/ccCR2zU4.ltrans0.ltrans.o
                0x08001cd0                chSchWakeupS
 .text.chMtxUnlock
                0x08001d30       0x60 /tmp/ccCR2zU4.ltrans0.ltrans.o
                0x08001d30                chMtxUnlock
 .text.chSemSignal
                0x08001d90       0x30 /tmp/ccCR2zU4.ltrans0.ltrans.o
                0x08001d90                chSemSignal
 .text.chThdCreateStatic
                0x08001dc0       0x80 /tmp/ccCR2zU4.ltrans0.ltrans.o
                0x08001dc0                chThdCreateStatic
 .text.chSchGoSleepS
                0x08001e40       0x30 /tmp/ccCR2zU4.ltrans0.ltrans.o
                0x08001e40                chSchGoSleepS
 .text.chMsgWait
                0x08001e70       0x40 /tmp/ccCR2zU4.ltrans0.ltrans.o
                0x08001e70                chMsgWait
 .text.chSemWait
                0x08001eb0       0x40 /tmp/ccCR2zU4.ltrans0.ltrans.o
                0x08001eb0                chSemWait
 .text._port_irq_epilogue
                0x08001ef0       0x60 /tmp/ccCR2zU4.ltrans0.ltrans.o
                0x08001ef0                _port_irq_epilogue
 .text.chSchReadyI
                0x08001f50       0x20 /tmp/ccCR2zU4.ltrans0.ltrans.o
                0x08001f50                chSchReadyI
 .text.chMsgSend
                0x08001f70       0x40 /tmp/ccCR2zU4.ltrans0.ltrans.o
                0x08001f70                chMsgSend
 .text.chEvtSignalI
                0x08001fb0       0x30 /tmp/ccCR2zU4.ltrans0.ltrans.o
                0x08001fb0                chEvtSignalI
 .text.chEvtBroadcastFlagsI
                0x08001fe0       0x30 /tmp/ccCR2zU4.ltrans0.ltrans.o
                0x08001fe0                chEvtBroadcastFlagsI
 .text.chMtxUnlockAll
                0x08002010       0x60 /tmp/ccCR2zU4.ltrans0.ltrans.o
                0x08002010                chMtxUnlockAll
 .text.chMtxUnlockS
                0x08002070       0x50 /tmp/ccCR2zU4.ltrans0.ltrans.o
                0x08002070                chMtxUnlockS
 .text.chMtxLockS
                0x080020c0       0xd0 /tmp/ccCR2zU4.ltrans0.ltrans.o
                0x080020c0                chMtxLockS
 .text.chMtxLock
                0x08002190       0x20 /tmp/ccCR2zU4.ltrans0.ltrans.o
                0x08002190                chMtxLock
 .text.chHeapStatus
                0x080021b0       0x40 /tmp/ccCR2zU4.ltrans0.ltrans.o
                0x080021b0                chHeapStatus
 .text.chHeapFree
                0x080021f0       0x90 /tmp/ccCR2zU4.ltrans0.ltrans.o
                0x080021f0                chHeapFree
 .text.chThdRelease
                0x08002280       0x60 /tmp/ccCR2zU4.ltrans0.ltrans.o
                0x08002280                chThdRelease
 .text.chThdWait
                0x080022e0       0x40 /tmp/ccCR2zU4.ltrans0.ltrans.o
                0x080022e0                chThdWait
 .text.test_wait_threads
                0x08002320       0x50 /tmp/ccCR2zU4.ltrans0.ltrans.o
                0x08002320                test_wait_threads
 .text.thd2_execute.6826
                0x08002370      0x100 /tmp/ccCR2zU4.ltrans0.ltrans.o
                0x08002370                thd2_execute.6826
 .text.chRegNextThread
                0x08002470       0x30 /tmp/ccCR2zU4.ltrans0.ltrans.o
                0x08002470                chRegNextThread
 .text.chHeapAlloc
                0x080024a0       0x90 /tmp/ccCR2zU4.ltrans0.ltrans.o
                0x080024a0                chHeapAlloc
 .text.chThdCreateFromHeap
                0x08002530       0x40 /tmp/ccCR2zU4.ltrans0.ltrans.o
                0x08002530                chThdCreateFromHeap
 .text.chSemSignalI
                0x08002570       0x20 /tmp/ccCR2zU4.ltrans0.ltrans.o
                0x08002570                chSemSignalI
 .text.chSemResetI
                0x08002590       0x70 /tmp/ccCR2zU4.ltrans0.ltrans.o
                0x08002590                chSemResetI
 .text.chThdExitS
                0x08002600       0x40 /tmp/ccCR2zU4.ltrans0.ltrans.o
                0x08002600                chThdExitS
 .text.chTMStopMeasurementX
                0x08002640       0x50 /tmp/ccCR2zU4.ltrans0.ltrans.o
                0x08002640                chTMStopMeasurementX
 .text.chTMStartMeasurementX
                0x08002690       0x10 /tmp/ccCR2zU4.ltrans0.ltrans.o
                0x08002690                chTMStartMeasurementX
 .text._unhandled_exception.4346
                0x080026a0       0x10 /tmp/ccCR2zU4.ltrans0.ltrans.o
                0x080026a0                Vector58
                0x080026a0                VectorE8
                0x080026a0                Vector9C
                0x080026a0                VectorAC
                0x080026a0                DebugMon_Handler
                0x080026a0                Vector5C
                0x080026a0                Vector11C
                0x080026a0                HardFault_Handler
                0x080026a0                SysTick_Handler
                0x080026a0                VectorDC
                0x080026a0                PendSV_Handler
                0x080026a0                NMI_Handler
                0x080026a0                Vector110
                0x080026a0                Vector120
                0x080026a0                VectorC8
                0x080026a0                Vector94
                0x080026a0                VectorA8
                0x080026a0                VectorB4
                0x080026a0                UsageFault_Handler
                0x080026a0                VectorEC
                0x080026a0                Vector40
                0x080026a0                VectorF8
                0x080026a0                Vector108
                0x080026a0                VectorBC
                0x080026a0                Vector124
                0x080026a0                Vector118
                0x080026a0                Vector64
                0x080026a0                VectorCC
                0x080026a0                Vector54
                0x080026a0                Vector98
                0x080026a0                VectorD8
                0x080026a0                Vector138
                0x080026a0                Vector24
                0x080026a0                VectorD0
                0x080026a0                VectorE4
                0x080026a0                VectorC0
                0x080026a0                Vector130
                0x080026a0                Vector134
                0x080026a0                VectorF0
                0x080026a0                Vector12C
                0x080026a0                Vector13C
                0x080026a0                Vector100
                0x080026a0                VectorE0
                0x080026a0                VectorF4
                0x080026a0                MemManage_Handler
                0x080026a0                VectorA0
                0x080026a0                VectorC4
                0x080026a0                Vector114
                0x080026a0                Vector60
                0x080026a0                Vector1C
                0x080026a0                Vector48
                0x080026a0                VectorD4
                0x080026a0                Vector4C
                0x080026a0                Vector68
                0x080026a0                Vector88
                0x080026a0                Vector104
                0x080026a0                Vector10C
                0x080026a0                BusFault_Handler
                0x080026a0                Vector50
                0x080026a0                Vector44
                0x080026a0                Vector28
                0x080026a0                VectorFC
                0x080026a0                Vector34
                0x080026a0                Vector128
                0x080026a0                VectorA4
                0x080026a0                Vector20
 .text.mbox1_setup.7601
                0x080026b0       0x40 /tmp/ccCR2zU4.ltrans1.ltrans.o
                0x080026b0                mbox1_setup.7601
 .text.sem3_setup.7070
                0x080026f0       0x20 /tmp/ccCR2zU4.ltrans1.ltrans.o
                0x080026f0                sem3_setup.7070
 .text.sem2_setup.7072
                0x08002710       0x20 /tmp/ccCR2zU4.ltrans1.ltrans.o
                0x08002710                sem2_setup.7072
 .text.sem1_setup.7074
                0x08002730       0x20 /tmp/ccCR2zU4.ltrans1.ltrans.o
                0x08002730                sem1_setup.7074
 .text.bmk11_setup.8468
                0x08002750       0x20 /tmp/ccCR2zU4.ltrans1.ltrans.o
                0x08002750                bmk11_setup.8468
 .text.bmk7_setup.8470
                0x08002770       0x20 /tmp/ccCR2zU4.ltrans1.ltrans.o
                0x08002770                bmk7_setup.8470
 .text.dyn2_setup.8092
                0x08002790       0x20 /tmp/ccCR2zU4.ltrans1.ltrans.o
                0x08002790                dyn2_setup.8092
 .text.pools1_setup.7960
                0x080027b0       0x20 /tmp/ccCR2zU4.ltrans1.ltrans.o
                0x080027b0                pools1_setup.7960
 .text.spi_lld_serve_tx_interrupt.9951
                0x080027d0       0x20 /tmp/ccCR2zU4.ltrans1.ltrans.o
                0x080027d0                spi_lld_serve_tx_interrupt.9951
 .text.heap1_setup.7929
                0x080027f0       0x30 /tmp/ccCR2zU4.ltrans1.ltrans.o
                0x080027f0                heap1_setup.7929
 .text.spi_lld_serve_rx_interrupt.9955
                0x08002820       0x80 /tmp/ccCR2zU4.ltrans1.ltrans.o
                0x08002820                spi_lld_serve_rx_interrupt.9955
 .text.chSemSignalWait.constprop.57.4408
                0x080028a0       0x70 /tmp/ccCR2zU4.ltrans1.ltrans.o
 .text.chCondSignalI.constprop.53.4430
                0x08002910       0x20 /tmp/ccCR2zU4.ltrans1.ltrans.o
 .text.VectorB0
                0x08002930       0xa0 /tmp/ccCR2zU4.ltrans1.ltrans.o
                0x08002930                VectorB0
 .text.VectorB8
                0x080029d0       0x40 /tmp/ccCR2zU4.ltrans1.ltrans.o
                0x080029d0                VectorB8
 .text.chCondSignal.constprop.54.4424
                0x08002a10       0x30 /tmp/ccCR2zU4.ltrans1.ltrans.o
 .text.sem3_execute.7095
                0x08002a40       0xa0 /tmp/ccCR2zU4.ltrans1.ltrans.o
                0x08002a40                sem3_execute.7095
 .text.mtx8_execute.7281
                0x08002ae0       0xb0 /tmp/ccCR2zU4.ltrans1.ltrans.o
                0x08002ae0                mtx8_execute.7281
 .text.mtx6_execute.7297
                0x08002b90       0xf0 /tmp/ccCR2zU4.ltrans1.ltrans.o
                0x08002b90                mtx6_execute.7297
 .text.mtx7_execute.7295
                0x08002c80       0xf0 /tmp/ccCR2zU4.ltrans1.ltrans.o
                0x08002c80                mtx7_execute.7295
 .text.sem1_execute.7091
                0x08002d70      0x180 /tmp/ccCR2zU4.ltrans1.ltrans.o
                0x08002d70                sem1_execute.7091
 .text.thread10.7266.4415
                0x08002ef0       0x70 /tmp/ccCR2zU4.ltrans1.ltrans.o
 .text.chVTDoResetI
                0x08002f60       0x60 /tmp/ccCR2zU4.ltrans1.ltrans.o
                0x08002f60                chVTDoResetI
 .text.chVTDoSetI
                0x08002fc0       0x90 /tmp/ccCR2zU4.ltrans1.ltrans.o
                0x08002fc0                chVTDoSetI
 .text.chSchGoSleepTimeoutS
                0x08003050       0x50 /tmp/ccCR2zU4.ltrans1.ltrans.o
                0x08003050                chSchGoSleepTimeoutS
 .text.chThdEnqueueTimeoutS
                0x080030a0       0x30 /tmp/ccCR2zU4.ltrans1.ltrans.o
                0x080030a0                chThdEnqueueTimeoutS
 .text.chSemWaitTimeoutS
                0x080030d0       0x40 /tmp/ccCR2zU4.ltrans1.ltrans.o
                0x080030d0                chSemWaitTimeoutS
 .text.unlikely.chMBFetch.constprop.31
                0x08003110       0x4c /tmp/ccCR2zU4.ltrans1.ltrans.o
                0x08003110                chMBFetch.constprop.31
 *fill*         0x0800315c        0x4 00
 .text.chSemWaitTimeout
                0x08003160       0x20 /tmp/ccCR2zU4.ltrans1.ltrans.o
                0x08003160                chSemWaitTimeout
 .text.test_start_timer.constprop.24
                0x08003180       0x40 /tmp/ccCR2zU4.ltrans1.ltrans.o
                0x08003180                test_start_timer.constprop.24
 .text.chThdCreateFromMemoryPool.constprop.59
                0x080031c0       0x50 /tmp/ccCR2zU4.ltrans1.ltrans.o
                0x080031c0                chThdCreateFromMemoryPool.constprop.59
 .text.chEvtGetAndClearEvents.constprop.47
                0x08003210       0x20 /tmp/ccCR2zU4.ltrans1.ltrans.o
                0x08003210                chEvtGetAndClearEvents.constprop.47
 .text.evt1_setup.7710
                0x08003230       0x10 /tmp/ccCR2zU4.ltrans1.ltrans.o
                0x08003230                evt1_setup.7710
 .text.evt2_setup.7708
                0x08003240       0x10 /tmp/ccCR2zU4.ltrans1.ltrans.o
                0x08003240                evt2_setup.7708
 .text.evt3_setup.7706
                0x08003250       0x10 /tmp/ccCR2zU4.ltrans1.ltrans.o
                0x08003250                evt3_setup.7706
 .text.chEvtWaitOne.constprop.43
                0x08003260       0x40 /tmp/ccCR2zU4.ltrans1.ltrans.o
                0x08003260                chEvtWaitOne.constprop.43
 .text.unlikely.chEvtWaitAny.constprop.42
                0x080032a0       0x34 /tmp/ccCR2zU4.ltrans1.ltrans.o
                0x080032a0                chEvtWaitAny.constprop.42
 *fill*         0x080032d4        0xc 00
 .text.chMBPostI.constprop.34
                0x080032e0       0x40 /tmp/ccCR2zU4.ltrans1.ltrans.o
                0x080032e0                chMBPostI.constprop.34
 .text.chMBPostAheadI.constprop.32
                0x08003320       0x40 /tmp/ccCR2zU4.ltrans1.ltrans.o
                0x08003320                chMBPostAheadI.constprop.32
 .text.unlikely.chMBFetchI.constprop.30
                0x08003360       0x3c /tmp/ccCR2zU4.ltrans1.ltrans.o
                0x08003360                chMBFetchI.constprop.30
 *fill*         0x0800339c        0x4 00
 .text.dmaStreamAllocate.constprop.12
                0x080033a0       0xa0 /tmp/ccCR2zU4.ltrans1.ltrans.o
                0x080033a0                dmaStreamAllocate.constprop.12
 .text.chOQGetI.constprop.29.4160
                0x08003440       0x50 /tmp/ccCR2zU4.ltrans2.ltrans.o
 .text.thread2.7700
                0x08003490       0x50 /tmp/ccCR2zU4.ltrans2.ltrans.o
                0x08003490                thread2.7700
 .text.mtx5_execute.7301
                0x080034e0      0x100 /tmp/ccCR2zU4.ltrans2.ltrans.o
                0x080034e0                mtx5_execute.7301
 .text.queues2_execute.8268
                0x080035e0      0x2a0 /tmp/ccCR2zU4.ltrans2.ltrans.o
                0x080035e0                queues2_execute.8268
 .text.cmd_threads.11054
                0x08003880       0x80 /tmp/ccCR2zU4.ltrans2.ltrans.o
                0x08003880                cmd_threads.11054
 .text.silabs_tune_up
                0x08003900       0x70 /tmp/ccCR2zU4.ltrans2.ltrans.o
                0x08003900                silabs_tune_up
 .text.msg1_execute.7393
                0x08003970       0xa0 /tmp/ccCR2zU4.ltrans2.ltrans.o
                0x08003970                msg1_execute.7393
 .text.cmd_info.10624
                0x08003a10       0xc0 /tmp/ccCR2zU4.ltrans2.ltrans.o
                0x08003a10                cmd_info.10624
 .text.cmd_systime.10616
                0x08003ad0       0x40 /tmp/ccCR2zU4.ltrans2.ltrans.o
                0x08003ad0                cmd_systime.10616
 .text.evt1_execute.7722
                0x08003b10       0xe0 /tmp/ccCR2zU4.ltrans2.ltrans.o
                0x08003b10                evt1_execute.7722
 .text.sem2_execute.7099
                0x08003bf0      0x2a0 /tmp/ccCR2zU4.ltrans2.ltrans.o
                0x08003bf0                sem2_execute.7099
 .text.thd4_execute.6832
                0x08003e90       0xd0 /tmp/ccCR2zU4.ltrans2.ltrans.o
                0x08003e90                thd4_execute.6832
 .text.bmk12_execute.8462
                0x08003f60       0x70 /tmp/ccCR2zU4.ltrans2.ltrans.o
                0x08003f60                bmk12_execute.8462
 .text.bmk6_execute.8479
                0x08003fd0       0x70 /tmp/ccCR2zU4.ltrans2.ltrans.o
                0x08003fd0                bmk6_execute.8479
 .text.bmk11_execute.8466
                0x08004040       0x70 /tmp/ccCR2zU4.ltrans2.ltrans.o
                0x08004040                bmk11_execute.8466
 .text.bmk10_execute.8472
                0x080040b0       0x80 /tmp/ccCR2zU4.ltrans2.ltrans.o
                0x080040b0                bmk10_execute.8472
 .text.bmk8_execute.8481
                0x08004130       0xf0 /tmp/ccCR2zU4.ltrans2.ltrans.o
                0x08004130                bmk8_execute.8481
 .text.chIQPutI
                0x08004220       0x50 /tmp/ccCR2zU4.ltrans2.ltrans.o
                0x08004220                chIQPutI
 .text.queues2_setup.8259
                0x08004270       0x40 /tmp/ccCR2zU4.ltrans3.ltrans.o
                0x08004270                queues2_setup.8259
 .text.queues1_setup.8264
                0x080042b0       0x30 /tmp/ccCR2zU4.ltrans3.ltrans.o
                0x080042b0                queues1_setup.8264
 .text.mtx8_setup.7283
                0x080042e0       0x30 /tmp/ccCR2zU4.ltrans3.ltrans.o
                0x080042e0                mtx8_setup.7283
 .text.mtx7_setup.7285
                0x08004310       0x20 /tmp/ccCR2zU4.ltrans3.ltrans.o
                0x08004310                mtx7_setup.7285
 .text.mtx6_setup.7287
                0x08004330       0x20 /tmp/ccCR2zU4.ltrans3.ltrans.o
                0x08004330                mtx6_setup.7287
 .text.mtx5_setup.7289
                0x08004350       0x20 /tmp/ccCR2zU4.ltrans3.ltrans.o
                0x08004350                mtx5_setup.7289
 .text.mtx4_setup.7291
                0x08004370       0x20 /tmp/ccCR2zU4.ltrans3.ltrans.o
                0x08004370                mtx4_setup.7291
 .text.mtx1_setup.7293
                0x08004390       0x20 /tmp/ccCR2zU4.ltrans3.ltrans.o
                0x08004390                mtx1_setup.7293
 .text.bmk12_setup.8464
                0x080043b0       0x20 /tmp/ccCR2zU4.ltrans3.ltrans.o
                0x080043b0                bmk12_setup.8464
 .text.thread2.8457
                0x080043d0       0x30 /tmp/ccCR2zU4.ltrans3.ltrans.o
                0x080043d0                thread2.8457
 .text.pools1_execute.7964
                0x08004400      0x200 /tmp/ccCR2zU4.ltrans3.ltrans.o
                0x08004400                pools1_execute.7964
 .text.dyn2_execute.8090
                0x08004600      0x160 /tmp/ccCR2zU4.ltrans3.ltrans.o
                0x08004600                dyn2_execute.8090
 .text.thread11.7269
                0x08004760       0x90 /tmp/ccCR2zU4.ltrans3.ltrans.o
                0x08004760                thread11.7269
 .text.chThdDequeueAllI
                0x080047f0       0x30 /tmp/ccCR2zU4.ltrans3.ltrans.o
                0x080047f0                chThdDequeueAllI
 .text.usb_packet_write_from_queue.10323.4222
                0x08004820      0x130 /tmp/ccCR2zU4.ltrans3.ltrans.o
 .text.Vector90
                0x08004950      0x4c0 /tmp/ccCR2zU4.ltrans3.ltrans.o
                0x08004950                Vector90
 .text.usb_lld_prepare_transmit
                0x08004e10       0xb0 /tmp/ccCR2zU4.ltrans3.ltrans.o
                0x08004e10                usb_lld_prepare_transmit
 .text.usbPrepareTransmit.constprop.6
                0x08004ec0       0x20 /tmp/ccCR2zU4.ltrans3.ltrans.o
                0x08004ec0                usbPrepareTransmit.constprop.6
 .text.onotify.8832
                0x08004ee0       0x70 /tmp/ccCR2zU4.ltrans3.ltrans.o
                0x08004ee0                onotify.8832
 .text.chIQGetTimeout
                0x08004f50       0x50 /tmp/ccCR2zU4.ltrans3.ltrans.o
                0x08004f50                chIQGetTimeout
 .text.thread1.8252
                0x08004fa0       0x20 /tmp/ccCR2zU4.ltrans3.ltrans.o
                0x08004fa0                thread1.8252
 .text.gett.8862
                0x08004fc0       0x10 /tmp/ccCR2zU4.ltrans3.ltrans.o
                0x08004fc0                gett.8862
 .text.get.8866
                0x08004fd0       0x10 /tmp/ccCR2zU4.ltrans3.ltrans.o
                0x08004fd0                get.8866
 .text.chIQReadTimeout
                0x08004fe0       0x80 /tmp/ccCR2zU4.ltrans3.ltrans.o
                0x08004fe0                chIQReadTimeout
 .text.readt.8838
                0x08005060       0x10 /tmp/ccCR2zU4.ltrans3.ltrans.o
                0x08005060                readt.8838
 .text.read.8846
                0x08005070       0x10 /tmp/ccCR2zU4.ltrans3.ltrans.o
                0x08005070                read.8846
 .text.chOQPutTimeout
                0x08005080       0x50 /tmp/ccCR2zU4.ltrans3.ltrans.o
                0x08005080                chOQPutTimeout
 .text.thread2.8249
                0x080050d0       0x20 /tmp/ccCR2zU4.ltrans3.ltrans.o
                0x080050d0                thread2.8249
 .text.putt.8869
                0x080050f0       0x10 /tmp/ccCR2zU4.ltrans3.ltrans.o
                0x080050f0                putt.8869
 .text.put.8874
                0x08005100       0x10 /tmp/ccCR2zU4.ltrans3.ltrans.o
                0x08005100                put.8874
 .text.chOQWriteTimeout
                0x08005110       0x80 /tmp/ccCR2zU4.ltrans3.ltrans.o
                0x08005110                chOQWriteTimeout
 .text.writet.8851
                0x08005190       0x10 /tmp/ccCR2zU4.ltrans3.ltrans.o
                0x08005190                writet.8851
 .text.write.8857
                0x080051a0       0x10 /tmp/ccCR2zU4.ltrans3.ltrans.o
                0x080051a0                write.8857
 .text._usb_ep0in
                0x080051b0       0xd0 /tmp/ccCR2zU4.ltrans4.ltrans.o
                0x080051b0                _usb_ep0in
 .text.thread4.7051
                0x08005280       0x20 /tmp/ccCR2zU4.ltrans4.ltrans.o
                0x08005280                thread4.7051
 .text.usb_event.11376
                0x080052a0       0xb0 /tmp/ccCR2zU4.ltrans4.ltrans.o
                0x080052a0                usb_event.11376
 .text.queues1_execute.8272
                0x08005350      0x2d0 /tmp/ccCR2zU4.ltrans4.ltrans.o
                0x08005350                queues1_execute.8272
 .text.bmk9_execute.8477
                0x08005620       0xb0 /tmp/ccCR2zU4.ltrans4.ltrans.o
                0x08005620                bmk9_execute.8477
 .text.si446x_spi
                0x080056d0      0x180 /tmp/ccCR2zU4.ltrans4.ltrans.o
                0x080056d0                si446x_spi
 .text.si446x_set_frequency
                0x08005850      0x1c0 /tmp/ccCR2zU4.ltrans4.ltrans.o
                0x08005850                si446x_set_frequency
 .text.si446x_initialise
                0x08005a10      0x520 /tmp/ccCR2zU4.ltrans4.ltrans.o
                0x08005a10                si446x_initialise
 .text.chMBPost.constprop.35
                0x08005f30       0x50 /tmp/ccCR2zU4.ltrans4.ltrans.o
                0x08005f30                chMBPost.constprop.35
 .text.dyn3_setup.8086
                0x08005f80       0x30 /tmp/ccCR2zU4.ltrans5.ltrans.o
                0x08005f80                dyn3_setup.8086
 .text.dyn1_setup.8088
                0x08005fb0       0x30 /tmp/ccCR2zU4.ltrans5.ltrans.o
                0x08005fb0                dyn1_setup.8088
 .text._usb_ep0out
                0x08005fe0       0x90 /tmp/ccCR2zU4.ltrans5.ltrans.o
                0x08005fe0                _usb_ep0out
 .text.chvprintf.4682
                0x08006070      0x470 /tmp/ccCR2zU4.ltrans5.ltrans.o
 .text.chThdSleep
                0x080064e0       0x20 /tmp/ccCR2zU4.ltrans5.ltrans.o
                0x080064e0                chThdSleep
 .text.Reset_Handler
                0x08006500      0x220 /tmp/ccCR2zU4.ltrans5.ltrans.o
                0x08006500                Reset_Handler
 .text.switch_output_callback.11658
                0x08006720       0x30 /tmp/ccCR2zU4.ltrans5.ltrans.o
                0x08006720                switch_output_callback.11658
 .text.chprintf.10585
                0x08006750       0x20 /tmp/ccCR2zU4.ltrans5.ltrans.o
                0x08006750                chprintf.10585
 .text.chprintf.11031
                0x08006770       0x20 /tmp/ccCR2zU4.ltrans5.ltrans.o
                0x08006770                chprintf.11031
 .text.cmd_mem.11062
                0x08006790       0x60 /tmp/ccCR2zU4.ltrans5.ltrans.o
                0x08006790                cmd_mem.11062
 .text.cmd_test.11046
                0x080067f0       0x60 /tmp/ccCR2zU4.ltrans5.ltrans.o
                0x080067f0                cmd_test.11046
 .text.cmd_write.11038
                0x08006850       0x50 /tmp/ccCR2zU4.ltrans5.ltrans.o
                0x08006850                cmd_write.11038
 .text.chprintf.11610
                0x080068a0       0x20 /tmp/ccCR2zU4.ltrans5.ltrans.o
                0x080068a0                chprintf.11610
 .text.silabs_get_part_id
                0x080068c0       0x20 /tmp/ccCR2zU4.ltrans5.ltrans.o
                0x080068c0                silabs_get_part_id
 .text.get_descriptor.11367
                0x080068e0       0x40 /tmp/ccCR2zU4.ltrans6.ltrans.o
                0x080068e0                get_descriptor.11367
 .text.usb_lld_init_endpoint.4305
                0x08006920       0xc0 /tmp/ccCR2zU4.ltrans6.ltrans.o
 .text.set_address.9473
                0x080069e0       0x30 /tmp/ccCR2zU4.ltrans6.ltrans.o
                0x080069e0                set_address.9473
 .text.sduInterruptTransmitted
                0x08006a10       0x10 /tmp/ccCR2zU4.ltrans6.ltrans.o
                0x08006a10                sduInterruptTransmitted
 .text.sduRequestsHook
                0x08006a20       0x40 /tmp/ccCR2zU4.ltrans6.ltrans.o
                0x08006a20                sduRequestsHook
 .text.tmo.8442
                0x08006a60       0x10 /tmp/ccCR2zU4.ltrans6.ltrans.o
                0x08006a60                tmo.8442
 .text.thread1.8445
                0x08006a70       0x10 /tmp/ccCR2zU4.ltrans6.ltrans.o
                0x08006a70                thread1.8445
 .text.notify.8246
                0x08006a80       0x10 /tmp/ccCR2zU4.ltrans6.ltrans.o
                0x08006a80                notify.8246
 .text.null_provider.7957
                0x08006a90       0x10 /tmp/ccCR2zU4.ltrans6.ltrans.o
                0x08006a90                null_provider.7957
 .text.Vector8C
                0x08006aa0       0x10 /tmp/ccCR2zU4.ltrans6.ltrans.o
                0x08006aa0                Vector8C
 .text.Vector84
                0x08006ab0       0x30 /tmp/ccCR2zU4.ltrans6.ltrans.o
                0x08006ab0                Vector84
 .text.Vector80
                0x08006ae0       0x30 /tmp/ccCR2zU4.ltrans6.ltrans.o
                0x08006ae0                Vector80
 .text.Vector7C
                0x08006b10       0x30 /tmp/ccCR2zU4.ltrans6.ltrans.o
                0x08006b10                Vector7C
 .text.Vector78
                0x08006b40       0x30 /tmp/ccCR2zU4.ltrans6.ltrans.o
                0x08006b40                Vector78
 .text.Vector74
                0x08006b70       0x30 /tmp/ccCR2zU4.ltrans6.ltrans.o
                0x08006b70                Vector74
 .text.Vector70
                0x08006ba0       0x30 /tmp/ccCR2zU4.ltrans6.ltrans.o
                0x08006ba0                Vector70
 .text.Vector6C
                0x08006bd0       0x30 /tmp/ccCR2zU4.ltrans6.ltrans.o
                0x08006bd0                Vector6C
 .text.thread4  0x08006c00       0x30 /tmp/ccCR2zU4.ltrans6.ltrans.o
                0x08006c00                thread4
 .text.thread8.8448
                0x08006c30       0x40 /tmp/ccCR2zU4.ltrans6.ltrans.o
                0x08006c30                thread8.8448
 .text.thread3.8451
                0x08006c70       0x30 /tmp/ccCR2zU4.ltrans6.ltrans.o
                0x08006c70                thread3.8451
 .text.bmk13_execute.8460
                0x08006ca0      0x100 /tmp/ccCR2zU4.ltrans6.ltrans.o
                0x08006ca0                bmk13_execute.8460
 .text.dyn1_execute.8094
                0x08006da0      0x100 /tmp/ccCR2zU4.ltrans6.ltrans.o
                0x08006da0                dyn1_execute.8094
 .text.heap1_execute.7927
                0x08006ea0      0x250 /tmp/ccCR2zU4.ltrans6.ltrans.o
                0x08006ea0                heap1_execute.7927
 .text.thread.8077
                0x080070f0       0x10 /tmp/ccCR2zU4.ltrans6.ltrans.o
                0x080070f0                thread.8077
 .text.h1.7730  0x08007100       0x10 /tmp/ccCR2zU4.ltrans6.ltrans.o
                0x08007100                h1.7730
 .text.h2.7727  0x08007110       0x10 /tmp/ccCR2zU4.ltrans6.ltrans.o
                0x08007110                h2.7727
 .text.h3.7724  0x08007120       0x10 /tmp/ccCR2zU4.ltrans6.ltrans.o
                0x08007120                h3.7724
 .text.thread1.7054
                0x08007130       0x20 /tmp/ccCR2zU4.ltrans6.ltrans.o
                0x08007130                thread1.7054
 .text.thread.6821
                0x08007150       0x10 /tmp/ccCR2zU4.ltrans6.ltrans.o
                0x08007150                thread.6821
 .text.thread.7390
                0x08007160       0x20 /tmp/ccCR2zU4.ltrans6.ltrans.o
                0x08007160                thread.7390
 .text.thd1_execute.6828
                0x08007180       0xe0 /tmp/ccCR2zU4.ltrans6.ltrans.o
                0x08007180                thd1_execute.6828
 .text.mtx1_execute.7299
                0x08007260       0xf0 /tmp/ccCR2zU4.ltrans6.ltrans.o
                0x08007260                mtx1_execute.7299
 .text.thread1.7272.4415
                0x08007350       0x30 /tmp/ccCR2zU4.ltrans6.ltrans.o
 .text.thread12.7263
                0x08007380       0x30 /tmp/ccCR2zU4.ltrans6.ltrans.o
                0x08007380                thread12.7263
 .text.thread3.7057
                0x080073b0       0x20 /tmp/ccCR2zU4.ltrans6.ltrans.o
                0x080073b0                thread3.7057
 .text._strtok.10605.constprop.4
                0x080073d0       0x40 /tmp/ccCR2zU4.ltrans6.ltrans.o
                0x080073d0                _strtok.10605.constprop.4
 .text.long_to_string_with_divisor.10734
                0x08007410       0x70 /tmp/ccCR2zU4.ltrans6.ltrans.o
                0x08007410                long_to_string_with_divisor.10734
 .text.usbStartTransmitI
                0x08007480       0x40 /tmp/ccCR2zU4.ltrans6.ltrans.o
                0x08007480                usbStartTransmitI
 .text.usbStartReceiveI
                0x080074c0       0x40 /tmp/ccCR2zU4.ltrans6.ltrans.o
                0x080074c0                usbStartReceiveI
 .text.usb_lld_prepare_receive
                0x08007500       0x20 /tmp/ccCR2zU4.ltrans6.ltrans.o
                0x08007500                usb_lld_prepare_receive
 .text.inotify.8835
                0x08007520       0x80 /tmp/ccCR2zU4.ltrans6.ltrans.o
                0x08007520                inotify.8835
 .text._usb_reset
                0x080075a0       0x70 /tmp/ccCR2zU4.ltrans6.ltrans.o
                0x080075a0                _usb_reset
 .text.usbInitEndpointI
                0x08007610       0x40 /tmp/ccCR2zU4.ltrans6.ltrans.o
                0x08007610                usbInitEndpointI
 .text.spi_lld_exchange
                0x08007650       0x40 /tmp/ccCR2zU4.ltrans6.ltrans.o
                0x08007650                spi_lld_exchange
 .text.spi_lld_unselect
                0x08007690       0x10 /tmp/ccCR2zU4.ltrans6.ltrans.o
                0x08007690                spi_lld_unselect
 .text.spicb.11596
                0x080076a0       0x20 /tmp/ccCR2zU4.ltrans6.ltrans.o
                0x080076a0                spicb.11596
 .text.regfind.8080
                0x080076c0       0x40 /tmp/ccCR2zU4.ltrans6.ltrans.o
                0x080076c0                regfind.8080
 .text.mbox1_execute.7599
                0x08007700      0x7a0 /tmp/ccCR2zU4.ltrans7.ltrans.o
                0x08007700                mbox1_execute.7599
 .text.sduDataTransmitted
                0x08007ea0       0x90 /tmp/ccCR2zU4.ltrans7.ltrans.o
                0x08007ea0                sduDataTransmitted
 .text._usb_ep0setup
                0x08007f30      0x3f0 /tmp/ccCR2zU4.ltrans7.ltrans.o
                0x08007f30                _usb_ep0setup
 .text.Thread1.11028
                0x08008320       0x50 /tmp/ccCR2zU4.ltrans8.ltrans.o
                0x08008320                Thread1.11028
 .text.TestThread
                0x08008370      0x330 /tmp/ccCR2zU4.ltrans8.ltrans.o
                0x08008370                TestThread
 .text.thread2.7060
                0x080086a0       0x30 /tmp/ccCR2zU4.ltrans8.ltrans.o
                0x080086a0                thread2.7060
 .text.mtx4_execute.7303
                0x080086d0      0x250 /tmp/ccCR2zU4.ltrans8.ltrans.o
                0x080086d0                mtx4_execute.7303
 .text.thread4b.7275.4138
                0x08008920       0x30 /tmp/ccCR2zU4.ltrans8.ltrans.o
 .text.thread4a.7278.4135
                0x08008950       0x20 /tmp/ccCR2zU4.ltrans8.ltrans.o
 .text.thread1.7703
                0x08008970       0x30 /tmp/ccCR2zU4.ltrans8.ltrans.o
                0x08008970                thread1.7703
 .text.dyn3_execute.8084
                0x080089a0      0x150 /tmp/ccCR2zU4.ltrans8.ltrans.o
                0x080089a0                dyn3_execute.8084
 .text.test_wait_tick
                0x08008af0       0x20 /tmp/ccCR2zU4.ltrans8.ltrans.o
                0x08008af0                test_wait_tick
 .text.bmk7_execute.8483
                0x08008b10      0x130 /tmp/ccCR2zU4.ltrans8.ltrans.o
                0x08008b10                bmk7_execute.8483
 .text.bmk5_execute.8485
                0x08008c40       0x70 /tmp/ccCR2zU4.ltrans8.ltrans.o
                0x08008c40                bmk5_execute.8485
 .text.bmk4_execute.8487
                0x08008cb0       0xc0 /tmp/ccCR2zU4.ltrans8.ltrans.o
                0x08008cb0                bmk4_execute.8487
 .text.msg_loop_test.8489.4107
                0x08008d70       0x30 /tmp/ccCR2zU4.ltrans8.ltrans.o
 .text.bmk1_execute.8496
                0x08008da0       0x80 /tmp/ccCR2zU4.ltrans8.ltrans.o
                0x08008da0                bmk1_execute.8496
 .text.bmk2_execute.8494
                0x08008e20       0x80 /tmp/ccCR2zU4.ltrans8.ltrans.o
                0x08008e20                bmk2_execute.8494
 .text.bmk3_execute.8492
                0x08008ea0       0xf0 /tmp/ccCR2zU4.ltrans8.ltrans.o
                0x08008ea0                bmk3_execute.8492
 .text.evt2_execute.7717
                0x08008f90      0x300 /tmp/ccCR2zU4.ltrans9.ltrans.o
                0x08008f90                evt2_execute.7717
 .text.silabs_tune_down.4221
                0x08009290       0x70 /tmp/ccCR2zU4.ltrans9.ltrans.o
 .text.silabs_send_command.4262
                0x08009300       0x80 /tmp/ccCR2zU4.ltrans9.ltrans.o
 .text.sduDataReceived
                0x08009380       0x80 /tmp/ccCR2zU4.ltrans9.ltrans.o
                0x08009380                sduDataReceived
 .text.SI_Thread.11589
                0x08009400      0x300 /tmp/ccCR2zU4.ltrans9.ltrans.o
                0x08009400                SI_Thread.11589
 .text.shell_thread.10582
                0x08009700      0x280 /tmp/ccCR2zU4.ltrans10.ltrans.o
                0x08009700                shell_thread.10582
 .text.sem4_execute.7089.4141
                0x08009980      0x150 /tmp/ccCR2zU4.ltrans10.ltrans.o
 .text.evt3_execute.7735.4183
                0x08009ad0      0x170 /tmp/ccCR2zU4.ltrans10.ltrans.o
 .text.chThdExit
                0x08009c40       0x10 /tmp/ccCR2zU4.ltrans10.ltrans.o
                0x08009c40                chThdExit
 .text.chSchDoReschedule
                0x08009c50       0x10 /tmp/ccCR2zU4.ltrans10.ltrans.o
                0x08009c50                chSchDoReschedule
 .text.memset   0x08009c60      0x12c /home/laurence/ARM-GCC/bin/../lib/gcc/arm-none-eabi/4.7.4/../../../../arm-none-eabi/lib/armv7-m/libg.a(lib_a-memset.o)
                0x08009c60                memset
 *fill*         0x08009d8c        0x4 00
 .text.strcasecmp
                0x08009d90       0x44 /home/laurence/ARM-GCC/bin/../lib/gcc/arm-none-eabi/4.7.4/../../../../arm-none-eabi/lib/armv7-m/libg.a(lib_a-strcasecmp.o)
                0x08009d90                strcasecmp
 *fill*         0x08009dd4        0xc 00
 .text.strcpy   0x08009de0       0xbc /home/laurence/ARM-GCC/bin/../lib/gcc/arm-none-eabi/4.7.4/../../../../arm-none-eabi/lib/armv7-m/libg.a(lib_a-strcpy.o)
                0x08009de0                strcpy
 *fill*         0x08009e9c        0x4 00
 .text.strlen   0x08009ea0       0x60 /home/laurence/ARM-GCC/bin/../lib/gcc/arm-none-eabi/4.7.4/../../../../arm-none-eabi/lib/armv7-m/libg.a(lib_a-strlen.o)
                0x08009ea0                strlen
 .text.strncpy  0x08009f00      0x10c /home/laurence/ARM-GCC/bin/../lib/gcc/arm-none-eabi/4.7.4/../../../../arm-none-eabi/lib/armv7-m/libg.a(lib_a-strncpy.o)
                0x08009f00                strncpy
 *fill*         0x0800a00c        0x4 00
 .text.strpbrk  0x0800a010       0x4c /home/laurence/ARM-GCC/bin/../lib/gcc/arm-none-eabi/4.7.4/../../../../arm-none-eabi/lib/armv7-m/libg.a(lib_a-strpbrk.o)
                0x0800a010                strpbrk
 *fill*         0x0800a05c        0x4 00
 .text.strspn   0x0800a060       0x40 /home/laurence/ARM-GCC/bin/../lib/gcc/arm-none-eabi/4.7.4/../../../../arm-none-eabi/lib/armv7-m/libg.a(lib_a-strspn.o)
                0x0800a060                strspn
 *(.rodata)
 .rodata        0x0800a0a0       0xa8 /tmp/ccCR2zU4.ltrans4.ltrans.o
 *fill*         0x0800a148        0x8 00
 .rodata        0x0800a150        0x8 /tmp/ccCR2zU4.ltrans9.ltrans.o
 *(.rodata.*)
 *fill*         0x0800a158        0x8 00
 .rodata.str1.4
                0x0800a160       0x1a /tmp/ccCR2zU4.ltrans0.ltrans.o
                                 0x28 (size before relaxing)
 *fill*         0x0800a17a        0x6 00
 .rodata.str1.4
                0x0800a180       0x10 /tmp/ccCR2zU4.ltrans1.ltrans.o
                                 0x2c (size before relaxing)
 .rodata.evhndl.7763.4458
                0x0800a190        0xc /tmp/ccCR2zU4.ltrans2.ltrans.o
 *fill*         0x0800a19c        0x4 00
 .rodata.states.8516.11140.4504
                0x0800a1a0       0x40 /tmp/ccCR2zU4.ltrans2.ltrans.o
 .rodata.str1.4
                0x0800a1e0      0x312 /tmp/ccCR2zU4.ltrans2.ltrans.o
                                0x320 (size before relaxing)
 .rodata.str1.4
                0x00000000       0x1c /tmp/ccCR2zU4.ltrans3.ltrans.o
 *fill*         0x0800a4f2        0xe 00
 .rodata.ep2config.11389.4659
                0x0800a500       0x24 /tmp/ccCR2zU4.ltrans4.ltrans.o
 *fill*         0x0800a524        0xc 00
 .rodata.str1.4
                0x0800a530        0x9 /tmp/ccCR2zU4.ltrans4.ltrans.o
                                 0x24 (size before relaxing)
 *fill*         0x0800a539        0x7 00
 .rodata.usbcfg
                0x0800a540       0x10 /tmp/ccCR2zU4.ltrans4.ltrans.o
                0x0800a540                usbcfg
 .rodata.ch_debug
                0x0800a550       0x18 /tmp/ccCR2zU4.ltrans5.ltrans.o
 *fill*         0x0800a568        0x8 00
 .rodata.pow10.10788.5025
                0x0800a570       0x24 /tmp/ccCR2zU4.ltrans5.ltrans.o
 *fill*         0x0800a594        0xc 00
 .rodata._stm32_dma_streams
                0x0800a5a0       0x54 /tmp/ccCR2zU4.ltrans5.ltrans.o
 *fill*         0x0800a5f4        0xc 00
 .rodata.str1.4
                0x0800a600       0xd2 /tmp/ccCR2zU4.ltrans5.ltrans.o
                                 0xd4 (size before relaxing)
 *fill*         0x0800a6d2        0xe 00
 .rodata.vmt.9039.4977
                0x0800a6e0       0x20 /tmp/ccCR2zU4.ltrans5.ltrans.o
 .rodata.vcom_configuration_descriptor_data.11400.4569
                0x0800a700       0x44 /tmp/ccCR2zU4.ltrans6.ltrans.o
 *fill*         0x0800a744        0xc 00
 .rodata.vcom_string2.11395.4564
                0x0800a750       0x38 /tmp/ccCR2zU4.ltrans6.ltrans.o
 *fill*         0x0800a788        0x8 00
 .rodata.vcom_string0.11393.4562
                0x0800a790        0x4 /tmp/ccCR2zU4.ltrans6.ltrans.o
 *fill*         0x0800a794        0xc 00
 .rodata.vcom_strings.11392.4561
                0x0800a7a0       0x20 /tmp/ccCR2zU4.ltrans6.ltrans.o
 .rodata.vcom_configuration_descriptor.11399.4568
                0x0800a7c0        0x8 /tmp/ccCR2zU4.ltrans6.ltrans.o
 *fill*         0x0800a7c8        0x8 00
 .rodata.vcom_device_descriptor.11397.4566
                0x0800a7d0        0x8 /tmp/ccCR2zU4.ltrans6.ltrans.o
 *fill*         0x0800a7d8        0x8 00
 .rodata.vcom_string3.11396.4565
                0x0800a7e0        0x8 /tmp/ccCR2zU4.ltrans6.ltrans.o
 *fill*         0x0800a7e8        0x8 00
 .rodata.CSWTCH.26.10418.10418.4576
                0x0800a7f0        0x8 /tmp/ccCR2zU4.ltrans6.ltrans.o
 *fill*         0x0800a7f8        0x8 00
 .rodata.vcom_string1.11394.4563
                0x0800a800       0x14 /tmp/ccCR2zU4.ltrans6.ltrans.o
 *fill*         0x0800a814        0xc 00
 .rodata.vcom_device_descriptor_data.11398.4567
                0x0800a820       0x14 /tmp/ccCR2zU4.ltrans6.ltrans.o
 *fill*         0x0800a834        0xc 00
 .rodata.str1.4
                0x0800a840       0xaf /tmp/ccCR2zU4.ltrans6.ltrans.o
                                 0xcc (size before relaxing)
 *fill*         0x0800a8ef        0x1 00
 .rodata.zero_status.9575.4384
                0x0800a8f0        0x4 /tmp/ccCR2zU4.ltrans7.ltrans.o
 *fill*         0x0800a8f4        0xc 00
 .rodata.active_status.9577.4386
                0x0800a900        0x4 /tmp/ccCR2zU4.ltrans7.ltrans.o
 *fill*         0x0800a904        0xc 00
 .rodata.CSWTCH.32.10425.10425.4387
                0x0800a910       0x14 /tmp/ccCR2zU4.ltrans7.ltrans.o
 .rodata.str1.4
                0x00000000        0x8 /tmp/ccCR2zU4.ltrans7.ltrans.o
 *fill*         0x0800a924        0xc 00
 .rodata.halted_status.9576.4385
                0x0800a930        0x4 /tmp/ccCR2zU4.ltrans7.ltrans.o
 *fill*         0x0800a934        0xc 00
 .rodata.ep0config.10419
                0x0800a940       0x24 /tmp/ccCR2zU4.ltrans7.ltrans.o
                0x0800a940                ep0config.10419
 *fill*         0x0800a964        0xc 00
 .rodata.ep1config.11386
                0x0800a970       0x24 /tmp/ccCR2zU4.ltrans7.ltrans.o
                0x0800a970                ep1config.11386
 *fill*         0x0800a994        0xc 00
 .rodata.str1.4
                0x0800a9a0      0x162 /tmp/ccCR2zU4.ltrans8.ltrans.o
                                0x264 (size before relaxing)
 *fill*         0x0800ab02        0xe 00
 .rodata.serusbcfg
                0x0800ab10        0x8 /tmp/ccCR2zU4.ltrans8.ltrans.o
                0x0800ab10                serusbcfg
 *fill*         0x0800ab18        0x8 00
 .rodata.shell_cfg1.11097
                0x0800ab20        0x8 /tmp/ccCR2zU4.ltrans9.ltrans.o
                0x0800ab20                shell_cfg1.11097
 *fill*         0x0800ab28        0x8 00
 .rodata.commands.11098
                0x0800ab30       0x48 /tmp/ccCR2zU4.ltrans9.ltrans.o
                0x0800ab30                commands.11098
 *fill*         0x0800ab78        0x8 00
 .rodata.str1.4
                0x0800ab80       0x92 /tmp/ccCR2zU4.ltrans9.ltrans.o
                                 0xb8 (size before relaxing)
 *fill*         0x0800ac12        0xe 00
 .rodata.spicfg.11711.4571
                0x0800ac20        0xc /tmp/ccCR2zU4.ltrans9.ltrans.o
 *fill*         0x0800ac2c        0x4 00
 .rodata.patternthd
                0x0800ac30       0x14 /tmp/ccCR2zU4.ltrans10.ltrans.o
                0x0800ac30                patternthd
 *fill*         0x0800ac44        0xc 00
 .rodata.testevt3.4530
                0x0800ac50       0x10 /tmp/ccCR2zU4.ltrans10.ltrans.o
 .rodata.patternbmk
                0x0800ac60       0x38 /tmp/ccCR2zU4.ltrans10.ltrans.o
                0x0800ac60                patternbmk
 *fill*         0x0800ac98        0x8 00
 .rodata.testbmk10.4572
                0x0800aca0       0x10 /tmp/ccCR2zU4.ltrans10.ltrans.o
 .rodata.patterndyn
                0x0800acb0       0x10 /tmp/ccCR2zU4.ltrans10.ltrans.o
                0x0800acb0                patterndyn
 .rodata.testbmk12.4574
                0x0800acc0       0x10 /tmp/ccCR2zU4.ltrans10.ltrans.o
 .rodata.testsem1
                0x0800acd0       0x10 /tmp/ccCR2zU4.ltrans10.ltrans.o
 .rodata.patternevt
                0x0800ace0       0x10 /tmp/ccCR2zU4.ltrans10.ltrans.o
                0x0800ace0                patternevt
 .rodata.testevt2.4529
                0x0800acf0       0x10 /tmp/ccCR2zU4.ltrans10.ltrans.o
 .rodata.testthd4.4499
                0x0800ad00       0x10 /tmp/ccCR2zU4.ltrans10.ltrans.o
 .rodata.patternpools
                0x0800ad10        0x8 /tmp/ccCR2zU4.ltrans10.ltrans.o
                0x0800ad10                patternpools
 *fill*         0x0800ad18        0x8 00
 .rodata.testmtx6.4508
                0x0800ad20       0x10 /tmp/ccCR2zU4.ltrans10.ltrans.o
 .rodata.testbmk1
                0x0800ad30       0x10 /tmp/ccCR2zU4.ltrans10.ltrans.o
 .rodata.testbmk9.4571
                0x0800ad40       0x10 /tmp/ccCR2zU4.ltrans10.ltrans.o
 .rodata.testbmk6.4568
                0x0800ad50       0x10 /tmp/ccCR2zU4.ltrans10.ltrans.o
 .rodata.testmtx8.4510
                0x0800ad60       0x10 /tmp/ccCR2zU4.ltrans10.ltrans.o
 .rodata.patternmbox
                0x0800ad70        0x8 /tmp/ccCR2zU4.ltrans10.ltrans.o
                0x0800ad70                patternmbox
 *fill*         0x0800ad78        0x8 00
 .rodata.testbmk3.4565
                0x0800ad80       0x10 /tmp/ccCR2zU4.ltrans10.ltrans.o
 .rodata.patterns.6764
                0x0800ad90       0x30 /tmp/ccCR2zU4.ltrans10.ltrans.o
                0x0800ad90                patterns.6764
 .rodata.testbmk2.4564
                0x0800adc0       0x10 /tmp/ccCR2zU4.ltrans10.ltrans.o
 .rodata.testsem2.4472
                0x0800add0       0x10 /tmp/ccCR2zU4.ltrans10.ltrans.o
 .rodata.testbmk5.4567
                0x0800ade0       0x10 /tmp/ccCR2zU4.ltrans10.ltrans.o
 .rodata.testdyn1
                0x0800adf0       0x10 /tmp/ccCR2zU4.ltrans10.ltrans.o
 .rodata.testmbox1
                0x0800ae00       0x10 /tmp/ccCR2zU4.ltrans10.ltrans.o
 .rodata.testbmk8.4570
                0x0800ae10       0x10 /tmp/ccCR2zU4.ltrans10.ltrans.o
 .rodata.testmtx7.4509
                0x0800ae20       0x10 /tmp/ccCR2zU4.ltrans10.ltrans.o
 .rodata.patternheap
                0x0800ae30        0x8 /tmp/ccCR2zU4.ltrans10.ltrans.o
                0x0800ae30                patternheap
 *fill*         0x0800ae38        0x8 00
 .rodata.testpools1
                0x0800ae40       0x10 /tmp/ccCR2zU4.ltrans10.ltrans.o
 .rodata.testmtx4.4506
                0x0800ae50       0x10 /tmp/ccCR2zU4.ltrans10.ltrans.o
 .rodata.testsem4.4460
                0x0800ae60       0x10 /tmp/ccCR2zU4.ltrans10.ltrans.o
 .rodata.testmsg1
                0x0800ae70       0x10 /tmp/ccCR2zU4.ltrans10.ltrans.o
 .rodata.testdyn3.4550
                0x0800ae80       0x10 /tmp/ccCR2zU4.ltrans10.ltrans.o
 .rodata.testqueues1
                0x0800ae90       0x10 /tmp/ccCR2zU4.ltrans10.ltrans.o
 .rodata.testthd2.4497
                0x0800aea0       0x10 /tmp/ccCR2zU4.ltrans10.ltrans.o
 .rodata.patternmtx
                0x0800aeb0       0x1c /tmp/ccCR2zU4.ltrans10.ltrans.o
                0x0800aeb0                patternmtx
 *fill*         0x0800aecc        0x4 00
 .rodata.testbmk7.4569
                0x0800aed0       0x10 /tmp/ccCR2zU4.ltrans10.ltrans.o
 .rodata.testthd1
                0x0800aee0       0x10 /tmp/ccCR2zU4.ltrans10.ltrans.o
 .rodata.testbmk4.4566
                0x0800aef0       0x10 /tmp/ccCR2zU4.ltrans10.ltrans.o
 .rodata.patternsem
                0x0800af00       0x14 /tmp/ccCR2zU4.ltrans10.ltrans.o
                0x0800af00                patternsem
 *fill*         0x0800af14        0xc 00
 .rodata.patternqueues
                0x0800af20        0xc /tmp/ccCR2zU4.ltrans10.ltrans.o
                0x0800af20                patternqueues
 *fill*         0x0800af2c        0x4 00
 .rodata.testbmk13.4575
                0x0800af30       0x10 /tmp/ccCR2zU4.ltrans10.ltrans.o
 .rodata.testsem3.4473
                0x0800af40       0x10 /tmp/ccCR2zU4.ltrans10.ltrans.o
 .rodata.testevt1
                0x0800af50       0x10 /tmp/ccCR2zU4.ltrans10.ltrans.o
 .rodata.testheap1
                0x0800af60       0x10 /tmp/ccCR2zU4.ltrans10.ltrans.o
 .rodata.testdyn2.4549
                0x0800af70       0x10 /tmp/ccCR2zU4.ltrans10.ltrans.o
 .rodata.testqueues2.4557
                0x0800af80       0x10 /tmp/ccCR2zU4.ltrans10.ltrans.o
 .rodata.patternmsg
                0x0800af90        0x8 /tmp/ccCR2zU4.ltrans10.ltrans.o
                0x0800af90                patternmsg
 *fill*         0x0800af98        0x8 00
 .rodata.testbmk11.4573
                0x0800afa0       0x10 /tmp/ccCR2zU4.ltrans10.ltrans.o
 .rodata.testthd3.4498
                0x0800afb0       0x10 /tmp/ccCR2zU4.ltrans10.ltrans.o
 .rodata.str1.4
                0x0800afc0      0x50c /tmp/ccCR2zU4.ltrans10.ltrans.o
                                0x52c (size before relaxing)
 *fill*         0x0800b4cc        0x4 00
 .rodata.testmtx1
                0x0800b4d0       0x10 /tmp/ccCR2zU4.ltrans10.ltrans.o
 .rodata.testmtx5.4507
                0x0800b4e0       0x10 /tmp/ccCR2zU4.ltrans10.ltrans.o
 .rodata._ctype_
                0x0800b4f0      0x104 /home/laurence/ARM-GCC/bin/../lib/gcc/arm-none-eabi/4.7.4/../../../../arm-none-eabi/lib/armv7-m/libg.a(lib_a-ctype_.o)
                0x0800b4f0                _ctype_
 *(.glue_7t)
 .glue_7t       0x00000000        0x0 linker stubs
 *(.glue_7)
 .glue_7        0x00000000        0x0 linker stubs
 *(.gcc*)

.vfp11_veneer   0x0800b5f4        0x0
 .vfp11_veneer  0x00000000        0x0 linker stubs

.v4_bx          0x0800b5f4        0x0
 .v4_bx         0x00000000        0x0 linker stubs

.iplt           0x0800b5f4        0x0
 .iplt          0x00000000        0x0 build/obj/chcoreasm_v7m.o

.rel.dyn        0x0800b5f4        0x0
 .rel.iplt      0x00000000        0x0 build/obj/chcoreasm_v7m.o

.ARM.extab
 *(.ARM.extab* .gnu.linkonce.armextab.*)

.ARM.exidx      0x0800b5f4        0x0
                0x0800b5f4                PROVIDE (__exidx_start, .)
 *(.ARM.exidx* .gnu.linkonce.armexidx.*)
                0x0800b5f4                PROVIDE (__exidx_end, .)

.eh_frame_hdr
 *(.eh_frame_hdr)

.eh_frame
 *(.eh_frame)

.textalign      0x0800b5f4        0x4
                0x0800b5f8                . = ALIGN (0x8)
 *fill*         0x0800b5f4        0x4 00
                0x0800b5f8                . = ALIGN (0x4)
                0x0800b5f8                _etext = .
                0x0800b5f8                _textdata = _etext

.stacks         0x20000000      0x800
                0x20000000                . = ALIGN (0x8)
                0x20000000                __main_stack_base__ = .
                0x20000400                . = (. + __main_stack_size__)
 *fill*         0x20000000      0x400 00
                0x20000400                . = ALIGN (0x8)
                0x20000400                __main_stack_end__ = .
                0x20000400                __process_stack_base__ = .
                0x20000400                __main_thread_stack_base__ = .
                0x20000800                . = (. + __process_stack_size__)
 *fill*         0x20000400      0x400 00
                0x20000800                . = ALIGN (0x8)
                0x20000800                __process_stack_end__ = .
                0x20000800                __main_thread_stack_end__ = .

.data           0x20000800      0x4fc load address 0x0800b5f8
                0x20000800                . = ALIGN (0x4)
                0x20000800                PROVIDE (_data, .)
 *(.data)
 *(.data.*)
 .data.m1.7331  0x20000800       0x10 /tmp/ccCR2zU4.ltrans2.ltrans.o
                0x20000800                m1.7331
 .data.sem1.7122
                0x20000810        0xc /tmp/ccCR2zU4.ltrans2.ltrans.o
                0x20000810                sem1.7122
 .data.c1.7329  0x2000081c        0x8 /tmp/ccCR2zU4.ltrans3.ltrans.o
                0x2000081c                c1.7329
 .data.mp1.7972
                0x20000824        0xc /tmp/ccCR2zU4.ltrans3.ltrans.o
                0x20000824                mp1.7972
 .data.Outdiv.4568
                0x20000830        0x1 /tmp/ccCR2zU4.ltrans4.ltrans.o
 *fill*         0x20000831        0x1 00
 .data.Active_shift.4614
                0x20000832        0x2 /tmp/ccCR2zU4.ltrans4.ltrans.o
 .data.Active_banddiv.4570
                0x20000834        0x1 /tmp/ccCR2zU4.ltrans4.ltrans.o
 .data.Active_level.4615
                0x20000835        0x1 /tmp/ccCR2zU4.ltrans4.ltrans.o
 *fill*         0x20000836        0x2 00
 .data.buf.8531.11096.5023
                0x20000838      0x404 /tmp/ccCR2zU4.ltrans5.ltrans.o
 .data.linecoding.9032.4577
                0x20000c3c        0x8 /tmp/ccCR2zU4.ltrans6.ltrans.o
 .data.m2.7330  0x20000c44       0x10 /tmp/ccCR2zU4.ltrans8.ltrans.o
                0x20000c44                m2.7330
 .data.Active_Frequency
                0x20000c54        0x4 /tmp/ccCR2zU4.ltrans9.ltrans.o
                0x20000c54                Active_Frequency
 .data.es1.7762
                0x20000c58        0x4 /tmp/ccCR2zU4.ltrans9.ltrans.o
                0x20000c58                es1.7762
 .data.gpt4cfg.11710.4569
                0x20000c5c       0x10 /tmp/ccCR2zU4.ltrans9.ltrans.o
 .data.es2.7761
                0x20000c6c        0x4 /tmp/ccCR2zU4.ltrans9.ltrans.o
                0x20000c6c                es2.7761
 .data.oq.8291  0x20000c70       0x24 /tmp/ccCR2zU4.ltrans10.ltrans.o
                0x20000c70                oq.8291
 .data.local_commands.10667.4448
                0x20000c94       0x18 /tmp/ccCR2zU4.ltrans10.ltrans.o
 .data.iq.8304  0x20000cac       0x24 /tmp/ccCR2zU4.ltrans10.ltrans.o
                0x20000cac                iq.8304
 .data.mb1.7615
                0x20000cd0       0x28 /tmp/ccCR2zU4.ltrans10.ltrans.o
                0x20000cd0                mb1.7615
 .data.__ctype_ptr__
                0x20000cf8        0x4 /home/laurence/ARM-GCC/bin/../lib/gcc/arm-none-eabi/4.7.4/../../../../arm-none-eabi/lib/armv7-m/libg.a(lib_a-ctype_.o)
                0x20000cf8                __ctype_ptr__
 *(.ramtext)
                0x20000cfc                . = ALIGN (0x4)
                0x20000cfc                PROVIDE (_edata, .)

.igot.plt       0x20000cfc        0x0 load address 0x0800baf4
 .igot.plt      0x00000000        0x0 build/obj/chcoreasm_v7m.o

.bss            0x20000cfc     0x1308
                0x20000cfc                . = ALIGN (0x4)
                0x20000cfc                PROVIDE (_bss_start, .)
 *(.bss)
 *(.bss.*)
 .bss.vt.6747.4609
                0x20000cfc       0x14 /tmp/ccCR2zU4.ltrans1.ltrans.o
 .bss.test_heap.7938
                0x20000d10       0x20 /tmp/ccCR2zU4.ltrans1.ltrans.o
                0x20000d10                test_heap.7938
 .bss.sem1.8528
                0x20000d30        0xc /tmp/ccCR2zU4.ltrans2.ltrans.o
                0x20000d30                sem1.8528
 .bss.mtx1.8527
                0x20000d3c       0x10 /tmp/ccCR2zU4.ltrans2.ltrans.o
                0x20000d3c                mtx1.8527
 .bss.vt1.6286.8530.4513
                0x20000d4c       0x14 /tmp/ccCR2zU4.ltrans2.ltrans.o
 .bss.vt2.6287.8529.4514
                0x20000d60       0x14 /tmp/ccCR2zU4.ltrans2.ltrans.o
 .bss.mp1.8119  0x20000d74        0xc /tmp/ccCR2zU4.ltrans3.ltrans.o
                0x20000d74                mp1.8119
 .bss.iq.6276.8531.4577
                0x20000d80       0x24 /tmp/ccCR2zU4.ltrans4.ltrans.o
 .bss.test_timer_done
                0x20000da4        0x1 /tmp/ccCR2zU4.ltrans4.ltrans.o
                0x20000da4                test_timer_done
 *fill*         0x20000da5        0x3 00
 .bss.ib.6275.8532.4672
                0x20000da8       0x10 /tmp/ccCR2zU4.ltrans4.ltrans.o
 .bss.ep2instate.11390.4660
                0x20000db8       0x10 /tmp/ccCR2zU4.ltrans4.ltrans.o
 .bss.Silabs_Part_ID
                0x20000dc8        0x2 /tmp/ccCR2zU4.ltrans4.ltrans.o
                0x20000dc8                Silabs_Part_ID
 *fill*         0x20000dca        0x2 00
 .bss.dma_streams_mask.9722
                0x20000dcc        0x4 /tmp/ccCR2zU4.ltrans5.ltrans.o
                0x20000dcc                dma_streams_mask.9722
 .bss.waThread1.11099.4972
                0x20000dd0      0x148 /tmp/ccCR2zU4.ltrans5.ltrans.o
 .bss.nextmem.6444
                0x20000f18        0x4 /tmp/ccCR2zU4.ltrans5.ltrans.o
                0x20000f18                nextmem.6444
 .bss.dma_isr_redir.9717
                0x20000f1c       0x38 /tmp/ccCR2zU4.ltrans5.ltrans.o
                0x20000f1c                dma_isr_redir.9717
 *fill*         0x20000f54        0x4 00
 .bss.waThreadSI.11712.4975
                0x20000f58      0x4c8 /tmp/ccCR2zU4.ltrans5.ltrans.o
 .bss.dummytx.10008.4937
                0x20001420        0x2 /tmp/ccCR2zU4.ltrans5.ltrans.o
 *fill*         0x20001422        0x2 00
 .bss.endmem.6446
                0x20001424        0x4 /tmp/ccCR2zU4.ltrans5.ltrans.o
                0x20001424                endmem.6446
 .bss.default_heap.6550
                0x20001428       0x20 /tmp/ccCR2zU4.ltrans5.ltrans.o
                0x20001428                default_heap.6550
 .bss.ep1instate.11387
                0x20001448       0x10 /tmp/ccCR2zU4.ltrans7.ltrans.o
                0x20001448                ep1instate.11387
 .bss.ep0_state.10420
                0x20001458       0x14 /tmp/ccCR2zU4.ltrans7.ltrans.o
                0x20001458                ep0_state.10420
 .bss.ep0setup_buffer.10424
                0x2000146c        0x8 /tmp/ccCR2zU4.ltrans7.ltrans.o
                0x2000146c                ep0setup_buffer.10424
 .bss.ep1outstate.11388
                0x20001474       0x14 /tmp/ccCR2zU4.ltrans7.ltrans.o
                0x20001474                ep1outstate.11388
 .bss.tokp.6757
                0x20001488        0x4 /tmp/ccCR2zU4.ltrans8.ltrans.o
                0x20001488                tokp.6757
 .bss.USBD1     0x2000148c       0x84 /tmp/ccCR2zU4.ltrans8.ltrans.o
                0x2000148c                USBD1
 .bss.local_fail.6760
                0x20001510        0x1 /tmp/ccCR2zU4.ltrans8.ltrans.o
                0x20001510                local_fail.6760
 *fill*         0x20001511        0x7 00
 .bss.heap1.8117
                0x20001518       0x20 /tmp/ccCR2zU4.ltrans8.ltrans.o
                0x20001518                heap1.8117
 .bss.global_fail.6761
                0x20001538        0x1 /tmp/ccCR2zU4.ltrans8.ltrans.o
                0x20001538                global_fail.6761
 *fill*         0x20001539        0x3 00
 .bss.chp.6748  0x2000153c        0x4 /tmp/ccCR2zU4.ltrans8.ltrans.o
                0x2000153c                chp.6748
 .bss.failpoint.6762
                0x20001540        0x4 /tmp/ccCR2zU4.ltrans8.ltrans.o
                0x20001540                failpoint.6762
 .bss.tokens_buffer.6758
                0x20001544       0x10 /tmp/ccCR2zU4.ltrans8.ltrans.o
                0x20001544                tokens_buffer.6758
 .bss.SDU1      0x20001554      0x258 /tmp/ccCR2zU4.ltrans9.ltrans.o
                0x20001554                SDU1
 .bss.tx_buffer
                0x200017ac       0x10 /tmp/ccCR2zU4.ltrans9.ltrans.o
                0x200017ac                tx_buffer
 .bss.Command   0x200017bc        0x1 /tmp/ccCR2zU4.ltrans9.ltrans.o
                0x200017bc                Command
 *fill*         0x200017bd        0x3 00
 .bss.SPID1     0x200017c0       0x30 /tmp/ccCR2zU4.ltrans9.ltrans.o
                0x200017c0                SPID1
 .bss.GPTD4     0x200017f0       0x10 /tmp/ccCR2zU4.ltrans9.ltrans.o
                0x200017f0                GPTD4
 .bss.rx_buffer
                0x20001800        0xc /tmp/ccCR2zU4.ltrans9.ltrans.o
                0x20001800                rx_buffer
 .bss.Silabs_busy
                0x2000180c        0xc /tmp/ccCR2zU4.ltrans9.ltrans.o
                0x2000180c                Silabs_busy
 .bss.Silabs_callback
                0x20001818        0xc /tmp/ccCR2zU4.ltrans9.ltrans.o
                0x20001818                Silabs_callback
 .bss.Command_string
                0x20001824        0x8 /tmp/ccCR2zU4.ltrans9.ltrans.o
 *fill*         0x2000182c        0x4 00
 .bss.test      0x20001830      0x668 /tmp/ccCR2zU4.ltrans10.ltrans.o
                0x20001830                test
 .bss.shell_terminated
                0x20001e98        0x4 /tmp/ccCR2zU4.ltrans10.ltrans.o
                0x20001e98                shell_terminated
 *fill*         0x20001e9c        0x4 00
 .bss.ch        0x20001ea0      0x150 /tmp/ccCR2zU4.ltrans10.ltrans.o
                0x20001ea0                ch
 .bss.threads   0x20001ff0       0x14 /tmp/ccCR2zU4.ltrans10.ltrans.o
                0x20001ff0                threads
 *(COMMON)
                0x20002004                . = ALIGN (0x4)
                0x20002004                PROVIDE (_bss_end, .)
                0x20002004                PROVIDE (end, .)
                0x20002004                _end = .
                0x20002004                __heap_base__ = _end
                0x20005000                __heap_end__ = __ram_end__
                0x00000400                __process_stack_size__ = 0x400
                0x00000400                __main_stack_size__ = 0x400
START GROUP
LOAD /home/laurence/ARM-GCC/bin/../lib/gcc/arm-none-eabi/4.7.4/armv7-m/libgcc.a
LOAD /home/laurence/ARM-GCC/bin/../lib/gcc/arm-none-eabi/4.7.4/../../../../arm-none-eabi/lib/armv7-m/libg.a
LOAD /home/laurence/ARM-GCC/bin/../lib/gcc/arm-none-eabi/4.7.4/../../../../arm-none-eabi/lib/armv7-m/libc.a
END GROUP
OUTPUT(build/ch.elf elf32-littlearm)

.ARM.attributes
                0x00000000       0x2f
 .ARM.attributes
                0x00000000       0x21 build/obj/chcoreasm_v7m.o
 .ARM.attributes
                0x00000021       0x31 /tmp/ccCR2zU4.ltrans0.ltrans.o
 .ARM.attributes
                0x00000052       0x31 /tmp/ccCR2zU4.ltrans1.ltrans.o
 .ARM.attributes
                0x00000083       0x31 /tmp/ccCR2zU4.ltrans2.ltrans.o
 .ARM.attributes
                0x000000b4       0x31 /tmp/ccCR2zU4.ltrans3.ltrans.o
 .ARM.attributes
                0x000000e5       0x31 /tmp/ccCR2zU4.ltrans4.ltrans.o
 .ARM.attributes
                0x00000116       0x31 /tmp/ccCR2zU4.ltrans5.ltrans.o
 .ARM.attributes
                0x00000147       0x31 /tmp/ccCR2zU4.ltrans6.ltrans.o
 .ARM.attributes
                0x00000178       0x31 /tmp/ccCR2zU4.ltrans7.ltrans.o
 .ARM.attributes
                0x000001a9       0x31 /tmp/ccCR2zU4.ltrans8.ltrans.o
 .ARM.attributes
                0x000001da       0x31 /tmp/ccCR2zU4.ltrans9.ltrans.o
 .ARM.attributes
                0x0000020b       0x31 /tmp/ccCR2zU4.ltrans10.ltrans.o
 .ARM.attributes
                0x0000023c       0x1d /home/laurence/ARM-GCC/bin/../lib/gcc/arm-none-eabi/4.7.4/armv7-m/libgcc.a(_arm_addsubdf3.o)
 .ARM.attributes
                0x00000259       0x1d /home/laurence/ARM-GCC/bin/../lib/gcc/arm-none-eabi/4.7.4/armv7-m/libgcc.a(_arm_muldivdf3.o)
 .ARM.attributes
                0x00000276       0x1d /home/laurence/ARM-GCC/bin/../lib/gcc/arm-none-eabi/4.7.4/armv7-m/libgcc.a(_arm_fixdfsi.o)
 .ARM.attributes
                0x00000293       0x1d /home/laurence/ARM-GCC/bin/../lib/gcc/arm-none-eabi/4.7.4/armv7-m/libgcc.a(_arm_fixunsdfsi.o)
 .ARM.attributes
                0x000002b0       0x1d /home/laurence/ARM-GCC/bin/../lib/gcc/arm-none-eabi/4.7.4/armv7-m/libgcc.a(_arm_truncdfsf2.o)
 .ARM.attributes
                0x000002cd       0x1d /home/laurence/ARM-GCC/bin/../lib/gcc/arm-none-eabi/4.7.4/armv7-m/libgcc.a(_arm_addsubsf3.o)
 .ARM.attributes
                0x000002ea       0x1d /home/laurence/ARM-GCC/bin/../lib/gcc/arm-none-eabi/4.7.4/armv7-m/libgcc.a(_arm_muldivsf3.o)
 .ARM.attributes
                0x00000307       0x1d /home/laurence/ARM-GCC/bin/../lib/gcc/arm-none-eabi/4.7.4/armv7-m/libgcc.a(_arm_cmpsf2.o)
 .ARM.attributes
                0x00000324       0x1d /home/laurence/ARM-GCC/bin/../lib/gcc/arm-none-eabi/4.7.4/armv7-m/libgcc.a(_arm_fixsfsi.o)
 .ARM.attributes
                0x00000341       0x1d /home/laurence/ARM-GCC/bin/../lib/gcc/arm-none-eabi/4.7.4/armv7-m/libgcc.a(_arm_fixunssfsi.o)
 .ARM.attributes
                0x0000035e       0x2d /home/laurence/ARM-GCC/bin/../lib/gcc/arm-none-eabi/4.7.4/../../../../arm-none-eabi/lib/armv7-m/libg.a(lib_a-memset.o)
 .ARM.attributes
                0x0000038b       0x2d /home/laurence/ARM-GCC/bin/../lib/gcc/arm-none-eabi/4.7.4/../../../../arm-none-eabi/lib/armv7-m/libg.a(lib_a-strcasecmp.o)
 .ARM.attributes
                0x000003b8       0x2d /home/laurence/ARM-GCC/bin/../lib/gcc/arm-none-eabi/4.7.4/../../../../arm-none-eabi/lib/armv7-m/libg.a(lib_a-strcpy.o)
 .ARM.attributes
                0x000003e5       0x2d /home/laurence/ARM-GCC/bin/../lib/gcc/arm-none-eabi/4.7.4/../../../../arm-none-eabi/lib/armv7-m/libg.a(lib_a-strlen.o)
 .ARM.attributes
                0x00000412       0x2d /home/laurence/ARM-GCC/bin/../lib/gcc/arm-none-eabi/4.7.4/../../../../arm-none-eabi/lib/armv7-m/libg.a(lib_a-strncpy.o)
 .ARM.attributes
                0x0000043f       0x2d /home/laurence/ARM-GCC/bin/../lib/gcc/arm-none-eabi/4.7.4/../../../../arm-none-eabi/lib/armv7-m/libg.a(lib_a-strpbrk.o)
 .ARM.attributes
                0x0000046c       0x2d /home/laurence/ARM-GCC/bin/../lib/gcc/arm-none-eabi/4.7.4/../../../../arm-none-eabi/lib/armv7-m/libg.a(lib_a-strspn.o)
 .ARM.attributes
                0x00000499       0x2d /home/laurence/ARM-GCC/bin/../lib/gcc/arm-none-eabi/4.7.4/../../../../arm-none-eabi/lib/armv7-m/libg.a(lib_a-ctype_.o)

.comment        0x00000000       0x70
 .comment       0x00000000       0x70 /tmp/ccCR2zU4.ltrans0.ltrans.o
                                 0x71 (size before relaxing)
 .comment       0x00000000       0x71 /tmp/ccCR2zU4.ltrans1.ltrans.o
 .comment       0x00000000       0x71 /tmp/ccCR2zU4.ltrans2.ltrans.o
 .comment       0x00000000       0x71 /tmp/ccCR2zU4.ltrans3.ltrans.o
 .comment       0x00000000       0x71 /tmp/ccCR2zU4.ltrans4.ltrans.o
 .comment       0x00000000       0x71 /tmp/ccCR2zU4.ltrans5.ltrans.o
 .comment       0x00000000       0x71 /tmp/ccCR2zU4.ltrans6.ltrans.o
 .comment       0x00000000       0x71 /tmp/ccCR2zU4.ltrans7.ltrans.o
 .comment       0x00000000       0x71 /tmp/ccCR2zU4.ltrans8.ltrans.o
 .comment       0x00000000       0x71 /tmp/ccCR2zU4.ltrans9.ltrans.o
 .comment       0x00000000       0x71 /tmp/ccCR2zU4.ltrans10.ltrans.o

.debug_info     0x00000000    0x239be
 .debug_info    0x00000000     0x33e9 /tmp/ccCR2zU4.ltrans0.ltrans.o
 .debug_info    0x000033e9     0x3cd1 /tmp/ccCR2zU4.ltrans1.ltrans.o
 .debug_info    0x000070ba     0x3737 /tmp/ccCR2zU4.ltrans2.ltrans.o
 .debug_info    0x0000a7f1     0x36d6 /tmp/ccCR2zU4.ltrans3.ltrans.o
 .debug_info    0x0000dec7     0x37b0 /tmp/ccCR2zU4.ltrans4.ltrans.o
 .debug_info    0x00011677     0x3f80 /tmp/ccCR2zU4.ltrans5.ltrans.o
 .debug_info    0x000155f7     0x36f5 /tmp/ccCR2zU4.ltrans6.ltrans.o
 .debug_info    0x00018cec     0x2d1c /tmp/ccCR2zU4.ltrans7.ltrans.o
 .debug_info    0x0001ba08     0x2bab /tmp/ccCR2zU4.ltrans8.ltrans.o
 .debug_info    0x0001e5b3     0x3025 /tmp/ccCR2zU4.ltrans9.ltrans.o
 .debug_info    0x000215d8     0x23e6 /tmp/ccCR2zU4.ltrans10.ltrans.o

.debug_abbrev   0x00000000     0x44bc
 .debug_abbrev  0x00000000      0x6f8 /tmp/ccCR2zU4.ltrans0.ltrans.o
 .debug_abbrev  0x000006f8      0x6e9 /tmp/ccCR2zU4.ltrans1.ltrans.o
 .debug_abbrev  0x00000de1      0x5c9 /tmp/ccCR2zU4.ltrans2.ltrans.o
 .debug_abbrev  0x000013aa      0x715 /tmp/ccCR2zU4.ltrans3.ltrans.o
 .debug_abbrev  0x00001abf      0x690 /tmp/ccCR2zU4.ltrans4.ltrans.o
 .debug_abbrev  0x0000214f      0x720 /tmp/ccCR2zU4.ltrans5.ltrans.o
 .debug_abbrev  0x0000286f      0x719 /tmp/ccCR2zU4.ltrans6.ltrans.o
 .debug_abbrev  0x00002f88      0x47c /tmp/ccCR2zU4.ltrans7.ltrans.o
 .debug_abbrev  0x00003404      0x5f9 /tmp/ccCR2zU4.ltrans8.ltrans.o
 .debug_abbrev  0x000039fd      0x5c0 /tmp/ccCR2zU4.ltrans9.ltrans.o
 .debug_abbrev  0x00003fbd      0x4ff /tmp/ccCR2zU4.ltrans10.ltrans.o

.debug_loc      0x00000000     0xadaa
 .debug_loc     0x00000000     0x1cae /tmp/ccCR2zU4.ltrans0.ltrans.o
 .debug_loc     0x00001cae      0xea6 /tmp/ccCR2zU4.ltrans1.ltrans.o
 .debug_loc     0x00002b54      0xe39 /tmp/ccCR2zU4.ltrans2.ltrans.o
 .debug_loc     0x0000398d     0x171e /tmp/ccCR2zU4.ltrans3.ltrans.o
 .debug_loc     0x000050ab      0xc88 /tmp/ccCR2zU4.ltrans4.ltrans.o
 .debug_loc     0x00005d33     0x1195 /tmp/ccCR2zU4.ltrans5.ltrans.o
 .debug_loc     0x00006ec8     0x1103 /tmp/ccCR2zU4.ltrans6.ltrans.o
 .debug_loc     0x00007fcb     0x12d3 /tmp/ccCR2zU4.ltrans7.ltrans.o
 .debug_loc     0x0000929e      0x66c /tmp/ccCR2zU4.ltrans8.ltrans.o
 .debug_loc     0x0000990a      0x985 /tmp/ccCR2zU4.ltrans9.ltrans.o
 .debug_loc     0x0000a28f      0xb1b /tmp/ccCR2zU4.ltrans10.ltrans.o

.debug_aranges  0x00000000      0x8b0
 .debug_aranges
                0x00000000      0x1c0 /tmp/ccCR2zU4.ltrans0.ltrans.o
 .debug_aranges
                0x000001c0      0x160 /tmp/ccCR2zU4.ltrans1.ltrans.o
 .debug_aranges
                0x00000320       0xa8 /tmp/ccCR2zU4.ltrans2.ltrans.o
 .debug_aranges
                0x000003c8      0x120 /tmp/ccCR2zU4.ltrans3.ltrans.o
 .debug_aranges
                0x000004e8       0x60 /tmp/ccCR2zU4.ltrans4.ltrans.o
 .debug_aranges
                0x00000548       0x90 /tmp/ccCR2zU4.ltrans5.ltrans.o
 .debug_aranges
                0x000005d8      0x190 /tmp/ccCR2zU4.ltrans6.ltrans.o
 .debug_aranges
                0x00000768       0x30 /tmp/ccCR2zU4.ltrans7.ltrans.o
 .debug_aranges
                0x00000798       0x98 /tmp/ccCR2zU4.ltrans8.ltrans.o
 .debug_aranges
                0x00000830       0x40 /tmp/ccCR2zU4.ltrans9.ltrans.o
 .debug_aranges
                0x00000870       0x40 /tmp/ccCR2zU4.ltrans10.ltrans.o

.debug_ranges   0x00000000     0x41b8
 .debug_ranges  0x00000000      0x8d0 /tmp/ccCR2zU4.ltrans0.ltrans.o
 .debug_ranges  0x000008d0      0x6a0 /tmp/ccCR2zU4.ltrans1.ltrans.o
 .debug_ranges  0x00000f70      0x5e0 /tmp/ccCR2zU4.ltrans2.ltrans.o
 .debug_ranges  0x00001550      0xb60 /tmp/ccCR2zU4.ltrans3.ltrans.o
 .debug_ranges  0x000020b0      0x400 /tmp/ccCR2zU4.ltrans4.ltrans.o
 .debug_ranges  0x000024b0      0xc48 /tmp/ccCR2zU4.ltrans5.ltrans.o
 .debug_ranges  0x000030f8      0x340 /tmp/ccCR2zU4.ltrans6.ltrans.o
 .debug_ranges  0x00003438      0x4d0 /tmp/ccCR2zU4.ltrans7.ltrans.o
 .debug_ranges  0x00003908      0x178 /tmp/ccCR2zU4.ltrans8.ltrans.o
 .debug_ranges  0x00003a80      0x470 /tmp/ccCR2zU4.ltrans9.ltrans.o
 .debug_ranges  0x00003ef0      0x2c8 /tmp/ccCR2zU4.ltrans10.ltrans.o

.debug_line     0x00000000     0x816d
 .debug_line    0x00000000     0x10f5 /tmp/ccCR2zU4.ltrans0.ltrans.o
 .debug_line    0x000010f5      0xf8e /tmp/ccCR2zU4.ltrans1.ltrans.o
 .debug_line    0x00002083      0xbf3 /tmp/ccCR2zU4.ltrans2.ltrans.o
 .debug_line    0x00002c76      0xd3f /tmp/ccCR2zU4.ltrans3.ltrans.o
 .debug_line    0x000039b5      0xa7f /tmp/ccCR2zU4.ltrans4.ltrans.o
 .debug_line    0x00004434      0xe8e /tmp/ccCR2zU4.ltrans5.ltrans.o
 .debug_line    0x000052c2      0xca2 /tmp/ccCR2zU4.ltrans6.ltrans.o
 .debug_line    0x00005f64      0x8db /tmp/ccCR2zU4.ltrans7.ltrans.o
 .debug_line    0x0000683f      0x972 /tmp/ccCR2zU4.ltrans8.ltrans.o
 .debug_line    0x000071b1      0x970 /tmp/ccCR2zU4.ltrans9.ltrans.o
 .debug_line    0x00007b21      0x64c /tmp/ccCR2zU4.ltrans10.ltrans.o

.debug_str      0x00000000     0x3f09
 .debug_str     0x00000000      0xbd9 /tmp/ccCR2zU4.ltrans0.ltrans.o
                                0xcb5 (size before relaxing)
 .debug_str     0x00000bd9      0x958 /tmp/ccCR2zU4.ltrans1.ltrans.o
                                0xfe9 (size before relaxing)
 .debug_str     0x00001531      0x58d /tmp/ccCR2zU4.ltrans2.ltrans.o
                                0xcb3 (size before relaxing)
 .debug_str     0x00001abe      0x843 /tmp/ccCR2zU4.ltrans3.ltrans.o
                               0x103d (size before relaxing)
 .debug_str     0x00002301      0x43d /tmp/ccCR2zU4.ltrans4.ltrans.o
                               0x11df (size before relaxing)
 .debug_str     0x0000273e      0xa33 /tmp/ccCR2zU4.ltrans5.ltrans.o
                               0x1b08 (size before relaxing)
 .debug_str     0x00003171      0x49b /tmp/ccCR2zU4.ltrans6.ltrans.o
                               0x13ca (size before relaxing)
 .debug_str     0x0000360c      0x1f2 /tmp/ccCR2zU4.ltrans7.ltrans.o
                                0xc8c (size before relaxing)
 .debug_str     0x000037fe      0x341 /tmp/ccCR2zU4.ltrans8.ltrans.o
                                0xefd (size before relaxing)
 .debug_str     0x00003b3f      0x204 /tmp/ccCR2zU4.ltrans9.ltrans.o
                               0x1188 (size before relaxing)
 .debug_str     0x00003d43      0x1c6 /tmp/ccCR2zU4.ltrans10.ltrans.o
                                0xaf6 (size before relaxing)

.debug_frame    0x00000000     0x1a30
 .debug_frame   0x00000000      0x51c /tmp/ccCR2zU4.ltrans0.ltrans.o
 .debug_frame   0x0000051c      0x3d8 /tmp/ccCR2zU4.ltrans1.ltrans.o
 .debug_frame   0x000008f4      0x220 /tmp/ccCR2zU4.ltrans2.ltrans.o
 .debug_frame   0x00000b14      0x308 /tmp/ccCR2zU4.ltrans3.ltrans.o
 .debug_frame   0x00000e1c      0x140 /tmp/ccCR2zU4.ltrans4.ltrans.o
 .debug_frame   0x00000f5c      0x1b4 /tmp/ccCR2zU4.ltrans5.ltrans.o
 .debug_frame   0x00001110      0x46c /tmp/ccCR2zU4.ltrans6.ltrans.o
 .debug_frame   0x0000157c       0x74 /tmp/ccCR2zU4.ltrans7.ltrans.o
 .debug_frame   0x000015f0      0x1e8 /tmp/ccCR2zU4.ltrans8.ltrans.o
 .debug_frame   0x000017d8       0xa8 /tmp/ccCR2zU4.ltrans9.ltrans.o
 .debug_frame   0x00001880       0x94 /tmp/ccCR2zU4.ltrans10.ltrans.o
 .debug_frame   0x00001914       0x2c /home/laurence/ARM-GCC/bin/../lib/gcc/arm-none-eabi/4.7.4/../../../../arm-none-eabi/lib/armv7-m/libg.a(lib_a-memset.o)
 .debug_frame   0x00001940       0x2c /home/laurence/ARM-GCC/bin/../lib/gcc/arm-none-eabi/4.7.4/../../../../arm-none-eabi/lib/armv7-m/libg.a(lib_a-strcasecmp.o)
 .debug_frame   0x0000196c       0x20 /home/laurence/ARM-GCC/bin/../lib/gcc/arm-none-eabi/4.7.4/../../../../arm-none-eabi/lib/armv7-m/libg.a(lib_a-strcpy.o)
 .debug_frame   0x0000198c       0x20 /home/laurence/ARM-GCC/bin/../lib/gcc/arm-none-eabi/4.7.4/../../../../arm-none-eabi/lib/armv7-m/libg.a(lib_a-strlen.o)
 .debug_frame   0x000019ac       0x2c /home/laurence/ARM-GCC/bin/../lib/gcc/arm-none-eabi/4.7.4/../../../../arm-none-eabi/lib/armv7-m/libg.a(lib_a-strncpy.o)
 .debug_frame   0x000019d8       0x2c /home/laurence/ARM-GCC/bin/../lib/gcc/arm-none-eabi/4.7.4/../../../../arm-none-eabi/lib/armv7-m/libg.a(lib_a-strpbrk.o)
 .debug_frame   0x00001a04       0x2c /home/laurence/ARM-GCC/bin/../lib/gcc/arm-none-eabi/4.7.4/../../../../arm-none-eabi/lib/armv7-m/libg.a(lib_a-strspn.o)

Cross Reference Table

Symbol                                            File
Active_Frequency                                  /tmp/ccCR2zU4.ltrans9.ltrans.o
                                                  /tmp/ccCR2zU4.ltrans4.ltrans.o
                                                  /tmp/ccCR2zU4.ltrans2.ltrans.o
BusFault_Handler                                  /tmp/ccCR2zU4.ltrans0.ltrans.o
                                                  /tmp/ccCR2zU4.ltrans5.ltrans.o
Command                                           /tmp/ccCR2zU4.ltrans9.ltrans.o
                                                  /tmp/ccCR2zU4.ltrans2.ltrans.o
DebugMon_Handler                                  /tmp/ccCR2zU4.ltrans0.ltrans.o
                                                  /tmp/ccCR2zU4.ltrans5.ltrans.o
GPTD4                                             /tmp/ccCR2zU4.ltrans9.ltrans.o
                                                  /tmp/ccCR2zU4.ltrans5.ltrans.o
                                                  /tmp/ccCR2zU4.ltrans1.ltrans.o
HardFault_Handler                                 /tmp/ccCR2zU4.ltrans0.ltrans.o
                                                  /tmp/ccCR2zU4.ltrans5.ltrans.o
MemManage_Handler                                 /tmp/ccCR2zU4.ltrans0.ltrans.o
                                                  /tmp/ccCR2zU4.ltrans5.ltrans.o
NMI_Handler                                       /tmp/ccCR2zU4.ltrans0.ltrans.o
                                                  /tmp/ccCR2zU4.ltrans5.ltrans.o
PendSV_Handler                                    /tmp/ccCR2zU4.ltrans0.ltrans.o
                                                  /tmp/ccCR2zU4.ltrans5.ltrans.o
Reset_Handler                                     /tmp/ccCR2zU4.ltrans5.ltrans.o
SDU1                                              /tmp/ccCR2zU4.ltrans9.ltrans.o
                                                  /tmp/ccCR2zU4.ltrans5.ltrans.o
                                                  /tmp/ccCR2zU4.ltrans4.ltrans.o
SI_Thread.11589                                   /tmp/ccCR2zU4.ltrans9.ltrans.o
                                                  /tmp/ccCR2zU4.ltrans5.ltrans.o
SPID1                                             /tmp/ccCR2zU4.ltrans9.ltrans.o
                                                  /tmp/ccCR2zU4.ltrans5.ltrans.o
                                                  /tmp/ccCR2zU4.ltrans4.ltrans.o
SVC_Handler                                       /tmp/ccCR2zU4.ltrans0.ltrans.o
                                                  /tmp/ccCR2zU4.ltrans5.ltrans.o
Silabs_Part_ID                                    /tmp/ccCR2zU4.ltrans4.ltrans.o
                                                  /tmp/ccCR2zU4.ltrans5.ltrans.o
Silabs_busy                                       /tmp/ccCR2zU4.ltrans9.ltrans.o
                                                  /tmp/ccCR2zU4.ltrans5.ltrans.o
                                                  /tmp/ccCR2zU4.ltrans2.ltrans.o
Silabs_callback                                   /tmp/ccCR2zU4.ltrans9.ltrans.o
                                                  /tmp/ccCR2zU4.ltrans5.ltrans.o
                                                  /tmp/ccCR2zU4.ltrans2.ltrans.o
SysTick_Handler                                   /tmp/ccCR2zU4.ltrans0.ltrans.o
                                                  /tmp/ccCR2zU4.ltrans5.ltrans.o
TestThread                                        /tmp/ccCR2zU4.ltrans8.ltrans.o
                                                  /tmp/ccCR2zU4.ltrans5.ltrans.o
Thread1.11028                                     /tmp/ccCR2zU4.ltrans8.ltrans.o
                                                  /tmp/ccCR2zU4.ltrans5.ltrans.o
USBD1                                             /tmp/ccCR2zU4.ltrans8.ltrans.o
                                                  /tmp/ccCR2zU4.ltrans5.ltrans.o
                                                  /tmp/ccCR2zU4.ltrans3.ltrans.o
UsageFault_Handler                                /tmp/ccCR2zU4.ltrans0.ltrans.o
                                                  /tmp/ccCR2zU4.ltrans5.ltrans.o
Vector100                                         /tmp/ccCR2zU4.ltrans0.ltrans.o
                                                  /tmp/ccCR2zU4.ltrans5.ltrans.o
Vector104                                         /tmp/ccCR2zU4.ltrans0.ltrans.o
                                                  /tmp/ccCR2zU4.ltrans5.ltrans.o
Vector108                                         /tmp/ccCR2zU4.ltrans0.ltrans.o
                                                  /tmp/ccCR2zU4.ltrans5.ltrans.o
Vector10C                                         /tmp/ccCR2zU4.ltrans0.ltrans.o
                                                  /tmp/ccCR2zU4.ltrans5.ltrans.o
Vector110                                         /tmp/ccCR2zU4.ltrans0.ltrans.o
                                                  /tmp/ccCR2zU4.ltrans5.ltrans.o
Vector114                                         /tmp/ccCR2zU4.ltrans0.ltrans.o
                                                  /tmp/ccCR2zU4.ltrans5.ltrans.o
Vector118                                         /tmp/ccCR2zU4.ltrans0.ltrans.o
                                                  /tmp/ccCR2zU4.ltrans5.ltrans.o
Vector11C                                         /tmp/ccCR2zU4.ltrans0.ltrans.o
                                                  /tmp/ccCR2zU4.ltrans5.ltrans.o
Vector120                                         /tmp/ccCR2zU4.ltrans0.ltrans.o
                                                  /tmp/ccCR2zU4.ltrans5.ltrans.o
Vector124                                         /tmp/ccCR2zU4.ltrans0.ltrans.o
                                                  /tmp/ccCR2zU4.ltrans5.ltrans.o
Vector128                                         /tmp/ccCR2zU4.ltrans0.ltrans.o
                                                  /tmp/ccCR2zU4.ltrans5.ltrans.o
Vector12C                                         /tmp/ccCR2zU4.ltrans0.ltrans.o
                                                  /tmp/ccCR2zU4.ltrans5.ltrans.o
Vector130                                         /tmp/ccCR2zU4.ltrans0.ltrans.o
                                                  /tmp/ccCR2zU4.ltrans5.ltrans.o
Vector134                                         /tmp/ccCR2zU4.ltrans0.ltrans.o
                                                  /tmp/ccCR2zU4.ltrans5.ltrans.o
Vector138                                         /tmp/ccCR2zU4.ltrans0.ltrans.o
                                                  /tmp/ccCR2zU4.ltrans5.ltrans.o
Vector13C                                         /tmp/ccCR2zU4.ltrans0.ltrans.o
                                                  /tmp/ccCR2zU4.ltrans5.ltrans.o
Vector1C                                          /tmp/ccCR2zU4.ltrans0.ltrans.o
                                                  /tmp/ccCR2zU4.ltrans5.ltrans.o
Vector20                                          /tmp/ccCR2zU4.ltrans0.ltrans.o
                                                  /tmp/ccCR2zU4.ltrans5.ltrans.o
Vector24                                          /tmp/ccCR2zU4.ltrans0.ltrans.o
                                                  /tmp/ccCR2zU4.ltrans5.ltrans.o