Archive member included because of file (symbol)

/home/laurence/ARM-GCC/bin/../lib/gcc/arm-none-eabi/4.7.4/armv7-m/libgcc.a(_arm_addsubdf3.o)
                              /tmp/cce1gY1f.ltrans6.ltrans.o (__aeabi_dsub)
/home/laurence/ARM-GCC/bin/../lib/gcc/arm-none-eabi/4.7.4/armv7-m/libgcc.a(_arm_muldivdf3.o)
                              /tmp/cce1gY1f.ltrans6.ltrans.o (__aeabi_dmul)
/home/laurence/ARM-GCC/bin/../lib/gcc/arm-none-eabi/4.7.4/armv7-m/libgcc.a(_arm_fixdfsi.o)
                              /tmp/cce1gY1f.ltrans6.ltrans.o (__aeabi_d2iz)
/home/laurence/ARM-GCC/bin/../lib/gcc/arm-none-eabi/4.7.4/armv7-m/libgcc.a(_arm_fixunsdfsi.o)
                              /tmp/cce1gY1f.ltrans8.ltrans.o (__aeabi_d2uiz)
/home/laurence/ARM-GCC/bin/../lib/gcc/arm-none-eabi/4.7.4/armv7-m/libgcc.a(_arm_truncdfsf2.o)
                              /tmp/cce1gY1f.ltrans6.ltrans.o (__aeabi_d2f)
/home/laurence/ARM-GCC/bin/../lib/gcc/arm-none-eabi/4.7.4/armv7-m/libgcc.a(_arm_addsubsf3.o)
                              /tmp/cce1gY1f.ltrans9.ltrans.o (__aeabi_fsub)
/home/laurence/ARM-GCC/bin/../lib/gcc/arm-none-eabi/4.7.4/armv7-m/libgcc.a(_arm_muldivsf3.o)
                              /tmp/cce1gY1f.ltrans8.ltrans.o (__aeabi_fmul)
/home/laurence/ARM-GCC/bin/../lib/gcc/arm-none-eabi/4.7.4/armv7-m/libgcc.a(_arm_cmpsf2.o)
                              /tmp/cce1gY1f.ltrans6.ltrans.o (__aeabi_fcmplt)
/home/laurence/ARM-GCC/bin/../lib/gcc/arm-none-eabi/4.7.4/armv7-m/libgcc.a(_arm_fixsfsi.o)
                              /tmp/cce1gY1f.ltrans6.ltrans.o (__aeabi_f2iz)
/home/laurence/ARM-GCC/bin/../lib/gcc/arm-none-eabi/4.7.4/armv7-m/libgcc.a(_arm_fixunssfsi.o)
                              /tmp/cce1gY1f.ltrans9.ltrans.o (__aeabi_f2uiz)
/home/laurence/ARM-GCC/bin/../lib/gcc/arm-none-eabi/4.7.4/../../../../arm-none-eabi/lib/armv7-m/libg.a(lib_a-memset.o)
                              /tmp/cce1gY1f.ltrans4.ltrans.o (memset)
/home/laurence/ARM-GCC/bin/../lib/gcc/arm-none-eabi/4.7.4/../../../../arm-none-eabi/lib/armv7-m/libg.a(lib_a-strcasecmp.o)
                              /tmp/cce1gY1f.ltrans10.ltrans.o (strcasecmp)
/home/laurence/ARM-GCC/bin/../lib/gcc/arm-none-eabi/4.7.4/../../../../arm-none-eabi/lib/armv7-m/libg.a(lib_a-strcpy.o)
                              /tmp/cce1gY1f.ltrans8.ltrans.o (strcpy)
/home/laurence/ARM-GCC/bin/../lib/gcc/arm-none-eabi/4.7.4/../../../../arm-none-eabi/lib/armv7-m/libg.a(lib_a-strlen.o)
                              /tmp/cce1gY1f.ltrans8.ltrans.o (strlen)
/home/laurence/ARM-GCC/bin/../lib/gcc/arm-none-eabi/4.7.4/../../../../arm-none-eabi/lib/armv7-m/libg.a(lib_a-strpbrk.o)
                              /tmp/cce1gY1f.ltrans2.ltrans.o (strpbrk)
/home/laurence/ARM-GCC/bin/../lib/gcc/arm-none-eabi/4.7.4/../../../../arm-none-eabi/lib/armv7-m/libg.a(lib_a-strspn.o)
                              /tmp/cce1gY1f.ltrans2.ltrans.o (strspn)
/home/laurence/ARM-GCC/bin/../lib/gcc/arm-none-eabi/4.7.4/../../../../arm-none-eabi/lib/armv7-m/libg.a(lib_a-ctype_.o)
                              /home/laurence/ARM-GCC/bin/../lib/gcc/arm-none-eabi/4.7.4/../../../../arm-none-eabi/lib/armv7-m/libg.a(lib_a-strcasecmp.o) (__ctype_ptr__)

Discarded input sections

 .data          0x00000000        0x0 build/obj/chcoreasm_v7m.o
 .bss           0x00000000        0x0 build/obj/chcoreasm_v7m.o
 .text          0x00000000        0x0 build/obj/crt0.o (symbol from plugin)
 .text          0x00000000        0x0 /tmp/cce1gY1f.ltrans0.ltrans.o
 .data          0x00000000        0x0 /tmp/cce1gY1f.ltrans0.ltrans.o
 .bss           0x00000000        0x0 /tmp/cce1gY1f.ltrans0.ltrans.o
 .text          0x00000000        0x0 /tmp/cce1gY1f.ltrans1.ltrans.o
 .data          0x00000000        0x0 /tmp/cce1gY1f.ltrans1.ltrans.o
 .bss           0x00000000        0x0 /tmp/cce1gY1f.ltrans1.ltrans.o
 .text          0x00000000        0x0 /tmp/cce1gY1f.ltrans2.ltrans.o
 .data          0x00000000        0x0 /tmp/cce1gY1f.ltrans2.ltrans.o
 .bss           0x00000000        0x0 /tmp/cce1gY1f.ltrans2.ltrans.o
 .text          0x00000000        0x0 /tmp/cce1gY1f.ltrans3.ltrans.o
 .data          0x00000000        0x0 /tmp/cce1gY1f.ltrans3.ltrans.o
 .bss           0x00000000        0x0 /tmp/cce1gY1f.ltrans3.ltrans.o
 .text          0x00000000        0x0 /tmp/cce1gY1f.ltrans4.ltrans.o
 .data          0x00000000        0x0 /tmp/cce1gY1f.ltrans4.ltrans.o
 .bss           0x00000000        0x0 /tmp/cce1gY1f.ltrans4.ltrans.o
 .text          0x00000000        0x0 /tmp/cce1gY1f.ltrans5.ltrans.o
 .data          0x00000000        0x0 /tmp/cce1gY1f.ltrans5.ltrans.o
 .bss           0x00000000        0x0 /tmp/cce1gY1f.ltrans5.ltrans.o
 .text          0x00000000        0x0 /tmp/cce1gY1f.ltrans6.ltrans.o
 .data          0x00000000        0x0 /tmp/cce1gY1f.ltrans6.ltrans.o
 .bss           0x00000000        0x0 /tmp/cce1gY1f.ltrans6.ltrans.o
 .text          0x00000000        0x0 /tmp/cce1gY1f.ltrans7.ltrans.o
 .data          0x00000000        0x0 /tmp/cce1gY1f.ltrans7.ltrans.o
[...]
Memory Configuration

Name             Origin             Length             Attributes
flash            0x08000000         0x00020000
ram              0x20000000         0x00005000
*default*        0x00000000         0xffffffff

Linker script and memory map

LOAD build/obj/chcoreasm_v7m.o
LOAD build/obj/crt0.o
LOAD /tmp/cce1gY1f.ltrans0.ltrans.o
LOAD /tmp/cce1gY1f.ltrans1.ltrans.o
LOAD /tmp/cce1gY1f.ltrans2.ltrans.o
LOAD /tmp/cce1gY1f.ltrans3.ltrans.o
LOAD /tmp/cce1gY1f.ltrans4.ltrans.o
LOAD /tmp/cce1gY1f.ltrans5.ltrans.o
LOAD /tmp/cce1gY1f.ltrans6.ltrans.o
LOAD /tmp/cce1gY1f.ltrans7.ltrans.o
LOAD /tmp/cce1gY1f.ltrans8.ltrans.o
LOAD /tmp/cce1gY1f.ltrans9.ltrans.o
LOAD /tmp/cce1gY1f.ltrans10.ltrans.o
LOAD /home/laurence/ARM-GCC/bin/../lib/gcc/arm-none-eabi/4.7.4/armv7-m/libgcc.a
LOAD /home/laurence/ARM-GCC/bin/../lib/gcc/arm-none-eabi/4.7.4/../../../../arm-none-eabi/lib/armv7-m/libg.a
LOAD /home/laurence/ARM-GCC/bin/../lib/gcc/arm-none-eabi/4.7.4/../../../../arm-none-eabi/lib/armv7-m/libc.a
LOAD build/obj/vectors.o
LOAD build/obj/chcore.o
LOAD build/obj/chcore_v7m.o
LOAD build/obj/chsys.o
LOAD build/obj/chdebug.o
LOAD build/obj/chtm.o
LOAD build/obj/chstats.o
LOAD build/obj/chschd.o
LOAD build/obj/chvt.o
LOAD build/obj/chthreads.o
LOAD build/obj/chdynamic.o
LOAD build/obj/chregistry.o
LOAD build/obj/chsem.o
LOAD build/obj/chmtx.o
LOAD build/obj/chcond.o
LOAD build/obj/chevents.o
LOAD build/obj/chmsg.o
LOAD build/obj/chmboxes.o
LOAD build/obj/chqueues.o
LOAD build/obj/chmemcore.o
LOAD build/obj/chheap.o
LOAD build/obj/chmempools.o
LOAD build/obj/test.o
LOAD build/obj/testthd.o
LOAD build/obj/testsem.o
LOAD build/obj/testmtx.o
LOAD build/obj/testmsg.o
LOAD build/obj/testmbox.o
LOAD build/obj/testevt.o
LOAD build/obj/testheap.o
LOAD build/obj/testpools.o
LOAD build/obj/testdyn.o
LOAD build/obj/testqueues.o
LOAD build/obj/testbmk.o
LOAD build/obj/hal.o
LOAD build/obj/hal_queues.o
LOAD build/obj/hal_mmcsd.o
LOAD build/obj/adc.o
LOAD build/obj/can.o
LOAD build/obj/dac.o
LOAD build/obj/ext.o
LOAD build/obj/gpt.o
LOAD build/obj/i2c.o
LOAD build/obj/i2s.o
LOAD build/obj/icu.o
LOAD build/obj/mac.o
LOAD build/obj/mmc_spi.o
LOAD build/obj/pal.o
LOAD build/obj/pwm.o
LOAD build/obj/rtc.o
LOAD build/obj/sdc.o
LOAD build/obj/serial.o
LOAD build/obj/serial_usb.o
LOAD build/obj/spi.o
LOAD build/obj/st.o
LOAD build/obj/uart.o
LOAD build/obj/usb.o
LOAD build/obj/osal.o
LOAD build/obj/nvic.o
LOAD build/obj/stm32_dma.o
LOAD build/obj/hal_lld.o
LOAD build/obj/adc_lld.o
LOAD build/obj/ext_lld_isr.o
LOAD build/obj/can_lld.o
LOAD build/obj/ext_lld.o
LOAD build/obj/mac_lld.o
LOAD build/obj/sdc_lld.o
LOAD build/obj/pal_lld.o
LOAD build/obj/i2c_lld.o
LOAD build/obj/rtc_lld.o
LOAD build/obj/spi_lld.o
LOAD build/obj/gpt_lld.o
LOAD build/obj/icu_lld.o
LOAD build/obj/pwm_lld.o
LOAD build/obj/st_lld.o
LOAD build/obj/serial_lld.o
LOAD build/obj/uart_lld.o
LOAD build/obj/usb_lld.o
LOAD build/obj/board.o
LOAD build/obj/shell.o
LOAD build/obj/chprintf.o
LOAD build/obj/main.o
LOAD build/obj/usbcfg.o
LOAD build/obj/Si446x_thread.o
                0x20000000                __ram_start__ = ORIGIN (ram)
                0x00005000                __ram_size__ = 0x5000
                0x20005000                __ram_end__ = (__ram_start__ + __ram_size__)
                0x00000000                . = 0x0
                0x00000000                _text = .

startup         0x08000000      0x140
 *(vectors)
 vectors        0x08000000      0x140 /tmp/cce1gY1f.ltrans6.ltrans.o
                0x08000000                _vectors

constructors    0x08000140        0x0
                0x08000140                PROVIDE (__init_array_start, .)
 *(SORT(.init_array.*))
 *(.init_array)
                0x08000140                PROVIDE (__init_array_end, .)

destructors     0x08000140        0x0
                0x08000140                PROVIDE (__fini_array_start, .)
 *(.fini_array)
 *(SORT(.fini_array.*))
                0x08000140                PROVIDE (__fini_array_end, .)

.text           0x08000140     0xb074
 *(.text.startup.*)
 .text.startup.main.4378
                0x08000140      0x510 /tmp/cce1gY1f.ltrans6.ltrans.o
 *(.text)
 .text          0x08000650       0x26 build/obj/chcoreasm_v7m.o
                0x08000650                _port_switch
                0x08000660                _port_thread_start
                0x0800066e                _port_switch_from_isr
                0x08000672                _port_exit_from_isr
 *fill*         0x08000676        0xa 00
 .text          0x08000680      0x370 /home/laurence/ARM-GCC/bin/../lib/gcc/arm-none-eabi/4.7.4/armv7-m/libgcc.a(_arm_addsubdf3.o)
                0x08000680                __aeabi_drsub
                0x08000688                __aeabi_dsub
                0x08000688                __subdf3
                0x0800068c                __adddf3
                0x0800068c                __aeabi_dadd
                0x08000904                __aeabi_ui2d
                0x08000904                __floatunsidf
                0x08000924                __floatsidf
                0x08000924                __aeabi_i2d
                0x08000948                __extendsfdf2
                0x08000948                __aeabi_f2d
                0x08000984                __aeabi_ul2d
                0x08000984                __floatundidf
                0x08000994                __floatdidf
                0x08000994                __aeabi_l2d
 .text          0x080009f0      0x424 /home/laurence/ARM-GCC/bin/../lib/gcc/arm-none-eabi/4.7.4/armv7-m/libgcc.a(_arm_muldivdf3.o)
                0x080009f0                __aeabi_dmul
                0x080009f0                __muldf3
                0x08000c44                __aeabi_ddiv
                0x08000c44                __divdf3
 *fill*         0x08000e14        0xc 00
 .text          0x08000e20       0x50 /home/laurence/ARM-GCC/bin/../lib/gcc/arm-none-eabi/4.7.4/armv7-m/libgcc.a(_arm_fixdfsi.o)
                0x08000e20                __fixdfsi
                0x08000e20                __aeabi_d2iz
 .text          0x08000e70       0x40 /home/laurence/ARM-GCC/bin/../lib/gcc/arm-none-eabi/4.7.4/armv7-m/libgcc.a(_arm_fixunsdfsi.o)
                0x08000e70                __fixunsdfsi
                0x08000e70                __aeabi_d2uiz
 .text          0x08000eb0       0xa0 /home/laurence/ARM-GCC/bin/../lib/gcc/arm-none-eabi/4.7.4/armv7-m/libgcc.a(_arm_truncdfsf2.o)
                0x08000eb0                __aeabi_d2f
                0x08000eb0                __truncdfsf2
 .text          0x08000f50      0x21c /home/laurence/ARM-GCC/bin/../lib/gcc/arm-none-eabi/4.7.4/armv7-m/libgcc.a(_arm_addsubsf3.o)
                0x08000f50                __aeabi_frsub
                0x08000f58                __subsf3
                0x08000f58                __aeabi_fsub
                0x08000f5c                __aeabi_fadd
                0x08000f5c                __addsf3
                0x080010bc                __aeabi_ui2f
                0x080010bc                __floatunsisf
                0x080010c4                __aeabi_i2f
                0x080010c4                __floatsisf
                0x080010e0                __floatundisf
                0x080010e0                __aeabi_ul2f
                0x080010f0                __floatdisf
                0x080010f0                __aeabi_l2f
 *fill*         0x0800116c        0x4 00
 .text          0x08001170      0x2a0 /home/laurence/ARM-GCC/bin/../lib/gcc/arm-none-eabi/4.7.4/armv7-m/libgcc.a(_arm_muldivsf3.o)
                0x08001170                __mulsf3
                0x08001170                __aeabi_fmul
                0x080012d8                __divsf3
                0x080012d8                __aeabi_fdiv
 .text          0x08001410       0xec /home/laurence/ARM-GCC/bin/../lib/gcc/arm-none-eabi/4.7.4/armv7-m/libgcc.a(_arm_cmpsf2.o)
                0x08001410                __gtsf2
                0x08001410                __gesf2
                0x08001418                __lesf2
                0x08001418                __ltsf2
                0x08001420                __nesf2
                0x08001420                __eqsf2
                0x08001420                __cmpsf2
                0x08001480                __aeabi_cfrcmple
                0x08001488                __aeabi_cfcmple
                0x08001488                __aeabi_cfcmpeq
                0x08001498                __aeabi_fcmpeq
                0x080014ac                __aeabi_fcmplt
                0x080014c0                __aeabi_fcmple
                0x080014d4                __aeabi_fcmpge
                0x080014e8                __aeabi_fcmpgt
 *fill*         0x080014fc        0x4 00
 .text          0x08001500       0x4c /home/laurence/ARM-GCC/bin/../lib/gcc/arm-none-eabi/4.7.4/armv7-m/libgcc.a(_arm_fixsfsi.o)
                0x08001500                __fixsfsi
                0x08001500                __aeabi_f2iz
 *fill*         0x0800154c        0x4 00
 .text          0x08001550       0x40 /home/laurence/ARM-GCC/bin/../lib/gcc/arm-none-eabi/4.7.4/armv7-m/libgcc.a(_arm_fixunssfsi.o)
                0x08001550                __aeabi_f2uiz
                0x08001550                __fixunssfsi
 *(.text.*)
 .text.tmr.6612
                0x08001590       0x10 /tmp/cce1gY1f.ltrans0.ltrans.o
                0x08001590                tmr.6612
 .text.chCoreAlloc
                0x080015a0       0x40 /tmp/cce1gY1f.ltrans0.ltrans.o
                0x080015a0                chCoreAlloc
 .text.wakeup.4589
                0x080015e0       0x60 /tmp/cce1gY1f.ltrans0.ltrans.o
                0x080015e0                wakeup.4589
 .text._idle_thread.4288
                0x08001640       0x20 /tmp/cce1gY1f.ltrans0.ltrans.o
                0x08001640                _idle_thread.4288
 .text.SVC_Handler
                0x08001660       0x20 /tmp/cce1gY1f.ltrans0.ltrans.o
                0x08001660                SVC_Handler
 .text.test_terminate_threads
                0x08001680       0x80 /tmp/cce1gY1f.ltrans0.ltrans.o
                0x08001680                test_terminate_threads
 .text._test_assert_time_window
                0x08001700       0x50 /tmp/cce1gY1f.ltrans0.ltrans.o
                0x08001700                _test_assert_time_window
 .text._test_assert_sequence
                0x08001750       0x90 /tmp/cce1gY1f.ltrans0.ltrans.o
                0x08001750                _test_assert_sequence
 .text._test_assert
                0x080017e0       0x30 /tmp/cce1gY1f.ltrans0.ltrans.o
                0x080017e0                _test_assert
 .text.test_emit_token
                0x08001810       0x20 /tmp/cce1gY1f.ltrans0.ltrans.o
                0x08001810                test_emit_token
 .text.test_println
                0x08001830       0x30 /tmp/cce1gY1f.ltrans0.ltrans.o
                0x08001830                test_println
 .text.test_print
                0x08001860       0x20 /tmp/cce1gY1f.ltrans0.ltrans.o
                0x08001860                test_print
 .text.test_printn
                0x08001880       0x90 /tmp/cce1gY1f.ltrans0.ltrans.o
                0x08001880                test_printn
 .text.print_line.6617
                0x08001910       0x40 /tmp/cce1gY1f.ltrans0.ltrans.o
                0x08001910                print_line.6617
 .text.chPoolAlloc
                0x08001950       0x30 /tmp/cce1gY1f.ltrans0.ltrans.o
                0x08001950                chPoolAlloc
 .text.chEvtUnregister
                0x08001980       0x30 /tmp/cce1gY1f.ltrans0.ltrans.o
                0x08001980                chEvtUnregister
 .text.chThdYield
                0x080019b0       0x50 /tmp/cce1gY1f.ltrans0.ltrans.o
                0x080019b0                chThdYield
 .text.chThdCreateI
                0x08001a00       0x70 /tmp/cce1gY1f.ltrans0.ltrans.o
                0x08001a00                chThdCreateI
 .text.chSchDoRescheduleAhead
                0x08001a70       0x40 /tmp/cce1gY1f.ltrans0.ltrans.o
                0x08001a70                chSchDoRescheduleAhead
 .text.chSchRescheduleS
                0x08001ab0       0x20 /tmp/cce1gY1f.ltrans0.ltrans.o
                0x08001ab0                chSchRescheduleS
 .text.chThdSetPriority.4273
                0x08001ad0       0x30 /tmp/cce1gY1f.ltrans0.ltrans.o
 .text.thd3_execute.6824
                0x08001b00      0x150 /tmp/cce1gY1f.ltrans0.ltrans.o
                0x08001b00                thd3_execute.6824
 .text.chSchWakeupS
                0x08001c50       0x60 /tmp/cce1gY1f.ltrans0.ltrans.o
                0x08001c50                chSchWakeupS
 .text.chMtxUnlock
                0x08001cb0       0x60 /tmp/cce1gY1f.ltrans0.ltrans.o
                0x08001cb0                chMtxUnlock
 .text.chSemSignal
                0x08001d10       0x30 /tmp/cce1gY1f.ltrans0.ltrans.o
                0x08001d10                chSemSignal
 .text.chThdCreateStatic
                0x08001d40       0x80 /tmp/cce1gY1f.ltrans0.ltrans.o
                0x08001d40                chThdCreateStatic
 .text.chSchGoSleepS
                0x08001dc0       0x30 /tmp/cce1gY1f.ltrans0.ltrans.o
                0x08001dc0                chSchGoSleepS
 .text.chMsgWait
                0x08001df0       0x40 /tmp/cce1gY1f.ltrans0.ltrans.o
                0x08001df0                chMsgWait
 .text.chSemWait
                0x08001e30       0x40 /tmp/cce1gY1f.ltrans0.ltrans.o
                0x08001e30                chSemWait
 .text._port_irq_epilogue
                0x08001e70       0x60 /tmp/cce1gY1f.ltrans0.ltrans.o
                0x08001e70                _port_irq_epilogue
 .text.chSchReadyI
                0x08001ed0       0x20 /tmp/cce1gY1f.ltrans0.ltrans.o
                0x08001ed0                chSchReadyI
 .text.chMsgSend
                0x08001ef0       0x40 /tmp/cce1gY1f.ltrans0.ltrans.o
                0x08001ef0                chMsgSend
 .text.chEvtSignalI
                0x08001f30       0x30 /tmp/cce1gY1f.ltrans0.ltrans.o
                0x08001f30                chEvtSignalI
 .text.chEvtBroadcastFlagsI
                0x08001f60       0x30 /tmp/cce1gY1f.ltrans0.ltrans.o
                0x08001f60                chEvtBroadcastFlagsI
 .text.chMtxUnlockAll
                0x08001f90       0x60 /tmp/cce1gY1f.ltrans0.ltrans.o
                0x08001f90                chMtxUnlockAll
 .text.chMtxUnlockS
                0x08001ff0       0x50 /tmp/cce1gY1f.ltrans0.ltrans.o
                0x08001ff0                chMtxUnlockS
 .text.chMtxLockS
                0x08002040       0xd0 /tmp/cce1gY1f.ltrans0.ltrans.o
                0x08002040                chMtxLockS
 .text.chMtxLock
                0x08002110       0x20 /tmp/cce1gY1f.ltrans0.ltrans.o
                0x08002110                chMtxLock
 .text.chHeapStatus
                0x08002130       0x40 /tmp/cce1gY1f.ltrans0.ltrans.o
                0x08002130                chHeapStatus
 .text.chHeapFree
                0x08002170       0x90 /tmp/cce1gY1f.ltrans0.ltrans.o
                0x08002170                chHeapFree
 .text.chThdRelease
                0x08002200       0x60 /tmp/cce1gY1f.ltrans0.ltrans.o
                0x08002200                chThdRelease
 .text.chThdWait
                0x08002260       0x40 /tmp/cce1gY1f.ltrans0.ltrans.o
                0x08002260                chThdWait
 .text.test_wait_threads
                0x080022a0       0x50 /tmp/cce1gY1f.ltrans0.ltrans.o
                0x080022a0                test_wait_threads
 .text.chRegNextThread
                0x080022f0       0x30 /tmp/cce1gY1f.ltrans0.ltrans.o
                0x080022f0                chRegNextThread
 .text.chHeapAlloc
                0x08002320       0x90 /tmp/cce1gY1f.ltrans0.ltrans.o
                0x08002320                chHeapAlloc
 .text.chThdCreateFromHeap
                0x080023b0       0x40 /tmp/cce1gY1f.ltrans0.ltrans.o
                0x080023b0                chThdCreateFromHeap
 .text.chSemSignalI
                0x080023f0       0x20 /tmp/cce1gY1f.ltrans0.ltrans.o
                0x080023f0                chSemSignalI
 .text.chSemResetI
                0x08002410       0x70 /tmp/cce1gY1f.ltrans0.ltrans.o
                0x08002410                chSemResetI
 .text.chThdExitS
                0x08002480       0x40 /tmp/cce1gY1f.ltrans0.ltrans.o
                0x08002480                chThdExitS
 .text.chTMStopMeasurementX
                0x080024c0       0x50 /tmp/cce1gY1f.ltrans0.ltrans.o
                0x080024c0                chTMStopMeasurementX
 .text.chTMStartMeasurementX
                0x08002510       0x10 /tmp/cce1gY1f.ltrans0.ltrans.o
                0x08002510                chTMStartMeasurementX
 .text._unhandled_exception.4338
                0x08002520       0x10 /tmp/cce1gY1f.ltrans0.ltrans.o
                0x08002520                Vector58
                0x08002520                VectorE8
                0x08002520                Vector9C
                0x08002520                VectorAC
                0x08002520                DebugMon_Handler
                0x08002520                Vector5C
                0x08002520                Vector11C
                0x08002520                HardFault_Handler
                0x08002520                SysTick_Handler
                0x08002520                VectorDC
                0x08002520                PendSV_Handler
                0x08002520                NMI_Handler
                0x08002520                Vector110
                0x08002520                Vector120
                0x08002520                VectorC8
                0x08002520                Vector94
                0x08002520                VectorA8
                0x08002520                VectorB4
                0x08002520                UsageFault_Handler
                0x08002520                VectorEC
                0x08002520                Vector40
                0x08002520                VectorF8
                0x08002520                Vector108
                0x08002520                VectorBC
                0x08002520                Vector124
                0x08002520                Vector118
                0x08002520                Vector64
                0x08002520                VectorCC
                0x08002520                Vector54
                0x08002520                Vector98
                0x08002520                VectorD8
                0x08002520                Vector138
                0x08002520                Vector24
                0x08002520                VectorD0
                0x08002520                VectorE4
                0x08002520                VectorC0
                0x08002520                Vector130
                0x08002520                Vector134
                0x08002520                VectorF0
                0x08002520                Vector12C
                0x08002520                Vector13C
                0x08002520                Vector100
                0x08002520                VectorE0
                0x08002520                VectorF4
                0x08002520                MemManage_Handler
                0x08002520                VectorA0
                0x08002520                VectorC4
                0x08002520                Vector114
                0x08002520                Vector60
                0x08002520                Vector1C
                0x08002520                Vector48
                0x08002520                VectorD4
                0x08002520                Vector4C
                0x08002520                Vector68
                0x08002520                Vector88
                0x08002520                Vector104
                0x08002520                Vector10C
                0x08002520                BusFault_Handler
                0x08002520                Vector50
                0x08002520                Vector44
                0x08002520                Vector28
                0x08002520                VectorB8
                0x08002520                VectorFC
                0x08002520                Vector34
                0x08002520                Vector128
                0x08002520                VectorA4
                0x08002520                Vector20
 .text.chOQGetI.constprop.26.4170
                0x08002530       0x50 /tmp/cce1gY1f.ltrans1.ltrans.o
 .text.thread2.7700
                0x08002580       0x50 /tmp/cce1gY1f.ltrans1.ltrans.o
                0x08002580                thread2.7700
 .text.mtx5_execute.7301
                0x080025d0      0x100 /tmp/cce1gY1f.ltrans1.ltrans.o
                0x080025d0                mtx5_execute.7301
 .text.queues2_execute.8268
                0x080026d0      0x2a0 /tmp/cce1gY1f.ltrans1.ltrans.o
                0x080026d0                queues2_execute.8268
 .text.cmd_threads.10869
                0x08002970       0x80 /tmp/cce1gY1f.ltrans1.ltrans.o
                0x08002970                cmd_threads.10869
 .text.silabs_tune_up
                0x080029f0       0x50 /tmp/cce1gY1f.ltrans1.ltrans.o
                0x080029f0                silabs_tune_up
 .text.msg1_execute.7393
                0x08002a40       0xa0 /tmp/cce1gY1f.ltrans1.ltrans.o
                0x08002a40                msg1_execute.7393
 .text.sem2_execute.7099
                0x08002ae0      0x300 /tmp/cce1gY1f.ltrans1.ltrans.o
                0x08002ae0                sem2_execute.7099
 .text.cmd_info.10439
                0x08002de0       0xc0 /tmp/cce1gY1f.ltrans1.ltrans.o
                0x08002de0                cmd_info.10439
 .text.cmd_systime.10431
                0x08002ea0       0x40 /tmp/cce1gY1f.ltrans1.ltrans.o
                0x08002ea0                cmd_systime.10431
 .text.evt1_execute.7722
                0x08002ee0       0xe0 /tmp/cce1gY1f.ltrans1.ltrans.o
                0x08002ee0                evt1_execute.7722
 .text.thd4_execute.6832
                0x08002fc0       0xd0 /tmp/cce1gY1f.ltrans1.ltrans.o
                0x08002fc0                thd4_execute.6832
 .text.bmk12_execute.8462
                0x08003090       0x70 /tmp/cce1gY1f.ltrans1.ltrans.o
                0x08003090                bmk12_execute.8462
 .text.bmk6_execute.8479
                0x08003100       0x70 /tmp/cce1gY1f.ltrans1.ltrans.o
                0x08003100                bmk6_execute.8479
 .text.bmk11_execute.8466
                0x08003170       0x70 /tmp/cce1gY1f.ltrans1.ltrans.o
                0x08003170                bmk11_execute.8466
 .text.bmk10_execute.8472
                0x080031e0       0x80 /tmp/cce1gY1f.ltrans1.ltrans.o
                0x080031e0                bmk10_execute.8472
 .text.bmk8_execute.8481
                0x08003260       0xf0 /tmp/cce1gY1f.ltrans1.ltrans.o
                0x08003260                bmk8_execute.8481
 .text.chIQPutI
                0x08003350       0x50 /tmp/cce1gY1f.ltrans1.ltrans.o
                0x08003350                chIQPutI
 .text.mbox1_setup.7601
                0x080033a0       0x40 /tmp/cce1gY1f.ltrans2.ltrans.o
                0x080033a0                mbox1_setup.7601
 .text.sem3_setup.7070
                0x080033e0       0x20 /tmp/cce1gY1f.ltrans2.ltrans.o
                0x080033e0                sem3_setup.7070
 .text.sem2_setup.7072
                0x08003400       0x20 /tmp/cce1gY1f.ltrans2.ltrans.o
                0x08003400                sem2_setup.7072
 .text.sem1_setup.7074
                0x08003420       0x20 /tmp/cce1gY1f.ltrans2.ltrans.o
                0x08003420                sem1_setup.7074
 .text.bmk11_setup.8468
                0x08003440       0x20 /tmp/cce1gY1f.ltrans2.ltrans.o
                0x08003440                bmk11_setup.8468
 .text.bmk7_setup.8470
                0x08003460       0x20 /tmp/cce1gY1f.ltrans2.ltrans.o
                0x08003460                bmk7_setup.8470
 .text.dyn2_setup.8092
                0x08003480       0x20 /tmp/cce1gY1f.ltrans2.ltrans.o
                0x08003480                dyn2_setup.8092
 .text.pools1_setup.7960
                0x080034a0       0x20 /tmp/cce1gY1f.ltrans2.ltrans.o
                0x080034a0                pools1_setup.7960
 .text.heap1_setup.7929
                0x080034c0       0x30 /tmp/cce1gY1f.ltrans2.ltrans.o
                0x080034c0                heap1_setup.7929
 .text.get_descriptor.11181
                0x080034f0       0x40 /tmp/cce1gY1f.ltrans2.ltrans.o
                0x080034f0                get_descriptor.11181
 .text.VectorB0
                0x08003530       0xa0 /tmp/cce1gY1f.ltrans2.ltrans.o
                0x08003530                VectorB0
 .text.spi_lld_serve_rx_interrupt.9857
                0x080035d0       0x80 /tmp/cce1gY1f.ltrans2.ltrans.o
                0x080035d0                spi_lld_serve_rx_interrupt.9857
 .text.chSemSignalWait.constprop.54.4361
                0x08003650       0x70 /tmp/cce1gY1f.ltrans2.ltrans.o
 .text.chCondSignalI.constprop.50.4383
                0x080036c0       0x20 /tmp/cce1gY1f.ltrans2.ltrans.o
 .text.chCondSignal.constprop.51.4377
                0x080036e0       0x30 /tmp/cce1gY1f.ltrans2.ltrans.o
 .text.sem3_execute.7095
                0x08003710       0xa0 /tmp/cce1gY1f.ltrans2.ltrans.o
                0x08003710                sem3_execute.7095
 .text.mtx8_execute.7281
                0x080037b0       0xb0 /tmp/cce1gY1f.ltrans2.ltrans.o
                0x080037b0                mtx8_execute.7281
 .text.mtx6_execute.7297
                0x08003860       0xf0 /tmp/cce1gY1f.ltrans2.ltrans.o
                0x08003860                mtx6_execute.7297
 .text.mtx7_execute.7295
                0x08003950       0xf0 /tmp/cce1gY1f.ltrans2.ltrans.o
                0x08003950                mtx7_execute.7295
 .text.sem1_execute.7091
                0x08003a40      0x180 /tmp/cce1gY1f.ltrans2.ltrans.o
                0x08003a40                sem1_execute.7091
 .text.thread10.7266.4368
                0x08003bc0       0x70 /tmp/cce1gY1f.ltrans2.ltrans.o
 .text.spicb.11370
                0x08003c30       0x20 /tmp/cce1gY1f.ltrans2.ltrans.o
                0x08003c30                spicb.11370
 .text.chVTDoResetI
                0x08003c50       0x60 /tmp/cce1gY1f.ltrans2.ltrans.o
                0x08003c50                chVTDoResetI
 .text.chVTDoSetI
                0x08003cb0       0x90 /tmp/cce1gY1f.ltrans2.ltrans.o
                0x08003cb0                chVTDoSetI
 .text.chSchGoSleepTimeoutS
                0x08003d40       0x50 /tmp/cce1gY1f.ltrans2.ltrans.o
                0x08003d40                chSchGoSleepTimeoutS
 .text.chThdEnqueueTimeoutS
                0x08003d90       0x30 /tmp/cce1gY1f.ltrans2.ltrans.o
                0x08003d90                chThdEnqueueTimeoutS
 .text.chSemWaitTimeoutS
                0x08003dc0       0x40 /tmp/cce1gY1f.ltrans2.ltrans.o
                0x08003dc0                chSemWaitTimeoutS
 .text.unlikely.chMBFetch.constprop.28
                0x08003e00       0x4c /tmp/cce1gY1f.ltrans2.ltrans.o
                0x08003e00                chMBFetch.constprop.28
 *fill*         0x08003e4c        0x4 00
 .text.test_start_timer.constprop.21
                0x08003e50       0x40 /tmp/cce1gY1f.ltrans2.ltrans.o
                0x08003e50                test_start_timer.constprop.21
 .text.chThdCreateFromMemoryPool.constprop.57
                0x08003e90       0x50 /tmp/cce1gY1f.ltrans2.ltrans.o
                0x08003e90                chThdCreateFromMemoryPool.constprop.57
 .text.chEvtGetAndClearEvents.constprop.44
                0x08003ee0       0x20 /tmp/cce1gY1f.ltrans2.ltrans.o
                0x08003ee0                chEvtGetAndClearEvents.constprop.44
 .text.evt1_setup.7710
                0x08003f00       0x10 /tmp/cce1gY1f.ltrans2.ltrans.o
                0x08003f00                evt1_setup.7710
 .text.evt2_setup.7708
                0x08003f10       0x10 /tmp/cce1gY1f.ltrans2.ltrans.o
                0x08003f10                evt2_setup.7708
 .text.evt3_setup.7706
                0x08003f20       0x10 /tmp/cce1gY1f.ltrans2.ltrans.o
                0x08003f20                evt3_setup.7706
 .text.chEvtWaitOne.constprop.40
                0x08003f30       0x40 /tmp/cce1gY1f.ltrans2.ltrans.o
                0x08003f30                chEvtWaitOne.constprop.40
 .text.unlikely.chEvtWaitAny.constprop.39
                0x08003f70       0x34 /tmp/cce1gY1f.ltrans2.ltrans.o
                0x08003f70                chEvtWaitAny.constprop.39
 *fill*         0x08003fa4        0xc 00
 .text.chMBPostI.constprop.31
                0x08003fb0       0x40 /tmp/cce1gY1f.ltrans2.ltrans.o
                0x08003fb0                chMBPostI.constprop.31
 .text.chMBPostAheadI.constprop.29
                0x08003ff0       0x40 /tmp/cce1gY1f.ltrans2.ltrans.o
                0x08003ff0                chMBPostAheadI.constprop.29
 .text.unlikely.chMBFetchI.constprop.27
                0x08004030       0x3c /tmp/cce1gY1f.ltrans2.ltrans.o
                0x08004030                chMBFetchI.constprop.27
 *fill*         0x0800406c        0x4 00
 .text.dmaStreamAllocate.constprop.13
                0x08004070       0xa0 /tmp/cce1gY1f.ltrans2.ltrans.o
                0x08004070                dmaStreamAllocate.constprop.13
 .text._strtok.10420.constprop.6
                0x08004110       0x40 /tmp/cce1gY1f.ltrans2.ltrans.o
                0x08004110                _strtok.10420.constprop.6
 .text.spi_lld_serve_tx_interrupt.9853
                0x08004150       0x20 /tmp/cce1gY1f.ltrans3.ltrans.o
                0x08004150                spi_lld_serve_tx_interrupt.9853
 .text.queues2_setup.8259
                0x08004170       0x40 /tmp/cce1gY1f.ltrans3.ltrans.o
                0x08004170                queues2_setup.8259
 .text.queues1_setup.8264
                0x080041b0       0x30 /tmp/cce1gY1f.ltrans3.ltrans.o
                0x080041b0                queues1_setup.8264
 .text.mtx8_setup.7283
                0x080041e0       0x30 /tmp/cce1gY1f.ltrans3.ltrans.o
                0x080041e0                mtx8_setup.7283
 .text.mtx7_setup.7285
                0x08004210       0x20 /tmp/cce1gY1f.ltrans3.ltrans.o
                0x08004210                mtx7_setup.7285
 .text.mtx6_setup.7287
                0x08004230       0x20 /tmp/cce1gY1f.ltrans3.ltrans.o
                0x08004230                mtx6_setup.7287
 .text.mtx5_setup.7289
                0x08004250       0x20 /tmp/cce1gY1f.ltrans3.ltrans.o
                0x08004250                mtx5_setup.7289
 .text.mtx4_setup.7291
                0x08004270       0x20 /tmp/cce1gY1f.ltrans3.ltrans.o
                0x08004270                mtx4_setup.7291
 .text.mtx1_setup.7293
                0x08004290       0x20 /tmp/cce1gY1f.ltrans3.ltrans.o
                0x08004290                mtx1_setup.7293
 .text.bmk12_setup.8464
                0x080042b0       0x20 /tmp/cce1gY1f.ltrans3.ltrans.o
                0x080042b0                bmk12_setup.8464
 .text.thread2.8457
                0x080042d0       0x30 /tmp/cce1gY1f.ltrans3.ltrans.o
                0x080042d0                thread2.8457
 .text.pools1_execute.7964
                0x08004300      0x200 /tmp/cce1gY1f.ltrans3.ltrans.o
                0x08004300                pools1_execute.7964
 .text.dyn2_execute.8090
                0x08004500      0x160 /tmp/cce1gY1f.ltrans3.ltrans.o
                0x08004500                dyn2_execute.8090
 .text.thread11.7269
                0x08004660       0x90 /tmp/cce1gY1f.ltrans3.ltrans.o
                0x08004660                thread11.7269
 .text.chThdDequeueAllI
                0x080046f0       0x30 /tmp/cce1gY1f.ltrans3.ltrans.o
                0x080046f0                chThdDequeueAllI
 .text.usb_packet_write_from_queue.10138.4222
                0x08004720      0x130 /tmp/cce1gY1f.ltrans3.ltrans.o
 .text.Vector90
                0x08004850      0x4c0 /tmp/cce1gY1f.ltrans3.ltrans.o
                0x08004850                Vector90
 .text.usb_lld_prepare_transmit
                0x08004d10       0xb0 /tmp/cce1gY1f.ltrans3.ltrans.o
                0x08004d10                usb_lld_prepare_transmit
 .text.usbPrepareTransmit.constprop.7
                0x08004dc0       0x20 /tmp/cce1gY1f.ltrans3.ltrans.o
                0x08004dc0                usbPrepareTransmit.constprop.7
 .text.onotify.8734
                0x08004de0       0x70 /tmp/cce1gY1f.ltrans3.ltrans.o
                0x08004de0                onotify.8734
 .text.chIQGetTimeout
                0x08004e50       0x50 /tmp/cce1gY1f.ltrans3.ltrans.o
                0x08004e50                chIQGetTimeout
 .text.thread1.8252
                0x08004ea0       0x20 /tmp/cce1gY1f.ltrans3.ltrans.o
                0x08004ea0                thread1.8252
 .text.gett.8764
                0x08004ec0       0x10 /tmp/cce1gY1f.ltrans3.ltrans.o
                0x08004ec0                gett.8764
 .text.get.8768
                0x08004ed0       0x10 /tmp/cce1gY1f.ltrans3.ltrans.o
                0x08004ed0                get.8768
 .text.chIQReadTimeout
                0x08004ee0       0x80 /tmp/cce1gY1f.ltrans3.ltrans.o
                0x08004ee0                chIQReadTimeout
 .text.readt.8740
                0x08004f60       0x10 /tmp/cce1gY1f.ltrans3.ltrans.o
                0x08004f60                readt.8740
 .text.read.8748
                0x08004f70       0x10 /tmp/cce1gY1f.ltrans3.ltrans.o
                0x08004f70                read.8748
 .text.chOQPutTimeout
                0x08004f80       0x50 /tmp/cce1gY1f.ltrans3.ltrans.o
                0x08004f80                chOQPutTimeout
 .text.thread2.8249
                0x08004fd0       0x20 /tmp/cce1gY1f.ltrans3.ltrans.o
                0x08004fd0                thread2.8249
 .text.putt.8771
                0x08004ff0       0x10 /tmp/cce1gY1f.ltrans3.ltrans.o
                0x08004ff0                putt.8771
 .text.put.8776
                0x08005000       0x10 /tmp/cce1gY1f.ltrans3.ltrans.o
                0x08005000                put.8776
 .text.chOQWriteTimeout
                0x08005010       0x80 /tmp/cce1gY1f.ltrans3.ltrans.o
                0x08005010                chOQWriteTimeout
 .text.writet.8753
                0x08005090       0x10 /tmp/cce1gY1f.ltrans3.ltrans.o
                0x08005090                writet.8753
 .text.write.8759
                0x080050a0       0x10 /tmp/cce1gY1f.ltrans3.ltrans.o
                0x080050a0                write.8759
 .text.usb_lld_init_endpoint.4218
                0x080050b0       0xc0 /tmp/cce1gY1f.ltrans4.ltrans.o
 .text.set_address.9375
                0x08005170       0x30 /tmp/cce1gY1f.ltrans4.ltrans.o
                0x08005170                set_address.9375
 .text.sduInterruptTransmitted
                0x080051a0       0x10 /tmp/cce1gY1f.ltrans4.ltrans.o
                0x080051a0                sduInterruptTransmitted
 .text.sduRequestsHook
                0x080051b0       0x40 /tmp/cce1gY1f.ltrans4.ltrans.o
                0x080051b0                sduRequestsHook
 .text.tmo.8442
                0x080051f0       0x10 /tmp/cce1gY1f.ltrans4.ltrans.o
                0x080051f0                tmo.8442
 .text.thread1.8445
                0x08005200       0x10 /tmp/cce1gY1f.ltrans4.ltrans.o
                0x08005200                thread1.8445
 .text.notify.8246
                0x08005210       0x10 /tmp/cce1gY1f.ltrans4.ltrans.o
                0x08005210                notify.8246
 .text.null_provider.7957
                0x08005220       0x10 /tmp/cce1gY1f.ltrans4.ltrans.o
                0x08005220                null_provider.7957
 .text.Vector8C
                0x08005230       0x10 /tmp/cce1gY1f.ltrans4.ltrans.o
                0x08005230                Vector8C
 .text.Vector84
                0x08005240       0x30 /tmp/cce1gY1f.ltrans4.ltrans.o
                0x08005240                Vector84
 .text.Vector80
                0x08005270       0x30 /tmp/cce1gY1f.ltrans4.ltrans.o
                0x08005270                Vector80
 .text.Vector7C
                0x080052a0       0x30 /tmp/cce1gY1f.ltrans4.ltrans.o
                0x080052a0                Vector7C
 .text.Vector78
                0x080052d0       0x30 /tmp/cce1gY1f.ltrans4.ltrans.o
                0x080052d0                Vector78
 .text.Vector74
                0x08005300       0x30 /tmp/cce1gY1f.ltrans4.ltrans.o
                0x08005300                Vector74
 .text.Vector70
                0x08005330       0x30 /tmp/cce1gY1f.ltrans4.ltrans.o
                0x08005330                Vector70
 .text.Vector6C
                0x08005360       0x30 /tmp/cce1gY1f.ltrans4.ltrans.o
                0x08005360                Vector6C
 .text.thread4  0x08005390       0x30 /tmp/cce1gY1f.ltrans4.ltrans.o
                0x08005390                thread4
 .text.thread8.8448
                0x080053c0       0x40 /tmp/cce1gY1f.ltrans4.ltrans.o
                0x080053c0                thread8.8448
 .text.thread3.8451
                0x08005400       0x30 /tmp/cce1gY1f.ltrans4.ltrans.o
                0x08005400                thread3.8451
 .text.bmk13_execute.8460
                0x08005430      0x100 /tmp/cce1gY1f.ltrans4.ltrans.o
                0x08005430                bmk13_execute.8460
 .text.dyn1_execute.8094
                0x08005530      0x100 /tmp/cce1gY1f.ltrans4.ltrans.o
                0x08005530                dyn1_execute.8094
 .text.heap1_execute.7927
                0x08005630      0x250 /tmp/cce1gY1f.ltrans4.ltrans.o
                0x08005630                heap1_execute.7927
 .text.thread.8077
                0x08005880       0x10 /tmp/cce1gY1f.ltrans4.ltrans.o
                0x08005880                thread.8077
 .text.h1.7730  0x08005890       0x10 /tmp/cce1gY1f.ltrans4.ltrans.o
                0x08005890                h1.7730
 .text.h2.7727  0x080058a0       0x10 /tmp/cce1gY1f.ltrans4.ltrans.o
                0x080058a0                h2.7727
 .text.h3.7724  0x080058b0       0x10 /tmp/cce1gY1f.ltrans4.ltrans.o
                0x080058b0                h3.7724
 .text.thread1.7054
                0x080058c0       0x20 /tmp/cce1gY1f.ltrans4.ltrans.o
                0x080058c0                thread1.7054
 .text.thread.6821.4413
                0x080058e0       0x10 /tmp/cce1gY1f.ltrans4.ltrans.o
 .text.thread.7390
                0x080058f0       0x20 /tmp/cce1gY1f.ltrans4.ltrans.o
                0x080058f0                thread.7390
 .text.thd1_execute.6828
                0x08005910       0xe0 /tmp/cce1gY1f.ltrans4.ltrans.o
                0x08005910                thd1_execute.6828
 .text.mtx1_execute.7299
                0x080059f0       0xf0 /tmp/cce1gY1f.ltrans4.ltrans.o
                0x080059f0                mtx1_execute.7299
 .text.thread1.7272.4397
                0x08005ae0       0x30 /tmp/cce1gY1f.ltrans4.ltrans.o
 .text.thread12.7263
                0x08005b10       0x30 /tmp/cce1gY1f.ltrans4.ltrans.o
                0x08005b10                thread12.7263
 .text.thread3.7057
                0x08005b40       0x20 /tmp/cce1gY1f.ltrans4.ltrans.o
                0x08005b40                thread3.7057
 .text.thd2_execute.6826
                0x08005b60      0x100 /tmp/cce1gY1f.ltrans4.ltrans.o
                0x08005b60                thd2_execute.6826
 .text.long_to_string_with_divisor.10549
                0x08005c60       0x70 /tmp/cce1gY1f.ltrans4.ltrans.o
                0x08005c60                long_to_string_with_divisor.10549
 .text.usbStartTransmitI
                0x08005cd0       0x40 /tmp/cce1gY1f.ltrans4.ltrans.o
                0x08005cd0                usbStartTransmitI
 .text.usbStartReceiveI
                0x08005d10       0x40 /tmp/cce1gY1f.ltrans4.ltrans.o
                0x08005d10                usbStartReceiveI
 .text.usb_lld_prepare_receive
                0x08005d50       0x20 /tmp/cce1gY1f.ltrans4.ltrans.o
                0x08005d50                usb_lld_prepare_receive
 .text.inotify.8737
                0x08005d70       0x80 /tmp/cce1gY1f.ltrans4.ltrans.o
                0x08005d70                inotify.8737
 .text._usb_reset
                0x08005df0       0x70 /tmp/cce1gY1f.ltrans4.ltrans.o
                0x08005df0                _usb_reset
 .text.usbInitEndpointI
                0x08005e60       0x40 /tmp/cce1gY1f.ltrans4.ltrans.o
                0x08005e60                usbInitEndpointI
 .text.spi_lld_exchange
                0x08005ea0       0x40 /tmp/cce1gY1f.ltrans4.ltrans.o
                0x08005ea0                spi_lld_exchange
 .text.spi_lld_unselect
                0x08005ee0       0x10 /tmp/cce1gY1f.ltrans4.ltrans.o
                0x08005ee0                spi_lld_unselect
 .text.regfind.8080
                0x08005ef0       0x40 /tmp/cce1gY1f.ltrans4.ltrans.o
                0x08005ef0                regfind.8080
 .text.mbox1_execute.7599
                0x08005f30      0x7a0 /tmp/cce1gY1f.ltrans5.ltrans.o
                0x08005f30                mbox1_execute.7599
 .text._usb_ep0setup
                0x080066d0      0x3f0 /tmp/cce1gY1f.ltrans5.ltrans.o
                0x080066d0                _usb_ep0setup
 .text.sduDataTransmitted
                0x08006ac0       0x90 /tmp/cce1gY1f.ltrans5.ltrans.o
                0x08006ac0                sduDataTransmitted
 .text.dyn1_setup.8088
                0x08006b50       0x30 /tmp/cce1gY1f.ltrans6.ltrans.o
                0x08006b50                dyn1_setup.8088
 .text.dyn3_setup.8086
                0x08006b80       0x30 /tmp/cce1gY1f.ltrans6.ltrans.o
                0x08006b80                dyn3_setup.8086
 .text._usb_ep0out
                0x08006bb0       0x90 /tmp/cce1gY1f.ltrans6.ltrans.o
                0x08006bb0                _usb_ep0out
 .text.chvprintf.4620
                0x08006c40      0x470 /tmp/cce1gY1f.ltrans6.ltrans.o
 .text.chThdSleep
                0x080070b0       0x20 /tmp/cce1gY1f.ltrans6.ltrans.o
                0x080070b0                chThdSleep
 .text.Reset_Handler
                0x080070d0      0x220 /tmp/cce1gY1f.ltrans6.ltrans.o
                0x080070d0                Reset_Handler
 .text.chprintf.10400
                0x080072f0       0x20 /tmp/cce1gY1f.ltrans6.ltrans.o
                0x080072f0                chprintf.10400
 .text.chprintf.10846
                0x08007310       0x20 /tmp/cce1gY1f.ltrans6.ltrans.o
                0x08007310                chprintf.10846
 .text.cmd_mem.10877
                0x08007330       0x60 /tmp/cce1gY1f.ltrans6.ltrans.o
                0x08007330                cmd_mem.10877
 .text.cmd_test.10861
                0x08007390       0x60 /tmp/cce1gY1f.ltrans6.ltrans.o
                0x08007390                cmd_test.10861
 .text.cmd_write.10853
                0x080073f0       0x50 /tmp/cce1gY1f.ltrans6.ltrans.o
                0x080073f0                cmd_write.10853
 .text.chprintf.11382
                0x08007440       0x20 /tmp/cce1gY1f.ltrans6.ltrans.o
                0x08007440                chprintf.11382
 .text.Thread1.10843
                0x08007460       0x50 /tmp/cce1gY1f.ltrans7.ltrans.o
                0x08007460                Thread1.10843
 .text.TestThread
                0x080074b0      0x330 /tmp/cce1gY1f.ltrans7.ltrans.o
                0x080074b0                TestThread
 .text.thread2.7060
                0x080077e0       0x30 /tmp/cce1gY1f.ltrans7.ltrans.o
                0x080077e0                thread2.7060
 .text.mtx4_execute.7303
                0x08007810      0x250 /tmp/cce1gY1f.ltrans7.ltrans.o
                0x08007810                mtx4_execute.7303
 .text.thread4b.7275.4138
                0x08007a60       0x30 /tmp/cce1gY1f.ltrans7.ltrans.o
 .text.thread4a.7278.4135
                0x08007a90       0x20 /tmp/cce1gY1f.ltrans7.ltrans.o
 .text.thread1.7703
                0x08007ab0       0x30 /tmp/cce1gY1f.ltrans7.ltrans.o
                0x08007ab0                thread1.7703
 .text.dyn3_execute.8084
                0x08007ae0      0x150 /tmp/cce1gY1f.ltrans7.ltrans.o
                0x08007ae0                dyn3_execute.8084
 .text.test_wait_tick
                0x08007c30       0x20 /tmp/cce1gY1f.ltrans7.ltrans.o
                0x08007c30                test_wait_tick
 .text.bmk7_execute.8483
                0x08007c50      0x130 /tmp/cce1gY1f.ltrans7.ltrans.o
                0x08007c50                bmk7_execute.8483
 .text.bmk5_execute.8485
                0x08007d80       0x70 /tmp/cce1gY1f.ltrans7.ltrans.o
                0x08007d80                bmk5_execute.8485
 .text.bmk4_execute.8487
                0x08007df0       0xc0 /tmp/cce1gY1f.ltrans7.ltrans.o
                0x08007df0                bmk4_execute.8487
 .text.msg_loop_test.8489.4107
                0x08007eb0       0x30 /tmp/cce1gY1f.ltrans7.ltrans.o
 .text.bmk1_execute.8496
                0x08007ee0       0x80 /tmp/cce1gY1f.ltrans7.ltrans.o
                0x08007ee0                bmk1_execute.8496
 .text.bmk2_execute.8494
                0x08007f60       0x80 /tmp/cce1gY1f.ltrans7.ltrans.o
                0x08007f60                bmk2_execute.8494
 .text.bmk3_execute.8492
                0x08007fe0       0xf0 /tmp/cce1gY1f.ltrans7.ltrans.o
                0x08007fe0                bmk3_execute.8492
 .text.evt2_execute.7717
                0x080080d0      0x300 /tmp/cce1gY1f.ltrans8.ltrans.o
                0x080080d0                evt2_execute.7717
 .text.sduDataReceived
                0x080083d0       0x80 /tmp/cce1gY1f.ltrans8.ltrans.o
                0x080083d0                sduDataReceived
 .text.SI_Thread.11363
                0x08008450      0x6b0 /tmp/cce1gY1f.ltrans8.ltrans.o
                0x08008450                SI_Thread.11363
 .text._usb_ep0in
                0x08008b00       0xd0 /tmp/cce1gY1f.ltrans9.ltrans.o
                0x08008b00                _usb_ep0in
 .text.thread4.7051
                0x08008bd0       0x20 /tmp/cce1gY1f.ltrans9.ltrans.o
                0x08008bd0                thread4.7051
 .text.silabs_send_command.4353
                0x08008bf0       0xb0 /tmp/cce1gY1f.ltrans9.ltrans.o
 .text.silabs_tune_down.4393
                0x08008ca0       0x50 /tmp/cce1gY1f.ltrans9.ltrans.o
 .text.usb_event.11190
                0x08008cf0       0xb0 /tmp/cce1gY1f.ltrans9.ltrans.o
                0x08008cf0                usb_event.11190
 .text.queues1_execute.8272
                0x08008da0      0x2d0 /tmp/cce1gY1f.ltrans9.ltrans.o
                0x08008da0                queues1_execute.8272
 .text.bmk9_execute.8477
                0x08009070       0xb0 /tmp/cce1gY1f.ltrans9.ltrans.o
                0x08009070                bmk9_execute.8477
 .text.si446x_spi
                0x08009120      0x110 /tmp/cce1gY1f.ltrans9.ltrans.o
                0x08009120                si446x_spi
 .text.si446x_set_frequency
                0x08009230      0x1b0 /tmp/cce1gY1f.ltrans9.ltrans.o
                0x08009230                si446x_set_frequency
 .text.chMBPost.constprop.32
                0x080093e0       0x50 /tmp/cce1gY1f.ltrans9.ltrans.o
                0x080093e0                chMBPost.constprop.32
 .text.shell_thread.10397
                0x08009430      0x280 /tmp/cce1gY1f.ltrans10.ltrans.o
                0x08009430                shell_thread.10397
 .text.evt3_execute.7735.4141
                0x080096b0      0x160 /tmp/cce1gY1f.ltrans10.ltrans.o
 .text.sem4_execute.7089.4163
                0x08009810      0x160 /tmp/cce1gY1f.ltrans10.ltrans.o
 .text.chThdExit
                0x08009970       0x10 /tmp/cce1gY1f.ltrans10.ltrans.o
                0x08009970                chThdExit
 .text.chSchDoReschedule
                0x08009980       0x10 /tmp/cce1gY1f.ltrans10.ltrans.o
                0x08009980                chSchDoReschedule
 .text.memset   0x08009990      0x12c /home/laurence/ARM-GCC/bin/../lib/gcc/arm-none-eabi/4.7.4/../../../../arm-none-eabi/lib/armv7-m/libg.a(lib_a-memset.o)
                0x08009990                memset
 *fill*         0x08009abc        0x4 00
 .text.strcasecmp
                0x08009ac0       0x44 /home/laurence/ARM-GCC/bin/../lib/gcc/arm-none-eabi/4.7.4/../../../../arm-none-eabi/lib/armv7-m/libg.a(lib_a-strcasecmp.o)
                0x08009ac0                strcasecmp
 *fill*         0x08009b04        0xc 00
 .text.strcpy   0x08009b10       0xbc /home/laurence/ARM-GCC/bin/../lib/gcc/arm-none-eabi/4.7.4/../../../../arm-none-eabi/lib/armv7-m/libg.a(lib_a-strcpy.o)
                0x08009b10                strcpy
 *fill*         0x08009bcc        0x4 00
 .text.strlen   0x08009bd0       0x60 /home/laurence/ARM-GCC/bin/../lib/gcc/arm-none-eabi/4.7.4/../../../../arm-none-eabi/lib/armv7-m/libg.a(lib_a-strlen.o)
                0x08009bd0                strlen
 .text.strpbrk  0x08009c30       0x4c /home/laurence/ARM-GCC/bin/../lib/gcc/arm-none-eabi/4.7.4/../../../../arm-none-eabi/lib/armv7-m/libg.a(lib_a-strpbrk.o)
                0x08009c30                strpbrk
 *fill*         0x08009c7c        0x4 00
 .text.strspn   0x08009c80       0x40 /home/laurence/ARM-GCC/bin/../lib/gcc/arm-none-eabi/4.7.4/../../../../arm-none-eabi/lib/armv7-m/libg.a(lib_a-strspn.o)
                0x08009c80                strspn
 *(.rodata)
 .rodata        0x08009cc0       0xb0 /tmp/cce1gY1f.ltrans8.ltrans.o
 *(.rodata.*)
 .rodata.str1.4
                0x08009d70        0x5 /tmp/cce1gY1f.ltrans0.ltrans.o
                                  0xc (size before relaxing)
 *fill*         0x08009d75        0xb 00
 .rodata.evhndl.7763.4465
                0x08009d80        0xc /tmp/cce1gY1f.ltrans1.ltrans.o
 *fill*         0x08009d8c        0x4 00
 .rodata.states.8443.10954.4511
                0x08009d90       0x40 /tmp/cce1gY1f.ltrans1.ltrans.o
 .rodata.str1.4
                0x08009dd0      0x30a /tmp/cce1gY1f.ltrans1.ltrans.o
                                0x30c (size before relaxing)
 *fill*         0x0800a0da        0x6 00
 .rodata.vcom_configuration_descriptor_data.11214.4721
                0x0800a0e0       0x44 /tmp/cce1gY1f.ltrans2.ltrans.o
 *fill*         0x0800a124        0xc 00
 .rodata.vcom_device_descriptor.11211.4718
                0x0800a130        0x8 /tmp/cce1gY1f.ltrans2.ltrans.o
 *fill*         0x0800a138        0x8 00
 .rodata.vcom_string2.11209.4716
                0x0800a140       0x38 /tmp/cce1gY1f.ltrans2.ltrans.o
 *fill*         0x0800a178        0x8 00
 .rodata.vcom_configuration_descriptor.11213.4720
                0x0800a180        0x8 /tmp/cce1gY1f.ltrans2.ltrans.o
 *fill*         0x0800a188        0x8 00
 .rodata.vcom_string0.11207.4714
                0x0800a190        0x4 /tmp/cce1gY1f.ltrans2.ltrans.o
 *fill*         0x0800a194        0xc 00
 .rodata.vcom_strings.11206.4713
                0x0800a1a0       0x20 /tmp/cce1gY1f.ltrans2.ltrans.o
 .rodata.str1.4
                0x0800a1c0       0x1b /tmp/cce1gY1f.ltrans2.ltrans.o
                                 0x30 (size before relaxing)
 *fill*         0x0800a1db        0x5 00
 .rodata.vcom_string3.11210.4717
                0x0800a1e0        0x8 /tmp/cce1gY1f.ltrans2.ltrans.o
 *fill*         0x0800a1e8        0x8 00
 .rodata.vcom_string1.11208.4715
                0x0800a1f0       0x14 /tmp/cce1gY1f.ltrans2.ltrans.o
 *fill*         0x0800a204        0xc 00
 .rodata.vcom_device_descriptor_data.11212.4719
                0x0800a210       0x14 /tmp/cce1gY1f.ltrans2.ltrans.o
 .rodata.str1.4
                0x00000000       0x28 /tmp/cce1gY1f.ltrans3.ltrans.o
 *fill*         0x0800a224        0xc 00
 .rodata.str1.4
                0x0800a230       0xab /tmp/cce1gY1f.ltrans4.ltrans.o
                                 0xc8 (size before relaxing)
 *fill*         0x0800a2db        0x5 00
 .rodata.CSWTCH.26.10233.10233.4562
                0x0800a2e0        0x8 /tmp/cce1gY1f.ltrans4.ltrans.o
 *fill*         0x0800a2e8        0x8 00
 .rodata.halted_status.9478.4385
                0x0800a2f0        0x4 /tmp/cce1gY1f.ltrans5.ltrans.o
 *fill*         0x0800a2f4        0xc 00
 .rodata.ep0config.10234
                0x0800a300       0x24 /tmp/cce1gY1f.ltrans5.ltrans.o
                0x0800a300                ep0config.10234
 *fill*         0x0800a324        0xc 00
 .rodata.zero_status.9477.4384
                0x0800a330        0x4 /tmp/cce1gY1f.ltrans5.ltrans.o
 *fill*         0x0800a334        0xc 00
 .rodata.ep1config.11200
                0x0800a340       0x24 /tmp/cce1gY1f.ltrans5.ltrans.o
                0x0800a340                ep1config.11200
 .rodata.str1.4
                0x00000000        0x8 /tmp/cce1gY1f.ltrans5.ltrans.o
 *fill*         0x0800a364        0xc 00
 .rodata.active_status.9479.4386
                0x0800a370        0x4 /tmp/cce1gY1f.ltrans5.ltrans.o
 *fill*         0x0800a374        0xc 00
 .rodata.CSWTCH.32.10240.10240.4387
                0x0800a380       0x14 /tmp/cce1gY1f.ltrans5.ltrans.o
 *fill*         0x0800a394        0xc 00
 .rodata.ch_debug
                0x0800a3a0       0x18 /tmp/cce1gY1f.ltrans6.ltrans.o
 *fill*         0x0800a3b8        0x8 00
 .rodata.vmt.8941.4912
                0x0800a3c0       0x20 /tmp/cce1gY1f.ltrans6.ltrans.o
 .rodata.pow10.10603.4959
                0x0800a3e0       0x24 /tmp/cce1gY1f.ltrans6.ltrans.o
 *fill*         0x0800a404        0xc 00
 .rodata._stm32_dma_streams
                0x0800a410       0x54 /tmp/cce1gY1f.ltrans6.ltrans.o
 *fill*         0x0800a464        0xc 00
 .rodata.str1.4
                0x0800a470       0xaf /tmp/cce1gY1f.ltrans6.ltrans.o
                                 0xb0 (size before relaxing)
 *fill*         0x0800a51f        0x1 00
 .rodata.str1.4
                0x0800a520      0x162 /tmp/cce1gY1f.ltrans7.ltrans.o
                                0x264 (size before relaxing)
 *fill*         0x0800a682        0xe 00
 .rodata.serusbcfg
                0x0800a690        0x8 /tmp/cce1gY1f.ltrans7.ltrans.o
                0x0800a690                serusbcfg
 *fill*         0x0800a698        0x8 00
 .rodata.str1.4
                0x0800a6a0        0x7 /tmp/cce1gY1f.ltrans8.ltrans.o
                                  0xc (size before relaxing)
 *fill*         0x0800a6a7        0x9 00
 .rodata.spicfg.11460.4435
                0x0800a6b0        0xc /tmp/cce1gY1f.ltrans8.ltrans.o
 *fill*         0x0800a6bc        0x4 00
 .rodata.ep2config.11203.4687
                0x0800a6c0       0x24 /tmp/cce1gY1f.ltrans9.ltrans.o
 *fill*         0x0800a6e4        0xc 00
 .rodata.usbcfg
                0x0800a6f0       0x10 /tmp/cce1gY1f.ltrans9.ltrans.o
                0x0800a6f0                usbcfg
 .rodata.commands.10912
                0x0800a700       0x40 /tmp/cce1gY1f.ltrans9.ltrans.o
                0x0800a700                commands.10912
 .rodata.str1.4
                0x0800a740       0x92 /tmp/cce1gY1f.ltrans9.ltrans.o
                                 0xb8 (size before relaxing)
 *fill*         0x0800a7d2        0xe 00
 .rodata.shell_cfg1.10911
                0x0800a7e0        0x8 /tmp/cce1gY1f.ltrans9.ltrans.o
                0x0800a7e0                shell_cfg1.10911
 *fill*         0x0800a7e8        0x8 00
 .rodata.patternthd
                0x0800a7f0       0x14 /tmp/cce1gY1f.ltrans10.ltrans.o
                0x0800a7f0                patternthd
 *fill*         0x0800a804        0xc 00
 .rodata.testmtx4.4498
                0x0800a810       0x10 /tmp/cce1gY1f.ltrans10.ltrans.o
 .rodata.patternmsg
                0x0800a820        0x8 /tmp/cce1gY1f.ltrans10.ltrans.o
                0x0800a820                patternmsg
 *fill*         0x0800a828        0x8 00
 .rodata.testbmk6.4552
                0x0800a830       0x10 /tmp/cce1gY1f.ltrans10.ltrans.o
 .rodata.patternbmk
                0x0800a840       0x38 /tmp/cce1gY1f.ltrans10.ltrans.o
                0x0800a840                patternbmk
 *fill*         0x0800a878        0x8 00
 .rodata.testthd2.4480
                0x0800a880       0x10 /tmp/cce1gY1f.ltrans10.ltrans.o
 .rodata.testbmk2.4548
                0x0800a890       0x10 /tmp/cce1gY1f.ltrans10.ltrans.o
 .rodata.patterndyn
                0x0800a8a0       0x10 /tmp/cce1gY1f.ltrans10.ltrans.o
                0x0800a8a0                patterndyn
 .rodata.testbmk12.4558
                0x0800a8b0       0x10 /tmp/cce1gY1f.ltrans10.ltrans.o
 .rodata.testbmk4.4550
                0x0800a8c0       0x10 /tmp/cce1gY1f.ltrans10.ltrans.o
 .rodata.testbmk1
                0x0800a8d0       0x10 /tmp/cce1gY1f.ltrans10.ltrans.o
 .rodata.testsem4.4491
                0x0800a8e0       0x10 /tmp/cce1gY1f.ltrans10.ltrans.o
 .rodata.testsem1
                0x0800a8f0       0x10 /tmp/cce1gY1f.ltrans10.ltrans.o
 .rodata.patternevt
                0x0800a900       0x10 /tmp/cce1gY1f.ltrans10.ltrans.o
                0x0800a900                patternevt
 .rodata.testmtx6.4500
                0x0800a910       0x10 /tmp/cce1gY1f.ltrans10.ltrans.o
 .rodata.testbmk7.4553
                0x0800a920       0x10 /tmp/cce1gY1f.ltrans10.ltrans.o
 .rodata.testdyn2.4533
                0x0800a930       0x10 /tmp/cce1gY1f.ltrans10.ltrans.o
 .rodata.patternpools
                0x0800a940        0x8 /tmp/cce1gY1f.ltrans10.ltrans.o
                0x0800a940                patternpools
 *fill*         0x0800a948        0x8 00
 .rodata.testevt3.4460
                0x0800a950       0x10 /tmp/cce1gY1f.ltrans10.ltrans.o
 .rodata.testthd3.4481
                0x0800a960       0x10 /tmp/cce1gY1f.ltrans10.ltrans.o
 .rodata.testqueues2.4541
                0x0800a970       0x10 /tmp/cce1gY1f.ltrans10.ltrans.o
 .rodata.testbmk3.4549
                0x0800a980       0x10 /tmp/cce1gY1f.ltrans10.ltrans.o
 .rodata.testmtx5.4499
                0x0800a990       0x10 /tmp/cce1gY1f.ltrans10.ltrans.o
 .rodata.patternmbox
                0x0800a9a0        0x8 /tmp/cce1gY1f.ltrans10.ltrans.o
                0x0800a9a0                patternmbox
 *fill*         0x0800a9a8        0x8 00
 .rodata.patterns.6764
                0x0800a9b0       0x30 /tmp/cce1gY1f.ltrans10.ltrans.o
                0x0800a9b0                patterns.6764
 .rodata.testbmk10.4556
                0x0800a9e0       0x10 /tmp/cce1gY1f.ltrans10.ltrans.o
 .rodata.testbmk8.4554
                0x0800a9f0       0x10 /tmp/cce1gY1f.ltrans10.ltrans.o
 .rodata.testdyn1
                0x0800aa00       0x10 /tmp/cce1gY1f.ltrans10.ltrans.o
 .rodata.testmbox1
                0x0800aa10       0x10 /tmp/cce1gY1f.ltrans10.ltrans.o
 .rodata.testevt2.4472
                0x0800aa20       0x10 /tmp/cce1gY1f.ltrans10.ltrans.o
 .rodata.testbmk13.4559
                0x0800aa30       0x10 /tmp/cce1gY1f.ltrans10.ltrans.o
 .rodata.testbmk5.4551
                0x0800aa40       0x10 /tmp/cce1gY1f.ltrans10.ltrans.o
 .rodata.patternheap
                0x0800aa50        0x8 /tmp/cce1gY1f.ltrans10.ltrans.o
                0x0800aa50                patternheap
 *fill*         0x0800aa58        0x8 00
 .rodata.testsem2.4489
                0x0800aa60       0x10 /tmp/cce1gY1f.ltrans10.ltrans.o
 .rodata.testpools1
                0x0800aa70       0x10 /tmp/cce1gY1f.ltrans10.ltrans.o
 .rodata.testmsg1
                0x0800aa80       0x10 /tmp/cce1gY1f.ltrans10.ltrans.o
 .rodata.testdyn3.4534
                0x0800aa90       0x10 /tmp/cce1gY1f.ltrans10.ltrans.o
 .rodata.testqueues1
                0x0800aaa0       0x10 /tmp/cce1gY1f.ltrans10.ltrans.o
 .rodata.patternmtx
                0x0800aab0       0x1c /tmp/cce1gY1f.ltrans10.ltrans.o
                0x0800aab0                patternmtx
 *fill*         0x0800aacc        0x4 00
 .rodata.testthd1
                0x0800aad0       0x10 /tmp/cce1gY1f.ltrans10.ltrans.o
 .rodata.testbmk9.4555
                0x0800aae0       0x10 /tmp/cce1gY1f.ltrans10.ltrans.o
 .rodata.patternsem
                0x0800aaf0       0x14 /tmp/cce1gY1f.ltrans10.ltrans.o
                0x0800aaf0                patternsem
 *fill*         0x0800ab04        0xc 00
 .rodata.patternqueues
                0x0800ab10        0xc /tmp/cce1gY1f.ltrans10.ltrans.o
                0x0800ab10                patternqueues
 *fill*         0x0800ab1c        0x4 00
 .rodata.testbmk11.4557
                0x0800ab20       0x10 /tmp/cce1gY1f.ltrans10.ltrans.o
 .rodata.testevt1
                0x0800ab30       0x10 /tmp/cce1gY1f.ltrans10.ltrans.o
 .rodata.testheap1
                0x0800ab40       0x10 /tmp/cce1gY1f.ltrans10.ltrans.o
 .rodata.testsem3.4490
                0x0800ab50       0x10 /tmp/cce1gY1f.ltrans10.ltrans.o
 .rodata.testmtx8.4502
                0x0800ab60       0x10 /tmp/cce1gY1f.ltrans10.ltrans.o
 .rodata.testthd4.4482
                0x0800ab70       0x10 /tmp/cce1gY1f.ltrans10.ltrans.o
 .rodata.testmtx7.4501
                0x0800ab80       0x10 /tmp/cce1gY1f.ltrans10.ltrans.o
 .rodata.str1.4
                0x0800ab90      0x50c /tmp/cce1gY1f.ltrans10.ltrans.o
                                0x52c (size before relaxing)
 *fill*         0x0800b09c        0x4 00
 .rodata.testmtx1
                0x0800b0a0       0x10 /tmp/cce1gY1f.ltrans10.ltrans.o
 .rodata._ctype_
                0x0800b0b0      0x104 /home/laurence/ARM-GCC/bin/../lib/gcc/arm-none-eabi/4.7.4/../../../../arm-none-eabi/lib/armv7-m/libg.a(lib_a-ctype_.o)
                0x0800b0b0                _ctype_
 *(.glue_7t)
 .glue_7t       0x00000000        0x0 linker stubs
 *(.glue_7)
 .glue_7        0x00000000        0x0 linker stubs
 *(.gcc*)

.vfp11_veneer   0x0800b1b4        0x0
 .vfp11_veneer  0x00000000        0x0 linker stubs

.v4_bx          0x0800b1b4        0x0
 .v4_bx         0x00000000        0x0 linker stubs

.iplt           0x0800b1b4        0x0
 .iplt          0x00000000        0x0 build/obj/chcoreasm_v7m.o

.rel.dyn        0x0800b1b4        0x0
 .rel.iplt      0x00000000        0x0 build/obj/chcoreasm_v7m.o

.ARM.extab
 *(.ARM.extab* .gnu.linkonce.armextab.*)

.ARM.exidx      0x0800b1b4        0x0
                0x0800b1b4                PROVIDE (__exidx_start, .)
 *(.ARM.exidx* .gnu.linkonce.armexidx.*)
                0x0800b1b4                PROVIDE (__exidx_end, .)

.eh_frame_hdr
 *(.eh_frame_hdr)

.eh_frame
 *(.eh_frame)

.textalign      0x0800b1b4        0x4
                0x0800b1b8                . = ALIGN (0x8)
 *fill*         0x0800b1b4        0x4 00
                0x0800b1b8                . = ALIGN (0x4)
                0x0800b1b8                _etext = .
                0x0800b1b8                _textdata = _etext

.stacks         0x20000000      0x800
                0x20000000                . = ALIGN (0x8)
                0x20000000                __main_stack_base__ = .
                0x20000400                . = (. + __main_stack_size__)
 *fill*         0x20000000      0x400 00
                0x20000400                . = ALIGN (0x8)
                0x20000400                __main_stack_end__ = .
                0x20000400                __process_stack_base__ = .
                0x20000400                __main_thread_stack_base__ = .
                0x20000800                . = (. + __process_stack_size__)
 *fill*         0x20000400      0x400 00
                0x20000800                . = ALIGN (0x8)
                0x20000800                __process_stack_end__ = .
                0x20000800                __main_thread_stack_end__ = .

.data           0x20000800      0x4f0 load address 0x0800b1b8
                0x20000800                . = ALIGN (0x4)
                0x20000800                PROVIDE (_data, .)
 *(.data)
 *(.data.*)
 .data.m1.7331  0x20000800       0x10 /tmp/cce1gY1f.ltrans1.ltrans.o
                0x20000800                m1.7331
 .data.sem1.7122
                0x20000810        0xc /tmp/cce1gY1f.ltrans1.ltrans.o
                0x20000810                sem1.7122
 .data.c1.7329  0x2000081c        0x8 /tmp/cce1gY1f.ltrans3.ltrans.o
                0x2000081c                c1.7329
 .data.mp1.7972
                0x20000824        0xc /tmp/cce1gY1f.ltrans3.ltrans.o
                0x20000824                mp1.7972
 .data.linecoding.8934.4563
                0x20000830        0x8 /tmp/cce1gY1f.ltrans4.ltrans.o
 .data.buf.8458.10910.4958
                0x20000838      0x404 /tmp/cce1gY1f.ltrans6.ltrans.o
 .data.m2.7330  0x20000c3c       0x10 /tmp/cce1gY1f.ltrans7.ltrans.o
                0x20000c3c                m2.7330
 .data.es1.7762
                0x20000c4c        0x4 /tmp/cce1gY1f.ltrans8.ltrans.o
                0x20000c4c                es1.7762
 .data.Active_banddiv
                0x20000c50        0x1 /tmp/cce1gY1f.ltrans8.ltrans.o
                0x20000c50                Active_banddiv
 *fill*         0x20000c51        0x3 00
 .data.Active_Frequency.4493
                0x20000c54        0x4 /tmp/cce1gY1f.ltrans8.ltrans.o
 .data.Outdiv   0x20000c58        0x1 /tmp/cce1gY1f.ltrans8.ltrans.o
                0x20000c58                Outdiv
 *fill*         0x20000c59        0x3 00
 .data.es2.7761
                0x20000c5c        0x4 /tmp/cce1gY1f.ltrans8.ltrans.o
                0x20000c5c                es2.7761
 .data.Active_level.4641
                0x20000c60        0x1 /tmp/cce1gY1f.ltrans9.ltrans.o
 *fill*         0x20000c61        0x1 00
 .data.Active_shift.4640
                0x20000c62        0x2 /tmp/cce1gY1f.ltrans9.ltrans.o
 .data.oq.8291  0x20000c64       0x24 /tmp/cce1gY1f.ltrans10.ltrans.o
                0x20000c64                oq.8291
 .data.local_commands.10482.4448
                0x20000c88       0x18 /tmp/cce1gY1f.ltrans10.ltrans.o
 .data.iq.8304  0x20000ca0       0x24 /tmp/cce1gY1f.ltrans10.ltrans.o
                0x20000ca0                iq.8304
 .data.mb1.7615
                0x20000cc4       0x28 /tmp/cce1gY1f.ltrans10.ltrans.o
                0x20000cc4                mb1.7615
 .data.__ctype_ptr__
                0x20000cec        0x4 /home/laurence/ARM-GCC/bin/../lib/gcc/arm-none-eabi/4.7.4/../../../../arm-none-eabi/lib/armv7-m/libg.a(lib_a-ctype_.o)
                0x20000cec                __ctype_ptr__
 *(.ramtext)
                0x20000cf0                . = ALIGN (0x4)
                0x20000cf0                PROVIDE (_edata, .)

.igot.plt       0x20000cf0        0x0 load address 0x0800b6a8
 .igot.plt      0x00000000        0x0 build/obj/chcoreasm_v7m.o

.bss            0x20000cf0     0x12cc
                0x20000cf0                . = ALIGN (0x4)
                0x20000cf0                PROVIDE (_bss_start, .)
 *(.bss)
 *(.bss.*)
 .bss.vt2.6287.8529.4516
                0x20000cf0       0x14 /tmp/cce1gY1f.ltrans1.ltrans.o
 .bss.sem1.8528
                0x20000d04        0xc /tmp/cce1gY1f.ltrans1.ltrans.o
                0x20000d04                sem1.8528
 .bss.mtx1.8527
                0x20000d10       0x10 /tmp/cce1gY1f.ltrans1.ltrans.o
                0x20000d10                mtx1.8527
 .bss.vt1.6286.8530.4515
                0x20000d20       0x14 /tmp/cce1gY1f.ltrans1.ltrans.o
 .bss.vt.6747.4673
                0x20000d34       0x14 /tmp/cce1gY1f.ltrans2.ltrans.o
 .bss.test_heap.7938
                0x20000d48       0x20 /tmp/cce1gY1f.ltrans2.ltrans.o
                0x20000d48                test_heap.7938
 .bss.mp1.8119  0x20000d68        0xc /tmp/cce1gY1f.ltrans3.ltrans.o
                0x20000d68                mp1.8119
 .bss.ep0_state.10235
                0x20000d74       0x14 /tmp/cce1gY1f.ltrans5.ltrans.o
                0x20000d74                ep0_state.10235
 .bss.ep0setup_buffer.10239
                0x20000d88        0x8 /tmp/cce1gY1f.ltrans5.ltrans.o
                0x20000d88                ep0setup_buffer.10239
 .bss.ep1instate.11201
                0x20000d90       0x10 /tmp/cce1gY1f.ltrans5.ltrans.o
                0x20000d90                ep1instate.11201
 .bss.ep1outstate.11202
                0x20000da0       0x14 /tmp/cce1gY1f.ltrans5.ltrans.o
                0x20000da0                ep1outstate.11202
 .bss.endmem.6446
                0x20000db4        0x4 /tmp/cce1gY1f.ltrans6.ltrans.o
                0x20000db4                endmem.6446
 .bss.dma_streams_mask.9624
                0x20000db8        0x4 /tmp/cce1gY1f.ltrans6.ltrans.o
                0x20000db8                dma_streams_mask.9624
 *fill*         0x20000dbc        0x4 00
 .bss.waThread1.10913.4909
                0x20000dc0      0x148 /tmp/cce1gY1f.ltrans6.ltrans.o
 .bss.dma_isr_redir.9619
                0x20000f08       0x38 /tmp/cce1gY1f.ltrans6.ltrans.o
                0x20000f08                dma_isr_redir.9619
 .bss.nextmem.6444
                0x20000f40        0x4 /tmp/cce1gY1f.ltrans6.ltrans.o
                0x20000f40                nextmem.6444
 *fill*         0x20000f44        0x4 00
 .bss.waThreadSI.11461.4910
                0x20000f48      0x4c8 /tmp/cce1gY1f.ltrans6.ltrans.o
 .bss.default_heap.6550
                0x20001410       0x20 /tmp/cce1gY1f.ltrans6.ltrans.o
                0x20001410                default_heap.6550
 .bss.dummytx.9910.4874
                0x20001430        0x2 /tmp/cce1gY1f.ltrans6.ltrans.o
 *fill*         0x20001432        0x2 00
 .bss.tokp.6757
                0x20001434        0x4 /tmp/cce1gY1f.ltrans7.ltrans.o
                0x20001434                tokp.6757
 .bss.USBD1     0x20001438       0x84 /tmp/cce1gY1f.ltrans7.ltrans.o
                0x20001438                USBD1
 .bss.local_fail.6760
                0x200014bc        0x1 /tmp/cce1gY1f.ltrans7.ltrans.o
                0x200014bc                local_fail.6760
 *fill*         0x200014bd        0x3 00
 .bss.heap1.8117
                0x200014c0       0x20 /tmp/cce1gY1f.ltrans7.ltrans.o
                0x200014c0                heap1.8117
 .bss.global_fail.6761
                0x200014e0        0x1 /tmp/cce1gY1f.ltrans7.ltrans.o
                0x200014e0                global_fail.6761
 *fill*         0x200014e1        0x3 00
 .bss.chp.6748  0x200014e4        0x4 /tmp/cce1gY1f.ltrans7.ltrans.o
                0x200014e4                chp.6748
 .bss.failpoint.6762
                0x200014e8        0x4 /tmp/cce1gY1f.ltrans7.ltrans.o
                0x200014e8                failpoint.6762
 .bss.tokens_buffer.6758
                0x200014ec       0x10 /tmp/cce1gY1f.ltrans7.ltrans.o
                0x200014ec                tokens_buffer.6758
 .bss.Command   0x200014fc        0x1 /tmp/cce1gY1f.ltrans8.ltrans.o
                0x200014fc                Command
 *fill*         0x200014fd        0x3 00
 .bss.SPID1     0x20001500       0x30 /tmp/cce1gY1f.ltrans8.ltrans.o
                0x20001500                SPID1
 .bss.Silabs_busy
                0x20001530        0xc /tmp/cce1gY1f.ltrans8.ltrans.o
                0x20001530                Silabs_busy
 .bss.Command_string
                0x2000153c        0x8 /tmp/cce1gY1f.ltrans8.ltrans.o
                0x2000153c                Command_string
 .bss.SDU1      0x20001544      0x258 /tmp/cce1gY1f.ltrans9.ltrans.o
                0x20001544                SDU1
 .bss.iq.6276.8531.4639
                0x2000179c       0x24 /tmp/cce1gY1f.ltrans9.ltrans.o
 .bss.test_timer_done
                0x200017c0        0x1 /tmp/cce1gY1f.ltrans9.ltrans.o
                0x200017c0                test_timer_done
 *fill*         0x200017c1        0x3 00
 .bss.ep2instate.11204.4688
                0x200017c4       0x10 /tmp/cce1gY1f.ltrans9.ltrans.o
 .bss.ib.6275.8532.4700
                0x200017d4       0x10 /tmp/cce1gY1f.ltrans9.ltrans.o
 *fill*         0x200017e4        0x4 00
 .bss.test      0x200017e8      0x668 /tmp/cce1gY1f.ltrans10.ltrans.o
                0x200017e8                test
 .bss.shell_terminated
                0x20001e50        0x4 /tmp/cce1gY1f.ltrans10.ltrans.o
                0x20001e50                shell_terminated
 *fill*         0x20001e54        0x4 00
 .bss.ch        0x20001e58      0x150 /tmp/cce1gY1f.ltrans10.ltrans.o
                0x20001e58                ch
 .bss.threads   0x20001fa8       0x14 /tmp/cce1gY1f.ltrans10.ltrans.o
                0x20001fa8                threads
 *(COMMON)
                0x20001fbc                . = ALIGN (0x4)
                0x20001fbc                PROVIDE (_bss_end, .)
                0x20001fbc                PROVIDE (end, .)
                0x20001fbc                _end = .
                0x20001fbc                __heap_base__ = _end
                0x20005000                __heap_end__ = __ram_end__
                0x00000400                __process_stack_size__ = 0x400
                0x00000400                __main_stack_size__ = 0x400
START GROUP
LOAD /home/laurence/ARM-GCC/bin/../lib/gcc/arm-none-eabi/4.7.4/armv7-m/libgcc.a
LOAD /home/laurence/ARM-GCC/bin/../lib/gcc/arm-none-eabi/4.7.4/../../../../arm-none-eabi/lib/armv7-m/libg.a
LOAD /home/laurence/ARM-GCC/bin/../lib/gcc/arm-none-eabi/4.7.4/../../../../arm-none-eabi/lib/armv7-m/libc.a
END GROUP
OUTPUT(build/ch.elf elf32-littlearm)

.ARM.attributes
                0x00000000       0x2f
 .ARM.attributes
                0x00000000       0x21 build/obj/chcoreasm_v7m.o
 .ARM.attributes
                0x00000021       0x31 /tmp/cce1gY1f.ltrans0.ltrans.o
 .ARM.attributes
                0x00000052       0x31 /tmp/cce1gY1f.ltrans1.ltrans.o
 .ARM.attributes
                0x00000083       0x31 /tmp/cce1gY1f.ltrans2.ltrans.o
 .ARM.attributes
                0x000000b4       0x31 /tmp/cce1gY1f.ltrans3.ltrans.o
 .ARM.attributes
                0x000000e5       0x31 /tmp/cce1gY1f.ltrans4.ltrans.o
 .ARM.attributes
                0x00000116       0x31 /tmp/cce1gY1f.ltrans5.ltrans.o
 .ARM.attributes
                0x00000147       0x31 /tmp/cce1gY1f.ltrans6.ltrans.o
 .ARM.attributes
                0x00000178       0x31 /tmp/cce1gY1f.ltrans7.ltrans.o
 .ARM.attributes
                0x000001a9       0x31 /tmp/cce1gY1f.ltrans8.ltrans.o
 .ARM.attributes
                0x000001da       0x31 /tmp/cce1gY1f.ltrans9.ltrans.o
 .ARM.attributes
                0x0000020b       0x31 /tmp/cce1gY1f.ltrans10.ltrans.o
 .ARM.attributes
                0x0000023c       0x1d /home/laurence/ARM-GCC/bin/../lib/gcc/arm-none-eabi/4.7.4/armv7-m/libgcc.a(_arm_addsubdf3.o)
 .ARM.attributes
                0x00000259       0x1d /home/laurence/ARM-GCC/bin/../lib/gcc/arm-none-eabi/4.7.4/armv7-m/libgcc.a(_arm_muldivdf3.o)
 .ARM.attributes
                0x00000276       0x1d /home/laurence/ARM-GCC/bin/../lib/gcc/arm-none-eabi/4.7.4/armv7-m/libgcc.a(_arm_fixdfsi.o)
 .ARM.attributes
                0x00000293       0x1d /home/laurence/ARM-GCC/bin/../lib/gcc/arm-none-eabi/4.7.4/armv7-m/libgcc.a(_arm_fixunsdfsi.o)
 .ARM.attributes
                0x000002b0       0x1d /home/laurence/ARM-GCC/bin/../lib/gcc/arm-none-eabi/4.7.4/armv7-m/libgcc.a(_arm_truncdfsf2.o)
 .ARM.attributes
                0x000002cd       0x1d /home/laurence/ARM-GCC/bin/../lib/gcc/arm-none-eabi/4.7.4/armv7-m/libgcc.a(_arm_addsubsf3.o)
 .ARM.attributes
                0x000002ea       0x1d /home/laurence/ARM-GCC/bin/../lib/gcc/arm-none-eabi/4.7.4/armv7-m/libgcc.a(_arm_muldivsf3.o)
 .ARM.attributes
                0x00000307       0x1d /home/laurence/ARM-GCC/bin/../lib/gcc/arm-none-eabi/4.7.4/armv7-m/libgcc.a(_arm_cmpsf2.o)
 .ARM.attributes
                0x00000324       0x1d /home/laurence/ARM-GCC/bin/../lib/gcc/arm-none-eabi/4.7.4/armv7-m/libgcc.a(_arm_fixsfsi.o)
 .ARM.attributes
                0x00000341       0x1d /home/laurence/ARM-GCC/bin/../lib/gcc/arm-none-eabi/4.7.4/armv7-m/libgcc.a(_arm_fixunssfsi.o)
 .ARM.attributes
                0x0000035e       0x2d /home/laurence/ARM-GCC/bin/../lib/gcc/arm-none-eabi/4.7.4/../../../../arm-none-eabi/lib/armv7-m/libg.a(lib_a-memset.o)
 .ARM.attributes
                0x0000038b       0x2d /home/laurence/ARM-GCC/bin/../lib/gcc/arm-none-eabi/4.7.4/../../../../arm-none-eabi/lib/armv7-m/libg.a(lib_a-strcasecmp.o)
 .ARM.attributes
                0x000003b8       0x2d /home/laurence/ARM-GCC/bin/../lib/gcc/arm-none-eabi/4.7.4/../../../../arm-none-eabi/lib/armv7-m/libg.a(lib_a-strcpy.o)
 .ARM.attributes
                0x000003e5       0x2d /home/laurence/ARM-GCC/bin/../lib/gcc/arm-none-eabi/4.7.4/../../../../arm-none-eabi/lib/armv7-m/libg.a(lib_a-strlen.o)
 .ARM.attributes
                0x00000412       0x2d /home/laurence/ARM-GCC/bin/../lib/gcc/arm-none-eabi/4.7.4/../../../../arm-none-eabi/lib/armv7-m/libg.a(lib_a-strpbrk.o)
 .ARM.attributes
                0x0000043f       0x2d /home/laurence/ARM-GCC/bin/../lib/gcc/arm-none-eabi/4.7.4/../../../../arm-none-eabi/lib/armv7-m/libg.a(lib_a-strspn.o)
 .ARM.attributes
                0x0000046c       0x2d /home/laurence/ARM-GCC/bin/../lib/gcc/arm-none-eabi/4.7.4/../../../../arm-none-eabi/lib/armv7-m/libg.a(lib_a-ctype_.o)

.comment        0x00000000       0x70
 .comment       0x00000000       0x70 /tmp/cce1gY1f.ltrans0.ltrans.o
                                 0x71 (size before relaxing)
 .comment       0x00000000       0x71 /tmp/cce1gY1f.ltrans1.ltrans.o
 .comment       0x00000000       0x71 /tmp/cce1gY1f.ltrans2.ltrans.o
 .comment       0x00000000       0x71 /tmp/cce1gY1f.ltrans3.ltrans.o
 .comment       0x00000000       0x71 /tmp/cce1gY1f.ltrans4.ltrans.o
 .comment       0x00000000       0x71 /tmp/cce1gY1f.ltrans5.ltrans.o
 .comment       0x00000000       0x71 /tmp/cce1gY1f.ltrans6.ltrans.o
 .comment       0x00000000       0x71 /tmp/cce1gY1f.ltrans7.ltrans.o
 .comment       0x00000000       0x71 /tmp/cce1gY1f.ltrans8.ltrans.o
 .comment       0x00000000       0x71 /tmp/cce1gY1f.ltrans9.ltrans.o
 .comment       0x00000000       0x71 /tmp/cce1gY1f.ltrans10.ltrans.o

.debug_info     0x00000000    0x236bd
 .debug_info    0x00000000     0x3156 /tmp/cce1gY1f.ltrans0.ltrans.o
 .debug_info    0x00003156     0x389e /tmp/cce1gY1f.ltrans1.ltrans.o
 .debug_info    0x000069f4     0x41c0 /tmp/cce1gY1f.ltrans2.ltrans.o
 .debug_info    0x0000abb4     0x3b60 /tmp/cce1gY1f.ltrans3.ltrans.o
 .debug_info    0x0000e714     0x3677 /tmp/cce1gY1f.ltrans4.ltrans.o
 .debug_info    0x00011d8b     0x2d1c /tmp/cce1gY1f.ltrans5.ltrans.o
 .debug_info    0x00014aa7     0x3ab8 /tmp/cce1gY1f.ltrans6.ltrans.o
 .debug_info    0x0001855f     0x2bab /tmp/cce1gY1f.ltrans7.ltrans.o
 .debug_info    0x0001b10a     0x2a0e /tmp/cce1gY1f.ltrans8.ltrans.o
 .debug_info    0x0001db18     0x37bf /tmp/cce1gY1f.ltrans9.ltrans.o
 .debug_info    0x000212d7     0x23e6 /tmp/cce1gY1f.ltrans10.ltrans.o

.debug_abbrev   0x00000000     0x43c7
 .debug_abbrev  0x00000000      0x6ca /tmp/cce1gY1f.ltrans0.ltrans.o
 .debug_abbrev  0x000006ca      0x5d2 /tmp/cce1gY1f.ltrans1.ltrans.o
 .debug_abbrev  0x00000c9c      0x6f9 /tmp/cce1gY1f.ltrans2.ltrans.o
 .debug_abbrev  0x00001395      0x724 /tmp/cce1gY1f.ltrans3.ltrans.o
 .debug_abbrev  0x00001ab9      0x6f8 /tmp/cce1gY1f.ltrans4.ltrans.o
 .debug_abbrev  0x000021b1      0x47a /tmp/cce1gY1f.ltrans5.ltrans.o
 .debug_abbrev  0x0000262b      0x6ed /tmp/cce1gY1f.ltrans6.ltrans.o
 .debug_abbrev  0x00002d18      0x5f9 /tmp/cce1gY1f.ltrans7.ltrans.o
 .debug_abbrev  0x00003311      0x530 /tmp/cce1gY1f.ltrans8.ltrans.o
 .debug_abbrev  0x00003841      0x687 /tmp/cce1gY1f.ltrans9.ltrans.o
 .debug_abbrev  0x00003ec8      0x4ff /tmp/cce1gY1f.ltrans10.ltrans.o

.debug_loc      0x00000000     0xa9e3
 .debug_loc     0x00000000     0x1c5c /tmp/cce1gY1f.ltrans0.ltrans.o
 .debug_loc     0x00001c5c      0xe2c /tmp/cce1gY1f.ltrans1.ltrans.o
 .debug_loc     0x00002a88      0xf7d /tmp/cce1gY1f.ltrans2.ltrans.o
 .debug_loc     0x00003a05     0x1713 /tmp/cce1gY1f.ltrans3.ltrans.o
 .debug_loc     0x00005118      0xffc /tmp/cce1gY1f.ltrans4.ltrans.o
 .debug_loc     0x00006114     0x12d3 /tmp/cce1gY1f.ltrans5.ltrans.o
 .debug_loc     0x000073e7     0x107e /tmp/cce1gY1f.ltrans6.ltrans.o
 .debug_loc     0x00008465      0x66c /tmp/cce1gY1f.ltrans7.ltrans.o
 .debug_loc     0x00008ad1      0x66f /tmp/cce1gY1f.ltrans8.ltrans.o
 .debug_loc     0x00009140      0xd88 /tmp/cce1gY1f.ltrans9.ltrans.o
 .debug_loc     0x00009ec8      0xb1b /tmp/cce1gY1f.ltrans10.ltrans.o

.debug_aranges  0x00000000      0x888
 .debug_aranges
                0x00000000      0x1b8 /tmp/cce1gY1f.ltrans0.ltrans.o
 .debug_aranges
                0x000001b8       0xa8 /tmp/cce1gY1f.ltrans1.ltrans.o
 .debug_aranges
                0x00000260      0x160 /tmp/cce1gY1f.ltrans2.ltrans.o
 .debug_aranges
                0x000003c0      0x128 /tmp/cce1gY1f.ltrans3.ltrans.o
 .debug_aranges
                0x000004e8      0x180 /tmp/cce1gY1f.ltrans4.ltrans.o
 .debug_aranges
                0x00000668       0x30 /tmp/cce1gY1f.ltrans5.ltrans.o
 .debug_aranges
                0x00000698       0x80 /tmp/cce1gY1f.ltrans6.ltrans.o
 .debug_aranges
                0x00000718       0x98 /tmp/cce1gY1f.ltrans7.ltrans.o
 .debug_aranges
                0x000007b0       0x30 /tmp/cce1gY1f.ltrans8.ltrans.o
 .debug_aranges
                0x000007e0       0x68 /tmp/cce1gY1f.ltrans9.ltrans.o
 .debug_aranges
                0x00000848       0x40 /tmp/cce1gY1f.ltrans10.ltrans.o

.debug_ranges   0x00000000     0x4048
 .debug_ranges  0x00000000      0x898 /tmp/cce1gY1f.ltrans0.ltrans.o
 .debug_ranges  0x00000898      0x748 /tmp/cce1gY1f.ltrans1.ltrans.o
 .debug_ranges  0x00000fe0      0x6a0 /tmp/cce1gY1f.ltrans2.ltrans.o
 .debug_ranges  0x00001680      0xb68 /tmp/cce1gY1f.ltrans3.ltrans.o
 .debug_ranges  0x000021e8      0x360 /tmp/cce1gY1f.ltrans4.ltrans.o
 .debug_ranges  0x00002548      0x4d0 /tmp/cce1gY1f.ltrans5.ltrans.o
 .debug_ranges  0x00002a18      0xb08 /tmp/cce1gY1f.ltrans6.ltrans.o
 .debug_ranges  0x00003520      0x178 /tmp/cce1gY1f.ltrans7.ltrans.o
 .debug_ranges  0x00003698      0x288 /tmp/cce1gY1f.ltrans8.ltrans.o
 .debug_ranges  0x00003920      0x460 /tmp/cce1gY1f.ltrans9.ltrans.o
 .debug_ranges  0x00003d80      0x2c8 /tmp/cce1gY1f.ltrans10.ltrans.o

.debug_line     0x00000000     0x8031
 .debug_line    0x00000000     0x104c /tmp/cce1gY1f.ltrans0.ltrans.o
 .debug_line    0x0000104c      0xca5 /tmp/cce1gY1f.ltrans1.ltrans.o
 .debug_line    0x00001cf1      0xfe7 /tmp/cce1gY1f.ltrans2.ltrans.o
 .debug_line    0x00002cd8      0xe48 /tmp/cce1gY1f.ltrans3.ltrans.o
 .debug_line    0x00003b20      0xca0 /tmp/cce1gY1f.ltrans4.ltrans.o
 .debug_line    0x000047c0      0x8db /tmp/cce1gY1f.ltrans5.ltrans.o
 .debug_line    0x0000509b      0xe11 /tmp/cce1gY1f.ltrans6.ltrans.o
 .debug_line    0x00005eac      0x972 /tmp/cce1gY1f.ltrans7.ltrans.o
 .debug_line    0x0000681e      0x7bb /tmp/cce1gY1f.ltrans8.ltrans.o
 .debug_line    0x00006fd9      0xa0c /tmp/cce1gY1f.ltrans9.ltrans.o
 .debug_line    0x000079e5      0x64c /tmp/cce1gY1f.ltrans10.ltrans.o

.debug_str      0x00000000     0x3cd0
 .debug_str     0x00000000      0xbab /tmp/cce1gY1f.ltrans0.ltrans.o
                                0xc72 (size before relaxing)
 .debug_str     0x00000bab      0x5de /tmp/cce1gY1f.ltrans1.ltrans.o
                                0xc9d (size before relaxing)
 .debug_str     0x00001189      0xc37 /tmp/cce1gY1f.ltrans2.ltrans.o
                               0x13c8 (size before relaxing)
 .debug_str     0x00001dc0      0x548 /tmp/cce1gY1f.ltrans3.ltrans.o
                               0x124b (size before relaxing)
 .debug_str     0x00002308      0x462 /tmp/cce1gY1f.ltrans4.ltrans.o
                               0x12d9 (size before relaxing)
 .debug_str     0x0000276a      0x2be /tmp/cce1gY1f.ltrans5.ltrans.o
                                0xc8c (size before relaxing)
 .debug_str     0x00002a28      0x94e /tmp/cce1gY1f.ltrans6.ltrans.o
                               0x197e (size before relaxing)
 .debug_str     0x00003376      0x341 /tmp/cce1gY1f.ltrans7.ltrans.o
                                0xefd (size before relaxing)
 .debug_str     0x000036b7      0x23d /tmp/cce1gY1f.ltrans8.ltrans.o
                                0xf76 (size before relaxing)
 .debug_str     0x000038f4      0x221 /tmp/cce1gY1f.ltrans9.ltrans.o
                               0x1258 (size before relaxing)
 .debug_str     0x00003b15      0x1bb /tmp/cce1gY1f.ltrans10.ltrans.o
                                0xaf6 (size before relaxing)

.debug_frame    0x00000000     0x1984
 .debug_frame   0x00000000      0x4f8 /tmp/cce1gY1f.ltrans0.ltrans.o
 .debug_frame   0x000004f8      0x224 /tmp/cce1gY1f.ltrans1.ltrans.o
 .debug_frame   0x0000071c      0x3dc /tmp/cce1gY1f.ltrans2.ltrans.o
 .debug_frame   0x00000af8      0x318 /tmp/cce1gY1f.ltrans3.ltrans.o
 .debug_frame   0x00000e10      0x44c /tmp/cce1gY1f.ltrans4.ltrans.o
 .debug_frame   0x0000125c       0x74 /tmp/cce1gY1f.ltrans5.ltrans.o
 .debug_frame   0x000012d0      0x188 /tmp/cce1gY1f.ltrans6.ltrans.o
 .debug_frame   0x00001458      0x1e8 /tmp/cce1gY1f.ltrans7.ltrans.o
 .debug_frame   0x00001640       0x78 /tmp/cce1gY1f.ltrans8.ltrans.o
 .debug_frame   0x000016b8      0x148 /tmp/cce1gY1f.ltrans9.ltrans.o
 .debug_frame   0x00001800       0x94 /tmp/cce1gY1f.ltrans10.ltrans.o
 .debug_frame   0x00001894       0x2c /home/laurence/ARM-GCC/bin/../lib/gcc/arm-none-eabi/4.7.4/../../../../arm-none-eabi/lib/armv7-m/libg.a(lib_a-memset.o)
 .debug_frame   0x000018c0       0x2c /home/laurence/ARM-GCC/bin/../lib/gcc/arm-none-eabi/4.7.4/../../../../arm-none-eabi/lib/armv7-m/libg.a(lib_a-strcasecmp.o)
 .debug_frame   0x000018ec       0x20 /home/laurence/ARM-GCC/bin/../lib/gcc/arm-none-eabi/4.7.4/../../../../arm-none-eabi/lib/armv7-m/libg.a(lib_a-strcpy.o)
 .debug_frame   0x0000190c       0x20 /home/laurence/ARM-GCC/bin/../lib/gcc/arm-none-eabi/4.7.4/../../../../arm-none-eabi/lib/armv7-m/libg.a(lib_a-strlen.o)
 .debug_frame   0x0000192c       0x2c /home/laurence/ARM-GCC/bin/../lib/gcc/arm-none-eabi/4.7.4/../../../../arm-none-eabi/lib/armv7-m/libg.a(lib_a-strpbrk.o)
 .debug_frame   0x00001958       0x2c /home/laurence/ARM-GCC/bin/../lib/gcc/arm-none-eabi/4.7.4/../../../../arm-none-eabi/lib/armv7-m/libg.a(lib_a-strspn.o)

Cross Reference Table

Symbol                                            File
Active_banddiv                                    /tmp/cce1gY1f.ltrans8.ltrans.o
                                                  /tmp/cce1gY1f.ltrans9.ltrans.o
BusFault_Handler                                  /tmp/cce1gY1f.ltrans0.ltrans.o
                                                  /tmp/cce1gY1f.ltrans6.ltrans.o
Command                                           /tmp/cce1gY1f.ltrans8.ltrans.o
                                                  /tmp/cce1gY1f.ltrans9.ltrans.o
                                                  /tmp/cce1gY1f.ltrans1.ltrans.o
Command_string                                    /tmp/cce1gY1f.ltrans8.ltrans.o
                                                  /tmp/cce1gY1f.ltrans9.ltrans.o
DebugMon_Handler                                  /tmp/cce1gY1f.ltrans0.ltrans.o
                                                  /tmp/cce1gY1f.ltrans6.ltrans.o
HardFault_Handler                                 /tmp/cce1gY1f.ltrans0.ltrans.o
                                                  /tmp/cce1gY1f.ltrans6.ltrans.o
MemManage_Handler                                 /tmp/cce1gY1f.ltrans0.ltrans.o
                                                  /tmp/cce1gY1f.ltrans6.ltrans.o
NMI_Handler                                       /tmp/cce1gY1f.ltrans0.ltrans.o
                                                  /tmp/cce1gY1f.ltrans6.ltrans.o
Outdiv                                            /tmp/cce1gY1f.ltrans8.ltrans.o
                                                  /tmp/cce1gY1f.ltrans9.ltrans.o
PendSV_Handler                                    /tmp/cce1gY1f.ltrans0.ltrans.o
                                                  /tmp/cce1gY1f.ltrans6.ltrans.o
Reset_Handler                                     /tmp/cce1gY1f.ltrans6.ltrans.o
SDU1                                              /tmp/cce1gY1f.ltrans9.ltrans.o
                                                  /tmp/cce1gY1f.ltrans6.ltrans.o
SI_Thread.11363                                   /tmp/cce1gY1f.ltrans8.ltrans.o
                                                  /tmp/cce1gY1f.ltrans6.ltrans.o
SPID1                                             /tmp/cce1gY1f.ltrans8.ltrans.o
                                                  /tmp/cce1gY1f.ltrans9.ltrans.o
                                                  /tmp/cce1gY1f.ltrans6.ltrans.o
SVC_Handler                                       /tmp/cce1gY1f.ltrans0.ltrans.o
                                                  /tmp/cce1gY1f.ltrans6.ltrans.o
Silabs_busy                                       /tmp/cce1gY1f.ltrans8.ltrans.o
                                                  /tmp/cce1gY1f.ltrans9.ltrans.o
                                                  /tmp/cce1gY1f.ltrans6.ltrans.o
                                                  /tmp/cce1gY1f.ltrans1.ltrans.o
SysTick_Handler                                   /tmp/cce1gY1f.ltrans0.ltrans.o
                                                  /tmp/cce1gY1f.ltrans6.ltrans.o
TestThread                                        /tmp/cce1gY1f.ltrans7.ltrans.o
                                                  /tmp/cce1gY1f.ltrans6.ltrans.o
Thread1.10843                                     /tmp/cce1gY1f.ltrans7.ltrans.o
                                                  /tmp/cce1gY1f.ltrans6.ltrans.o
USBD1                                             /tmp/cce1gY1f.ltrans7.ltrans.o
                                                  /tmp/cce1gY1f.ltrans6.ltrans.o
                                                  /tmp/cce1gY1f.ltrans3.ltrans.o
UsageFault_Handler                                /tmp/cce1gY1f.ltrans0.ltrans.o
                                                  /tmp/cce1gY1f.ltrans6.ltrans.o
Vector100                                         /tmp/cce1gY1f.ltrans0.ltrans.o
                                                  /tmp/cce1gY1f.ltrans6.ltrans.o
Vector104                                         /tmp/cce1gY1f.ltrans0.ltrans.o
                                                  /tmp/cce1gY1f.ltrans6.ltrans.o
Vector108                                         /tmp/cce1gY1f.ltrans0.ltrans.o
                                                  /tmp/cce1gY1f.ltrans6.ltrans.o
Vector10C                                         /tmp/cce1gY1f.ltrans0.ltrans.o
                                                  /tmp/cce1gY1f.ltrans6.ltrans.o
Vector110                                         /tmp/cce1gY1f.ltrans0.ltrans.o
                                                  /tmp/cce1gY1f.ltrans6.ltrans.o
Vector114                                         /tmp/cce1gY1f.ltrans0.ltrans.o
                                                  /tmp/cce1gY1f.ltrans6.ltrans.o
Vector118                                         /tmp/cce1gY1f.ltrans0.ltrans.o
                                                  /tmp/cce1gY1f.ltrans6.ltrans.o
Vector11C                                         /tmp/cce1gY1f.ltrans0.ltrans.o
                                                  /tmp/cce1gY1f.ltrans6.ltrans.o
Vector120                                         /tmp/cce1gY1f.ltrans0.ltrans.o
                                                  /tmp/cce1gY1f.ltrans6.ltrans.o
Vector124                                         /tmp/cce1gY1f.ltrans0.ltrans.o
                                                  /tmp/cce1gY1f.ltrans6.ltrans.o
Vector128                                         /tmp/cce1gY1f.ltrans0.ltrans.o
                                                  /tmp/cce1gY1f.ltrans6.ltrans.o
Vector12C                                         /tmp/cce1gY1f.ltrans0.ltrans.o
                                                  /tmp/cce1gY1f.ltrans6.ltrans.o
Vector130                                         /tmp/cce1gY1f.ltrans0.ltrans.o
                                                  /tmp/cce1gY1f.ltrans6.ltrans.o
Vector134                                         /tmp/cce1gY1f.ltrans0.ltrans.o
                                                  /tmp/cce1gY1f.ltrans6.ltrans.o
Vector138                                         /tmp/cce1gY1f.ltrans0.ltrans.o
                                                  /tmp/cce1gY1f.ltrans6.ltrans.o
Vector13C                                         /tmp/cce1gY1f.ltrans0.ltrans.o
                                                  /tmp/cce1gY1f.ltrans6.ltrans.o
Vector1C                                          /tmp/cce1gY1f.ltrans0.ltrans.o
                                                  /tmp/cce1gY1f.ltrans6.ltrans.o
Vector20                                          /tmp/cce1gY1f.ltrans0.ltrans.o
                                                  /tmp/cce1gY1f.ltrans6.ltrans.o
Vector24                                          /tmp/cce1gY1f.ltrans0.ltrans.o
                                                  /tmp/cce1gY1f.ltrans6.ltrans.o
Vector28                                          /tmp/cce1gY1f.ltrans0.ltrans.o
                                                  /tmp/cce1gY1f.ltrans6.ltrans.o
Vector34                                          /tmp/cce1gY1f.ltrans0.ltrans.o
                                                  /tmp/cce1gY1f.ltrans6.ltrans.o
Vector40                                          /tmp/cce1gY1f.ltrans0.ltrans.o
                                                  /tmp/cce1gY1f.ltrans6.ltrans.o
Vector44                                          /tmp/cce1gY1f.ltrans0.ltrans.o
                                                  /tmp/cce1gY1f.ltrans6.ltrans.o
Vector48                                          /tmp/cce1gY1f.ltrans0.ltrans.o
                                                  /tmp/cce1gY1f.ltrans6.ltrans.o
Vector4C                                          /tmp/cce1gY1f.ltrans0.ltrans.o
                                                  /tmp/cce1gY1f.ltrans6.ltrans.o
Vector50                                          /tmp/cce1gY1f.ltrans0.ltrans.o
                                                  /tmp/cce1gY1f.ltrans6.ltrans.o
Vector54                                          /tmp/cce1gY1f.ltrans0.ltrans.o
                                                  /tmp/cce1gY1f.ltrans6.ltrans.o
Vector58                                          /tmp/cce1gY1f.ltrans0.ltrans.o
                                                  /tmp/cce1gY1f.ltrans6.ltrans.o
Vector5C                                          /tmp/cce1gY1f.ltrans0.ltrans.o
                                                  /tmp/cce1gY1f.ltrans6.ltrans.o
Vector60                                          /tmp/cce1gY1f.ltrans0.ltrans.o
                                                  /tmp/cce1gY1f.ltrans6.ltrans.o
Vector64                                          /tmp/cce1gY1f.ltrans0.ltrans.o
                                                  /tmp/cce1gY1f.ltrans6.ltrans.o
Vector68                                          /tmp/cce1gY1f.ltrans0.ltrans.o
                                                  /tmp/cce1gY1f.ltrans6.ltrans.o
Vector6C                                          /tmp/cce1gY1f.ltrans4.ltrans.o
                                                  /tmp/cce1gY1f.ltrans6.ltrans.o
Vector70                                          /tmp/cce1gY1f.ltrans4.ltrans.o
                                                  /tmp/cce1gY1f.ltrans6.ltrans.o
Vector74                                          /tmp/cce1gY1f.ltrans4.ltrans.o