Archive member included because of file (symbol)

/home/laurence/ARM-GCC/bin/../lib/gcc/arm-none-eabi/4.7.4/armv7-m/libgcc.a(_arm_addsubdf3.o)
                              /tmp/ccCaVLui.ltrans6.ltrans.o (__aeabi_dsub)
/home/laurence/ARM-GCC/bin/../lib/gcc/arm-none-eabi/4.7.4/armv7-m/libgcc.a(_arm_muldivdf3.o)
                              /tmp/ccCaVLui.ltrans3.ltrans.o (__aeabi_dmul)
/home/laurence/ARM-GCC/bin/../lib/gcc/arm-none-eabi/4.7.4/armv7-m/libgcc.a(_arm_fixdfsi.o)
                              /tmp/ccCaVLui.ltrans6.ltrans.o (__aeabi_d2iz)
/home/laurence/ARM-GCC/bin/../lib/gcc/arm-none-eabi/4.7.4/armv7-m/libgcc.a(_arm_fixunsdfsi.o)
                              /tmp/ccCaVLui.ltrans3.ltrans.o (__aeabi_d2uiz)
/home/laurence/ARM-GCC/bin/../lib/gcc/arm-none-eabi/4.7.4/armv7-m/libgcc.a(_arm_truncdfsf2.o)
                              /tmp/ccCaVLui.ltrans6.ltrans.o (__aeabi_d2f)
/home/laurence/ARM-GCC/bin/../lib/gcc/arm-none-eabi/4.7.4/armv7-m/libgcc.a(_arm_addsubsf3.o)
                              /tmp/ccCaVLui.ltrans3.ltrans.o (__aeabi_fsub)
/home/laurence/ARM-GCC/bin/../lib/gcc/arm-none-eabi/4.7.4/armv7-m/libgcc.a(_arm_muldivsf3.o)
                              /tmp/ccCaVLui.ltrans3.ltrans.o (__aeabi_fmul)
/home/laurence/ARM-GCC/bin/../lib/gcc/arm-none-eabi/4.7.4/armv7-m/libgcc.a(_arm_cmpsf2.o)
                              /tmp/ccCaVLui.ltrans6.ltrans.o (__aeabi_fcmplt)
/home/laurence/ARM-GCC/bin/../lib/gcc/arm-none-eabi/4.7.4/armv7-m/libgcc.a(_arm_fixsfsi.o)
                              /tmp/ccCaVLui.ltrans6.ltrans.o (__aeabi_f2iz)
/home/laurence/ARM-GCC/bin/../lib/gcc/arm-none-eabi/4.7.4/armv7-m/libgcc.a(_arm_fixunssfsi.o)
                              /tmp/ccCaVLui.ltrans3.ltrans.o (__aeabi_f2uiz)
/home/laurence/ARM-GCC/bin/../lib/gcc/arm-none-eabi/4.7.4/../../../../arm-none-eabi/lib/armv7-m/libg.a(lib_a-memset.o)
                              /tmp/ccCaVLui.ltrans5.ltrans.o (memset)
/home/laurence/ARM-GCC/bin/../lib/gcc/arm-none-eabi/4.7.4/../../../../arm-none-eabi/lib/armv7-m/libg.a(lib_a-strcasecmp.o)
                              /tmp/ccCaVLui.ltrans10.ltrans.o (strcasecmp)
/home/laurence/ARM-GCC/bin/../lib/gcc/arm-none-eabi/4.7.4/../../../../arm-none-eabi/lib/armv7-m/libg.a(lib_a-strlen.o)
                              /tmp/ccCaVLui.ltrans1.ltrans.o (strlen)
/home/laurence/ARM-GCC/bin/../lib/gcc/arm-none-eabi/4.7.4/../../../../arm-none-eabi/lib/armv7-m/libg.a(lib_a-strncpy.o)
                              /tmp/ccCaVLui.ltrans1.ltrans.o (strncpy)
/home/laurence/ARM-GCC/bin/../lib/gcc/arm-none-eabi/4.7.4/../../../../arm-none-eabi/lib/armv7-m/libg.a(lib_a-strpbrk.o)
                              /tmp/ccCaVLui.ltrans5.ltrans.o (strpbrk)
/home/laurence/ARM-GCC/bin/../lib/gcc/arm-none-eabi/4.7.4/../../../../arm-none-eabi/lib/armv7-m/libg.a(lib_a-strspn.o)
                              /tmp/ccCaVLui.ltrans5.ltrans.o (strspn)
/home/laurence/ARM-GCC/bin/../lib/gcc/arm-none-eabi/4.7.4/../../../../arm-none-eabi/lib/armv7-m/libg.a(lib_a-ctype_.o)
                              /home/laurence/ARM-GCC/bin/../lib/gcc/arm-none-eabi/4.7.4/../../../../arm-none-eabi/lib/armv7-m/libg.a(lib_a-strcasecmp.o) (__ctype_ptr__)

Discarded input sections

 .data          0x00000000        0x0 build/obj/chcoreasm_v7m.o
 .bss           0x00000000        0x0 build/obj/chcoreasm_v7m.o
 .text          0x00000000        0x0 build/obj/crt0.o (symbol from plugin)
 .text          0x00000000        0x0 /tmp/ccCaVLui.ltrans0.ltrans.o
 .data          0x00000000        0x0 /tmp/ccCaVLui.ltrans0.ltrans.o
 .bss           0x00000000        0x0 /tmp/ccCaVLui.ltrans0.ltrans.o
 .text          0x00000000        0x0 /tmp/ccCaVLui.ltrans1.ltrans.o
 .data          0x00000000        0x0 /tmp/ccCaVLui.ltrans1.ltrans.o
 .bss           0x00000000        0x0 /tmp/ccCaVLui.ltrans1.ltrans.o
 .text          0x00000000        0x0 /tmp/ccCaVLui.ltrans2.ltrans.o
 .data          0x00000000        0x0 /tmp/ccCaVLui.ltrans2.ltrans.o
 .bss           0x00000000        0x0 /tmp/ccCaVLui.ltrans2.ltrans.o
 .text          0x00000000        0x0 /tmp/ccCaVLui.ltrans3.ltrans.o
 .data          0x00000000        0x0 /tmp/ccCaVLui.ltrans3.ltrans.o
 .bss           0x00000000        0x0 /tmp/ccCaVLui.ltrans3.ltrans.o
 .text          0x00000000        0x0 /tmp/ccCaVLui.ltrans4.ltrans.o
 .data          0x00000000        0x0 /tmp/ccCaVLui.ltrans4.ltrans.o
 .bss           0x00000000        0x0 /tmp/ccCaVLui.ltrans4.ltrans.o
 .text          0x00000000        0x0 /tmp/ccCaVLui.ltrans5.ltrans.o
 .data          0x00000000        0x0 /tmp/ccCaVLui.ltrans5.ltrans.o
 .bss           0x00000000        0x0 /tmp/ccCaVLui.ltrans5.ltrans.o
 .text          0x00000000        0x0 /tmp/ccCaVLui.ltrans6.ltrans.o
 .data          0x00000000        0x0 /tmp/ccCaVLui.ltrans6.ltrans.o
 .bss           0x00000000        0x0 /tmp/ccCaVLui.ltrans6.ltrans.o
 .text          0x00000000        0x0 /tmp/ccCaVLui.ltrans7.ltrans.o
 .data          0x00000000        0x0 /tmp/ccCaVLui.ltrans7.ltrans.o
[...]
Memory Configuration

Name             Origin             Length             Attributes
flash            0x08000000         0x00020000
ram              0x20000000         0x00005000
*default*        0x00000000         0xffffffff

Linker script and memory map

LOAD build/obj/chcoreasm_v7m.o
LOAD build/obj/crt0.o
LOAD /tmp/ccCaVLui.ltrans0.ltrans.o
LOAD /tmp/ccCaVLui.ltrans1.ltrans.o
LOAD /tmp/ccCaVLui.ltrans2.ltrans.o
LOAD /tmp/ccCaVLui.ltrans3.ltrans.o
LOAD /tmp/ccCaVLui.ltrans4.ltrans.o
LOAD /tmp/ccCaVLui.ltrans5.ltrans.o
LOAD /tmp/ccCaVLui.ltrans6.ltrans.o
LOAD /tmp/ccCaVLui.ltrans7.ltrans.o
LOAD /tmp/ccCaVLui.ltrans8.ltrans.o
LOAD /tmp/ccCaVLui.ltrans9.ltrans.o
LOAD /tmp/ccCaVLui.ltrans10.ltrans.o
LOAD /home/laurence/ARM-GCC/bin/../lib/gcc/arm-none-eabi/4.7.4/armv7-m/libgcc.a
LOAD /home/laurence/ARM-GCC/bin/../lib/gcc/arm-none-eabi/4.7.4/../../../../arm-none-eabi/lib/armv7-m/libg.a
LOAD /home/laurence/ARM-GCC/bin/../lib/gcc/arm-none-eabi/4.7.4/../../../../arm-none-eabi/lib/armv7-m/libc.a
LOAD build/obj/vectors.o
LOAD build/obj/chcore.o
LOAD build/obj/chcore_v7m.o
LOAD build/obj/chsys.o
LOAD build/obj/chdebug.o
LOAD build/obj/chtm.o
LOAD build/obj/chstats.o
LOAD build/obj/chschd.o
LOAD build/obj/chvt.o
LOAD build/obj/chthreads.o
LOAD build/obj/chdynamic.o
LOAD build/obj/chregistry.o
LOAD build/obj/chsem.o
LOAD build/obj/chmtx.o
LOAD build/obj/chcond.o
LOAD build/obj/chevents.o
LOAD build/obj/chmsg.o
LOAD build/obj/chmboxes.o
LOAD build/obj/chqueues.o
LOAD build/obj/chmemcore.o
LOAD build/obj/chheap.o
LOAD build/obj/chmempools.o
LOAD build/obj/test.o
LOAD build/obj/testthd.o
LOAD build/obj/testsem.o
LOAD build/obj/testmtx.o
LOAD build/obj/testmsg.o
LOAD build/obj/testmbox.o
LOAD build/obj/testevt.o
LOAD build/obj/testheap.o
LOAD build/obj/testpools.o
LOAD build/obj/testdyn.o
LOAD build/obj/testqueues.o
LOAD build/obj/testbmk.o
LOAD build/obj/hal.o
LOAD build/obj/hal_queues.o
LOAD build/obj/hal_mmcsd.o
LOAD build/obj/adc.o
LOAD build/obj/can.o
LOAD build/obj/dac.o
LOAD build/obj/ext.o
LOAD build/obj/gpt.o
LOAD build/obj/i2c.o
LOAD build/obj/i2s.o
LOAD build/obj/icu.o
LOAD build/obj/mac.o
LOAD build/obj/mmc_spi.o
LOAD build/obj/pal.o
LOAD build/obj/pwm.o
LOAD build/obj/rtc.o
LOAD build/obj/sdc.o
LOAD build/obj/serial.o
LOAD build/obj/serial_usb.o
LOAD build/obj/spi.o
LOAD build/obj/st.o
LOAD build/obj/uart.o
LOAD build/obj/usb.o
LOAD build/obj/osal.o
LOAD build/obj/nvic.o
LOAD build/obj/stm32_dma.o
LOAD build/obj/hal_lld.o
LOAD build/obj/adc_lld.o
LOAD build/obj/ext_lld_isr.o
LOAD build/obj/can_lld.o
LOAD build/obj/ext_lld.o
LOAD build/obj/mac_lld.o
LOAD build/obj/sdc_lld.o
LOAD build/obj/pal_lld.o
LOAD build/obj/i2c_lld.o
LOAD build/obj/rtc_lld.o
LOAD build/obj/spi_lld.o
LOAD build/obj/gpt_lld.o
LOAD build/obj/icu_lld.o
LOAD build/obj/pwm_lld.o
LOAD build/obj/st_lld.o
LOAD build/obj/serial_lld.o
LOAD build/obj/uart_lld.o
LOAD build/obj/usb_lld.o
LOAD build/obj/board.o
LOAD build/obj/shell.o
LOAD build/obj/chprintf.o
LOAD build/obj/main.o
LOAD build/obj/usbcfg.o
LOAD build/obj/Si446x_thread.o
                0x20000000                __ram_start__ = ORIGIN (ram)
                0x00005000                __ram_size__ = 0x5000
                0x20005000                __ram_end__ = (__ram_start__ + __ram_size__)
                0x00000000                . = 0x0
                0x00000000                _text = .

startup         0x08000000      0x140
 *(vectors)
 vectors        0x08000000      0x140 /tmp/ccCaVLui.ltrans2.ltrans.o
                0x08000000                _vectors

constructors    0x08000140        0x0
                0x08000140                PROVIDE (__init_array_start, .)
 *(SORT(.init_array.*))
 *(.init_array)
                0x08000140                PROVIDE (__init_array_end, .)

destructors     0x08000140        0x0
                0x08000140                PROVIDE (__fini_array_start, .)
 *(.fini_array)
 *(SORT(.fini_array.*))
                0x08000140                PROVIDE (__fini_array_end, .)

.text           0x08000140     0xbb84
 *(.text.startup.*)
 .text.startup.main.4457
                0x08000140      0x5b0 /tmp/ccCaVLui.ltrans2.ltrans.o
 *(.text)
 .text          0x080006f0       0x26 build/obj/chcoreasm_v7m.o
                0x080006f0                _port_switch
                0x08000700                _port_thread_start
                0x0800070e                _port_switch_from_isr
                0x08000712                _port_exit_from_isr
 *fill*         0x08000716        0xa 00
 .text          0x08000720      0x370 /home/laurence/ARM-GCC/bin/../lib/gcc/arm-none-eabi/4.7.4/armv7-m/libgcc.a(_arm_addsubdf3.o)
                0x08000720                __aeabi_drsub
                0x08000728                __aeabi_dsub
                0x08000728                __subdf3
                0x0800072c                __adddf3
                0x0800072c                __aeabi_dadd
                0x080009a4                __aeabi_ui2d
                0x080009a4                __floatunsidf
                0x080009c4                __floatsidf
                0x080009c4                __aeabi_i2d
                0x080009e8                __extendsfdf2
                0x080009e8                __aeabi_f2d
                0x08000a24                __aeabi_ul2d
                0x08000a24                __floatundidf
                0x08000a34                __floatdidf
                0x08000a34                __aeabi_l2d
 .text          0x08000a90      0x424 /home/laurence/ARM-GCC/bin/../lib/gcc/arm-none-eabi/4.7.4/armv7-m/libgcc.a(_arm_muldivdf3.o)
                0x08000a90                __aeabi_dmul
                0x08000a90                __muldf3
                0x08000ce4                __aeabi_ddiv
                0x08000ce4                __divdf3
 *fill*         0x08000eb4        0xc 00
 .text          0x08000ec0       0x50 /home/laurence/ARM-GCC/bin/../lib/gcc/arm-none-eabi/4.7.4/armv7-m/libgcc.a(_arm_fixdfsi.o)
                0x08000ec0                __fixdfsi
                0x08000ec0                __aeabi_d2iz
 .text          0x08000f10       0x40 /home/laurence/ARM-GCC/bin/../lib/gcc/arm-none-eabi/4.7.4/armv7-m/libgcc.a(_arm_fixunsdfsi.o)
                0x08000f10                __fixunsdfsi
                0x08000f10                __aeabi_d2uiz
 .text          0x08000f50       0xa0 /home/laurence/ARM-GCC/bin/../lib/gcc/arm-none-eabi/4.7.4/armv7-m/libgcc.a(_arm_truncdfsf2.o)
                0x08000f50                __aeabi_d2f
                0x08000f50                __truncdfsf2
 .text          0x08000ff0      0x21c /home/laurence/ARM-GCC/bin/../lib/gcc/arm-none-eabi/4.7.4/armv7-m/libgcc.a(_arm_addsubsf3.o)
                0x08000ff0                __aeabi_frsub
                0x08000ff8                __subsf3
                0x08000ff8                __aeabi_fsub
                0x08000ffc                __aeabi_fadd
                0x08000ffc                __addsf3
                0x0800115c                __aeabi_ui2f
                0x0800115c                __floatunsisf
                0x08001164                __aeabi_i2f
                0x08001164                __floatsisf
                0x08001180                __floatundisf
                0x08001180                __aeabi_ul2f
                0x08001190                __floatdisf
                0x08001190                __aeabi_l2f
 *fill*         0x0800120c        0x4 00
 .text          0x08001210      0x2a0 /home/laurence/ARM-GCC/bin/../lib/gcc/arm-none-eabi/4.7.4/armv7-m/libgcc.a(_arm_muldivsf3.o)
                0x08001210                __mulsf3
                0x08001210                __aeabi_fmul
                0x08001378                __divsf3
                0x08001378                __aeabi_fdiv
 .text          0x080014b0       0xec /home/laurence/ARM-GCC/bin/../lib/gcc/arm-none-eabi/4.7.4/armv7-m/libgcc.a(_arm_cmpsf2.o)
                0x080014b0                __gtsf2
                0x080014b0                __gesf2
                0x080014b8                __lesf2
                0x080014b8                __ltsf2
                0x080014c0                __nesf2
                0x080014c0                __eqsf2
                0x080014c0                __cmpsf2
                0x08001520                __aeabi_cfrcmple
                0x08001528                __aeabi_cfcmple
                0x08001528                __aeabi_cfcmpeq
                0x08001538                __aeabi_fcmpeq
                0x0800154c                __aeabi_fcmplt
                0x08001560                __aeabi_fcmple
                0x08001574                __aeabi_fcmpge
                0x08001588                __aeabi_fcmpgt
 *fill*         0x0800159c        0x4 00
 .text          0x080015a0       0x4c /home/laurence/ARM-GCC/bin/../lib/gcc/arm-none-eabi/4.7.4/armv7-m/libgcc.a(_arm_fixsfsi.o)
                0x080015a0                __fixsfsi
                0x080015a0                __aeabi_f2iz
 *fill*         0x080015ec        0x4 00
 .text          0x080015f0       0x40 /home/laurence/ARM-GCC/bin/../lib/gcc/arm-none-eabi/4.7.4/armv7-m/libgcc.a(_arm_fixunssfsi.o)
                0x080015f0                __aeabi_f2uiz
                0x080015f0                __fixunssfsi
 *(.text.*)
 .text.null_provider.7957
                0x08001630       0x10 /tmp/ccCaVLui.ltrans0.ltrans.o
                0x08001630                null_provider.7957
 .text.tmr.6612
                0x08001640       0x10 /tmp/ccCaVLui.ltrans0.ltrans.o
                0x08001640                tmr.6612
 .text.chCoreAlloc
                0x08001650       0x40 /tmp/ccCaVLui.ltrans0.ltrans.o
                0x08001650                chCoreAlloc
 .text.wakeup.4589
                0x08001690       0x60 /tmp/ccCaVLui.ltrans0.ltrans.o
                0x08001690                wakeup.4589
 .text._idle_thread.4288
                0x080016f0       0x20 /tmp/ccCaVLui.ltrans0.ltrans.o
                0x080016f0                _idle_thread.4288
 .text.SVC_Handler
                0x08001710       0x20 /tmp/ccCaVLui.ltrans0.ltrans.o
                0x08001710                SVC_Handler
 .text.test_terminate_threads
                0x08001730       0x80 /tmp/ccCaVLui.ltrans0.ltrans.o
                0x08001730                test_terminate_threads
 .text._test_assert_time_window
                0x080017b0       0x50 /tmp/ccCaVLui.ltrans0.ltrans.o
                0x080017b0                _test_assert_time_window
 .text._test_assert_sequence
                0x08001800       0x90 /tmp/ccCaVLui.ltrans0.ltrans.o
                0x08001800                _test_assert_sequence
 .text._test_assert
                0x08001890       0x30 /tmp/ccCaVLui.ltrans0.ltrans.o
                0x08001890                _test_assert
 .text.test_emit_token
                0x080018c0       0x20 /tmp/ccCaVLui.ltrans0.ltrans.o
                0x080018c0                test_emit_token
 .text.thread.8077
                0x080018e0       0x10 /tmp/ccCaVLui.ltrans0.ltrans.o
                0x080018e0                thread.8077
 .text.h1.7730  0x080018f0       0x10 /tmp/ccCaVLui.ltrans0.ltrans.o
                0x080018f0                h1.7730
 .text.h2.7727  0x08001900       0x10 /tmp/ccCaVLui.ltrans0.ltrans.o
                0x08001900                h2.7727
 .text.h3.7724  0x08001910       0x10 /tmp/ccCaVLui.ltrans0.ltrans.o
                0x08001910                h3.7724
 .text.thread.6821.4130
                0x08001920       0x10 /tmp/ccCaVLui.ltrans0.ltrans.o
 .text.test_println
                0x08001930       0x30 /tmp/ccCaVLui.ltrans0.ltrans.o
                0x08001930                test_println
 .text.test_print
                0x08001960       0x20 /tmp/ccCaVLui.ltrans0.ltrans.o
                0x08001960                test_print
 .text.test_printn
                0x08001980       0x90 /tmp/ccCaVLui.ltrans0.ltrans.o
                0x08001980                test_printn
 .text.print_line.6617
                0x08001a10       0x40 /tmp/ccCaVLui.ltrans0.ltrans.o
                0x08001a10                print_line.6617
 .text.chPoolAlloc
                0x08001a50       0x30 /tmp/ccCaVLui.ltrans0.ltrans.o
                0x08001a50                chPoolAlloc
 .text.chEvtUnregister
                0x08001a80       0x30 /tmp/ccCaVLui.ltrans0.ltrans.o
                0x08001a80                chEvtUnregister
 .text.chThdYield
                0x08001ab0       0x50 /tmp/ccCaVLui.ltrans0.ltrans.o
                0x08001ab0                chThdYield
 .text.chThdCreateI
                0x08001b00       0x70 /tmp/ccCaVLui.ltrans0.ltrans.o
                0x08001b00                chThdCreateI
 .text.chSchDoRescheduleAhead
                0x08001b70       0x40 /tmp/ccCaVLui.ltrans0.ltrans.o
                0x08001b70                chSchDoRescheduleAhead
 .text.chSchRescheduleS
                0x08001bb0       0x20 /tmp/ccCaVLui.ltrans0.ltrans.o
                0x08001bb0                chSchRescheduleS
 .text.chThdSetPriority.4334
                0x08001bd0       0x30 /tmp/ccCaVLui.ltrans0.ltrans.o
 .text.thd3_execute.6824
                0x08001c00      0x150 /tmp/ccCaVLui.ltrans0.ltrans.o
                0x08001c00                thd3_execute.6824
 .text.chSchWakeupS
                0x08001d50       0x60 /tmp/ccCaVLui.ltrans0.ltrans.o
                0x08001d50                chSchWakeupS
 .text.chMtxUnlock
                0x08001db0       0x60 /tmp/ccCaVLui.ltrans0.ltrans.o
                0x08001db0                chMtxUnlock
 .text.chSemSignal
                0x08001e10       0x30 /tmp/ccCaVLui.ltrans0.ltrans.o
                0x08001e10                chSemSignal
 .text.chThdCreateStatic
                0x08001e40       0x80 /tmp/ccCaVLui.ltrans0.ltrans.o
                0x08001e40                chThdCreateStatic
 .text.chSchGoSleepS
                0x08001ec0       0x30 /tmp/ccCaVLui.ltrans0.ltrans.o
                0x08001ec0                chSchGoSleepS
 .text.chMsgWait
                0x08001ef0       0x40 /tmp/ccCaVLui.ltrans0.ltrans.o
                0x08001ef0                chMsgWait
 .text.chSemWait
                0x08001f30       0x40 /tmp/ccCaVLui.ltrans0.ltrans.o
                0x08001f30                chSemWait
 .text.thread1.7054
                0x08001f70       0x20 /tmp/ccCaVLui.ltrans0.ltrans.o
                0x08001f70                thread1.7054
 .text.thread3.7057
                0x08001f90       0x20 /tmp/ccCaVLui.ltrans0.ltrans.o
                0x08001f90                thread3.7057
 .text._port_irq_epilogue
                0x08001fb0       0x60 /tmp/ccCaVLui.ltrans0.ltrans.o
                0x08001fb0                _port_irq_epilogue
 .text.chSchReadyI
                0x08002010       0x20 /tmp/ccCaVLui.ltrans0.ltrans.o
                0x08002010                chSchReadyI
 .text.chMsgSend
                0x08002030       0x40 /tmp/ccCaVLui.ltrans0.ltrans.o
                0x08002030                chMsgSend
 .text.thread.7390
                0x08002070       0x20 /tmp/ccCaVLui.ltrans0.ltrans.o
                0x08002070                thread.7390
 .text.chEvtSignalI
                0x08002090       0x30 /tmp/ccCaVLui.ltrans0.ltrans.o
                0x08002090                chEvtSignalI
 .text.chEvtBroadcastFlagsI
                0x080020c0       0x30 /tmp/ccCaVLui.ltrans0.ltrans.o
                0x080020c0                chEvtBroadcastFlagsI
 .text.chMtxUnlockAll
                0x080020f0       0x60 /tmp/ccCaVLui.ltrans0.ltrans.o
                0x080020f0                chMtxUnlockAll
 .text.chMtxUnlockS
                0x08002150       0x50 /tmp/ccCaVLui.ltrans0.ltrans.o
                0x08002150                chMtxUnlockS
 .text.chMtxLockS
                0x080021a0       0xd0 /tmp/ccCaVLui.ltrans0.ltrans.o
                0x080021a0                chMtxLockS
 .text.chMtxLock
                0x08002270       0x20 /tmp/ccCaVLui.ltrans0.ltrans.o
                0x08002270                chMtxLock
 .text.thread1.7272.4114
                0x08002290       0x30 /tmp/ccCaVLui.ltrans0.ltrans.o
 .text.thread12.7263
                0x080022c0       0x30 /tmp/ccCaVLui.ltrans0.ltrans.o
                0x080022c0                thread12.7263
 .text.chHeapStatus
                0x080022f0       0x40 /tmp/ccCaVLui.ltrans0.ltrans.o
                0x080022f0                chHeapStatus
 .text.chHeapFree.4233
                0x08002330       0x90 /tmp/ccCaVLui.ltrans0.ltrans.o
 .text.chThdRelease
                0x080023c0       0x60 /tmp/ccCaVLui.ltrans0.ltrans.o
                0x080023c0                chThdRelease
 .text.chThdWait
                0x08002420       0x40 /tmp/ccCaVLui.ltrans0.ltrans.o
                0x08002420                chThdWait
 .text.test_wait_threads
                0x08002460       0x50 /tmp/ccCaVLui.ltrans0.ltrans.o
                0x08002460                test_wait_threads
 .text.mtx1_execute.7299
                0x080024b0       0xe0 /tmp/ccCaVLui.ltrans0.ltrans.o
                0x080024b0                mtx1_execute.7299
 .text.thd1_execute.6828
                0x08002590       0xe0 /tmp/ccCaVLui.ltrans0.ltrans.o
                0x08002590                thd1_execute.6828
 .text.thd2_execute.6826
                0x08002670      0x100 /tmp/ccCaVLui.ltrans0.ltrans.o
                0x08002670                thd2_execute.6826
 .text.chRegNextThread
                0x08002770       0x30 /tmp/ccCaVLui.ltrans0.ltrans.o
                0x08002770                chRegNextThread
 .text.regfind.8080
                0x080027a0       0x40 /tmp/ccCaVLui.ltrans0.ltrans.o
                0x080027a0                regfind.8080
 .text.chHeapAlloc.4244
                0x080027e0       0x90 /tmp/ccCaVLui.ltrans0.ltrans.o
 .text.heap1_execute.7927
                0x08002870      0x250 /tmp/ccCaVLui.ltrans0.ltrans.o
                0x08002870                heap1_execute.7927
 .text.chThdCreateFromHeap
                0x08002ac0       0x40 /tmp/ccCaVLui.ltrans0.ltrans.o
                0x08002ac0                chThdCreateFromHeap
 .text.dyn1_execute.8094
                0x08002b00      0x100 /tmp/ccCaVLui.ltrans0.ltrans.o
                0x08002b00                dyn1_execute.8094
 .text.chSemSignalI
                0x08002c00       0x20 /tmp/ccCaVLui.ltrans0.ltrans.o
                0x08002c00                chSemSignalI
 .text.chSemResetI
                0x08002c20       0x70 /tmp/ccCaVLui.ltrans0.ltrans.o
                0x08002c20                chSemResetI
 .text.chThdExitS
                0x08002c90       0x40 /tmp/ccCaVLui.ltrans0.ltrans.o
                0x08002c90                chThdExitS
 .text.chTMStopMeasurementX
                0x08002cd0       0x50 /tmp/ccCaVLui.ltrans0.ltrans.o
                0x08002cd0                chTMStopMeasurementX
 .text.chTMStartMeasurementX
                0x08002d20       0x10 /tmp/ccCaVLui.ltrans0.ltrans.o
                0x08002d20                chTMStartMeasurementX
 .text._unhandled_exception.4399
                0x08002d30       0x10 /tmp/ccCaVLui.ltrans0.ltrans.o
                0x08002d30                Vector58
                0x08002d30                VectorE8
                0x08002d30                Vector9C
                0x08002d30                VectorAC
                0x08002d30                DebugMon_Handler
                0x08002d30                Vector5C
                0x08002d30                Vector11C
                0x08002d30                HardFault_Handler
                0x08002d30                SysTick_Handler
                0x08002d30                VectorDC
                0x08002d30                PendSV_Handler
                0x08002d30                NMI_Handler
                0x08002d30                Vector110
                0x08002d30                Vector120
                0x08002d30                VectorC8
                0x08002d30                Vector94
                0x08002d30                VectorA8
                0x08002d30                UsageFault_Handler
                0x08002d30                VectorEC
                0x08002d30                Vector40
                0x08002d30                VectorF8
                0x08002d30                Vector108
                0x08002d30                VectorBC
                0x08002d30                Vector124
                0x08002d30                Vector118
                0x08002d30                Vector64
                0x08002d30                VectorCC
                0x08002d30                Vector54
                0x08002d30                Vector98
                0x08002d30                VectorD8
                0x08002d30                Vector138
                0x08002d30                Vector24
                0x08002d30                VectorD0
                0x08002d30                VectorE4
                0x08002d30                VectorC0
                0x08002d30                Vector130
                0x08002d30                Vector134
                0x08002d30                VectorF0
                0x08002d30                Vector12C
                0x08002d30                Vector13C
                0x08002d30                Vector100
                0x08002d30                VectorE0
                0x08002d30                VectorF4
                0x08002d30                MemManage_Handler
                0x08002d30                VectorA0
                0x08002d30                VectorC4
                0x08002d30                Vector114
                0x08002d30                Vector60
                0x08002d30                Vector1C
                0x08002d30                Vector48
                0x08002d30                VectorD4
                0x08002d30                Vector4C
                0x08002d30                Vector68
                0x08002d30                Vector88
                0x08002d30                Vector104
                0x08002d30                Vector10C
                0x08002d30                BusFault_Handler
                0x08002d30                Vector50
                0x08002d30                Vector44
                0x08002d30                Vector28
                0x08002d30                VectorFC
                0x08002d30                Vector34
                0x08002d30                Vector128
                0x08002d30                VectorA4
                0x08002d30                Vector20
 .text.mbox1_execute.7599
                0x08002d40      0x7a0 /tmp/ccCaVLui.ltrans1.ltrans.o
                0x08002d40                mbox1_execute.7599
 .text.silabs_send_packet.4130
                0x080034e0       0x90 /tmp/ccCaVLui.ltrans1.ltrans.o
 .text.sduDataTransmitted
                0x08003570       0x90 /tmp/ccCaVLui.ltrans1.ltrans.o
                0x08003570                sduDataTransmitted
 .text._usb_ep0setup
                0x08003600      0x3f0 /tmp/ccCaVLui.ltrans1.ltrans.o
                0x08003600                _usb_ep0setup
 .text.mtx5_execute.7301
                0x080039f0      0x100 /tmp/ccCaVLui.ltrans2.ltrans.o
                0x080039f0                mtx5_execute.7301
 .text.chIQPutI.4391
                0x08003af0       0x50 /tmp/ccCaVLui.ltrans2.ltrans.o
 .text.queues1_execute.8272
                0x08003b40      0x2d0 /tmp/ccCaVLui.ltrans2.ltrans.o
                0x08003b40                queues1_execute.8272
 .text.bmk9_execute.8477
                0x08003e10       0xb0 /tmp/ccCaVLui.ltrans2.ltrans.o
                0x08003e10                bmk9_execute.8477
 .text.cmd_threads.11062
                0x08003ec0       0x80 /tmp/ccCaVLui.ltrans2.ltrans.o
                0x08003ec0                cmd_threads.11062
 .text.silabs_set_channel
                0x08003f40       0xa0 /tmp/ccCaVLui.ltrans2.ltrans.o
                0x08003f40                silabs_set_channel
 .text.Reset_Handler
                0x08003fe0      0x220 /tmp/ccCaVLui.ltrans2.ltrans.o
                0x08003fe0                Reset_Handler
 .text._usb_ep0in
                0x08004200       0xd0 /tmp/ccCaVLui.ltrans3.ltrans.o
                0x08004200                _usb_ep0in
 .text.thread4.7051
                0x080042d0       0x20 /tmp/ccCaVLui.ltrans3.ltrans.o
                0x080042d0                thread4.7051
 .text.thread2.7700
                0x080042f0       0x50 /tmp/ccCaVLui.ltrans3.ltrans.o
                0x080042f0                thread2.7700
 .text.usb_event.11388
                0x08004340       0xb0 /tmp/ccCaVLui.ltrans3.ltrans.o
                0x08004340                usb_event.11388
 .text.chOQGetI.constprop.24.4427
                0x080043f0       0x50 /tmp/ccCaVLui.ltrans3.ltrans.o
 .text.queues2_execute.8268
                0x08004440      0x2a0 /tmp/ccCaVLui.ltrans3.ltrans.o
                0x08004440                queues2_execute.8268
 .text.si446x_spi
                0x080046e0      0x180 /tmp/ccCaVLui.ltrans3.ltrans.o
                0x080046e0                si446x_spi
 .text.si446x_set_frequency
                0x08004860      0x1c0 /tmp/ccCaVLui.ltrans3.ltrans.o
                0x08004860                si446x_set_frequency
 .text.si446x_initialise
                0x08004a20      0x560 /tmp/ccCaVLui.ltrans3.ltrans.o
                0x08004a20                si446x_initialise
 .text.chMBPost.constprop.30
                0x08004f80       0x50 /tmp/ccCaVLui.ltrans3.ltrans.o
                0x08004f80                chMBPost.constprop.30
 .text.mtx7_setup.7285
                0x08004fd0       0x20 /tmp/ccCaVLui.ltrans4.ltrans.o
                0x08004fd0                mtx7_setup.7285
 .text.mtx6_setup.7287
                0x08004ff0       0x20 /tmp/ccCaVLui.ltrans4.ltrans.o
                0x08004ff0                mtx6_setup.7287
 .text.mtx5_setup.7289
                0x08005010       0x20 /tmp/ccCaVLui.ltrans4.ltrans.o
                0x08005010                mtx5_setup.7289
 .text.mtx4_setup.7291
                0x08005030       0x20 /tmp/ccCaVLui.ltrans4.ltrans.o
                0x08005030                mtx4_setup.7291
 .text.mtx1_setup.7293
                0x08005050       0x20 /tmp/ccCaVLui.ltrans4.ltrans.o
                0x08005050                mtx1_setup.7293
 .text.bmk12_setup.8464
                0x08005070       0x20 /tmp/ccCaVLui.ltrans4.ltrans.o
                0x08005070                bmk12_setup.8464
 .text.queues2_setup.8259
                0x08005090       0x40 /tmp/ccCaVLui.ltrans4.ltrans.o
                0x08005090                queues2_setup.8259
 .text.spi_lld_serve_tx_interrupt.9951
                0x080050d0       0x20 /tmp/ccCaVLui.ltrans4.ltrans.o
                0x080050d0                spi_lld_serve_tx_interrupt.9951
 .text.queues1_setup.8264
                0x080050f0       0x30 /tmp/ccCaVLui.ltrans4.ltrans.o
                0x080050f0                queues1_setup.8264
 .text.mbox1_setup.7601
                0x08005120       0x40 /tmp/ccCaVLui.ltrans4.ltrans.o
                0x08005120                mbox1_setup.7601
 .text.sem3_setup.7070
                0x08005160       0x20 /tmp/ccCaVLui.ltrans4.ltrans.o
                0x08005160                sem3_setup.7070
 .text.sem2_setup.7072
                0x08005180       0x20 /tmp/ccCaVLui.ltrans4.ltrans.o
                0x08005180                sem2_setup.7072
 .text.sem1_setup.7074
                0x080051a0       0x20 /tmp/ccCaVLui.ltrans4.ltrans.o
                0x080051a0                sem1_setup.7074
 .text.bmk11_setup.8468
                0x080051c0       0x20 /tmp/ccCaVLui.ltrans4.ltrans.o
                0x080051c0                bmk11_setup.8468
 .text.bmk7_setup.8470
                0x080051e0       0x20 /tmp/ccCaVLui.ltrans4.ltrans.o
                0x080051e0                bmk7_setup.8470
 .text.dyn2_setup.8092
                0x08005200       0x20 /tmp/ccCaVLui.ltrans4.ltrans.o
                0x08005200                dyn2_setup.8092
 .text.pools1_setup.7960
                0x08005220       0x20 /tmp/ccCaVLui.ltrans4.ltrans.o
                0x08005220                pools1_setup.7960
 .text.spi_lld_serve_rx_interrupt.9955
                0x08005240       0x80 /tmp/ccCaVLui.ltrans4.ltrans.o
                0x08005240                spi_lld_serve_rx_interrupt.9955
 .text.sem1_execute.7091
                0x080052c0      0x180 /tmp/ccCaVLui.ltrans4.ltrans.o
                0x080052c0                sem1_execute.7091
 .text.sem3_execute.7095
                0x08005440       0xa0 /tmp/ccCaVLui.ltrans4.ltrans.o
                0x08005440                sem3_execute.7095
 .text.gpt_lld_start
                0x080054e0       0xd0 /tmp/ccCaVLui.ltrans4.ltrans.o
                0x080054e0                gpt_lld_start
 .text.chVTDoResetI
                0x080055b0       0x60 /tmp/ccCaVLui.ltrans4.ltrans.o
                0x080055b0                chVTDoResetI
 .text.chVTDoSetI
                0x08005610       0x90 /tmp/ccCaVLui.ltrans4.ltrans.o
                0x08005610                chVTDoSetI
 .text.thread11.7269
                0x080056a0       0x90 /tmp/ccCaVLui.ltrans4.ltrans.o
                0x080056a0                thread11.7269
 .text.chSchGoSleepTimeoutS
                0x08005730       0x50 /tmp/ccCaVLui.ltrans4.ltrans.o
                0x08005730                chSchGoSleepTimeoutS
 .text.chThdEnqueueTimeoutS.4427
                0x08005780       0x30 /tmp/ccCaVLui.ltrans4.ltrans.o
 .text.chIQGetTimeout
                0x080057b0       0x50 /tmp/ccCaVLui.ltrans4.ltrans.o
                0x080057b0                chIQGetTimeout
 .text.thread1.8252
                0x08005800       0x20 /tmp/ccCaVLui.ltrans4.ltrans.o
                0x08005800                thread1.8252
 .text.gett.8862
                0x08005820       0x10 /tmp/ccCaVLui.ltrans4.ltrans.o
                0x08005820                gett.8862
 .text.get.8866
                0x08005830       0x10 /tmp/ccCaVLui.ltrans4.ltrans.o
                0x08005830                get.8866
 .text.chIQReadTimeout
                0x08005840       0x80 /tmp/ccCaVLui.ltrans4.ltrans.o
                0x08005840                chIQReadTimeout
 .text.readt.8838
                0x080058c0       0x10 /tmp/ccCaVLui.ltrans4.ltrans.o
                0x080058c0                readt.8838
 .text.read.8846
                0x080058d0       0x10 /tmp/ccCaVLui.ltrans4.ltrans.o
                0x080058d0                read.8846
 .text.chOQPutTimeout
                0x080058e0       0x50 /tmp/ccCaVLui.ltrans4.ltrans.o
                0x080058e0                chOQPutTimeout
 .text.thread2.8249
                0x08005930       0x20 /tmp/ccCaVLui.ltrans4.ltrans.o
                0x08005930                thread2.8249
 .text.putt.8869
                0x08005950       0x10 /tmp/ccCaVLui.ltrans4.ltrans.o
                0x08005950                putt.8869
 .text.put.8874
                0x08005960       0x10 /tmp/ccCaVLui.ltrans4.ltrans.o
                0x08005960                put.8874
 .text.chOQWriteTimeout
                0x08005970       0x80 /tmp/ccCaVLui.ltrans4.ltrans.o
                0x08005970                chOQWriteTimeout
 .text.writet.8851
                0x080059f0       0x10 /tmp/ccCaVLui.ltrans4.ltrans.o
                0x080059f0                writet.8851
 .text.write.8857
                0x08005a00       0x10 /tmp/ccCaVLui.ltrans4.ltrans.o
                0x08005a00                write.8857
 .text.chSemWaitTimeoutS
                0x08005a10       0x40 /tmp/ccCaVLui.ltrans4.ltrans.o
                0x08005a10                chSemWaitTimeoutS
 .text.unlikely.chMBFetch.constprop.26
                0x08005a50       0x4c /tmp/ccCaVLui.ltrans4.ltrans.o
                0x08005a50                chMBFetch.constprop.26
 *fill*         0x08005a9c        0x4 00
 .text.chSemWaitTimeout
                0x08005aa0       0x20 /tmp/ccCaVLui.ltrans4.ltrans.o
                0x08005aa0                chSemWaitTimeout
 .text.test_start_timer.constprop.19
                0x08005ac0       0x40 /tmp/ccCaVLui.ltrans4.ltrans.o
                0x08005ac0                test_start_timer.constprop.19
 .text.chThdCreateFromMemoryPool.constprop.54
                0x08005b00       0x50 /tmp/ccCaVLui.ltrans4.ltrans.o
                0x08005b00                chThdCreateFromMemoryPool.constprop.54
 .text.heap1_setup.7929
                0x08005b50       0x30 /tmp/ccCaVLui.ltrans5.ltrans.o
                0x08005b50                heap1_setup.7929
 .text.get_descriptor.11379
                0x08005b80       0x40 /tmp/ccCaVLui.ltrans5.ltrans.o
                0x08005b80                get_descriptor.11379
 .text.usb_lld_init_endpoint.4464
                0x08005bc0       0xc0 /tmp/ccCaVLui.ltrans5.ltrans.o
 .text.set_address.9473
                0x08005c80       0x30 /tmp/ccCaVLui.ltrans5.ltrans.o
                0x08005c80                set_address.9473
 .text.gpt_lld_serve_interrupt.10064.4525
                0x08005cb0       0x30 /tmp/ccCaVLui.ltrans5.ltrans.o
 .text.sduInterruptTransmitted
                0x08005ce0       0x10 /tmp/ccCaVLui.ltrans5.ltrans.o
                0x08005ce0                sduInterruptTransmitted
 .text.sduRequestsHook
                0x08005cf0       0x40 /tmp/ccCaVLui.ltrans5.ltrans.o
                0x08005cf0                sduRequestsHook
 .text.tmo.8442
                0x08005d30       0x10 /tmp/ccCaVLui.ltrans5.ltrans.o
                0x08005d30                tmo.8442
 .text.thread1.8445
                0x08005d40       0x10 /tmp/ccCaVLui.ltrans5.ltrans.o
                0x08005d40                thread1.8445
 .text.notify.8246
                0x08005d50       0x10 /tmp/ccCaVLui.ltrans5.ltrans.o
                0x08005d50                notify.8246
 .text.chCondSignalI.constprop.48.4129
                0x08005d60       0x20 /tmp/ccCaVLui.ltrans5.ltrans.o
 .text.thread4  0x08005d80       0x30 /tmp/ccCaVLui.ltrans5.ltrans.o
                0x08005d80                thread4
 .text.mtx6_execute.7297
                0x08005db0       0xf0 /tmp/ccCaVLui.ltrans5.ltrans.o
                0x08005db0                mtx6_execute.7297
 .text.mtx7_execute.7295
                0x08005ea0       0xf0 /tmp/ccCaVLui.ltrans5.ltrans.o
                0x08005ea0                mtx7_execute.7295
 .text.chCondSignal.constprop.49.4123
                0x08005f90       0x30 /tmp/ccCaVLui.ltrans5.ltrans.o
 .text.mtx8_execute.7281
                0x08005fc0       0xb0 /tmp/ccCaVLui.ltrans5.ltrans.o
                0x08005fc0                mtx8_execute.7281
 .text.thread10.7266.4114
                0x08006070       0x70 /tmp/ccCaVLui.ltrans5.ltrans.o
 .text.Vector8C
                0x080060e0       0x10 /tmp/ccCaVLui.ltrans5.ltrans.o
                0x080060e0                Vector8C
 .text.VectorB8
                0x080060f0       0x20 /tmp/ccCaVLui.ltrans5.ltrans.o
                0x080060f0                VectorB8
 .text.VectorB4
                0x08006110       0x20 /tmp/ccCaVLui.ltrans5.ltrans.o
                0x08006110                VectorB4
 .text.Vector84
                0x08006130       0x30 /tmp/ccCaVLui.ltrans5.ltrans.o
                0x08006130                Vector84
 .text.Vector80
                0x08006160       0x30 /tmp/ccCaVLui.ltrans5.ltrans.o
                0x08006160                Vector80
 .text.Vector7C
                0x08006190       0x30 /tmp/ccCaVLui.ltrans5.ltrans.o
                0x08006190                Vector7C
 .text.Vector78
                0x080061c0       0x30 /tmp/ccCaVLui.ltrans5.ltrans.o
                0x080061c0                Vector78
 .text.Vector74
                0x080061f0       0x30 /tmp/ccCaVLui.ltrans5.ltrans.o
                0x080061f0                Vector74
 .text.Vector70
                0x08006220       0x30 /tmp/ccCaVLui.ltrans5.ltrans.o
                0x08006220                Vector70
 .text.Vector6C
                0x08006250       0x30 /tmp/ccCaVLui.ltrans5.ltrans.o
                0x08006250                Vector6C
 .text.thread8.8448
                0x08006280       0x40 /tmp/ccCaVLui.ltrans5.ltrans.o
                0x08006280                thread8.8448
 .text.thread3.8451
                0x080062c0       0x30 /tmp/ccCaVLui.ltrans5.ltrans.o
                0x080062c0                thread3.8451
 .text.bmk13_execute.8460
                0x080062f0      0x100 /tmp/ccCaVLui.ltrans5.ltrans.o
                0x080062f0                bmk13_execute.8460
 .text.chSemSignalWait.constprop.52
                0x080063f0       0x70 /tmp/ccCaVLui.ltrans5.ltrans.o
                0x080063f0                chSemSignalWait.constprop.52
 .text.chEvtGetAndClearEvents.constprop.42
                0x08006460       0x20 /tmp/ccCaVLui.ltrans5.ltrans.o
                0x08006460                chEvtGetAndClearEvents.constprop.42
 .text.evt1_setup.7710
                0x08006480       0x10 /tmp/ccCaVLui.ltrans5.ltrans.o
                0x08006480                evt1_setup.7710
 .text.evt2_setup.7708
                0x08006490       0x10 /tmp/ccCaVLui.ltrans5.ltrans.o
                0x08006490                evt2_setup.7708
 .text.evt3_setup.7706
                0x080064a0       0x10 /tmp/ccCaVLui.ltrans5.ltrans.o
                0x080064a0                evt3_setup.7706
 .text.chEvtWaitOne.constprop.38
                0x080064b0       0x40 /tmp/ccCaVLui.ltrans5.ltrans.o
                0x080064b0                chEvtWaitOne.constprop.38
 .text.unlikely.chEvtWaitAny.constprop.37
                0x080064f0       0x34 /tmp/ccCaVLui.ltrans5.ltrans.o
                0x080064f0                chEvtWaitAny.constprop.37
 *fill*         0x08006524        0xc 00
 .text.chMBPostI.constprop.29
                0x08006530       0x40 /tmp/ccCaVLui.ltrans5.ltrans.o
                0x08006530                chMBPostI.constprop.29
 .text.chMBPostAheadI.constprop.27
                0x08006570       0x40 /tmp/ccCaVLui.ltrans5.ltrans.o
                0x08006570                chMBPostAheadI.constprop.27
 .text.unlikely.chMBFetchI.constprop.25
                0x080065b0       0x3c /tmp/ccCaVLui.ltrans5.ltrans.o
                0x080065b0                chMBFetchI.constprop.25
 *fill*         0x080065ec        0x4 00
 .text.dmaStreamAllocate.constprop.11
                0x080065f0       0xa0 /tmp/ccCaVLui.ltrans5.ltrans.o
                0x080065f0                dmaStreamAllocate.constprop.11
 .text._strtok.10608.constprop.4
                0x08006690       0x40 /tmp/ccCaVLui.ltrans5.ltrans.o
                0x08006690                _strtok.10608.constprop.4
 .text.long_to_string_with_divisor.10737
                0x080066d0       0x70 /tmp/ccCaVLui.ltrans5.ltrans.o
                0x080066d0                long_to_string_with_divisor.10737
 .text.usbStartTransmitI
                0x08006740       0x40 /tmp/ccCaVLui.ltrans5.ltrans.o
                0x08006740                usbStartTransmitI
 .text.usbStartReceiveI
                0x08006780       0x40 /tmp/ccCaVLui.ltrans5.ltrans.o
                0x08006780                usbStartReceiveI
 .text.usb_lld_prepare_receive
                0x080067c0       0x20 /tmp/ccCaVLui.ltrans5.ltrans.o
                0x080067c0                usb_lld_prepare_receive
 .text.inotify.8835
                0x080067e0       0x80 /tmp/ccCaVLui.ltrans5.ltrans.o
                0x080067e0                inotify.8835
 .text._usb_reset
                0x08006860       0x70 /tmp/ccCaVLui.ltrans5.ltrans.o
                0x08006860                _usb_reset
 .text.usbInitEndpointI
                0x080068d0       0x40 /tmp/ccCaVLui.ltrans5.ltrans.o
                0x080068d0                usbInitEndpointI
 .text.gpt_lld_start_timer
                0x08006910       0x30 /tmp/ccCaVLui.ltrans5.ltrans.o
                0x08006910                gpt_lld_start_timer
 .text.spi_lld_exchange
                0x08006940       0x40 /tmp/ccCaVLui.ltrans5.ltrans.o
                0x08006940                spi_lld_exchange
 .text.spi_lld_unselect
                0x08006980       0x10 /tmp/ccCaVLui.ltrans5.ltrans.o
                0x08006980                spi_lld_unselect
 .text.spicb.11608
                0x08006990       0x20 /tmp/ccCaVLui.ltrans5.ltrans.o
                0x08006990                spicb.11608
 .text.mtx8_setup.7283
                0x080069b0       0x30 /tmp/ccCaVLui.ltrans6.ltrans.o
                0x080069b0                mtx8_setup.7283
 .text.VectorB0
                0x080069e0       0xa0 /tmp/ccCaVLui.ltrans6.ltrans.o
                0x080069e0                VectorB0
 .text.thread2.8457
                0x08006a80       0x30 /tmp/ccCaVLui.ltrans6.ltrans.o
                0x08006a80                thread2.8457
 .text.pools1_execute.7964
                0x08006ab0      0x200 /tmp/ccCaVLui.ltrans6.ltrans.o
                0x08006ab0                pools1_execute.7964
 .text.dyn2_execute.8090
                0x08006cb0      0x160 /tmp/ccCaVLui.ltrans6.ltrans.o
                0x08006cb0                dyn2_execute.8090
 .text.chvprintf
                0x08006e10      0x470 /tmp/ccCaVLui.ltrans6.ltrans.o
                0x08006e10                chvprintf
 .text.chThdDequeueAllI
                0x08007280       0x30 /tmp/ccCaVLui.ltrans6.ltrans.o
                0x08007280                chThdDequeueAllI
 .text.usb_packet_write_from_queue.10326.4251
                0x080072b0      0x130 /tmp/ccCaVLui.ltrans6.ltrans.o
 .text.Vector90
                0x080073e0      0x4c0 /tmp/ccCaVLui.ltrans6.ltrans.o
                0x080073e0                Vector90
 .text.usb_lld_prepare_transmit
                0x080078a0       0xb0 /tmp/ccCaVLui.ltrans6.ltrans.o
                0x080078a0                usb_lld_prepare_transmit
 .text.usbPrepareTransmit.constprop.5
                0x08007950       0x20 /tmp/ccCaVLui.ltrans6.ltrans.o
                0x08007950                usbPrepareTransmit.constprop.5
 .text.onotify.8832
                0x08007970       0x70 /tmp/ccCaVLui.ltrans6.ltrans.o
                0x08007970                onotify.8832
 .text.dyn1_setup.8088
                0x080079e0       0x30 /tmp/ccCaVLui.ltrans7.ltrans.o
                0x080079e0                dyn1_setup.8088
 .text.dyn3_setup.8086
                0x08007a10       0x30 /tmp/ccCaVLui.ltrans7.ltrans.o
                0x08007a10                dyn3_setup.8086
 .text._usb_ep0out
                0x08007a40       0x90 /tmp/ccCaVLui.ltrans7.ltrans.o
                0x08007a40                _usb_ep0out
 .text.chThdSleep
                0x08007ad0       0x20 /tmp/ccCaVLui.ltrans7.ltrans.o
                0x08007ad0                chThdSleep
 .text.test_wait_tick
                0x08007af0       0x20 /tmp/ccCaVLui.ltrans7.ltrans.o
                0x08007af0                test_wait_tick
 .text.TestThread.4031
                0x08007b10      0x330 /tmp/ccCaVLui.ltrans7.ltrans.o
 .text.thread2.7060
                0x08007e40       0x30 /tmp/ccCaVLui.ltrans7.ltrans.o
                0x08007e40                thread2.7060
 .text.mtx4_execute.7303
                0x08007e70      0x250 /tmp/ccCaVLui.ltrans7.ltrans.o
                0x08007e70                mtx4_execute.7303
 .text.thread4b.7275.4058
                0x080080c0       0x30 /tmp/ccCaVLui.ltrans7.ltrans.o
 .text.thread4a.7278.4055
                0x080080f0       0x20 /tmp/ccCaVLui.ltrans7.ltrans.o
 .text.thread1.7703
                0x08008110       0x30 /tmp/ccCaVLui.ltrans7.ltrans.o
                0x08008110                thread1.7703
 .text.dyn3_execute.8084
                0x08008140      0x150 /tmp/ccCaVLui.ltrans7.ltrans.o
                0x08008140                dyn3_execute.8084
 .text.Thread1.11031
                0x08008290       0x50 /tmp/ccCaVLui.ltrans7.ltrans.o
                0x08008290                Thread1.11031
 .text.RF_switch.part.8.11660
                0x080082e0       0x30 /tmp/ccCaVLui.ltrans7.ltrans.o
                0x080082e0                RF_switch.part.8.11660
 .text.switch_output_callback.11708
                0x08008310       0x10 /tmp/ccCaVLui.ltrans7.ltrans.o
                0x08008310                switch_output_callback.11708
 .text.switch_off_callback.11705
                0x08008320       0x20 /tmp/ccCaVLui.ltrans7.ltrans.o
                0x08008320                switch_off_callback.11705
 .text.chprintf.10588
                0x08008340       0x20 /tmp/ccCaVLui.ltrans7.ltrans.o
                0x08008340                chprintf.10588
 .text.chprintf.11034
                0x08008360       0x20 /tmp/ccCaVLui.ltrans7.ltrans.o
                0x08008360                chprintf.11034
 .text.cmd_mem.11070
                0x08008380       0x60 /tmp/ccCaVLui.ltrans7.ltrans.o
                0x08008380                cmd_mem.11070
 .text.cmd_test.11054
                0x080083e0       0x60 /tmp/ccCaVLui.ltrans7.ltrans.o
                0x080083e0                cmd_test.11054
 .text.cmd_write.11046
                0x08008440       0x50 /tmp/ccCaVLui.ltrans7.ltrans.o
                0x08008440                cmd_write.11046
 .text.cmd_help.11038
                0x08008490       0x10 /tmp/ccCaVLui.ltrans7.ltrans.o
                0x08008490                cmd_help.11038
 .text.chprintf.11622
                0x080084a0       0x20 /tmp/ccCaVLui.ltrans7.ltrans.o
                0x080084a0                chprintf.11622
 .text.silabs_get_part_id
                0x080084c0       0x30 /tmp/ccCaVLui.ltrans7.ltrans.o
                0x080084c0                silabs_get_part_id
 .text.msg1_execute.7393
                0x080084f0       0xa0 /tmp/ccCaVLui.ltrans8.ltrans.o
                0x080084f0                msg1_execute.7393
 .text.cmd_info.10627
                0x08008590       0xc0 /tmp/ccCaVLui.ltrans8.ltrans.o
                0x08008590                cmd_info.10627
 .text.cmd_systime.10619
                0x08008650       0x40 /tmp/ccCaVLui.ltrans8.ltrans.o
                0x08008650                cmd_systime.10619
 .text.evt1_execute.7722
                0x08008690       0xe0 /tmp/ccCaVLui.ltrans8.ltrans.o
                0x08008690                evt1_execute.7722
 .text.thd4_execute.6832
                0x08008770       0xd0 /tmp/ccCaVLui.ltrans8.ltrans.o
                0x08008770                thd4_execute.6832
 .text.sem2_execute.7099
                0x08008840      0x2b0 /tmp/ccCaVLui.ltrans8.ltrans.o
                0x08008840                sem2_execute.7099
 .text.bmk12_execute.8462
                0x08008af0       0x70 /tmp/ccCaVLui.ltrans8.ltrans.o
                0x08008af0                bmk12_execute.8462
 .text.bmk6_execute.8479
                0x08008b60       0x70 /tmp/ccCaVLui.ltrans8.ltrans.o
                0x08008b60                bmk6_execute.8479
 .text.bmk4_execute.8487
                0x08008bd0       0xc0 /tmp/ccCaVLui.ltrans8.ltrans.o
                0x08008bd0                bmk4_execute.8487
 .text.bmk11_execute.8466
                0x08008c90       0x70 /tmp/ccCaVLui.ltrans8.ltrans.o
                0x08008c90                bmk11_execute.8466
 .text.bmk10_execute.8472
                0x08008d00       0x80 /tmp/ccCaVLui.ltrans8.ltrans.o
                0x08008d00                bmk10_execute.8472
 .text.bmk8_execute.8481
                0x08008d80       0xf0 /tmp/ccCaVLui.ltrans8.ltrans.o
                0x08008d80                bmk8_execute.8481
 .text.bmk7_execute.8483
                0x08008e70      0x130 /tmp/ccCaVLui.ltrans8.ltrans.o
                0x08008e70                bmk7_execute.8483
 .text.bmk5_execute.8485
                0x08008fa0       0x70 /tmp/ccCaVLui.ltrans8.ltrans.o
                0x08008fa0                bmk5_execute.8485
 .text.msg_loop_test.8489.4223
                0x08009010       0x30 /tmp/ccCaVLui.ltrans8.ltrans.o
 .text.bmk1_execute.8496
                0x08009040       0x80 /tmp/ccCaVLui.ltrans8.ltrans.o
                0x08009040                bmk1_execute.8496
 .text.bmk2_execute.8494
                0x080090c0       0x80 /tmp/ccCaVLui.ltrans8.ltrans.o
                0x080090c0                bmk2_execute.8494
 .text.bmk3_execute.8492
                0x08009140       0xf0 /tmp/ccCaVLui.ltrans8.ltrans.o
                0x08009140                bmk3_execute.8492
 .text.evt2_execute.7717
                0x08009230      0x300 /tmp/ccCaVLui.ltrans9.ltrans.o
                0x08009230                evt2_execute.7717
 .text.silabs_set_header
                0x08009530       0x80 /tmp/ccCaVLui.ltrans9.ltrans.o
                0x08009530                silabs_set_header
 .text.silabs_tune_reset
                0x080095b0       0x70 /tmp/ccCaVLui.ltrans9.ltrans.o
                0x080095b0                silabs_tune_reset
 .text.silabs_tune_down
                0x08009620       0x70 /tmp/ccCaVLui.ltrans9.ltrans.o
                0x08009620                silabs_tune_down
 .text.silabs_tune_up
                0x08009690       0x70 /tmp/ccCaVLui.ltrans9.ltrans.o
                0x08009690                silabs_tune_up
 .text.silabs_send_command
                0x08009700       0x80 /tmp/ccCaVLui.ltrans9.ltrans.o
                0x08009700                silabs_send_command
 .text.sduDataReceived
                0x08009780       0x80 /tmp/ccCaVLui.ltrans9.ltrans.o
                0x08009780                sduDataReceived
 .text.SI_Thread.11601
                0x08009800      0x330 /tmp/ccCaVLui.ltrans9.ltrans.o
                0x08009800                SI_Thread.11601
 .text.shell_thread.10585
                0x08009b30      0x280 /tmp/ccCaVLui.ltrans10.ltrans.o
                0x08009b30                shell_thread.10585
 .text.evt3_execute.7735.4141
                0x08009db0      0x160 /tmp/ccCaVLui.ltrans10.ltrans.o
 .text.sem4_execute.7089.4163
                0x08009f10      0x160 /tmp/ccCaVLui.ltrans10.ltrans.o
 .text.chThdExit
                0x0800a070       0x10 /tmp/ccCaVLui.ltrans10.ltrans.o
                0x0800a070                chThdExit
 .text.chSchDoReschedule
                0x0800a080       0x10 /tmp/ccCaVLui.ltrans10.ltrans.o
                0x0800a080                chSchDoReschedule
 .text.memset   0x0800a090      0x12c /home/laurence/ARM-GCC/bin/../lib/gcc/arm-none-eabi/4.7.4/../../../../arm-none-eabi/lib/armv7-m/libg.a(lib_a-memset.o)
                0x0800a090                memset
 *fill*         0x0800a1bc        0x4 00
 .text.strcasecmp
                0x0800a1c0       0x44 /home/laurence/ARM-GCC/bin/../lib/gcc/arm-none-eabi/4.7.4/../../../../arm-none-eabi/lib/armv7-m/libg.a(lib_a-strcasecmp.o)
                0x0800a1c0                strcasecmp
 *fill*         0x0800a204        0xc 00
 .text.strlen   0x0800a210       0x60 /home/laurence/ARM-GCC/bin/../lib/gcc/arm-none-eabi/4.7.4/../../../../arm-none-eabi/lib/armv7-m/libg.a(lib_a-strlen.o)
                0x0800a210                strlen
 .text.strncpy  0x0800a270      0x10c /home/laurence/ARM-GCC/bin/../lib/gcc/arm-none-eabi/4.7.4/../../../../arm-none-eabi/lib/armv7-m/libg.a(lib_a-strncpy.o)
                0x0800a270                strncpy
 *fill*         0x0800a37c        0x4 00
 .text.strpbrk  0x0800a380       0x4c /home/laurence/ARM-GCC/bin/../lib/gcc/arm-none-eabi/4.7.4/../../../../arm-none-eabi/lib/armv7-m/libg.a(lib_a-strpbrk.o)
                0x0800a380                strpbrk
 *fill*         0x0800a3cc        0x4 00
 .text.strspn   0x0800a3d0       0x40 /home/laurence/ARM-GCC/bin/../lib/gcc/arm-none-eabi/4.7.4/../../../../arm-none-eabi/lib/armv7-m/libg.a(lib_a-strspn.o)
                0x0800a3d0                strspn
 *(.rodata)
 .rodata        0x0800a410       0xb0 /tmp/ccCaVLui.ltrans3.ltrans.o
 *(.rodata.*)
 .rodata.str1.4
                0x0800a4c0       0x1f /tmp/ccCaVLui.ltrans0.ltrans.o
                                 0x2c (size before relaxing)
 *fill*         0x0800a4df        0x1 00
 .rodata.active_status.9577.4492
                0x0800a4e0        0x4 /tmp/ccCaVLui.ltrans1.ltrans.o
 *fill*         0x0800a4e4        0xc 00
 .rodata.commands.11110
                0x0800a4f0       0x70 /tmp/ccCaVLui.ltrans1.ltrans.o
                0x0800a4f0                commands.11110
 .rodata.zero_status.9575.4490
                0x0800a560        0x4 /tmp/ccCaVLui.ltrans1.ltrans.o
 *fill*         0x0800a564        0xc 00
 .rodata.CSWTCH.32.10428.10428.4493
                0x0800a570       0x14 /tmp/ccCaVLui.ltrans1.ltrans.o
 *fill*         0x0800a584        0xc 00
 .rodata.shell_cfg1.11109
                0x0800a590        0x8 /tmp/ccCaVLui.ltrans1.ltrans.o
                0x0800a590                shell_cfg1.11109
 *fill*         0x0800a598        0x8 00
 .rodata.halted_status.9576.4491
                0x0800a5a0        0x4 /tmp/ccCaVLui.ltrans1.ltrans.o
 *fill*         0x0800a5a4        0xc 00
 .rodata.str1.4
                0x0800a5b0       0xca /tmp/ccCaVLui.ltrans1.ltrans.o
                                 0xe4 (size before relaxing)
 *fill*         0x0800a67a        0x6 00
 .rodata.ep0config.10422
                0x0800a680       0x24 /tmp/ccCaVLui.ltrans1.ltrans.o
                0x0800a680                ep0config.10422
 *fill*         0x0800a6a4        0xc 00
 .rodata.ep1config.11398
                0x0800a6b0       0x24 /tmp/ccCaVLui.ltrans1.ltrans.o
                0x0800a6b0                ep1config.11398
 *fill*         0x0800a6d4        0xc 00
 .rodata.ch_debug
                0x0800a6e0       0x18 /tmp/ccCaVLui.ltrans2.ltrans.o
 *fill*         0x0800a6f8        0x8 00
 .rodata.states.8533.11152.5019
                0x0800a700       0x40 /tmp/ccCaVLui.ltrans2.ltrans.o
 .rodata.str1.4
                0x0800a740      0x186 /tmp/ccCaVLui.ltrans2.ltrans.o
                                0x188 (size before relaxing)
 *fill*         0x0800a8c6        0xa 00
 .rodata.vmt.9039.5041
                0x0800a8d0       0x20 /tmp/ccCaVLui.ltrans2.ltrans.o
 .rodata._stm32_dma_streams
                0x0800a8f0       0x54 /tmp/ccCaVLui.ltrans2.ltrans.o
 *fill*         0x0800a944        0xc 00
 .rodata.serusbcfg
                0x0800a950        0x8 /tmp/ccCaVLui.ltrans2.ltrans.o
                0x0800a950                serusbcfg
 *fill*         0x0800a958        0x8 00
 .rodata.usbcfg
                0x0800a960       0x10 /tmp/ccCaVLui.ltrans3.ltrans.o
                0x0800a960                usbcfg
 .rodata.ep2config.11401.4656
                0x0800a970       0x24 /tmp/ccCaVLui.ltrans3.ltrans.o
 .rodata.str1.4
                0x00000000        0x8 /tmp/ccCaVLui.ltrans3.ltrans.o
 *fill*         0x0800a994        0xc 00
 .rodata.str1.4
                0x0800a9a0        0xc /tmp/ccCaVLui.ltrans4.ltrans.o
                                 0x28 (size before relaxing)
 *fill*         0x0800a9ac        0x4 00
 .rodata.vcom_device_descriptor_data.11410.4721
                0x0800a9b0       0x14 /tmp/ccCaVLui.ltrans5.ltrans.o
 *fill*         0x0800a9c4        0xc 00
 .rodata.vcom_string0.11405.4716
                0x0800a9d0        0x4 /tmp/ccCaVLui.ltrans5.ltrans.o
 *fill*         0x0800a9d4        0xc 00
 .rodata.vcom_strings.11404.4715
                0x0800a9e0       0x20 /tmp/ccCaVLui.ltrans5.ltrans.o
 .rodata.vcom_device_descriptor.11409.4720
                0x0800aa00        0x8 /tmp/ccCaVLui.ltrans5.ltrans.o
 *fill*         0x0800aa08        0x8 00
 .rodata.vcom_string3.11408.4719
                0x0800aa10        0x8 /tmp/ccCaVLui.ltrans5.ltrans.o
 *fill*         0x0800aa18        0x8 00
 .rodata.vcom_string1.11406.4717
                0x0800aa20       0x14 /tmp/ccCaVLui.ltrans5.ltrans.o
 *fill*         0x0800aa34        0xc 00
 .rodata.str1.4
                0x0800aa40       0xaf /tmp/ccCaVLui.ltrans5.ltrans.o
                                 0xcc (size before relaxing)
 *fill*         0x0800aaef        0x1 00
 .rodata.vcom_configuration_descriptor_data.11412.4723
                0x0800aaf0       0x44 /tmp/ccCaVLui.ltrans5.ltrans.o
 *fill*         0x0800ab34        0xc 00
 .rodata.vcom_configuration_descriptor.11411.4722
                0x0800ab40        0x8 /tmp/ccCaVLui.ltrans5.ltrans.o
 *fill*         0x0800ab48        0x8 00
 .rodata.CSWTCH.26.10421.10421.4730
                0x0800ab50        0x8 /tmp/ccCaVLui.ltrans5.ltrans.o
 *fill*         0x0800ab58        0x8 00
 .rodata.vcom_string2.11407.4718
                0x0800ab60       0x38 /tmp/ccCaVLui.ltrans5.ltrans.o
 *fill*         0x0800ab98        0x8 00
 .rodata.pow10.10791.4387
                0x0800aba0       0x24 /tmp/ccCaVLui.ltrans6.ltrans.o
 *fill*         0x0800abc4        0xc 00
 .rodata.str1.4
                0x0800abd0        0x7 /tmp/ccCaVLui.ltrans6.ltrans.o
                                 0x24 (size before relaxing)
 *fill*         0x0800abd7        0x9 00
 .rodata.str1.4
                0x0800abe0      0x45e /tmp/ccCaVLui.ltrans7.ltrans.o
                                0x47c (size before relaxing)
 *fill*         0x0800b03e        0x2 00
 .rodata.evhndl.7763.4350
                0x0800b040        0xc /tmp/ccCaVLui.ltrans8.ltrans.o
 *fill*         0x0800b04c        0x4 00
 .rodata.str1.4
                0x0800b050      0x146 /tmp/ccCaVLui.ltrans8.ltrans.o
                                0x220 (size before relaxing)
 *fill*         0x0800b196        0xa 00
 .rodata.str1.4
                0x0800b1a0      0x14b /tmp/ccCaVLui.ltrans9.ltrans.o
                                0x158 (size before relaxing)
 *fill*         0x0800b2eb        0x5 00
 .rodata.spicfg.11762.4557
                0x0800b2f0        0xc /tmp/ccCaVLui.ltrans9.ltrans.o
 *fill*         0x0800b2fc        0x4 00
 .rodata.patternthd
                0x0800b300       0x14 /tmp/ccCaVLui.ltrans10.ltrans.o
                0x0800b300                patternthd
 *fill*         0x0800b314        0xc 00
 .rodata.testmtx4.4498
                0x0800b320       0x10 /tmp/ccCaVLui.ltrans10.ltrans.o
 .rodata.patternmsg
                0x0800b330        0x8 /tmp/ccCaVLui.ltrans10.ltrans.o
                0x0800b330                patternmsg
 *fill*         0x0800b338        0x8 00
 .rodata.testbmk1
                0x0800b340       0x10 /tmp/ccCaVLui.ltrans10.ltrans.o
 .rodata.patternbmk
                0x0800b350       0x38 /tmp/ccCaVLui.ltrans10.ltrans.o
                0x0800b350                patternbmk
 *fill*         0x0800b388        0x8 00
 .rodata.testthd2.4480
                0x0800b390       0x10 /tmp/ccCaVLui.ltrans10.ltrans.o
 .rodata.testsem2.4489
                0x0800b3a0       0x10 /tmp/ccCaVLui.ltrans10.ltrans.o
 .rodata.testbmk2.4548
                0x0800b3b0       0x10 /tmp/ccCaVLui.ltrans10.ltrans.o
 .rodata.patterndyn
                0x0800b3c0       0x10 /tmp/ccCaVLui.ltrans10.ltrans.o
                0x0800b3c0                patterndyn
 .rodata.testbmk12.4558
                0x0800b3d0       0x10 /tmp/ccCaVLui.ltrans10.ltrans.o
 .rodata.testbmk4.4550
                0x0800b3e0       0x10 /tmp/ccCaVLui.ltrans10.ltrans.o
 .rodata.testdyn1
                0x0800b3f0       0x10 /tmp/ccCaVLui.ltrans10.ltrans.o
 .rodata.testsem4.4491
                0x0800b400       0x10 /tmp/ccCaVLui.ltrans10.ltrans.o
 .rodata.testsem1
                0x0800b410       0x10 /tmp/ccCaVLui.ltrans10.ltrans.o
 .rodata.patternevt
                0x0800b420       0x10 /tmp/ccCaVLui.ltrans10.ltrans.o
                0x0800b420                patternevt
 .rodata.testmtx6.4500
                0x0800b430       0x10 /tmp/ccCaVLui.ltrans10.ltrans.o
 .rodata.testbmk7.4553
                0x0800b440       0x10 /tmp/ccCaVLui.ltrans10.ltrans.o
 .rodata.testdyn2.4533
                0x0800b450       0x10 /tmp/ccCaVLui.ltrans10.ltrans.o
 .rodata.patternpools
                0x0800b460        0x8 /tmp/ccCaVLui.ltrans10.ltrans.o
                0x0800b460                patternpools
 *fill*         0x0800b468        0x8 00
 .rodata.testevt3.4460
                0x0800b470       0x10 /tmp/ccCaVLui.ltrans10.ltrans.o
 .rodata.testthd3.4481
                0x0800b480       0x10 /tmp/ccCaVLui.ltrans10.ltrans.o
 .rodata.testqueues2.4541
                0x0800b490       0x10 /tmp/ccCaVLui.ltrans10.ltrans.o
 .rodata.testbmk3.4549
                0x0800b4a0       0x10 /tmp/ccCaVLui.ltrans10.ltrans.o
 .rodata.testmtx5.4499
                0x0800b4b0       0x10 /tmp/ccCaVLui.ltrans10.ltrans.o
 .rodata.testpools1
                0x0800b4c0       0x10 /tmp/ccCaVLui.ltrans10.ltrans.o
 .rodata.patterns.6764
                0x0800b4d0       0x30 /tmp/ccCaVLui.ltrans10.ltrans.o
                0x0800b4d0                patterns.6764
 .rodata.testbmk10.4556
                0x0800b500       0x10 /tmp/ccCaVLui.ltrans10.ltrans.o
 .rodata.testbmk8.4554
                0x0800b510       0x10 /tmp/ccCaVLui.ltrans10.ltrans.o
 .rodata.testmtx7.4501
                0x0800b520       0x10 /tmp/ccCaVLui.ltrans10.ltrans.o
 .rodata.testmbox1
                0x0800b530       0x10 /tmp/ccCaVLui.ltrans10.ltrans.o
 .rodata.testevt2.4472
                0x0800b540       0x10 /tmp/ccCaVLui.ltrans10.ltrans.o
 .rodata.testbmk13.4559
                0x0800b550       0x10 /tmp/ccCaVLui.ltrans10.ltrans.o
 .rodata.testbmk5.4551
                0x0800b560       0x10 /tmp/ccCaVLui.ltrans10.ltrans.o
 .rodata.patternheap
                0x0800b570        0x8 /tmp/ccCaVLui.ltrans10.ltrans.o
                0x0800b570                patternheap
 *fill*         0x0800b578        0x8 00
 .rodata.patternqueues
                0x0800b580        0xc /tmp/ccCaVLui.ltrans10.ltrans.o
                0x0800b580                patternqueues
 *fill*         0x0800b58c        0x4 00
 .rodata.testmsg1
                0x0800b590       0x10 /tmp/ccCaVLui.ltrans10.ltrans.o
 .rodata.testdyn3.4534
                0x0800b5a0       0x10 /tmp/ccCaVLui.ltrans10.ltrans.o
 .rodata.testqueues1
                0x0800b5b0       0x10 /tmp/ccCaVLui.ltrans10.ltrans.o
 .rodata.patternmbox
                0x0800b5c0        0x8 /tmp/ccCaVLui.ltrans10.ltrans.o
                0x0800b5c0                patternmbox
 *fill*         0x0800b5c8        0x8 00
 .rodata.testthd1
                0x0800b5d0       0x10 /tmp/ccCaVLui.ltrans10.ltrans.o
 .rodata.testbmk9.4555
                0x0800b5e0       0x10 /tmp/ccCaVLui.ltrans10.ltrans.o
 .rodata.patternsem
                0x0800b5f0       0x14 /tmp/ccCaVLui.ltrans10.ltrans.o
                0x0800b5f0                patternsem
 *fill*         0x0800b604        0xc 00
 .rodata.patternmtx
                0x0800b610       0x1c /tmp/ccCaVLui.ltrans10.ltrans.o
                0x0800b610                patternmtx
 *fill*         0x0800b62c        0x4 00
 .rodata.testbmk11.4557
                0x0800b630       0x10 /tmp/ccCaVLui.ltrans10.ltrans.o
 .rodata.testevt1
                0x0800b640       0x10 /tmp/ccCaVLui.ltrans10.ltrans.o
 .rodata.testheap1
                0x0800b650       0x10 /tmp/ccCaVLui.ltrans10.ltrans.o
 .rodata.testsem3.4490
                0x0800b660       0x10 /tmp/ccCaVLui.ltrans10.ltrans.o
 .rodata.testmtx8.4502
                0x0800b670       0x10 /tmp/ccCaVLui.ltrans10.ltrans.o
 .rodata.testthd4.4482
                0x0800b680       0x10 /tmp/ccCaVLui.ltrans10.ltrans.o
 .rodata.testbmk6.4552
                0x0800b690       0x10 /tmp/ccCaVLui.ltrans10.ltrans.o
 .rodata.str1.4
                0x0800b6a0      0x50c /tmp/ccCaVLui.ltrans10.ltrans.o
                                0x52c (size before relaxing)
 *fill*         0x0800bbac        0x4 00
 .rodata.testmtx1
                0x0800bbb0       0x10 /tmp/ccCaVLui.ltrans10.ltrans.o
 .rodata._ctype_
                0x0800bbc0      0x104 /home/laurence/ARM-GCC/bin/../lib/gcc/arm-none-eabi/4.7.4/../../../../arm-none-eabi/lib/armv7-m/libg.a(lib_a-ctype_.o)
                0x0800bbc0                _ctype_
 *(.glue_7t)
 .glue_7t       0x00000000        0x0 linker stubs
 *(.glue_7)
 .glue_7        0x00000000        0x0 linker stubs
 *(.gcc*)

.vfp11_veneer   0x0800bcc4        0x0
 .vfp11_veneer  0x00000000        0x0 linker stubs

.v4_bx          0x0800bcc4        0x0
 .v4_bx         0x00000000        0x0 linker stubs

.iplt           0x0800bcc4        0x0
 .iplt          0x00000000        0x0 build/obj/chcoreasm_v7m.o

.rel.dyn        0x0800bcc4        0x0
 .rel.iplt      0x00000000        0x0 build/obj/chcoreasm_v7m.o

.ARM.extab
 *(.ARM.extab* .gnu.linkonce.armextab.*)

.ARM.exidx      0x0800bcc4        0x0
                0x0800bcc4                PROVIDE (__exidx_start, .)
 *(.ARM.exidx* .gnu.linkonce.armexidx.*)
                0x0800bcc4                PROVIDE (__exidx_end, .)

.eh_frame_hdr
 *(.eh_frame_hdr)

.eh_frame
 *(.eh_frame)

.textalign      0x0800bcc4        0x4
                0x0800bcc8                . = ALIGN (0x8)
 *fill*         0x0800bcc4        0x4 00
                0x0800bcc8                . = ALIGN (0x4)
                0x0800bcc8                _etext = .
                0x0800bcc8                _textdata = _etext

.stacks         0x20000000      0x800
                0x20000000                . = ALIGN (0x8)
                0x20000000                __main_stack_base__ = .
                0x20000400                . = (. + __main_stack_size__)
 *fill*         0x20000000      0x400 00
                0x20000400                . = ALIGN (0x8)
                0x20000400                __main_stack_end__ = .
                0x20000400                __process_stack_base__ = .
                0x20000400                __main_thread_stack_base__ = .
                0x20000800                . = (. + __process_stack_size__)
 *fill*         0x20000400      0x400 00
                0x20000800                . = ALIGN (0x8)
                0x20000800                __process_stack_end__ = .
                0x20000800                __main_thread_stack_end__ = .

.data           0x20000800      0x50c load address 0x0800bcc8
                0x20000800                . = ALIGN (0x4)
                0x20000800                PROVIDE (_data, .)
 *(.data)
 *(.data.*)
 .data.m1.7331  0x20000800       0x10 /tmp/ccCaVLui.ltrans2.ltrans.o
                0x20000800                m1.7331
 .data.Active_shift.4611
                0x20000810        0x2 /tmp/ccCaVLui.ltrans3.ltrans.o
 .data.Active_banddiv.4566
                0x20000812        0x1 /tmp/ccCaVLui.ltrans3.ltrans.o
 .data.Active_level.4612
                0x20000813        0x1 /tmp/ccCaVLui.ltrans3.ltrans.o
 .data.Outdiv.4564
                0x20000814        0x1 /tmp/ccCaVLui.ltrans3.ltrans.o
 *fill*         0x20000815        0x3 00
 .data.linecoding.9032.4733
                0x20000818        0x8 /tmp/ccCaVLui.ltrans5.ltrans.o
 .data.c1.7329  0x20000820        0x8 /tmp/ccCaVLui.ltrans6.ltrans.o
                0x20000820                c1.7329
 .data.mp1.7972
                0x20000828        0xc /tmp/ccCaVLui.ltrans6.ltrans.o
                0x20000828                mp1.7972
 .data.buf.8548.11108.4822
                0x20000834      0x404 /tmp/ccCaVLui.ltrans7.ltrans.o
 .data.m2.7330  0x20000c38       0x10 /tmp/ccCaVLui.ltrans7.ltrans.o
                0x20000c38                m2.7330
 .data.sem1.7122
                0x20000c48        0xc /tmp/ccCaVLui.ltrans8.ltrans.o
                0x20000c48                sem1.7122
 .data.Active_Frequency
                0x20000c54        0x4 /tmp/ccCaVLui.ltrans9.ltrans.o
                0x20000c54                Active_Frequency
 .data.es1.7762
                0x20000c58        0x4 /tmp/ccCaVLui.ltrans9.ltrans.o
                0x20000c58                es1.7762
 .data.gpt3cfg.11760.4619
                0x20000c5c       0x10 /tmp/ccCaVLui.ltrans9.ltrans.o
 .data.gpt4cfg.11761.4617
                0x20000c6c       0x10 /tmp/ccCaVLui.ltrans9.ltrans.o
 .data.es2.7761
                0x20000c7c        0x4 /tmp/ccCaVLui.ltrans9.ltrans.o
                0x20000c7c                es2.7761
 .data.local_commands.10670.4448
                0x20000c80       0x18 /tmp/ccCaVLui.ltrans10.ltrans.o
 .data.oq.8291  0x20000c98       0x24 /tmp/ccCaVLui.ltrans10.ltrans.o
                0x20000c98                oq.8291
 .data.iq.8304  0x20000cbc       0x24 /tmp/ccCaVLui.ltrans10.ltrans.o
                0x20000cbc                iq.8304
 .data.mb1.7615
                0x20000ce0       0x28 /tmp/ccCaVLui.ltrans10.ltrans.o
                0x20000ce0                mb1.7615
 .data.__ctype_ptr__
                0x20000d08        0x4 /home/laurence/ARM-GCC/bin/../lib/gcc/arm-none-eabi/4.7.4/../../../../arm-none-eabi/lib/armv7-m/libg.a(lib_a-ctype_.o)
                0x20000d08                __ctype_ptr__
 *(.ramtext)
                0x20000d0c                . = ALIGN (0x4)
                0x20000d0c                PROVIDE (_edata, .)

.igot.plt       0x20000d0c        0x0 load address 0x0800c1d4
 .igot.plt      0x00000000        0x0 build/obj/chcoreasm_v7m.o

.bss            0x20000d0c     0x1318
                0x20000d0c                . = ALIGN (0x4)
                0x20000d0c                PROVIDE (_bss_start, .)
 *(.bss)
 *(.bss.*)
 .bss.SDU1      0x20000d0c      0x258 /tmp/ccCaVLui.ltrans1.ltrans.o
                0x20000d0c                SDU1
 .bss.ep1outstate.11400
                0x20000f64       0x14 /tmp/ccCaVLui.ltrans1.ltrans.o
                0x20000f64                ep1outstate.11400
 .bss.Command   0x20000f78        0x1 /tmp/ccCaVLui.ltrans1.ltrans.o
                0x20000f78                Command
 *fill*         0x20000f79        0x3 00
 .bss.ep1instate.11399
                0x20000f7c       0x10 /tmp/ccCaVLui.ltrans1.ltrans.o
                0x20000f7c                ep1instate.11399
 .bss.ep0_state.10423
                0x20000f8c       0x14 /tmp/ccCaVLui.ltrans1.ltrans.o
                0x20000f8c                ep0_state.10423
 .bss.Silabs_busy
                0x20000fa0        0xc /tmp/ccCaVLui.ltrans1.ltrans.o
                0x20000fa0                Silabs_busy
 .bss.ep0setup_buffer.10427
                0x20000fac        0x8 /tmp/ccCaVLui.ltrans1.ltrans.o
                0x20000fac                ep0setup_buffer.10427
 .bss.Silabs_callback
                0x20000fb4        0xc /tmp/ccCaVLui.ltrans1.ltrans.o
                0x20000fb4                Silabs_callback
 .bss.Command_string
                0x20000fc0        0x8 /tmp/ccCaVLui.ltrans1.ltrans.o
                0x20000fc0                Command_string
 .bss.dma_streams_mask.9722
                0x20000fc8        0x4 /tmp/ccCaVLui.ltrans2.ltrans.o
                0x20000fc8                dma_streams_mask.9722
 .bss.endmem.6446
                0x20000fcc        0x4 /tmp/ccCaVLui.ltrans2.ltrans.o
                0x20000fcc                endmem.6446
 .bss.USBD1     0x20000fd0       0x84 /tmp/ccCaVLui.ltrans2.ltrans.o
                0x20000fd0                USBD1
 *fill*         0x20001054        0x4 00
 .bss.waThreadSI.11763.5039
                0x20001058      0x4c8 /tmp/ccCaVLui.ltrans2.ltrans.o
 .bss.dummytx.10008.4985
                0x20001520        0x2 /tmp/ccCaVLui.ltrans2.ltrans.o
 .bss.test_timer_done
                0x20001522        0x1 /tmp/ccCaVLui.ltrans2.ltrans.o
                0x20001522                test_timer_done
 *fill*         0x20001523        0x1 00
 .bss.dma_isr_redir.9717
                0x20001524       0x38 /tmp/ccCaVLui.ltrans2.ltrans.o
                0x20001524                dma_isr_redir.9717
 .bss.iq.6276.8531.4988
                0x2000155c       0x24 /tmp/ccCaVLui.ltrans2.ltrans.o
 .bss.default_heap.6550
                0x20001580       0x20 /tmp/ccCaVLui.ltrans2.ltrans.o
                0x20001580                default_heap.6550
 .bss.ib.6275.8532.5018
                0x200015a0       0x10 /tmp/ccCaVLui.ltrans2.ltrans.o
 .bss.nextmem.6444
                0x200015b0        0x4 /tmp/ccCaVLui.ltrans2.ltrans.o
                0x200015b0                nextmem.6444
 *fill*         0x200015b4        0x4 00
 .bss.waThread1.11111.5038
                0x200015b8      0x148 /tmp/ccCaVLui.ltrans2.ltrans.o
 .bss.Silabs_Part_ID
                0x20001700        0x2 /tmp/ccCaVLui.ltrans3.ltrans.o
                0x20001700                Silabs_Part_ID
 *fill*         0x20001702        0x2 00
 .bss.ep2instate.11402.4657
                0x20001704       0x10 /tmp/ccCaVLui.ltrans3.ltrans.o
 .bss.vt.6747.4617
                0x20001714       0x14 /tmp/ccCaVLui.ltrans4.ltrans.o
 .bss.test_heap.7938
                0x20001728       0x20 /tmp/ccCaVLui.ltrans5.ltrans.o
                0x20001728                test_heap.7938
 .bss.mp1.8119  0x20001748        0xc /tmp/ccCaVLui.ltrans6.ltrans.o
                0x20001748                mp1.8119
 .bss.tokp.6757
                0x20001754        0x4 /tmp/ccCaVLui.ltrans7.ltrans.o
                0x20001754                tokp.6757
 .bss.local_fail.6760
                0x20001758        0x1 /tmp/ccCaVLui.ltrans7.ltrans.o
                0x20001758                local_fail.6760
 *fill*         0x20001759        0x7 00
 .bss.heap1.8117
                0x20001760       0x20 /tmp/ccCaVLui.ltrans7.ltrans.o
                0x20001760                heap1.8117
 .bss.global_fail.6761
                0x20001780        0x1 /tmp/ccCaVLui.ltrans7.ltrans.o
                0x20001780                global_fail.6761
 *fill*         0x20001781        0x3 00
 .bss.chp.6748  0x20001784        0x4 /tmp/ccCaVLui.ltrans7.ltrans.o
                0x20001784                chp.6748
 .bss.failpoint.6762
                0x20001788        0x4 /tmp/ccCaVLui.ltrans7.ltrans.o
                0x20001788                failpoint.6762
 .bss.tokens_buffer.6758
                0x2000178c       0x10 /tmp/ccCaVLui.ltrans7.ltrans.o
                0x2000178c                tokens_buffer.6758
 .bss.sem1.8528
                0x2000179c        0xc /tmp/ccCaVLui.ltrans8.ltrans.o
                0x2000179c                sem1.8528
 .bss.mtx1.8527
                0x200017a8       0x10 /tmp/ccCaVLui.ltrans8.ltrans.o
                0x200017a8                mtx1.8527
 .bss.vt1.6286.8530.4398
                0x200017b8       0x14 /tmp/ccCaVLui.ltrans8.ltrans.o
 .bss.vt2.6287.8529.4399
                0x200017cc       0x14 /tmp/ccCaVLui.ltrans8.ltrans.o
 .bss.tx_buffer
                0x200017e0       0x10 /tmp/ccCaVLui.ltrans9.ltrans.o
                0x200017e0                tx_buffer
 .bss.SPID1     0x200017f0       0x30 /tmp/ccCaVLui.ltrans9.ltrans.o
                0x200017f0                SPID1
 .bss.GPTD3     0x20001820       0x10 /tmp/ccCaVLui.ltrans9.ltrans.o
                0x20001820                GPTD3
 .bss.GPTD4     0x20001830       0x10 /tmp/ccCaVLui.ltrans9.ltrans.o
                0x20001830                GPTD4
 .bss.Active_channel
                0x20001840        0x1 /tmp/ccCaVLui.ltrans9.ltrans.o
                0x20001840                Active_channel
 *fill*         0x20001841        0x3 00
 .bss.rx_buffer
                0x20001844        0xc /tmp/ccCaVLui.ltrans9.ltrans.o
                0x20001844                rx_buffer
 .bss.test      0x20001850      0x668 /tmp/ccCaVLui.ltrans10.ltrans.o
                0x20001850                test
 .bss.shell_terminated
                0x20001eb8        0x4 /tmp/ccCaVLui.ltrans10.ltrans.o
                0x20001eb8                shell_terminated
 *fill*         0x20001ebc        0x4 00
 .bss.ch        0x20001ec0      0x150 /tmp/ccCaVLui.ltrans10.ltrans.o
                0x20001ec0                ch
 .bss.threads   0x20002010       0x14 /tmp/ccCaVLui.ltrans10.ltrans.o
                0x20002010                threads
 *(COMMON)
                0x20002024                . = ALIGN (0x4)
                0x20002024                PROVIDE (_bss_end, .)
                0x20002024                PROVIDE (end, .)
                0x20002024                _end = .
                0x20002024                __heap_base__ = _end
                0x20005000                __heap_end__ = __ram_end__
                0x00000400                __process_stack_size__ = 0x400
                0x00000400                __main_stack_size__ = 0x400
START GROUP
LOAD /home/laurence/ARM-GCC/bin/../lib/gcc/arm-none-eabi/4.7.4/armv7-m/libgcc.a
LOAD /home/laurence/ARM-GCC/bin/../lib/gcc/arm-none-eabi/4.7.4/../../../../arm-none-eabi/lib/armv7-m/libg.a
LOAD /home/laurence/ARM-GCC/bin/../lib/gcc/arm-none-eabi/4.7.4/../../../../arm-none-eabi/lib/armv7-m/libc.a
END GROUP
OUTPUT(build/ch.elf elf32-littlearm)

.ARM.attributes
                0x00000000       0x2f
 .ARM.attributes
                0x00000000       0x21 build/obj/chcoreasm_v7m.o
 .ARM.attributes
                0x00000021       0x31 /tmp/ccCaVLui.ltrans0.ltrans.o
 .ARM.attributes
                0x00000052       0x31 /tmp/ccCaVLui.ltrans1.ltrans.o
 .ARM.attributes
                0x00000083       0x31 /tmp/ccCaVLui.ltrans2.ltrans.o
 .ARM.attributes
                0x000000b4       0x31 /tmp/ccCaVLui.ltrans3.ltrans.o
 .ARM.attributes
                0x000000e5       0x31 /tmp/ccCaVLui.ltrans4.ltrans.o
 .ARM.attributes
                0x00000116       0x31 /tmp/ccCaVLui.ltrans5.ltrans.o
 .ARM.attributes
                0x00000147       0x31 /tmp/ccCaVLui.ltrans6.ltrans.o
 .ARM.attributes
                0x00000178       0x31 /tmp/ccCaVLui.ltrans7.ltrans.o
 .ARM.attributes
                0x000001a9       0x31 /tmp/ccCaVLui.ltrans8.ltrans.o
 .ARM.attributes
                0x000001da       0x31 /tmp/ccCaVLui.ltrans9.ltrans.o
 .ARM.attributes
                0x0000020b       0x31 /tmp/ccCaVLui.ltrans10.ltrans.o
 .ARM.attributes
                0x0000023c       0x1d /home/laurence/ARM-GCC/bin/../lib/gcc/arm-none-eabi/4.7.4/armv7-m/libgcc.a(_arm_addsubdf3.o)
 .ARM.attributes
                0x00000259       0x1d /home/laurence/ARM-GCC/bin/../lib/gcc/arm-none-eabi/4.7.4/armv7-m/libgcc.a(_arm_muldivdf3.o)
 .ARM.attributes
                0x00000276       0x1d /home/laurence/ARM-GCC/bin/../lib/gcc/arm-none-eabi/4.7.4/armv7-m/libgcc.a(_arm_fixdfsi.o)
 .ARM.attributes
                0x00000293       0x1d /home/laurence/ARM-GCC/bin/../lib/gcc/arm-none-eabi/4.7.4/armv7-m/libgcc.a(_arm_fixunsdfsi.o)
 .ARM.attributes
                0x000002b0       0x1d /home/laurence/ARM-GCC/bin/../lib/gcc/arm-none-eabi/4.7.4/armv7-m/libgcc.a(_arm_truncdfsf2.o)
 .ARM.attributes
                0x000002cd       0x1d /home/laurence/ARM-GCC/bin/../lib/gcc/arm-none-eabi/4.7.4/armv7-m/libgcc.a(_arm_addsubsf3.o)
 .ARM.attributes
                0x000002ea       0x1d /home/laurence/ARM-GCC/bin/../lib/gcc/arm-none-eabi/4.7.4/armv7-m/libgcc.a(_arm_muldivsf3.o)
 .ARM.attributes
                0x00000307       0x1d /home/laurence/ARM-GCC/bin/../lib/gcc/arm-none-eabi/4.7.4/armv7-m/libgcc.a(_arm_cmpsf2.o)
 .ARM.attributes
                0x00000324       0x1d /home/laurence/ARM-GCC/bin/../lib/gcc/arm-none-eabi/4.7.4/armv7-m/libgcc.a(_arm_fixsfsi.o)
 .ARM.attributes
                0x00000341       0x1d /home/laurence/ARM-GCC/bin/../lib/gcc/arm-none-eabi/4.7.4/armv7-m/libgcc.a(_arm_fixunssfsi.o)
 .ARM.attributes
                0x0000035e       0x2d /home/laurence/ARM-GCC/bin/../lib/gcc/arm-none-eabi/4.7.4/../../../../arm-none-eabi/lib/armv7-m/libg.a(lib_a-memset.o)
 .ARM.attributes
                0x0000038b       0x2d /home/laurence/ARM-GCC/bin/../lib/gcc/arm-none-eabi/4.7.4/../../../../arm-none-eabi/lib/armv7-m/libg.a(lib_a-strcasecmp.o)
 .ARM.attributes
                0x000003b8       0x2d /home/laurence/ARM-GCC/bin/../lib/gcc/arm-none-eabi/4.7.4/../../../../arm-none-eabi/lib/armv7-m/libg.a(lib_a-strlen.o)
 .ARM.attributes
                0x000003e5       0x2d /home/laurence/ARM-GCC/bin/../lib/gcc/arm-none-eabi/4.7.4/../../../../arm-none-eabi/lib/armv7-m/libg.a(lib_a-strncpy.o)
 .ARM.attributes
                0x00000412       0x2d /home/laurence/ARM-GCC/bin/../lib/gcc/arm-none-eabi/4.7.4/../../../../arm-none-eabi/lib/armv7-m/libg.a(lib_a-strpbrk.o)
 .ARM.attributes
                0x0000043f       0x2d /home/laurence/ARM-GCC/bin/../lib/gcc/arm-none-eabi/4.7.4/../../../../arm-none-eabi/lib/armv7-m/libg.a(lib_a-strspn.o)
 .ARM.attributes
                0x0000046c       0x2d /home/laurence/ARM-GCC/bin/../lib/gcc/arm-none-eabi/4.7.4/../../../../arm-none-eabi/lib/armv7-m/libg.a(lib_a-ctype_.o)

.comment        0x00000000       0x70
 .comment       0x00000000       0x70 /tmp/ccCaVLui.ltrans0.ltrans.o
                                 0x71 (size before relaxing)
 .comment       0x00000000       0x71 /tmp/ccCaVLui.ltrans1.ltrans.o
 .comment       0x00000000       0x71 /tmp/ccCaVLui.ltrans2.ltrans.o
 .comment       0x00000000       0x71 /tmp/ccCaVLui.ltrans3.ltrans.o
 .comment       0x00000000       0x71 /tmp/ccCaVLui.ltrans4.ltrans.o
 .comment       0x00000000       0x71 /tmp/ccCaVLui.ltrans5.ltrans.o
 .comment       0x00000000       0x71 /tmp/ccCaVLui.ltrans6.ltrans.o
 .comment       0x00000000       0x71 /tmp/ccCaVLui.ltrans7.ltrans.o
 .comment       0x00000000       0x71 /tmp/ccCaVLui.ltrans8.ltrans.o
 .comment       0x00000000       0x71 /tmp/ccCaVLui.ltrans9.ltrans.o
 .comment       0x00000000       0x71 /tmp/ccCaVLui.ltrans10.ltrans.o

.debug_info     0x00000000    0x250b6
 .debug_info    0x00000000     0x4156 /tmp/ccCaVLui.ltrans0.ltrans.o
 .debug_info    0x00004156     0x31d8 /tmp/ccCaVLui.ltrans1.ltrans.o
 .debug_info    0x0000732e     0x44f1 /tmp/ccCaVLui.ltrans2.ltrans.o
 .debug_info    0x0000b81f     0x3701 /tmp/ccCaVLui.ltrans3.ltrans.o
 .debug_info    0x0000ef20     0x3886 /tmp/ccCaVLui.ltrans4.ltrans.o
 .debug_info    0x000127a6     0x3feb /tmp/ccCaVLui.ltrans5.ltrans.o
 .debug_info    0x00016791     0x2d8c /tmp/ccCaVLui.ltrans6.ltrans.o
 .debug_info    0x0001951d     0x3663 /tmp/ccCaVLui.ltrans7.ltrans.o
 .debug_info    0x0001cb80     0x2cc1 /tmp/ccCaVLui.ltrans8.ltrans.o
 .debug_info    0x0001f841     0x348f /tmp/ccCaVLui.ltrans9.ltrans.o
 .debug_info    0x00022cd0     0x23e6 /tmp/ccCaVLui.ltrans10.ltrans.o

.debug_abbrev   0x00000000     0x4653
 .debug_abbrev  0x00000000      0x79b /tmp/ccCaVLui.ltrans0.ltrans.o
 .debug_abbrev  0x0000079b      0x4f4 /tmp/ccCaVLui.ltrans1.ltrans.o
 .debug_abbrev  0x00000c8f      0x6d5 /tmp/ccCaVLui.ltrans2.ltrans.o
 .debug_abbrev  0x00001364      0x659 /tmp/ccCaVLui.ltrans3.ltrans.o
 .debug_abbrev  0x000019bd      0x712 /tmp/ccCaVLui.ltrans4.ltrans.o
 .debug_abbrev  0x000020cf      0x7bf /tmp/ccCaVLui.ltrans5.ltrans.o
 .debug_abbrev  0x0000288e      0x66c /tmp/ccCaVLui.ltrans6.ltrans.o
 .debug_abbrev  0x00002efa      0x740 /tmp/ccCaVLui.ltrans7.ltrans.o
 .debug_abbrev  0x0000363a      0x542 /tmp/ccCaVLui.ltrans8.ltrans.o
 .debug_abbrev  0x00003b7c      0x5d8 /tmp/ccCaVLui.ltrans9.ltrans.o
 .debug_abbrev  0x00004154      0x4ff /tmp/ccCaVLui.ltrans10.ltrans.o

.debug_loc      0x00000000     0xb484
 .debug_loc     0x00000000     0x2200 /tmp/ccCaVLui.ltrans0.ltrans.o
 .debug_loc     0x00002200     0x144f /tmp/ccCaVLui.ltrans1.ltrans.o
 .debug_loc     0x0000364f      0x99f /tmp/ccCaVLui.ltrans2.ltrans.o
 .debug_loc     0x00003fee      0xd77 /tmp/ccCaVLui.ltrans3.ltrans.o
 .debug_loc     0x00004d65     0x1164 /tmp/ccCaVLui.ltrans4.ltrans.o
 .debug_loc     0x00005ec9     0x1218 /tmp/ccCaVLui.ltrans5.ltrans.o
 .debug_loc     0x000070e1     0x179a /tmp/ccCaVLui.ltrans6.ltrans.o
 .debug_loc     0x0000887b      0xbe3 /tmp/ccCaVLui.ltrans7.ltrans.o
 .debug_loc     0x0000945e      0x8d2 /tmp/ccCaVLui.ltrans8.ltrans.o
 .debug_loc     0x00009d30      0xc39 /tmp/ccCaVLui.ltrans9.ltrans.o
 .debug_loc     0x0000a969      0xb1b /tmp/ccCaVLui.ltrans10.ltrans.o

.debug_aranges  0x00000000      0x908
 .debug_aranges
                0x00000000      0x240 /tmp/ccCaVLui.ltrans0.ltrans.o
 .debug_aranges
                0x00000240       0x38 /tmp/ccCaVLui.ltrans1.ltrans.o
 .debug_aranges
                0x00000278       0x58 /tmp/ccCaVLui.ltrans2.ltrans.o
 .debug_aranges
                0x000002d0       0x68 /tmp/ccCaVLui.ltrans3.ltrans.o
 .debug_aranges
                0x00000338      0x180 /tmp/ccCaVLui.ltrans4.ltrans.o
 .debug_aranges
                0x000004b8      0x1c0 /tmp/ccCaVLui.ltrans5.ltrans.o
 .debug_aranges
                0x00000678       0x78 /tmp/ccCaVLui.ltrans6.ltrans.o
 .debug_aranges
                0x000006f0       0xd8 /tmp/ccCaVLui.ltrans7.ltrans.o
 .debug_aranges
                0x000007c8       0xa8 /tmp/ccCaVLui.ltrans8.ltrans.o
 .debug_aranges
                0x00000870       0x58 /tmp/ccCaVLui.ltrans9.ltrans.o
 .debug_aranges
                0x000008c8       0x40 /tmp/ccCaVLui.ltrans10.ltrans.o

.debug_ranges   0x00000000     0x42e0
 .debug_ranges  0x00000000      0x9a0 /tmp/ccCaVLui.ltrans0.ltrans.o
 .debug_ranges  0x000009a0      0x550 /tmp/ccCaVLui.ltrans1.ltrans.o
 .debug_ranges  0x00000ef0      0xc68 /tmp/ccCaVLui.ltrans2.ltrans.o
 .debug_ranges  0x00001b58      0x400 /tmp/ccCaVLui.ltrans3.ltrans.o
 .debug_ranges  0x00001f58      0x7c8 /tmp/ccCaVLui.ltrans4.ltrans.o
 .debug_ranges  0x00002720      0x578 /tmp/ccCaVLui.ltrans5.ltrans.o
 .debug_ranges  0x00002c98      0x828 /tmp/ccCaVLui.ltrans6.ltrans.o
 .debug_ranges  0x000034c0      0x348 /tmp/ccCaVLui.ltrans7.ltrans.o
 .debug_ranges  0x00003808      0x328 /tmp/ccCaVLui.ltrans8.ltrans.o
 .debug_ranges  0x00003b30      0x4e8 /tmp/ccCaVLui.ltrans9.ltrans.o
 .debug_ranges  0x00004018      0x2c8 /tmp/ccCaVLui.ltrans10.ltrans.o

.debug_line     0x00000000     0x8573
 .debug_line    0x00000000     0x13dc /tmp/ccCaVLui.ltrans0.ltrans.o
 .debug_line    0x000013dc      0x9ab /tmp/ccCaVLui.ltrans1.ltrans.o
 .debug_line    0x00001d87      0xed1 /tmp/ccCaVLui.ltrans2.ltrans.o
 .debug_line    0x00002c58      0xaf5 /tmp/ccCaVLui.ltrans3.ltrans.o
 .debug_line    0x0000374d      0xea8 /tmp/ccCaVLui.ltrans4.ltrans.o
 .debug_line    0x000045f5      0xf9d /tmp/ccCaVLui.ltrans5.ltrans.o
 .debug_line    0x00005592      0xba5 /tmp/ccCaVLui.ltrans6.ltrans.o
 .debug_line    0x00006137      0xaab /tmp/ccCaVLui.ltrans7.ltrans.o
 .debug_line    0x00006be2      0x995 /tmp/ccCaVLui.ltrans8.ltrans.o
 .debug_line    0x00007577      0x9b0 /tmp/ccCaVLui.ltrans9.ltrans.o
 .debug_line    0x00007f27      0x64c /tmp/ccCaVLui.ltrans10.ltrans.o

.debug_str      0x00000000     0x4065
 .debug_str     0x00000000      0xd6e /tmp/ccCaVLui.ltrans0.ltrans.o
                                0xe5c (size before relaxing)
 .debug_str     0x00000d6e      0x9e4 /tmp/ccCaVLui.ltrans1.ltrans.o
                                0xe2a (size before relaxing)
 .debug_str     0x00001752      0xcd0 /tmp/ccCaVLui.ltrans2.ltrans.o
                               0x1b15 (size before relaxing)
 .debug_str     0x00002422      0x3aa /tmp/ccCaVLui.ltrans3.ltrans.o
                               0x11be (size before relaxing)
 .debug_str     0x000027cc      0x56c /tmp/ccCaVLui.ltrans4.ltrans.o
                                0xfdf (size before relaxing)
 .debug_str     0x00002d38      0x57a /tmp/ccCaVLui.ltrans5.ltrans.o
                               0x1601 (size before relaxing)
 .debug_str     0x000032b2      0x268 /tmp/ccCaVLui.ltrans6.ltrans.o
                                0xec3 (size before relaxing)
 .debug_str     0x0000351a      0x468 /tmp/ccCaVLui.ltrans7.ltrans.o
                               0x12e3 (size before relaxing)
 .debug_str     0x00003982      0x302 /tmp/ccCaVLui.ltrans8.ltrans.o
                                0xa68 (size before relaxing)
 .debug_str     0x00003c84      0x21b /tmp/ccCaVLui.ltrans9.ltrans.o
                               0x11b1 (size before relaxing)
 .debug_str     0x00003e9f      0x1c6 /tmp/ccCaVLui.ltrans10.ltrans.o
                                0xaf6 (size before relaxing)

.debug_frame    0x00000000     0x1b00
 .debug_frame   0x00000000      0x6a8 /tmp/ccCaVLui.ltrans0.ltrans.o
 .debug_frame   0x000006a8       0x90 /tmp/ccCaVLui.ltrans1.ltrans.o
 .debug_frame   0x00000738       0xf8 /tmp/ccCaVLui.ltrans2.ltrans.o
 .debug_frame   0x00000830      0x150 /tmp/ccCaVLui.ltrans3.ltrans.o
 .debug_frame   0x00000980      0x3ec /tmp/ccCaVLui.ltrans4.ltrans.o
 .debug_frame   0x00000d6c      0x4e0 /tmp/ccCaVLui.ltrans5.ltrans.o
 .debug_frame   0x0000124c      0x174 /tmp/ccCaVLui.ltrans6.ltrans.o
 .debug_frame   0x000013c0      0x280 /tmp/ccCaVLui.ltrans7.ltrans.o
 .debug_frame   0x00001640      0x23c /tmp/ccCaVLui.ltrans8.ltrans.o
 .debug_frame   0x0000187c       0xf4 /tmp/ccCaVLui.ltrans9.ltrans.o
 .debug_frame   0x00001970       0x94 /tmp/ccCaVLui.ltrans10.ltrans.o
 .debug_frame   0x00001a04       0x2c /home/laurence/ARM-GCC/bin/../lib/gcc/arm-none-eabi/4.7.4/../../../../arm-none-eabi/lib/armv7-m/libg.a(lib_a-memset.o)
 .debug_frame   0x00001a30       0x2c /home/laurence/ARM-GCC/bin/../lib/gcc/arm-none-eabi/4.7.4/../../../../arm-none-eabi/lib/armv7-m/libg.a(lib_a-strcasecmp.o)
 .debug_frame   0x00001a5c       0x20 /home/laurence/ARM-GCC/bin/../lib/gcc/arm-none-eabi/4.7.4/../../../../arm-none-eabi/lib/armv7-m/libg.a(lib_a-strlen.o)
 .debug_frame   0x00001a7c       0x2c /home/laurence/ARM-GCC/bin/../lib/gcc/arm-none-eabi/4.7.4/../../../../arm-none-eabi/lib/armv7-m/libg.a(lib_a-strncpy.o)
 .debug_frame   0x00001aa8       0x2c /home/laurence/ARM-GCC/bin/../lib/gcc/arm-none-eabi/4.7.4/../../../../arm-none-eabi/lib/armv7-m/libg.a(lib_a-strpbrk.o)
 .debug_frame   0x00001ad4       0x2c /home/laurence/ARM-GCC/bin/../lib/gcc/arm-none-eabi/4.7.4/../../../../arm-none-eabi/lib/armv7-m/libg.a(lib_a-strspn.o)

Cross Reference Table

Symbol                                            File
Active_Frequency                                  /tmp/ccCaVLui.ltrans9.ltrans.o
                                                  /tmp/ccCaVLui.ltrans3.ltrans.o
Active_channel                                    /tmp/ccCaVLui.ltrans9.ltrans.o
                                                  /tmp/ccCaVLui.ltrans2.ltrans.o
BusFault_Handler                                  /tmp/ccCaVLui.ltrans0.ltrans.o
                                                  /tmp/ccCaVLui.ltrans2.ltrans.o
Command                                           /tmp/ccCaVLui.ltrans1.ltrans.o
                                                  /tmp/ccCaVLui.ltrans9.ltrans.o
                                                  /tmp/ccCaVLui.ltrans2.ltrans.o
Command_string                                    /tmp/ccCaVLui.ltrans1.ltrans.o
                                                  /tmp/ccCaVLui.ltrans9.ltrans.o
DebugMon_Handler                                  /tmp/ccCaVLui.ltrans0.ltrans.o
                                                  /tmp/ccCaVLui.ltrans2.ltrans.o
GPTD3                                             /tmp/ccCaVLui.ltrans9.ltrans.o
                                                  /tmp/ccCaVLui.ltrans7.ltrans.o
                                                  /tmp/ccCaVLui.ltrans5.ltrans.o
                                                  /tmp/ccCaVLui.ltrans4.ltrans.o
                                                  /tmp/ccCaVLui.ltrans2.ltrans.o
GPTD4                                             /tmp/ccCaVLui.ltrans9.ltrans.o
                                                  /tmp/ccCaVLui.ltrans5.ltrans.o
                                                  /tmp/ccCaVLui.ltrans4.ltrans.o
                                                  /tmp/ccCaVLui.ltrans2.ltrans.o
HardFault_Handler                                 /tmp/ccCaVLui.ltrans0.ltrans.o
                                                  /tmp/ccCaVLui.ltrans2.ltrans.o
MemManage_Handler                                 /tmp/ccCaVLui.ltrans0.ltrans.o
                                                  /tmp/ccCaVLui.ltrans2.ltrans.o
NMI_Handler                                       /tmp/ccCaVLui.ltrans0.ltrans.o
                                                  /tmp/ccCaVLui.ltrans2.ltrans.o
PendSV_Handler                                    /tmp/ccCaVLui.ltrans0.ltrans.o
                                                  /tmp/ccCaVLui.ltrans2.ltrans.o
RF_switch.part.8.11660                            /tmp/ccCaVLui.ltrans7.ltrans.o
                                                  /tmp/ccCaVLui.ltrans9.ltrans.o
Reset_Handler                                     /tmp/ccCaVLui.ltrans2.ltrans.o
SDU1                                              /tmp/ccCaVLui.ltrans1.ltrans.o
                                                  /tmp/ccCaVLui.ltrans7.ltrans.o
                                                  /tmp/ccCaVLui.ltrans3.ltrans.o
                                                  /tmp/ccCaVLui.ltrans2.ltrans.o
SI_Thread.11601                                   /tmp/ccCaVLui.ltrans9.ltrans.o
                                                  /tmp/ccCaVLui.ltrans2.ltrans.o
SPID1                                             /tmp/ccCaVLui.ltrans9.ltrans.o
                                                  /tmp/ccCaVLui.ltrans3.ltrans.o
                                                  /tmp/ccCaVLui.ltrans2.ltrans.o
SVC_Handler                                       /tmp/ccCaVLui.ltrans0.ltrans.o
                                                  /tmp/ccCaVLui.ltrans2.ltrans.o
Silabs_Part_ID                                    /tmp/ccCaVLui.ltrans3.ltrans.o
                                                  /tmp/ccCaVLui.ltrans7.ltrans.o
Silabs_busy                                       /tmp/ccCaVLui.ltrans1.ltrans.o
                                                  /tmp/ccCaVLui.ltrans9.ltrans.o
                                                  /tmp/ccCaVLui.ltrans2.ltrans.o
Silabs_callback                                   /tmp/ccCaVLui.ltrans1.ltrans.o
                                                  /tmp/ccCaVLui.ltrans9.ltrans.o
                                                  /tmp/ccCaVLui.ltrans2.ltrans.o
SysTick_Handler                                   /tmp/ccCaVLui.ltrans0.ltrans.o
                                                  /tmp/ccCaVLui.ltrans2.ltrans.o
Thread1.11031                                     /tmp/ccCaVLui.ltrans7.ltrans.o
                                                  /tmp/ccCaVLui.ltrans2.ltrans.o
USBD1                                             /tmp/ccCaVLui.ltrans2.ltrans.o
                                                  /tmp/ccCaVLui.ltrans7.ltrans.o
                                                  /tmp/ccCaVLui.ltrans6.ltrans.o
UsageFault_Handler                                /tmp/ccCaVLui.ltrans0.ltrans.o
                                                  /tmp/ccCaVLui.ltrans2.ltrans.o
Vector100                                         /tmp/ccCaVLui.ltrans0.ltrans.o
                                                  /tmp/ccCaVLui.ltrans2.ltrans.o
Vector104                                         /tmp/ccCaVLui.ltrans0.ltrans.o
                                                  /tmp/ccCaVLui.ltrans2.ltrans.o
Vector108                                         /tmp/ccCaVLui.ltrans0.ltrans.o
                                                  /tmp/ccCaVLui.ltrans2.ltrans.o
Vector10C                                         /tmp/ccCaVLui.ltrans0.ltrans.o
                                                  /tmp/ccCaVLui.ltrans2.ltrans.o
Vector110                                         /tmp/ccCaVLui.ltrans0.ltrans.o
                                                  /tmp/ccCaVLui.ltrans2.ltrans.o
Vector114                                         /tmp/ccCaVLui.ltrans0.ltrans.o
                                                  /tmp/ccCaVLui.ltrans2.ltrans.o