Archive member included because of file (symbol)

/home/laurence/ARM-GCC/gcc-arm-none-eabi-4_9-2014q4/bin/../lib/gcc/arm-none-eabi/4.9.3/armv7-m/libgcc.a(_arm_addsubdf3.o)
                              /tmp/cce9s3rv.ltrans0.ltrans.o (__aeabi_dsub)
/home/laurence/ARM-GCC/gcc-arm-none-eabi-4_9-2014q4/bin/../lib/gcc/arm-none-eabi/4.9.3/armv7-m/libgcc.a(_arm_muldivdf3.o)
                              /tmp/cce9s3rv.ltrans0.ltrans.o (__aeabi_dmul)
/home/laurence/ARM-GCC/gcc-arm-none-eabi-4_9-2014q4/bin/../lib/gcc/arm-none-eabi/4.9.3/armv7-m/libgcc.a(_arm_fixdfsi.o)
                              /tmp/cce9s3rv.ltrans0.ltrans.o (__aeabi_d2iz)
/home/laurence/ARM-GCC/gcc-arm-none-eabi-4_9-2014q4/bin/../lib/gcc/arm-none-eabi/4.9.3/armv7-m/libgcc.a(_arm_fixunsdfsi.o)
                              /tmp/cce9s3rv.ltrans8.ltrans.o (__aeabi_d2uiz)
/home/laurence/ARM-GCC/gcc-arm-none-eabi-4_9-2014q4/bin/../lib/gcc/arm-none-eabi/4.9.3/armv7-m/libgcc.a(_arm_truncdfsf2.o)
                              /tmp/cce9s3rv.ltrans0.ltrans.o (__aeabi_d2f)
/home/laurence/ARM-GCC/gcc-arm-none-eabi-4_9-2014q4/bin/../lib/gcc/arm-none-eabi/4.9.3/armv7-m/libgcc.a(_arm_addsubsf3.o)
                              /tmp/cce9s3rv.ltrans8.ltrans.o (__aeabi_fsub)
/home/laurence/ARM-GCC/gcc-arm-none-eabi-4_9-2014q4/bin/../lib/gcc/arm-none-eabi/4.9.3/armv7-m/libgcc.a(_arm_muldivsf3.o)
                              /tmp/cce9s3rv.ltrans8.ltrans.o (__aeabi_fmul)
/home/laurence/ARM-GCC/gcc-arm-none-eabi-4_9-2014q4/bin/../lib/gcc/arm-none-eabi/4.9.3/armv7-m/libgcc.a(_arm_cmpsf2.o)
                              /tmp/cce9s3rv.ltrans0.ltrans.o (__aeabi_fcmplt)
/home/laurence/ARM-GCC/gcc-arm-none-eabi-4_9-2014q4/bin/../lib/gcc/arm-none-eabi/4.9.3/armv7-m/libgcc.a(_arm_fixsfsi.o)
                              /tmp/cce9s3rv.ltrans0.ltrans.o (__aeabi_f2iz)
/home/laurence/ARM-GCC/gcc-arm-none-eabi-4_9-2014q4/bin/../lib/gcc/arm-none-eabi/4.9.3/armv7-m/libgcc.a(_arm_fixunssfsi.o)
                              /tmp/cce9s3rv.ltrans8.ltrans.o (__aeabi_f2uiz)
/home/laurence/ARM-GCC/gcc-arm-none-eabi-4_9-2014q4/bin/../lib/gcc/arm-none-eabi/4.9.3/../../../../arm-none-eabi/lib/armv7-m/libg.a(lib_a-memset.o)
                              /tmp/cce9s3rv.ltrans1.ltrans.o (memset)
/home/laurence/ARM-GCC/gcc-arm-none-eabi-4_9-2014q4/bin/../lib/gcc/arm-none-eabi/4.9.3/../../../../arm-none-eabi/lib/armv7-m/libg.a(lib_a-strcasecmp.o)
                              /tmp/cce9s3rv.ltrans0.ltrans.o (strcasecmp)
/home/laurence/ARM-GCC/gcc-arm-none-eabi-4_9-2014q4/bin/../lib/gcc/arm-none-eabi/4.9.3/../../../../arm-none-eabi/lib/armv7-m/libg.a(lib_a-strcpy.o)
                              /tmp/cce9s3rv.ltrans8.ltrans.o (strcpy)
/home/laurence/ARM-GCC/gcc-arm-none-eabi-4_9-2014q4/bin/../lib/gcc/arm-none-eabi/4.9.3/../../../../arm-none-eabi/lib/armv7-m/libg.a(lib_a-strlen.o)
                              /tmp/cce9s3rv.ltrans8.ltrans.o (strlen)
/home/laurence/ARM-GCC/gcc-arm-none-eabi-4_9-2014q4/bin/../lib/gcc/arm-none-eabi/4.9.3/../../../../arm-none-eabi/lib/armv7-m/libg.a(lib_a-strpbrk.o)
                              /tmp/cce9s3rv.ltrans10.ltrans.o (strpbrk)
/home/laurence/ARM-GCC/gcc-arm-none-eabi-4_9-2014q4/bin/../lib/gcc/arm-none-eabi/4.9.3/../../../../arm-none-eabi/lib/armv7-m/libg.a(lib_a-strspn.o)
                              /tmp/cce9s3rv.ltrans10.ltrans.o (strspn)
/home/laurence/ARM-GCC/gcc-arm-none-eabi-4_9-2014q4/bin/../lib/gcc/arm-none-eabi/4.9.3/../../../../arm-none-eabi/lib/armv7-m/libg.a(lib_a-ctype_.o)
                              /home/laurence/ARM-GCC/gcc-arm-none-eabi-4_9-2014q4/bin/../lib/gcc/arm-none-eabi/4.9.3/../../../../arm-none-eabi/lib/armv7-m/libg.a(lib_a-strcasecmp.o) (__ctype_ptr__)

Discarded input sections

 .data          0x00000000        0x0 build/obj/chcoreasm_v7m.o
 .bss           0x00000000        0x0 build/obj/chcoreasm_v7m.o
 .text          0x00000000        0x0 build/obj/crt0.o (symbol from plugin)
 .text          0x00000000        0x0 /tmp/cce9s3rv.ltrans0.ltrans.o
 .data          0x00000000        0x0 /tmp/cce9s3rv.ltrans0.ltrans.o
 .bss           0x00000000        0x0 /tmp/cce9s3rv.ltrans0.ltrans.o
 .text          0x00000000        0x0 /tmp/cce9s3rv.ltrans1.ltrans.o
 .data          0x00000000        0x0 /tmp/cce9s3rv.ltrans1.ltrans.o
 .bss           0x00000000        0x0 /tmp/cce9s3rv.ltrans1.ltrans.o
 .text          0x00000000        0x0 /tmp/cce9s3rv.ltrans2.ltrans.o
 .data          0x00000000        0x0 /tmp/cce9s3rv.ltrans2.ltrans.o
 .bss           0x00000000        0x0 /tmp/cce9s3rv.ltrans2.ltrans.o
 .text          0x00000000        0x0 /tmp/cce9s3rv.ltrans3.ltrans.o
 .data          0x00000000        0x0 /tmp/cce9s3rv.ltrans3.ltrans.o
 .bss           0x00000000        0x0 /tmp/cce9s3rv.ltrans3.ltrans.o
 .text          0x00000000        0x0 /tmp/cce9s3rv.ltrans4.ltrans.o
 .data          0x00000000        0x0 /tmp/cce9s3rv.ltrans4.ltrans.o
 .bss           0x00000000        0x0 /tmp/cce9s3rv.ltrans4.ltrans.o
[...]
Memory Configuration

Name             Origin             Length             Attributes
flash            0x08000000         0x00020000
ram              0x20000000         0x00005000
*default*        0x00000000         0xffffffff

Linker script and memory map

LOAD build/obj/chcoreasm_v7m.o
LOAD build/obj/crt0.o
LOAD /tmp/cce9s3rv.ltrans0.ltrans.o
LOAD /tmp/cce9s3rv.ltrans1.ltrans.o
LOAD /tmp/cce9s3rv.ltrans2.ltrans.o
LOAD /tmp/cce9s3rv.ltrans3.ltrans.o
LOAD /tmp/cce9s3rv.ltrans4.ltrans.o
LOAD /tmp/cce9s3rv.ltrans5.ltrans.o
LOAD /tmp/cce9s3rv.ltrans6.ltrans.o
LOAD /tmp/cce9s3rv.ltrans7.ltrans.o
LOAD /tmp/cce9s3rv.ltrans8.ltrans.o
LOAD /tmp/cce9s3rv.ltrans9.ltrans.o
LOAD /tmp/cce9s3rv.ltrans10.ltrans.o
LOAD /home/laurence/ARM-GCC/gcc-arm-none-eabi-4_9-2014q4/bin/../lib/gcc/arm-none-eabi/4.9.3/armv7-m/libgcc.a
LOAD /home/laurence/ARM-GCC/gcc-arm-none-eabi-4_9-2014q4/bin/../lib/gcc/arm-none-eabi/4.9.3/../../../../arm-none-eabi/lib/armv7-m/libg.a
LOAD /home/laurence/ARM-GCC/gcc-arm-none-eabi-4_9-2014q4/bin/../lib/gcc/arm-none-eabi/4.9.3/../../../../arm-none-eabi/lib/armv7-m/libc.a
LOAD build/obj/vectors.o
LOAD build/obj/chcore.o
LOAD build/obj/chcore_v7m.o
LOAD build/obj/chsys.o
LOAD build/obj/chdebug.o
LOAD build/obj/chtm.o
LOAD build/obj/chstats.o
LOAD build/obj/chschd.o
LOAD build/obj/chvt.o
LOAD build/obj/chthreads.o
LOAD build/obj/chdynamic.o
LOAD build/obj/chregistry.o
LOAD build/obj/chsem.o
LOAD build/obj/chmtx.o
LOAD build/obj/chcond.o
LOAD build/obj/chevents.o
LOAD build/obj/chmsg.o
LOAD build/obj/chmboxes.o
LOAD build/obj/chqueues.o
LOAD build/obj/chmemcore.o
LOAD build/obj/chheap.o
LOAD build/obj/chmempools.o
LOAD build/obj/test.o
LOAD build/obj/testthd.o
LOAD build/obj/testsem.o
LOAD build/obj/testmtx.o
LOAD build/obj/testmsg.o
LOAD build/obj/testmbox.o
LOAD build/obj/testevt.o
LOAD build/obj/testheap.o
LOAD build/obj/testpools.o
LOAD build/obj/testdyn.o
LOAD build/obj/testqueues.o
LOAD build/obj/testbmk.o
LOAD build/obj/hal.o
LOAD build/obj/hal_queues.o
LOAD build/obj/hal_mmcsd.o
LOAD build/obj/adc.o
LOAD build/obj/can.o
LOAD build/obj/dac.o
LOAD build/obj/ext.o
LOAD build/obj/gpt.o
LOAD build/obj/i2c.o
LOAD build/obj/i2s.o
LOAD build/obj/icu.o
LOAD build/obj/mac.o
LOAD build/obj/mmc_spi.o
LOAD build/obj/pal.o
LOAD build/obj/pwm.o
LOAD build/obj/rtc.o
LOAD build/obj/sdc.o
LOAD build/obj/serial.o
LOAD build/obj/serial_usb.o
LOAD build/obj/spi.o
LOAD build/obj/st.o
LOAD build/obj/uart.o
LOAD build/obj/usb.o
LOAD build/obj/osal.o
LOAD build/obj/nvic.o
LOAD build/obj/stm32_dma.o
LOAD build/obj/hal_lld.o
LOAD build/obj/adc_lld.o
LOAD build/obj/ext_lld_isr.o
LOAD build/obj/can_lld.o
LOAD build/obj/ext_lld.o
LOAD build/obj/mac_lld.o
LOAD build/obj/sdc_lld.o
LOAD build/obj/pal_lld.o
LOAD build/obj/i2c_lld.o
LOAD build/obj/rtc_lld.o
LOAD build/obj/spi_lld.o
LOAD build/obj/gpt_lld.o
LOAD build/obj/icu_lld.o
LOAD build/obj/pwm_lld.o
LOAD build/obj/st_lld.o
LOAD build/obj/serial_lld.o
LOAD build/obj/uart_lld.o
LOAD build/obj/usb_lld.o
LOAD build/obj/board.o
LOAD build/obj/shell.o
LOAD build/obj/chprintf.o
LOAD build/obj/main.o
LOAD build/obj/usbcfg.o
LOAD build/obj/Si446x_thread.o
                0x20000000                __ram_start__ = ORIGIN (ram)
                0x00005000                __ram_size__ = 0x5000
                0x20005000                __ram_end__ = (__ram_start__ + __ram_size__)
                0x00000000                . = 0x0
                0x00000000                _text = .

startup         0x08000000      0x140
 *(vectors)
 vectors        0x08000000      0x140 /tmp/cce9s3rv.ltrans9.ltrans.o
                0x08000000                _vectors

constructors    0x08000140        0x0
                0x08000140                PROVIDE (__init_array_start, .)
 *(SORT(.init_array.*))
 *(.init_array)
                0x08000140                PROVIDE (__init_array_end, .)

destructors     0x08000140        0x0
                0x08000140                PROVIDE (__fini_array_start, .)
 *(.fini_array)
 *(SORT(.fini_array.*))
                0x08000140                PROVIDE (__fini_array_end, .)

.text           0x08000140     0xa814
 *(.text.startup.*)
 .text.startup.main
                0x08000140      0x530 /tmp/cce9s3rv.ltrans0.ltrans.o
                0x08000140                main
 *(.text)
 .text          0x08000670       0x26 build/obj/chcoreasm_v7m.o
                0x08000670                _port_switch
                0x08000680                _port_thread_start
                0x0800068e                _port_switch_from_isr
                0x08000692                _port_exit_from_isr
 *fill*         0x08000696        0xa 
 .text          0x080006a0      0x370 /home/laurence/ARM-GCC/gcc-arm-none-eabi-4_9-2014q4/bin/../lib/gcc/arm-none-eabi/4.9.3/armv7-m/libgcc.a(_arm_addsubdf3.o)
                0x080006a0                __aeabi_drsub
                0x080006a8                __aeabi_dsub
                0x080006a8                __subdf3
                0x080006ac                __adddf3
                0x080006ac                __aeabi_dadd
                0x08000924                __aeabi_ui2d
                0x08000924                __floatunsidf
                0x08000944                __floatsidf
                0x08000944                __aeabi_i2d
                0x08000968                __extendsfdf2
                0x08000968                __aeabi_f2d
                0x080009a4                __aeabi_ul2d
                0x080009a4                __floatundidf
                0x080009b4                __floatdidf
                0x080009b4                __aeabi_l2d
 .text          0x08000a10      0x424 /home/laurence/ARM-GCC/gcc-arm-none-eabi-4_9-2014q4/bin/../lib/gcc/arm-none-eabi/4.9.3/armv7-m/libgcc.a(_arm_muldivdf3.o)
                0x08000a10                __aeabi_dmul
                0x08000a10                __muldf3
                0x08000c64                __aeabi_ddiv
                0x08000c64                __divdf3
 *fill*         0x08000e34        0xc 
 .text          0x08000e40       0x50 /home/laurence/ARM-GCC/gcc-arm-none-eabi-4_9-2014q4/bin/../lib/gcc/arm-none-eabi/4.9.3/armv7-m/libgcc.a(_arm_fixdfsi.o)
                0x08000e40                __fixdfsi
                0x08000e40                __aeabi_d2iz
 .text          0x08000e90       0x40 /home/laurence/ARM-GCC/gcc-arm-none-eabi-4_9-2014q4/bin/../lib/gcc/arm-none-eabi/4.9.3/armv7-m/libgcc.a(_arm_fixunsdfsi.o)
                0x08000e90                __fixunsdfsi
                0x08000e90                __aeabi_d2uiz
 .text          0x08000ed0       0xa0 /home/laurence/ARM-GCC/gcc-arm-none-eabi-4_9-2014q4/bin/../lib/gcc/arm-none-eabi/4.9.3/armv7-m/libgcc.a(_arm_truncdfsf2.o)
                0x08000ed0                __aeabi_d2f
                0x08000ed0                __truncdfsf2
 .text          0x08000f70      0x21c /home/laurence/ARM-GCC/gcc-arm-none-eabi-4_9-2014q4/bin/../lib/gcc/arm-none-eabi/4.9.3/armv7-m/libgcc.a(_arm_addsubsf3.o)
                0x08000f70                __aeabi_frsub
                0x08000f78                __subsf3
                0x08000f78                __aeabi_fsub
                0x08000f7c                __aeabi_fadd
                0x08000f7c                __addsf3
                0x080010dc                __aeabi_ui2f
                0x080010dc                __floatunsisf
                0x080010e4                __aeabi_i2f
                0x080010e4                __floatsisf
                0x08001100                __floatundisf
                0x08001100                __aeabi_ul2f
                0x08001110                __floatdisf
                0x08001110                __aeabi_l2f
 *fill*         0x0800118c        0x4 
 .text          0x08001190      0x2a0 /home/laurence/ARM-GCC/gcc-arm-none-eabi-4_9-2014q4/bin/../lib/gcc/arm-none-eabi/4.9.3/armv7-m/libgcc.a(_arm_muldivsf3.o)
                0x08001190                __mulsf3
                0x08001190                __aeabi_fmul
                0x080012f8                __divsf3
                0x080012f8                __aeabi_fdiv
 .text          0x08001430       0xec /home/laurence/ARM-GCC/gcc-arm-none-eabi-4_9-2014q4/bin/../lib/gcc/arm-none-eabi/4.9.3/armv7-m/libgcc.a(_arm_cmpsf2.o)
                0x08001430                __gtsf2
                0x08001430                __gesf2
                0x08001438                __lesf2
                0x08001438                __ltsf2
                0x08001440                __nesf2
                0x08001440                __eqsf2
                0x08001440                __cmpsf2
                0x080014a0                __aeabi_cfrcmple
                0x080014a8                __aeabi_cfcmple
                0x080014a8                __aeabi_cfcmpeq
                0x080014b8                __aeabi_fcmpeq
                0x080014cc                __aeabi_fcmplt
                0x080014e0                __aeabi_fcmple
                0x080014f4                __aeabi_fcmpge
                0x08001508                __aeabi_fcmpgt
 *fill*         0x0800151c        0x4 
 .text          0x08001520       0x4c /home/laurence/ARM-GCC/gcc-arm-none-eabi-4_9-2014q4/bin/../lib/gcc/arm-none-eabi/4.9.3/armv7-m/libgcc.a(_arm_fixsfsi.o)
                0x08001520                __fixsfsi
                0x08001520                __aeabi_f2iz
 *fill*         0x0800156c        0x4 
 .text          0x08001570       0x40 /home/laurence/ARM-GCC/gcc-arm-none-eabi-4_9-2014q4/bin/../lib/gcc/arm-none-eabi/4.9.3/armv7-m/libgcc.a(_arm_fixunssfsi.o)
                0x08001570                __aeabi_f2uiz
                0x08001570                __fixunssfsi
 *(.text.*)
 .text.long_to_string_with_divisor
                0x080015b0       0x50 /tmp/cce9s3rv.ltrans0.ltrans.o
 .text.Thread1  0x08001600       0x50 /tmp/cce9s3rv.ltrans0.ltrans.o
 .text.cmd_systime
                0x08001650       0x40 /tmp/cce9s3rv.ltrans0.ltrans.o
 .text.shell_thread
                0x08001690      0x240 /tmp/cce9s3rv.ltrans0.ltrans.o
 .text.chvprintf
                0x080018d0      0x420 /tmp/cce9s3rv.ltrans0.ltrans.o
                0x080018d0                chvprintf
 .text.chprintf.lto_priv.92
                0x08001cf0       0x20 /tmp/cce9s3rv.ltrans0.ltrans.o
 .text.cmd_write
                0x08001d10       0x50 /tmp/cce9s3rv.ltrans0.ltrans.o
 .text.cmd_test
                0x08001d60       0x50 /tmp/cce9s3rv.ltrans0.ltrans.o
 .text.cmd_threads
                0x08001db0       0x70 /tmp/cce9s3rv.ltrans0.ltrans.o
 .text.cmd_mem  0x08001e20       0x60 /tmp/cce9s3rv.ltrans0.ltrans.o
 .text.usbStartTransmitI
                0x08001e80       0x40 /tmp/cce9s3rv.ltrans1.ltrans.o
 .text.set_address
                0x08001ec0       0x30 /tmp/cce9s3rv.ltrans1.ltrans.o
 .text.sduInterruptTransmitted
                0x08001ef0       0x10 /tmp/cce9s3rv.ltrans1.ltrans.o
                0x08001ef0                sduInterruptTransmitted
 .text.sduRequestsHook
                0x08001f00       0x40 /tmp/cce9s3rv.ltrans1.ltrans.o
                0x08001f00                sduRequestsHook
 .text.bmk12_setup.lto_priv.182
                0x08001f40       0x10 /tmp/cce9s3rv.ltrans1.ltrans.o
                0x08001f40                bmk12_setup.lto_priv.182
 .text.bmk11_setup.lto_priv.180
                0x08001f50       0x10 /tmp/cce9s3rv.ltrans1.ltrans.o
                0x08001f50                bmk11_setup.lto_priv.180
 .text.tmo      0x08001f60       0x10 /tmp/cce9s3rv.ltrans1.ltrans.o
 .text._usb_ep0out
                0x08001f70       0x90 /tmp/cce9s3rv.ltrans1.ltrans.o
                0x08001f70                _usb_ep0out
 .text.onotify.lto_priv.87
                0x08002000       0x70 /tmp/cce9s3rv.ltrans1.ltrans.o
                0x08002000                onotify.lto_priv.87
 .text.sduDataTransmitted
                0x08002070       0x90 /tmp/cce9s3rv.ltrans1.ltrans.o
                0x08002070                sduDataTransmitted
 .text.readt.lto_priv.102
                0x08002100       0x10 /tmp/cce9s3rv.ltrans1.ltrans.o
                0x08002100                readt.lto_priv.102
 .text.read.lto_priv.96
                0x08002110       0x10 /tmp/cce9s3rv.ltrans1.ltrans.o
                0x08002110                read.lto_priv.96
 .text.writet.lto_priv.101
                0x08002120       0x10 /tmp/cce9s3rv.ltrans1.ltrans.o
                0x08002120                writet.lto_priv.101
 .text.write.lto_priv.95
                0x08002130       0x10 /tmp/cce9s3rv.ltrans1.ltrans.o
                0x08002130                write.lto_priv.95
 .text.gett.lto_priv.100
                0x08002140       0x10 /tmp/cce9s3rv.ltrans1.ltrans.o
                0x08002140                gett.lto_priv.100
 .text.get.lto_priv.98
                0x08002150       0x10 /tmp/cce9s3rv.ltrans1.ltrans.o
                0x08002150                get.lto_priv.98
 .text.putt.lto_priv.99
                0x08002160       0x10 /tmp/cce9s3rv.ltrans1.ltrans.o
                0x08002160                putt.lto_priv.99
 .text.put.lto_priv.97
                0x08002170       0x10 /tmp/cce9s3rv.ltrans1.ltrans.o
                0x08002170                put.lto_priv.97
 .text.bmk13_execute.lto_priv.184
                0x08002180       0xf0 /tmp/cce9s3rv.ltrans1.ltrans.o
                0x08002180                bmk13_execute.lto_priv.184
 .text.bmk12_execute.lto_priv.183
                0x08002270       0x70 /tmp/cce9s3rv.ltrans1.ltrans.o
                0x08002270                bmk12_execute.lto_priv.183
 .text.bmk11_execute.lto_priv.181
                0x080022e0       0x70 /tmp/cce9s3rv.ltrans1.ltrans.o
                0x080022e0                bmk11_execute.lto_priv.181
 .text.bmk10_execute.lto_priv.179
                0x08002350       0x80 /tmp/cce9s3rv.ltrans1.ltrans.o
                0x08002350                bmk10_execute.lto_priv.179
 .text.bmk9_execute.lto_priv.178
                0x080023d0       0xb0 /tmp/cce9s3rv.ltrans1.ltrans.o
                0x080023d0                bmk9_execute.lto_priv.178
 .text.usbStartReceiveI
                0x08002480       0x40 /tmp/cce9s3rv.ltrans1.ltrans.o
                0x08002480                usbStartReceiveI
 .text._usb_ep0in
                0x080024c0       0xe0 /tmp/cce9s3rv.ltrans1.ltrans.o
                0x080024c0                _usb_ep0in
 .text._usb_ep0setup
                0x080025a0      0x3d0 /tmp/cce9s3rv.ltrans1.ltrans.o
                0x080025a0                _usb_ep0setup
 .text.sduDataReceived
                0x08002970       0x80 /tmp/cce9s3rv.ltrans1.ltrans.o
                0x08002970                sduDataReceived
 .text.inotify.lto_priv.86
                0x080029f0       0x80 /tmp/cce9s3rv.ltrans1.ltrans.o
                0x080029f0                inotify.lto_priv.86
 .text.usbInitEndpointI
                0x08002a70       0x40 /tmp/cce9s3rv.ltrans1.ltrans.o
                0x08002a70                usbInitEndpointI
 .text.dyn2_setup.lto_priv.161
                0x08002ab0       0x20 /tmp/cce9s3rv.ltrans2.ltrans.o
                0x08002ab0                dyn2_setup.lto_priv.161
 .text.dyn1_setup.lto_priv.159
                0x08002ad0       0x30 /tmp/cce9s3rv.ltrans2.ltrans.o
                0x08002ad0                dyn1_setup.lto_priv.159
 .text.null_provider
                0x08002b00       0x10 /tmp/cce9s3rv.ltrans2.ltrans.o
 .text.pools1_setup.lto_priv.157
                0x08002b10       0x20 /tmp/cce9s3rv.ltrans2.ltrans.o
                0x08002b10                pools1_setup.lto_priv.157
 .text.heap1_setup.lto_priv.155
                0x08002b30       0x30 /tmp/cce9s3rv.ltrans2.ltrans.o
                0x08002b30                heap1_setup.lto_priv.155
 .text.pools1_execute.lto_priv.158
                0x08002b60       0xd0 /tmp/cce9s3rv.ltrans2.ltrans.o
                0x08002b60                pools1_execute.lto_priv.158
 .text.dyn2_execute.lto_priv.162
                0x08002c30       0xf0 /tmp/cce9s3rv.ltrans2.ltrans.o
                0x08002c30                dyn2_execute.lto_priv.162
 .text.thread.lto_priv.78
                0x08002d20       0x10 /tmp/cce9s3rv.ltrans2.ltrans.o
                0x08002d20                thread.lto_priv.78
 .text.dyn1_execute.lto_priv.160
                0x08002d30      0x100 /tmp/cce9s3rv.ltrans2.ltrans.o
                0x08002d30                dyn1_execute.lto_priv.160
 .text.heap1_execute.lto_priv.156
                0x08002e30      0x240 /tmp/cce9s3rv.ltrans2.ltrans.o
                0x08002e30                heap1_execute.lto_priv.156
 .text.evt3_execute.lto_priv.154
                0x08003070      0x160 /tmp/cce9s3rv.ltrans2.ltrans.o
                0x08003070                evt3_execute.lto_priv.154
 .text.evt3_setup.lto_priv.153
                0x080031d0       0x10 /tmp/cce9s3rv.ltrans2.ltrans.o
                0x080031d0                evt3_setup.lto_priv.153
 .text.evt2_setup.lto_priv.151
                0x080031e0       0x10 /tmp/cce9s3rv.ltrans2.ltrans.o
                0x080031e0                evt2_setup.lto_priv.151
 .text.evt2_execute.lto_priv.152
                0x080031f0      0x2f0 /tmp/cce9s3rv.ltrans2.ltrans.o
                0x080031f0                evt2_execute.lto_priv.152
 .text.thread2  0x080034e0       0x40 /tmp/cce9s3rv.ltrans2.ltrans.o
 .text.thread1  0x08003520       0x30 /tmp/cce9s3rv.ltrans2.ltrans.o
 .text.bmk7_setup.lto_priv.175
                0x08003550       0x10 /tmp/cce9s3rv.ltrans3.ltrans.o
                0x08003550                bmk7_setup.lto_priv.175
 .text.thread1.lto_priv.106
                0x08003560       0x10 /tmp/cce9s3rv.ltrans3.ltrans.o
 .text.notify.lto_priv.82
                0x08003570       0x10 /tmp/cce9s3rv.ltrans3.ltrans.o
                0x08003570                notify.lto_priv.82
 .text.queues2_setup.lto_priv.167
                0x08003580       0x30 /tmp/cce9s3rv.ltrans3.ltrans.o
                0x08003580                queues2_setup.lto_priv.167
 .text.queues1_setup.lto_priv.165
                0x080035b0       0x30 /tmp/cce9s3rv.ltrans3.ltrans.o
                0x080035b0                queues1_setup.lto_priv.165
 .text.dyn3_setup.lto_priv.163
                0x080035e0       0x30 /tmp/cce9s3rv.ltrans3.ltrans.o
                0x080035e0                dyn3_setup.lto_priv.163
 .text.bmk8_execute.lto_priv.177
                0x08003610       0xe0 /tmp/cce9s3rv.ltrans3.ltrans.o
                0x08003610                bmk8_execute.lto_priv.177
 .text.thread8  0x080036f0       0x30 /tmp/cce9s3rv.ltrans3.ltrans.o
 .text.bmk6_execute.lto_priv.174
                0x08003720       0x70 /tmp/cce9s3rv.ltrans3.ltrans.o
                0x08003720                bmk6_execute.lto_priv.174
 .text.thread3  0x08003790       0x30 /tmp/cce9s3rv.ltrans3.ltrans.o
 .text.bmk7_execute.lto_priv.176
                0x080037c0      0x130 /tmp/cce9s3rv.ltrans3.ltrans.o
                0x080037c0                bmk7_execute.lto_priv.176
 .text.bmk5_execute.lto_priv.173
                0x080038f0       0x70 /tmp/cce9s3rv.ltrans3.ltrans.o
                0x080038f0                bmk5_execute.lto_priv.173
 .text.bmk4_execute.lto_priv.172
                0x08003960       0xc0 /tmp/cce9s3rv.ltrans3.ltrans.o
                0x08003960                bmk4_execute.lto_priv.172
 .text.thread4  0x08003a20       0x30 /tmp/cce9s3rv.ltrans3.ltrans.o
 .text.thread2.lto_priv.108
                0x08003a50       0x30 /tmp/cce9s3rv.ltrans3.ltrans.o
 .text.msg_loop_test
                0x08003a80       0x30 /tmp/cce9s3rv.ltrans3.ltrans.o
 .text.bmk3_execute.lto_priv.171
                0x08003ab0       0xe0 /tmp/cce9s3rv.ltrans3.ltrans.o
                0x08003ab0                bmk3_execute.lto_priv.171
 .text.bmk2_execute.lto_priv.170
                0x08003b90       0x70 /tmp/cce9s3rv.ltrans3.ltrans.o
                0x08003b90                bmk2_execute.lto_priv.170
 .text.bmk1_execute.lto_priv.169
                0x08003c00       0x70 /tmp/cce9s3rv.ltrans3.ltrans.o
                0x08003c00                bmk1_execute.lto_priv.169
 .text.thread2.lto_priv.107
                0x08003c70       0x20 /tmp/cce9s3rv.ltrans3.ltrans.o
 .text.queues2_execute.lto_priv.168
                0x08003c90      0x250 /tmp/cce9s3rv.ltrans3.ltrans.o
                0x08003c90                queues2_execute.lto_priv.168
 .text.thread1.lto_priv.105
                0x08003ee0       0x20 /tmp/cce9s3rv.ltrans3.ltrans.o
 .text.queues1_execute.lto_priv.166
                0x08003f00      0x270 /tmp/cce9s3rv.ltrans3.ltrans.o
                0x08003f00                queues1_execute.lto_priv.166
 .text.regfind  0x08004170       0x40 /tmp/cce9s3rv.ltrans3.ltrans.o
 .text.dyn3_execute.lto_priv.164
                0x080041b0      0x140 /tmp/cce9s3rv.ltrans3.ltrans.o
                0x080041b0                dyn3_execute.lto_priv.164
 .text.mtx6_setup.lto_priv.140
                0x080042f0       0x20 /tmp/cce9s3rv.ltrans4.ltrans.o
                0x080042f0                mtx6_setup.lto_priv.140
 .text.mtx5_setup.lto_priv.138
                0x08004310       0x10 /tmp/cce9s3rv.ltrans4.ltrans.o
                0x08004310                mtx5_setup.lto_priv.138
 .text.mtx4_setup.lto_priv.136
                0x08004320       0x20 /tmp/cce9s3rv.ltrans4.ltrans.o
                0x08004320                mtx4_setup.lto_priv.136
 .text.mtx1_setup.lto_priv.134
                0x08004340       0x10 /tmp/cce9s3rv.ltrans4.ltrans.o
                0x08004340                mtx1_setup.lto_priv.134
 .text.sem3_setup.lto_priv.131
                0x08004350       0x10 /tmp/cce9s3rv.ltrans4.ltrans.o
                0x08004350                sem3_setup.lto_priv.131
 .text.sem2_setup.lto_priv.129
                0x08004360       0x10 /tmp/cce9s3rv.ltrans4.ltrans.o
                0x08004360                sem2_setup.lto_priv.129
 .text.sem1_setup.lto_priv.127
                0x08004370       0x10 /tmp/cce9s3rv.ltrans4.ltrans.o
                0x08004370                sem1_setup.lto_priv.127
 .text.mtx5_execute.lto_priv.139
                0x08004380      0x100 /tmp/cce9s3rv.ltrans4.ltrans.o
                0x08004380                mtx5_execute.lto_priv.139
 .text.mtx4_execute.lto_priv.137
                0x08004480      0x250 /tmp/cce9s3rv.ltrans4.ltrans.o
                0x08004480                mtx4_execute.lto_priv.137
 .text.thread4a
                0x080046d0       0x20 /tmp/cce9s3rv.ltrans4.ltrans.o
 .text.thread4b
                0x080046f0       0x20 /tmp/cce9s3rv.ltrans4.ltrans.o
 .text.mtx1_execute.lto_priv.135
                0x08004710       0xf0 /tmp/cce9s3rv.ltrans4.ltrans.o
                0x08004710                mtx1_execute.lto_priv.135
 .text.thread1.lto_priv.122
                0x08004800       0x20 /tmp/cce9s3rv.ltrans4.ltrans.o
 .text.thread1.lto_priv.121
                0x08004820       0x20 /tmp/cce9s3rv.ltrans4.ltrans.o
 .text.thread4  0x08004840       0x30 /tmp/cce9s3rv.ltrans4.ltrans.o
 .text.thread2  0x08004870       0x30 /tmp/cce9s3rv.ltrans4.ltrans.o
 .text.sem4_execute.lto_priv.133
                0x080048a0      0x160 /tmp/cce9s3rv.ltrans4.ltrans.o
                0x080048a0                sem4_execute.lto_priv.133
 .text.sem3_execute.lto_priv.132
                0x08004a00       0x90 /tmp/cce9s3rv.ltrans4.ltrans.o
                0x08004a00                sem3_execute.lto_priv.132
 .text.thread3  0x08004a90       0x20 /tmp/cce9s3rv.ltrans4.ltrans.o
 .text.sem2_execute.lto_priv.130
                0x08004ab0      0x160 /tmp/cce9s3rv.ltrans4.ltrans.o
                0x08004ab0                sem2_execute.lto_priv.130
 .text.sem1_execute.lto_priv.128
                0x08004c10      0x170 /tmp/cce9s3rv.ltrans4.ltrans.o
                0x08004c10                sem1_execute.lto_priv.128
 .text.thd4_execute.lto_priv.126
                0x08004d80       0xd0 /tmp/cce9s3rv.ltrans4.ltrans.o
                0x08004d80                thd4_execute.lto_priv.126
 .text.thd3_execute.lto_priv.125
                0x08004e50      0x130 /tmp/cce9s3rv.ltrans4.ltrans.o
                0x08004e50                thd3_execute.lto_priv.125
 .text.mbox1_setup.lto_priv.147
                0x08004f80       0x40 /tmp/cce9s3rv.ltrans5.ltrans.o
                0x08004f80                mbox1_setup.lto_priv.147
 .text.mtx8_setup.lto_priv.144
                0x08004fc0       0x30 /tmp/cce9s3rv.ltrans5.ltrans.o
                0x08004fc0                mtx8_setup.lto_priv.144
 .text.mtx7_setup.lto_priv.142
                0x08004ff0       0x20 /tmp/cce9s3rv.ltrans5.ltrans.o
                0x08004ff0                mtx7_setup.lto_priv.142
 .text.evt1_execute.lto_priv.150
                0x08005010       0xe0 /tmp/cce9s3rv.ltrans5.ltrans.o
                0x08005010                evt1_execute.lto_priv.150
 .text.h3       0x080050f0       0x10 /tmp/cce9s3rv.ltrans5.ltrans.o
 .text.h2       0x08005100       0x10 /tmp/cce9s3rv.ltrans5.ltrans.o
 .text.h1       0x08005110       0x10 /tmp/cce9s3rv.ltrans5.ltrans.o
 .text.evt1_setup.lto_priv.149
                0x08005120       0x10 /tmp/cce9s3rv.ltrans5.ltrans.o
                0x08005120                evt1_setup.lto_priv.149
 .text.mbox1_execute.lto_priv.148
                0x08005130      0x5d0 /tmp/cce9s3rv.ltrans5.ltrans.o
                0x08005130                mbox1_execute.lto_priv.148
 .text.thread   0x08005700       0x20 /tmp/cce9s3rv.ltrans5.ltrans.o
 .text.msg1_execute.lto_priv.146
                0x08005720       0xa0 /tmp/cce9s3rv.ltrans5.ltrans.o
                0x08005720                msg1_execute.lto_priv.146
 .text.mtx8_execute.lto_priv.145
                0x080057c0       0x90 /tmp/cce9s3rv.ltrans5.ltrans.o
                0x080057c0                mtx8_execute.lto_priv.145
 .text.thread12
                0x08005850       0x20 /tmp/cce9s3rv.ltrans5.ltrans.o
 .text.thread11
                0x08005870       0x90 /tmp/cce9s3rv.ltrans5.ltrans.o
 .text.thread10
                0x08005900       0x70 /tmp/cce9s3rv.ltrans5.ltrans.o
 .text.mtx7_execute.lto_priv.143
                0x08005970       0xf0 /tmp/cce9s3rv.ltrans5.ltrans.o
                0x08005970                mtx7_execute.lto_priv.143
 .text.mtx6_execute.lto_priv.141
                0x08005a60       0xe0 /tmp/cce9s3rv.ltrans5.ltrans.o
                0x08005a60                mtx6_execute.lto_priv.141
 .text.print_line
                0x08005b40       0x30 /tmp/cce9s3rv.ltrans6.ltrans.o
 .text.tmr.lto_priv.79
                0x08005b70       0x10 /tmp/cce9s3rv.ltrans6.ltrans.o
                0x08005b70                tmr.lto_priv.79
 .text.chCoreAlloc
                0x08005b80       0x40 /tmp/cce9s3rv.ltrans6.ltrans.o
                0x08005b80                chCoreAlloc
 .text.test_wait_tick
                0x08005bc0       0x20 /tmp/cce9s3rv.ltrans6.ltrans.o
                0x08005bc0                test_wait_tick
 .text.test_wait_threads
                0x08005be0       0x30 /tmp/cce9s3rv.ltrans6.ltrans.o
                0x08005be0                test_wait_threads
 .text.test_terminate_threads
                0x08005c10       0x30 /tmp/cce9s3rv.ltrans6.ltrans.o
                0x08005c10                test_terminate_threads
 .text._test_assert_time_window
                0x08005c40       0x40 /tmp/cce9s3rv.ltrans6.ltrans.o
                0x08005c40                _test_assert_time_window
 .text._test_assert_sequence
                0x08005c80       0x50 /tmp/cce9s3rv.ltrans6.ltrans.o
                0x08005c80                _test_assert_sequence
 .text.thd2_execute
                0x08005cd0      0x150 /tmp/cce9s3rv.ltrans6.ltrans.o
 .text.thd1_execute
                0x08005e20       0xd0 /tmp/cce9s3rv.ltrans6.ltrans.o
 .text._test_assert
                0x08005ef0       0x30 /tmp/cce9s3rv.ltrans6.ltrans.o
                0x08005ef0                _test_assert
 .text.test_emit_token
                0x08005f20       0x30 /tmp/cce9s3rv.ltrans6.ltrans.o
                0x08005f20                test_emit_token
 .text.thread   0x08005f50       0x10 /tmp/cce9s3rv.ltrans6.ltrans.o
 .text.test_println
                0x08005f60       0x40 /tmp/cce9s3rv.ltrans6.ltrans.o
                0x08005f60                test_println
 .text.test_print
                0x08005fa0       0x20 /tmp/cce9s3rv.ltrans6.ltrans.o
                0x08005fa0                test_print
 .text.test_printn
                0x08005fc0       0x60 /tmp/cce9s3rv.ltrans6.ltrans.o
                0x08005fc0                test_printn
 .text.TestThread
                0x08006020      0x330 /tmp/cce9s3rv.ltrans6.ltrans.o
                0x08006020                TestThread
 .text.chPoolAlloc
                0x08006350       0x30 /tmp/cce9s3rv.ltrans6.ltrans.o
                0x08006350                chPoolAlloc
 .text.chHeapStatus
                0x08006380       0x50 /tmp/cce9s3rv.ltrans6.ltrans.o
                0x08006380                chHeapStatus
 .text.chHeapFree
                0x080063d0       0x90 /tmp/cce9s3rv.ltrans6.ltrans.o
                0x080063d0                chHeapFree
 .text.chHeapAlloc
                0x08006460       0x90 /tmp/cce9s3rv.ltrans6.ltrans.o
                0x08006460                chHeapAlloc
 .text.chOQWriteTimeout
                0x080064f0       0x90 /tmp/cce9s3rv.ltrans6.ltrans.o
                0x080064f0                chOQWriteTimeout
 .text.chOQPutTimeout
                0x08006580       0x50 /tmp/cce9s3rv.ltrans6.ltrans.o
                0x08006580                chOQPutTimeout
 .text.chIQReadTimeout
                0x080065d0       0x80 /tmp/cce9s3rv.ltrans6.ltrans.o
                0x080065d0                chIQReadTimeout
 .text.chIQGetTimeout
                0x08006650       0x50 /tmp/cce9s3rv.ltrans6.ltrans.o
                0x08006650                chIQGetTimeout
 .text.chIQPutI
                0x080066a0       0x60 /tmp/cce9s3rv.ltrans6.ltrans.o
                0x080066a0                chIQPutI
 .text.chMsgWait
                0x08006700       0x40 /tmp/cce9s3rv.ltrans6.ltrans.o
                0x08006700                chMsgWait
 .text.chMsgSend
                0x08006740       0x40 /tmp/cce9s3rv.ltrans6.ltrans.o
                0x08006740                chMsgSend
 .text.chEvtSignalI
                0x08006780       0x30 /tmp/cce9s3rv.ltrans6.ltrans.o
                0x08006780                chEvtSignalI
 .text.wakeup.lto_priv.118
                0x080067b0       0x70 /tmp/cce9s3rv.ltrans7.ltrans.o
                0x080067b0                wakeup.lto_priv.118
 .text._idle_thread.lto_priv.88
                0x08006820       0x20 /tmp/cce9s3rv.ltrans7.ltrans.o
                0x08006820                _idle_thread.lto_priv.88
 .text.SVC_Handler
                0x08006840       0x20 /tmp/cce9s3rv.ltrans7.ltrans.o
                0x08006840                SVC_Handler
 .text.chSchDoRescheduleAhead
                0x08006860       0x40 /tmp/cce9s3rv.ltrans7.ltrans.o
 .text.Reset_Handler
                0x080068a0      0x170 /tmp/cce9s3rv.ltrans7.ltrans.o
                0x080068a0                Reset_Handler
 .text.chEvtBroadcastFlagsI
                0x08006a10       0x30 /tmp/cce9s3rv.ltrans7.ltrans.o
                0x08006a10                chEvtBroadcastFlagsI
 .text.chEvtUnregister
                0x08006a40       0x30 /tmp/cce9s3rv.ltrans7.ltrans.o
                0x08006a40                chEvtUnregister
 .text.chThdRelease
                0x08006a70       0x60 /tmp/cce9s3rv.ltrans7.ltrans.o
                0x08006a70                chThdRelease
 .text.chRegNextThread
                0x08006ad0       0x30 /tmp/cce9s3rv.ltrans7.ltrans.o
                0x08006ad0                chRegNextThread
 .text.chThdYield
                0x08006b00       0x60 /tmp/cce9s3rv.ltrans7.ltrans.o
                0x08006b00                chThdYield
 .text.chVTDoResetI
                0x08006b60       0x60 /tmp/cce9s3rv.ltrans7.ltrans.o
                0x08006b60                chVTDoResetI
 .text.chVTDoSetI
                0x08006bc0       0x80 /tmp/cce9s3rv.ltrans7.ltrans.o
                0x08006bc0                chVTDoSetI
 .text.chSchDoReschedule
                0x08006c40       0x10 /tmp/cce9s3rv.ltrans7.ltrans.o
                0x08006c40                chSchDoReschedule
 .text.chSchRescheduleS
                0x08006c50       0x20 /tmp/cce9s3rv.ltrans7.ltrans.o
                0x08006c50                chSchRescheduleS
 .text.chThdSetPriority
                0x08006c70       0x30 /tmp/cce9s3rv.ltrans7.ltrans.o
                0x08006c70                chThdSetPriority
 .text.chSchWakeupS
                0x08006ca0       0x60 /tmp/cce9s3rv.ltrans7.ltrans.o
                0x08006ca0                chSchWakeupS
 .text.chMtxUnlock
                0x08006d00       0x60 /tmp/cce9s3rv.ltrans7.ltrans.o
                0x08006d00                chMtxUnlock
 .text.chSemSignal
                0x08006d60       0x40 /tmp/cce9s3rv.ltrans7.ltrans.o
                0x08006d60                chSemSignal
 .text.chThdCreateFromHeap
                0x08006da0       0x90 /tmp/cce9s3rv.ltrans7.ltrans.o
                0x08006da0                chThdCreateFromHeap
 .text.chThdCreateStatic
                0x08006e30       0x80 /tmp/cce9s3rv.ltrans7.ltrans.o
                0x08006e30                chThdCreateStatic
 .text.chSchGoSleepS
                0x08006eb0       0x30 /tmp/cce9s3rv.ltrans7.ltrans.o
                0x08006eb0                chSchGoSleepS
 .text.chSemWait
                0x08006ee0       0x50 /tmp/cce9s3rv.ltrans7.ltrans.o
                0x08006ee0                chSemWait
 .text.chThdWait
                0x08006f30       0x40 /tmp/cce9s3rv.ltrans7.ltrans.o
                0x08006f30                chThdWait
 .text.chSchGoSleepTimeoutS
                0x08006f70       0x50 /tmp/cce9s3rv.ltrans7.ltrans.o
                0x08006f70                chSchGoSleepTimeoutS
 .text.chSemWaitTimeoutS
                0x08006fc0       0x40 /tmp/cce9s3rv.ltrans7.ltrans.o
                0x08006fc0                chSemWaitTimeoutS
 .text.chSemWaitTimeout
                0x08007000       0x20 /tmp/cce9s3rv.ltrans7.ltrans.o
                0x08007000                chSemWaitTimeout
 .text.chThdEnqueueTimeoutS
                0x08007020       0x30 /tmp/cce9s3rv.ltrans7.ltrans.o
                0x08007020                chThdEnqueueTimeoutS
 .text.chThdSleep
                0x08007050       0x20 /tmp/cce9s3rv.ltrans7.ltrans.o
                0x08007050                chThdSleep
 .text.chSchReadyI
                0x08007070       0x30 /tmp/cce9s3rv.ltrans7.ltrans.o
                0x08007070                chSchReadyI
 .text.chMtxUnlockAll
                0x080070a0       0x60 /tmp/cce9s3rv.ltrans7.ltrans.o
                0x080070a0                chMtxUnlockAll
 .text.chMtxUnlockS
                0x08007100       0x50 /tmp/cce9s3rv.ltrans7.ltrans.o
                0x08007100                chMtxUnlockS
 .text.chMtxLockS
                0x08007150       0xd0 /tmp/cce9s3rv.ltrans7.ltrans.o
                0x08007150                chMtxLockS
 .text.chMtxLock
                0x08007220       0x20 /tmp/cce9s3rv.ltrans7.ltrans.o
                0x08007220                chMtxLock
 .text.chSemSignalI
                0x08007240       0x30 /tmp/cce9s3rv.ltrans7.ltrans.o
                0x08007240                chSemSignalI
 .text.chSemResetI
                0x08007270       0x30 /tmp/cce9s3rv.ltrans7.ltrans.o
                0x08007270                chSemResetI
 .text.chThdDequeueAllI
                0x080072a0       0x30 /tmp/cce9s3rv.ltrans7.ltrans.o
                0x080072a0                chThdDequeueAllI
 .text.chThdExitS
                0x080072d0       0x40 /tmp/cce9s3rv.ltrans7.ltrans.o
                0x080072d0                chThdExitS
 .text.chThdExit
                0x08007310       0x10 /tmp/cce9s3rv.ltrans7.ltrans.o
                0x08007310                chThdExit
 .text.chTMStopMeasurementX
                0x08007320       0x50 /tmp/cce9s3rv.ltrans7.ltrans.o
                0x08007320                chTMStopMeasurementX
 .text._port_irq_epilogue
                0x08007370       0x60 /tmp/cce9s3rv.ltrans7.ltrans.o
                0x08007370                _port_irq_epilogue
 .text._unhandled_exception
                0x080073d0       0x10 /tmp/cce9s3rv.ltrans7.ltrans.o
                0x080073d0                Vector58
                0x080073d0                VectorE8
                0x080073d0                Vector9C
                0x080073d0                VectorAC
                0x080073d0                DebugMon_Handler
                0x080073d0                Vector5C
                0x080073d0                Vector11C
                0x080073d0                HardFault_Handler
                0x080073d0                SysTick_Handler
                0x080073d0                VectorDC
                0x080073d0                PendSV_Handler
                0x080073d0                NMI_Handler
                0x080073d0                Vector110
                0x080073d0                Vector120
                0x080073d0                VectorC8
                0x080073d0                Vector94
                0x080073d0                VectorA8
                0x080073d0                VectorB4
                0x080073d0                UsageFault_Handler
                0x080073d0                VectorEC
                0x080073d0                Vector40
                0x080073d0                VectorF8
                0x080073d0                Vector108
                0x080073d0                VectorBC
                0x080073d0                Vector124
                0x080073d0                Vector118
                0x080073d0                Vector64
                0x080073d0                VectorCC
                0x080073d0                Vector54
                0x080073d0                Vector98
                0x080073d0                VectorD8
                0x080073d0                Vector138
                0x080073d0                Vector24
                0x080073d0                VectorD0
                0x080073d0                VectorE4
                0x080073d0                VectorC0
                0x080073d0                Vector130
                0x080073d0                Vector134
                0x080073d0                VectorF0
                0x080073d0                Vector12C
                0x080073d0                Vector13C
                0x080073d0                Vector100
                0x080073d0                VectorE0
                0x080073d0                VectorF4
                0x080073d0                MemManage_Handler
                0x080073d0                VectorA0
                0x080073d0                VectorC4
                0x080073d0                Vector114
                0x080073d0                Vector60
                0x080073d0                Vector1C
                0x080073d0                Vector48
                0x080073d0                VectorD4
                0x080073d0                Vector4C
                0x080073d0                Vector68
                0x080073d0                Vector88
                0x080073d0                Vector104
                0x080073d0                Vector10C
                0x080073d0                BusFault_Handler
                0x080073d0                Vector50
                0x080073d0                Vector44
                0x080073d0                Vector28
                0x080073d0                VectorFC
                0x080073d0                Vector34
                0x080073d0                Vector128
                0x080073d0                VectorA4
                0x080073d0                Vector20
 .text.spicb.lto_priv.83
                0x080073e0       0x20 /tmp/cce9s3rv.ltrans8.ltrans.o
                0x080073e0                spicb.lto_priv.83
 .text.get_descriptor.lto_priv.94
                0x08007400       0x30 /tmp/cce9s3rv.ltrans8.ltrans.o
                0x08007400                get_descriptor.lto_priv.94
 .text.chprintf
                0x08007430       0x20 /tmp/cce9s3rv.ltrans8.ltrans.o
 .text.silabs_get_part_id
                0x08007450       0x20 /tmp/cce9s3rv.ltrans8.ltrans.o
                0x08007450                silabs_get_part_id
 .text.silabs_tune_down
                0x08007470       0x70 /tmp/cce9s3rv.ltrans8.ltrans.o
                0x08007470                silabs_tune_down
 .text.silabs_tune_up
                0x080074e0       0x70 /tmp/cce9s3rv.ltrans8.ltrans.o
                0x080074e0                silabs_tune_up
 .text.usb_event.lto_priv.93
                0x08007550       0xb0 /tmp/cce9s3rv.ltrans8.ltrans.o
                0x08007550                usb_event.lto_priv.93
 .text.si446x_spi
                0x08007600      0x120 /tmp/cce9s3rv.ltrans8.ltrans.o
                0x08007600                si446x_spi
 .text.si446x_set_frequency
                0x08007720      0x1e0 /tmp/cce9s3rv.ltrans8.ltrans.o
                0x08007720                si446x_set_frequency
 .text.si446x_initialise
                0x08007900      0x530 /tmp/cce9s3rv.ltrans8.ltrans.o
                0x08007900                si446x_initialise
 .text.RF_switch
                0x08007e30       0x40 /tmp/cce9s3rv.ltrans8.ltrans.o
                0x08007e30                RF_switch
 .text.switch_output_callback.lto_priv.84
                0x08007e70       0x10 /tmp/cce9s3rv.ltrans8.ltrans.o
                0x08007e70                switch_output_callback.lto_priv.84
 .text.silabs_send_command
                0x08007e80       0x90 /tmp/cce9s3rv.ltrans8.ltrans.o
                0x08007e80                silabs_send_command
 .text.spi_lld_serve_tx_interrupt.lto_priv.81
                0x08007f10       0x20 /tmp/cce9s3rv.ltrans9.ltrans.o
                0x08007f10                spi_lld_serve_tx_interrupt.lto_priv.81
 .text.Vector8C
                0x08007f30       0x10 /tmp/cce9s3rv.ltrans9.ltrans.o
 .text.VectorB0
                0x08007f40       0xb0 /tmp/cce9s3rv.ltrans9.ltrans.o
 .text.VectorB8
                0x08007ff0       0x40 /tmp/cce9s3rv.ltrans9.ltrans.o
 .text.Vector84
                0x08008030       0x30 /tmp/cce9s3rv.ltrans9.ltrans.o
 .text.Vector80
                0x08008060       0x30 /tmp/cce9s3rv.ltrans9.ltrans.o
 .text.Vector7C
                0x08008090       0x30 /tmp/cce9s3rv.ltrans9.ltrans.o
 .text.Vector78
                0x080080c0       0x30 /tmp/cce9s3rv.ltrans9.ltrans.o
 .text.Vector74
                0x080080f0       0x30 /tmp/cce9s3rv.ltrans9.ltrans.o
 .text.Vector70
                0x08008120       0x30 /tmp/cce9s3rv.ltrans9.ltrans.o
 .text.Vector6C
                0x08008150       0x30 /tmp/cce9s3rv.ltrans9.ltrans.o
 .text.usb_packet_write_from_queue
                0x08008180       0xc0 /tmp/cce9s3rv.ltrans9.ltrans.o
 .text.spi_lld_serve_rx_interrupt.lto_priv.80
                0x08008240       0x80 /tmp/cce9s3rv.ltrans9.ltrans.o
                0x08008240                spi_lld_serve_rx_interrupt.lto_priv.80
 .text.chprintf.lto_priv.91
                0x080082c0       0x20 /tmp/cce9s3rv.ltrans9.ltrans.o
                0x080082c0                chprintf.lto_priv.91
 .text.cmd_info.lto_priv.103
                0x080082e0       0xc0 /tmp/cce9s3rv.ltrans9.ltrans.o
                0x080082e0                cmd_info.lto_priv.103
 .text.usb_lld_prepare_transmit
                0x080083a0       0x80 /tmp/cce9s3rv.ltrans9.ltrans.o
                0x080083a0                usb_lld_prepare_transmit
 .text.usb_lld_prepare_receive
                0x08008420       0x20 /tmp/cce9s3rv.ltrans9.ltrans.o
                0x08008420                usb_lld_prepare_receive
 .text.usb_lld_init_endpoint
                0x08008440       0xd0 /tmp/cce9s3rv.ltrans9.ltrans.o
                0x08008440                usb_lld_init_endpoint
 .text.usb_lld_reset
                0x08008510       0x50 /tmp/cce9s3rv.ltrans9.ltrans.o
                0x08008510                usb_lld_reset
 .text.Vector90
                0x08008560      0x3a0 /tmp/cce9s3rv.ltrans9.ltrans.o
 .text.dmaStreamAllocate.constprop.12
                0x08008900       0xa0 /tmp/cce9s3rv.ltrans10.ltrans.o
 .text.SI_Thread.lto_priv.85
                0x080089a0      0x2a0 /tmp/cce9s3rv.ltrans10.ltrans.o
                0x080089a0                SI_Thread.lto_priv.85
 .text.chTMStartMeasurementX.constprop.72
                0x08008c40       0x10 /tmp/cce9s3rv.ltrans10.ltrans.o
                0x08008c40                chTMStartMeasurementX.constprop.72
 .text.chThdCreateFromMemoryPool.constprop.64
                0x08008c50       0xa0 /tmp/cce9s3rv.ltrans10.ltrans.o
                0x08008c50                chThdCreateFromMemoryPool.constprop.64
 .text.chSemSignalWait.constprop.61
                0x08008cf0       0x70 /tmp/cce9s3rv.ltrans10.ltrans.o
                0x08008cf0                chSemSignalWait.constprop.61
 .text.chCondSignal.constprop.57
                0x08008d60       0x30 /tmp/cce9s3rv.ltrans10.ltrans.o
                0x08008d60                chCondSignal.constprop.57
 .text.chCondSignalI.constprop.56
                0x08008d90       0x30 /tmp/cce9s3rv.ltrans10.ltrans.o
                0x08008d90                chCondSignalI.constprop.56
 .text.chEvtGetAndClearEvents.constprop.48
                0x08008dc0       0x20 /tmp/cce9s3rv.ltrans10.ltrans.o
                0x08008dc0                chEvtGetAndClearEvents.constprop.48
 .text.chEvtWaitOne.constprop.44
                0x08008de0       0x40 /tmp/cce9s3rv.ltrans10.ltrans.o
                0x08008de0                chEvtWaitOne.constprop.44
 .text.unlikely.chEvtWaitAny.constprop.43
                0x08008e20       0x34 /tmp/cce9s3rv.ltrans10.ltrans.o
                0x08008e20                chEvtWaitAny.constprop.43
 *fill*         0x08008e54        0xc 
 .text.chMBPost.constprop.29
                0x08008e60       0x50 /tmp/cce9s3rv.ltrans10.ltrans.o
                0x08008e60                chMBPost.constprop.29
 .text.chMBPostI.constprop.28
                0x08008eb0       0x40 /tmp/cce9s3rv.ltrans10.ltrans.o
                0x08008eb0                chMBPostI.constprop.28
 .text.chMBPostAhead.constprop.27
                0x08008ef0       0x50 /tmp/cce9s3rv.ltrans10.ltrans.o
                0x08008ef0                chMBPostAhead.constprop.27
 .text.chMBPostAheadI.constprop.26
                0x08008f40       0x40 /tmp/cce9s3rv.ltrans10.ltrans.o
                0x08008f40                chMBPostAheadI.constprop.26
 .text.unlikely.chMBFetch.constprop.25
                0x08008f80       0x4c /tmp/cce9s3rv.ltrans10.ltrans.o
                0x08008f80                chMBFetch.constprop.25
 *fill*         0x08008fcc        0x4 
 .text.unlikely.chMBFetchI.constprop.24
                0x08008fd0       0x3c /tmp/cce9s3rv.ltrans10.ltrans.o
                0x08008fd0                chMBFetchI.constprop.24
 *fill*         0x0800900c        0x4 
 .text.chOQGetI.constprop.23
                0x08009010       0x50 /tmp/cce9s3rv.ltrans10.ltrans.o
                0x08009010                chOQGetI.constprop.23
 .text.test_start_timer.constprop.19
                0x08009060       0x40 /tmp/cce9s3rv.ltrans10.ltrans.o
                0x08009060                test_start_timer.constprop.19
 .text.spiExchange.constprop.5
                0x080090a0       0x80 /tmp/cce9s3rv.ltrans10.ltrans.o
                0x080090a0                spiExchange.constprop.5
 .text._strtok.constprop.3
                0x08009120       0x40 /tmp/cce9s3rv.ltrans10.ltrans.o
                0x08009120                _strtok.constprop.3
 .text.memset   0x08009160       0x9c /home/laurence/ARM-GCC/gcc-arm-none-eabi-4_9-2014q4/bin/../lib/gcc/arm-none-eabi/4.9.3/../../../../arm-none-eabi/lib/armv7-m/libg.a(lib_a-memset.o)
                0x08009160                memset
 *fill*         0x080091fc        0x4 
 .text.strcasecmp
                0x08009200       0x40 /home/laurence/ARM-GCC/gcc-arm-none-eabi-4_9-2014q4/bin/../lib/gcc/arm-none-eabi/4.9.3/../../../../arm-none-eabi/lib/armv7-m/libg.a(lib_a-strcasecmp.o)
                0x08009200                strcasecmp
 .text.strcpy   0x08009240       0xbc /home/laurence/ARM-GCC/gcc-arm-none-eabi-4_9-2014q4/bin/../lib/gcc/arm-none-eabi/4.9.3/../../../../arm-none-eabi/lib/armv7-m/libg.a(lib_a-strcpy.o)
                0x08009240                strcpy
 *fill*         0x080092fc        0x4 
 .text.strlen   0x08009300       0x5c /home/laurence/ARM-GCC/gcc-arm-none-eabi-4_9-2014q4/bin/../lib/gcc/arm-none-eabi/4.9.3/../../../../arm-none-eabi/lib/armv7-m/libg.a(lib_a-strlen.o)
                0x08009300                strlen
 *fill*         0x0800935c        0x4 
 .text.strpbrk  0x08009360       0x48 /home/laurence/ARM-GCC/gcc-arm-none-eabi-4_9-2014q4/bin/../lib/gcc/arm-none-eabi/4.9.3/../../../../arm-none-eabi/lib/armv7-m/libg.a(lib_a-strpbrk.o)
                0x08009360                strpbrk
 *fill*         0x080093a8        0x8 
 .text.strspn   0x080093b0       0x34 /home/laurence/ARM-GCC/gcc-arm-none-eabi-4_9-2014q4/bin/../lib/gcc/arm-none-eabi/4.9.3/../../../../arm-none-eabi/lib/armv7-m/libg.a(lib_a-strspn.o)
                0x080093b0                strspn
 *(.rodata)
 *fill*         0x080093e4        0xc 
 .rodata        0x080093f0       0xa8 /tmp/cce9s3rv.ltrans8.ltrans.o
 *fill*         0x08009498        0x8 
 .rodata        0x080094a0        0x8 /tmp/cce9s3rv.ltrans10.ltrans.o
 *(.rodata.*)
 *fill*         0x080094a8        0x8 
 .rodata.ch_debug
                0x080094b0       0x18 /tmp/cce9s3rv.ltrans0.ltrans.o
 *fill*         0x080094c8        0x8 
 .rodata.states.8544
                0x080094d0       0x40 /tmp/cce9s3rv.ltrans0.ltrans.o
 .rodata.serusbcfg
                0x08009510        0x8 /tmp/cce9s3rv.ltrans0.ltrans.o
 *fill*         0x08009518        0x8 
 .rodata.usbcfg
                0x08009520       0x10 /tmp/cce9s3rv.ltrans0.ltrans.o
 .rodata.vmt    0x08009530       0x20 /tmp/cce9s3rv.ltrans0.ltrans.o
 .rodata.commands
                0x08009550       0x48 /tmp/cce9s3rv.ltrans0.ltrans.o
 *fill*         0x08009598        0x8 
 .rodata.str1.4
                0x080095a0      0x266 /tmp/cce9s3rv.ltrans0.ltrans.o
                                0x278 (size before relaxing)
 *fill*         0x08009806        0xa 
 .rodata.shell_cfg1
                0x08009810        0x8 /tmp/cce9s3rv.ltrans0.ltrans.o
 *fill*         0x08009818        0x8 
 .rodata.pow10  0x08009820       0x24 /tmp/cce9s3rv.ltrans0.ltrans.o
 *fill*         0x08009844        0xc 
 .rodata._stm32_dma_streams
                0x08009850       0x54 /tmp/cce9s3rv.ltrans0.ltrans.o
 *fill*         0x080098a4        0xc 
 .rodata.halted_status
                0x080098b0        0x4 /tmp/cce9s3rv.ltrans1.ltrans.o
 *fill*         0x080098b4        0xc 
 .rodata.zero_status
                0x080098c0        0x4 /tmp/cce9s3rv.ltrans1.ltrans.o
 *fill*         0x080098c4        0xc 
 .rodata.active_status
                0x080098d0        0x4 /tmp/cce9s3rv.ltrans1.ltrans.o
 *fill*         0x080098d4        0xc 
 .rodata.str1.4
                0x080098e0       0xed /tmp/cce9s3rv.ltrans1.ltrans.o
                                 0xf0 (size before relaxing)
 *fill*         0x080099cd        0x3 
 .rodata.str1.4
                0x080099d0       0x17 /tmp/cce9s3rv.ltrans2.ltrans.o
                                 0x20 (size before relaxing)
 *fill*         0x080099e7        0x9 
 .rodata.wa     0x080099f0       0x14 /tmp/cce9s3rv.ltrans3.ltrans.o
                0x080099f0                wa
 *fill*         0x08009a04        0xc 
 .rodata.str1.4
                0x08009a10       0x36 /tmp/cce9s3rv.ltrans3.ltrans.o
                                 0x54 (size before relaxing)
 *fill*         0x08009a46        0xa 
 .rodata.str1.4
                0x08009a50        0x6 /tmp/cce9s3rv.ltrans4.ltrans.o
                                 0x1c (size before relaxing)
 *fill*         0x08009a56        0xa 
 .rodata.str1.4
                0x08009a60        0x4 /tmp/cce9s3rv.ltrans5.ltrans.o
                                 0x20 (size before relaxing)
 *fill*         0x08009a64        0xc 
 .rodata.evhndl
                0x08009a70        0xc /tmp/cce9s3rv.ltrans5.ltrans.o
 *fill*         0x08009a7c        0x4 
 .rodata.testmtx4
                0x08009a80       0x10 /tmp/cce9s3rv.ltrans6.ltrans.o
 .rodata.testmtx5
                0x08009a90       0x10 /tmp/cce9s3rv.ltrans6.ltrans.o
 .rodata.testmtx6
                0x08009aa0       0x10 /tmp/cce9s3rv.ltrans6.ltrans.o
 .rodata.testmtx7
                0x08009ab0       0x10 /tmp/cce9s3rv.ltrans6.ltrans.o
 .rodata.testmtx8
                0x08009ac0       0x10 /tmp/cce9s3rv.ltrans6.ltrans.o
 .rodata.patternmsg
                0x08009ad0        0x8 /tmp/cce9s3rv.ltrans6.ltrans.o
 *fill*         0x08009ad8        0x8 
 .rodata.testbmk11
                0x08009ae0       0x10 /tmp/cce9s3rv.ltrans6.ltrans.o
 .rodata.testbmk12
                0x08009af0       0x10 /tmp/cce9s3rv.ltrans6.ltrans.o
 .rodata.testevt2
                0x08009b00       0x10 /tmp/cce9s3rv.ltrans6.ltrans.o
 .rodata.patterndyn
                0x08009b10       0x10 /tmp/cce9s3rv.ltrans6.ltrans.o
 .rodata.testsem1
                0x08009b20       0x10 /tmp/cce9s3rv.ltrans6.ltrans.o
 .rodata.testsem2
                0x08009b30       0x10 /tmp/cce9s3rv.ltrans6.ltrans.o
 .rodata.testsem3
                0x08009b40       0x10 /tmp/cce9s3rv.ltrans6.ltrans.o
 .rodata.testsem4
                0x08009b50       0x10 /tmp/cce9s3rv.ltrans6.ltrans.o
 .rodata.testbmk6
                0x08009b60       0x10 /tmp/cce9s3rv.ltrans6.ltrans.o
 .rodata.testbmk10
                0x08009b70       0x10 /tmp/cce9s3rv.ltrans6.ltrans.o
 .rodata.testbmk4
                0x08009b80       0x10 /tmp/cce9s3rv.ltrans6.ltrans.o
 .rodata.patternthd
                0x08009b90       0x14 /tmp/cce9s3rv.ltrans6.ltrans.o
 *fill*         0x08009ba4        0xc 
 .rodata.testbmk13
                0x08009bb0       0x10 /tmp/cce9s3rv.ltrans6.ltrans.o
 .rodata.testbmk1
                0x08009bc0       0x10 /tmp/cce9s3rv.ltrans6.ltrans.o
 .rodata.testbmk2
                0x08009bd0       0x10 /tmp/cce9s3rv.ltrans6.ltrans.o
 .rodata.testbmk3
                0x08009be0       0x10 /tmp/cce9s3rv.ltrans6.ltrans.o
 .rodata.testbmk5
                0x08009bf0       0x10 /tmp/cce9s3rv.ltrans6.ltrans.o
 .rodata.testbmk8
                0x08009c00       0x10 /tmp/cce9s3rv.ltrans6.ltrans.o
 .rodata.testbmk7
                0x08009c10       0x10 /tmp/cce9s3rv.ltrans6.ltrans.o
 .rodata.testpools1
                0x08009c20       0x10 /tmp/cce9s3rv.ltrans6.ltrans.o
 .rodata.testbmk9
                0x08009c30       0x10 /tmp/cce9s3rv.ltrans6.ltrans.o
 .rodata.patternbmk
                0x08009c40       0x38 /tmp/cce9s3rv.ltrans6.ltrans.o
 *fill*         0x08009c78        0x8 
 .rodata.patterns
                0x08009c80       0x30 /tmp/cce9s3rv.ltrans6.ltrans.o
 .rodata.testdyn1
                0x08009cb0       0x10 /tmp/cce9s3rv.ltrans6.ltrans.o
 .rodata.testdyn2
                0x08009cc0       0x10 /tmp/cce9s3rv.ltrans6.ltrans.o
 .rodata.testdyn3
                0x08009cd0       0x10 /tmp/cce9s3rv.ltrans6.ltrans.o
 .rodata.testmbox1
                0x08009ce0       0x10 /tmp/cce9s3rv.ltrans6.ltrans.o
 .rodata.patternevt
                0x08009cf0       0x10 /tmp/cce9s3rv.ltrans6.ltrans.o
 .rodata.patternheap
                0x08009d00        0x8 /tmp/cce9s3rv.ltrans6.ltrans.o
 *fill*         0x08009d08        0x8 
 .rodata.testmsg1
                0x08009d10       0x10 /tmp/cce9s3rv.ltrans6.ltrans.o
 .rodata.testqueues1
                0x08009d20       0x10 /tmp/cce9s3rv.ltrans6.ltrans.o
 .rodata.testqueues2
                0x08009d30       0x10 /tmp/cce9s3rv.ltrans6.ltrans.o
 .rodata.patternmbox
                0x08009d40        0x8 /tmp/cce9s3rv.ltrans6.ltrans.o
 *fill*         0x08009d48        0x8 
 .rodata.testthd1
                0x08009d50       0x10 /tmp/cce9s3rv.ltrans6.ltrans.o
 .rodata.testthd2
                0x08009d60       0x10 /tmp/cce9s3rv.ltrans6.ltrans.o
 .rodata.testthd3
                0x08009d70       0x10 /tmp/cce9s3rv.ltrans6.ltrans.o
 .rodata.testthd4
                0x08009d80       0x10 /tmp/cce9s3rv.ltrans6.ltrans.o
 .rodata.patternsem
                0x08009d90       0x14 /tmp/cce9s3rv.ltrans6.ltrans.o
 *fill*         0x08009da4        0xc 
 .rodata.patternqueues
                0x08009db0        0xc /tmp/cce9s3rv.ltrans6.ltrans.o
 *fill*         0x08009dbc        0x4 
 .rodata.testevt1
                0x08009dc0       0x10 /tmp/cce9s3rv.ltrans6.ltrans.o
 .rodata.testheap1
                0x08009dd0       0x10 /tmp/cce9s3rv.ltrans6.ltrans.o
 .rodata.testevt3
                0x08009de0       0x10 /tmp/cce9s3rv.ltrans6.ltrans.o
 .rodata.patternmtx
                0x08009df0       0x1c /tmp/cce9s3rv.ltrans6.ltrans.o
 *fill*         0x08009e0c        0x4 
 .rodata.str1.4
                0x08009e10      0x67b /tmp/cce9s3rv.ltrans6.ltrans.o
                                0x6a8 (size before relaxing)
 *fill*         0x0800a48b        0x5 
 .rodata.testmtx1
                0x0800a490       0x10 /tmp/cce9s3rv.ltrans6.ltrans.o
 .rodata.patternpools
                0x0800a4a0        0x8 /tmp/cce9s3rv.ltrans6.ltrans.o
 *fill*         0x0800a4a8        0x8 
 .rodata.str1.4
                0x0800a4b0        0x5 /tmp/cce9s3rv.ltrans7.ltrans.o
                                  0x8 (size before relaxing)
 *fill*         0x0800a4b5        0xb 
 .rodata.ep1config
                0x0800a4c0       0x24 /tmp/cce9s3rv.ltrans8.ltrans.o
 *fill*         0x0800a4e4        0xc 
 .rodata.vcom_configuration_descriptor_data
                0x0800a4f0       0x44 /tmp/cce9s3rv.ltrans8.ltrans.o
 *fill*         0x0800a534        0xc 
 .rodata.vcom_configuration_descriptor
                0x0800a540        0x8 /tmp/cce9s3rv.ltrans8.ltrans.o
 *fill*         0x0800a548        0x8 
 .rodata.ep2config
                0x0800a550       0x24 /tmp/cce9s3rv.ltrans8.ltrans.o
 *fill*         0x0800a574        0xc 
 .rodata.str1.4
                0x0800a580       0xc4 /tmp/cce9s3rv.ltrans8.ltrans.o
 *fill*         0x0800a644        0xc 
 .rodata.vcom_device_descriptor_data
                0x0800a650       0x14 /tmp/cce9s3rv.ltrans8.ltrans.o
 *fill*         0x0800a664        0xc 
 .rodata.vcom_string0
                0x0800a670        0x4 /tmp/cce9s3rv.ltrans8.ltrans.o
 *fill*         0x0800a674        0xc 
 .rodata.vcom_string1
                0x0800a680       0x14 /tmp/cce9s3rv.ltrans8.ltrans.o
 *fill*         0x0800a694        0xc 
 .rodata.vcom_string2
                0x0800a6a0       0x38 /tmp/cce9s3rv.ltrans8.ltrans.o
 *fill*         0x0800a6d8        0x8 
 .rodata.vcom_string3
                0x0800a6e0        0x8 /tmp/cce9s3rv.ltrans8.ltrans.o
 *fill*         0x0800a6e8        0x8 
 .rodata.vcom_strings
                0x0800a6f0       0x20 /tmp/cce9s3rv.ltrans8.ltrans.o
 .rodata.vcom_device_descriptor
                0x0800a710        0x8 /tmp/cce9s3rv.ltrans8.ltrans.o
 *fill*         0x0800a718        0x8 
 .rodata.str1.4
                0x0800a720       0xc9 /tmp/cce9s3rv.ltrans9.ltrans.o
                                0x19c (size before relaxing)
 *fill*         0x0800a7e9        0x7 
 .rodata.ep0config
                0x0800a7f0       0x24 /tmp/cce9s3rv.ltrans9.ltrans.o
 *fill*         0x0800a814        0xc 
 .rodata.CSWTCH.32
                0x0800a820        0x8 /tmp/cce9s3rv.ltrans9.ltrans.o
 *fill*         0x0800a828        0x8 
 .rodata.str1.4
                0x0800a830        0xc /tmp/cce9s3rv.ltrans10.ltrans.o
 *fill*         0x0800a83c        0x4 
 .rodata.spicfg
                0x0800a840        0xc /tmp/cce9s3rv.ltrans10.ltrans.o
 *fill*         0x0800a84c        0x4 
 .rodata._ctype_
                0x0800a850      0x104 /home/laurence/ARM-GCC/gcc-arm-none-eabi-4_9-2014q4/bin/../lib/gcc/arm-none-eabi/4.9.3/../../../../arm-none-eabi/lib/armv7-m/libg.a(lib_a-ctype_.o)
                0x0800a850                _ctype_
 *(.glue_7t)
 .glue_7t       0x00000000        0x0 linker stubs
 *(.glue_7)
 .glue_7        0x00000000        0x0 linker stubs
 *(.gcc*)

.vfp11_veneer   0x0800a954        0x0
 .vfp11_veneer  0x00000000        0x0 linker stubs

.v4_bx          0x0800a954        0x0
 .v4_bx         0x00000000        0x0 linker stubs

.iplt           0x0800a954        0x0
 .iplt          0x00000000        0x0 build/obj/chcoreasm_v7m.o

.rel.dyn        0x0800a954        0x0
 .rel.iplt      0x00000000        0x0 build/obj/chcoreasm_v7m.o

.ARM.extab
 *(.ARM.extab* .gnu.linkonce.armextab.*)

.ARM.exidx      0x0800a954        0x0
                0x0800a954                PROVIDE (__exidx_start, .)
 *(.ARM.exidx* .gnu.linkonce.armexidx.*)
                0x0800a954                PROVIDE (__exidx_end, .)

.eh_frame_hdr
 *(.eh_frame_hdr)

.eh_frame
 *(.eh_frame)

.textalign      0x0800a954        0x4
                0x0800a958                . = ALIGN (0x8)
 *fill*         0x0800a954        0x4 
                0x0800a958                . = ALIGN (0x4)
                0x0800a958                _etext = .
                0x0800a958                _textdata = _etext

.stacks         0x20000000      0x800
                0x20000000                . = ALIGN (0x8)
                0x20000000                __main_stack_base__ = .
                0x20000400                . = (. + __main_stack_size__)
 *fill*         0x20000000      0x400 
                0x20000400                . = ALIGN (0x8)
                0x20000400                __main_stack_end__ = .
                0x20000400                __process_stack_base__ = .
                0x20000400                __main_thread_stack_base__ = .
                0x20000800                . = (. + __process_stack_size__)
 *fill*         0x20000400      0x400 
                0x20000800                . = ALIGN (0x8)
                0x20000800                __process_stack_end__ = .
                0x20000800                __main_thread_stack_end__ = .

.data           0x20000800      0x4fc load address 0x0800a958
                0x20000800                . = ALIGN (0x4)
                0x20000800                PROVIDE (_data, .)
 *(.data)
 *(.data.*)
 .data.buf.8559
                0x20000800      0x404 /tmp/cce9s3rv.ltrans0.ltrans.o
 .data.local_commands
                0x20000c04       0x18 /tmp/cce9s3rv.ltrans0.ltrans.o
 .data.linecoding
                0x20000c1c        0x8 /tmp/cce9s3rv.ltrans1.ltrans.o
 .data.es1.lto_priv.115
                0x20000c24        0x4 /tmp/cce9s3rv.ltrans2.ltrans.o
                0x20000c24                es1.lto_priv.115
 .data.mp1.lto_priv.110
                0x20000c28        0xc /tmp/cce9s3rv.ltrans2.ltrans.o
 .data.es2      0x20000c34        0x4 /tmp/cce9s3rv.ltrans2.ltrans.o
 .data.iq       0x20000c38       0x24 /tmp/cce9s3rv.ltrans3.ltrans.o
 .data.m1.lto_priv.119
                0x20000c5c       0x10 /tmp/cce9s3rv.ltrans5.ltrans.o
                0x20000c5c                m1.lto_priv.119
 .data.m2.lto_priv.120
                0x20000c6c       0x10 /tmp/cce9s3rv.ltrans5.ltrans.o
                0x20000c6c                m2.lto_priv.120
 .data.Active_level
                0x20000c7c        0x1 /tmp/cce9s3rv.ltrans8.ltrans.o
 *fill*         0x20000c7d        0x1 
 .data.Active_shift
                0x20000c7e        0x2 /tmp/cce9s3rv.ltrans8.ltrans.o
 .data.Active_banddiv
                0x20000c80        0x1 /tmp/cce9s3rv.ltrans8.ltrans.o
 .data.Outdiv   0x20000c81        0x1 /tmp/cce9s3rv.ltrans8.ltrans.o
 *fill*         0x20000c82        0x2 
 .data.c1.lto_priv.117
                0x20000c84        0x8 /tmp/cce9s3rv.ltrans10.ltrans.o
                0x20000c84                c1.lto_priv.117
 .data.mb1.lto_priv.116
                0x20000c8c       0x28 /tmp/cce9s3rv.ltrans10.ltrans.o
                0x20000c8c                mb1.lto_priv.116
 .data.gpt4cfg  0x20000cb4       0x10 /tmp/cce9s3rv.ltrans10.ltrans.o
 .data.sem1.lto_priv.123
                0x20000cc4        0xc /tmp/cce9s3rv.ltrans10.ltrans.o
                0x20000cc4                sem1.lto_priv.123
 .data.oq.lto_priv.109
                0x20000cd0       0x24 /tmp/cce9s3rv.ltrans10.ltrans.o
                0x20000cd0                oq.lto_priv.109
 .data.Active_Frequency
                0x20000cf4        0x4 /tmp/cce9s3rv.ltrans10.ltrans.o
                0x20000cf4                Active_Frequency
 .data.__ctype_ptr__
                0x20000cf8        0x4 /home/laurence/ARM-GCC/gcc-arm-none-eabi-4_9-2014q4/bin/../lib/gcc/arm-none-eabi/4.9.3/../../../../arm-none-eabi/lib/armv7-m/libg.a(lib_a-ctype_.o)
                0x20000cf8                __ctype_ptr__
 *(.ramtext)
                0x20000cfc                . = ALIGN (0x4)
                0x20000cfc                PROVIDE (_edata, .)

.igot.plt       0x20000cfc        0x0 load address 0x0800ae54
 .igot.plt      0x00000000        0x0 build/obj/chcoreasm_v7m.o

.bss            0x20000cfc     0x1300
                0x20000cfc                . = ALIGN (0x4)
                0x20000cfc                PROVIDE (_bss_start, .)
 *(.bss)
 *(.bss.*)
 *fill*         0x20000cfc        0x4 
 .bss.waThread1
                0x20000d00      0x148 /tmp/cce9s3rv.ltrans0.ltrans.o
 .bss.USBD1     0x20000e48       0x84 /tmp/cce9s3rv.ltrans0.ltrans.o
                0x20000e48                USBD1
 .bss.dummytx   0x20000ecc        0x2 /tmp/cce9s3rv.ltrans0.ltrans.o
 *fill*         0x20000ece        0x2 
 .bss.waThreadSI
                0x20000ed0      0x4c8 /tmp/cce9s3rv.ltrans0.ltrans.o
 .bss.nextmem.lto_priv.114
                0x20001398        0x4 /tmp/cce9s3rv.ltrans0.ltrans.o
                0x20001398                nextmem.lto_priv.114
 .bss.shell_terminated
                0x2000139c        0x4 /tmp/cce9s3rv.ltrans0.ltrans.o
 .bss.endmem.lto_priv.113
                0x200013a0        0x4 /tmp/cce9s3rv.ltrans0.ltrans.o
                0x200013a0                endmem.lto_priv.113
 *fill*         0x200013a4        0x4 
 .bss.default_heap.lto_priv.124
                0x200013a8       0x20 /tmp/cce9s3rv.ltrans0.ltrans.o
                0x200013a8                default_heap.lto_priv.124
 .bss.vt1.6324  0x200013c8       0x14 /tmp/cce9s3rv.ltrans1.ltrans.o
 .bss.iq.6314   0x200013dc       0x24 /tmp/cce9s3rv.ltrans1.ltrans.o
 .bss.vt2.6325  0x20001400       0x14 /tmp/cce9s3rv.ltrans1.ltrans.o
 .bss.sem1.lto_priv.104
                0x20001414        0xc /tmp/cce9s3rv.ltrans1.ltrans.o
                0x20001414                sem1.lto_priv.104
 .bss.mtx1      0x20001420       0x10 /tmp/cce9s3rv.ltrans1.ltrans.o
 .bss.ib.6313   0x20001430       0x10 /tmp/cce9s3rv.ltrans1.ltrans.o
 .bss.test_heap
                0x20001440       0x20 /tmp/cce9s3rv.ltrans2.ltrans.o
 .bss.heap1.lto_priv.112
                0x20001460       0x20 /tmp/cce9s3rv.ltrans3.ltrans.o
                0x20001460                heap1.lto_priv.112
 .bss.threads   0x20001480       0x14 /tmp/cce9s3rv.ltrans3.ltrans.o
                0x20001480                threads
 .bss.tokp      0x20001494        0x4 /tmp/cce9s3rv.ltrans6.ltrans.o
 .bss.global_fail
                0x20001498        0x1 /tmp/cce9s3rv.ltrans6.ltrans.o
 .bss.local_fail
                0x20001499        0x1 /tmp/cce9s3rv.ltrans6.ltrans.o
 *fill*         0x2000149a        0x2 
 .bss.chp       0x2000149c        0x4 /tmp/cce9s3rv.ltrans6.ltrans.o
 .bss.tokens_buffer
                0x200014a0       0x10 /tmp/cce9s3rv.ltrans6.ltrans.o
 .bss.failpoint
                0x200014b0        0x4 /tmp/cce9s3rv.ltrans6.ltrans.o
 .bss.SDU1      0x200014b4      0x258 /tmp/cce9s3rv.ltrans8.ltrans.o
                0x200014b4                SDU1
 .bss.ep1outstate
                0x2000170c       0x14 /tmp/cce9s3rv.ltrans8.ltrans.o
 .bss.ep1instate
                0x20001720       0x10 /tmp/cce9s3rv.ltrans8.ltrans.o
 .bss.ep2instate
                0x20001730       0x10 /tmp/cce9s3rv.ltrans8.ltrans.o
 .bss.Silabs_Part_ID
                0x20001740        0x2 /tmp/cce9s3rv.ltrans8.ltrans.o
 *fill*         0x20001742        0x2 
 .bss.ep0_state
                0x20001744       0x14 /tmp/cce9s3rv.ltrans9.ltrans.o
 .bss.ep0setup_buffer
                0x20001758        0x8 /tmp/cce9s3rv.ltrans9.ltrans.o
 .bss.test_timer_done
                0x20001760        0x1 /tmp/cce9s3rv.ltrans10.ltrans.o
                0x20001760                test_timer_done
 *fill*         0x20001761        0x7 
 .bss.test      0x20001768      0x668 /tmp/cce9s3rv.ltrans10.ltrans.o
                0x20001768                test
 .bss.tx_buffer
                0x20001dd0       0x10 /tmp/cce9s3rv.ltrans10.ltrans.o
                0x20001dd0                tx_buffer
 .bss.ch        0x20001de0      0x150 /tmp/cce9s3rv.ltrans10.ltrans.o
                0x20001de0                ch
 .bss.rx_buffer
                0x20001f30        0xc /tmp/cce9s3rv.ltrans10.ltrans.o
                0x20001f30                rx_buffer
 .bss.SPID1     0x20001f3c       0x30 /tmp/cce9s3rv.ltrans10.ltrans.o
                0x20001f3c                SPID1
 .bss.GPTD4     0x20001f6c       0x10 /tmp/cce9s3rv.ltrans10.ltrans.o
                0x20001f6c                GPTD4
 .bss.mp1.lto_priv.111
                0x20001f7c        0xc /tmp/cce9s3rv.ltrans10.ltrans.o
                0x20001f7c                mp1.lto_priv.111
 .bss.Silabs_busy
                0x20001f88        0xc /tmp/cce9s3rv.ltrans10.ltrans.o
                0x20001f88                Silabs_busy
 .bss.vt        0x20001f94       0x14 /tmp/cce9s3rv.ltrans10.ltrans.o
 .bss.Command   0x20001fa8        0x1 /tmp/cce9s3rv.ltrans10.ltrans.o
                0x20001fa8                Command
 *fill*         0x20001fa9        0x3 
 .bss.dma_isr_redir.lto_priv.90
                0x20001fac       0x38 /tmp/cce9s3rv.ltrans10.ltrans.o
                0x20001fac                dma_isr_redir.lto_priv.90
 .bss.Silabs_callback
                0x20001fe4        0xc /tmp/cce9s3rv.ltrans10.ltrans.o
                0x20001fe4                Silabs_callback
 .bss.Command_string
                0x20001ff0        0x8 /tmp/cce9s3rv.ltrans10.ltrans.o
                0x20001ff0                Command_string
 .bss.dma_streams_mask.lto_priv.89
                0x20001ff8        0x4 /tmp/cce9s3rv.ltrans10.ltrans.o
                0x20001ff8                dma_streams_mask.lto_priv.89
 *(COMMON)
                0x20001ffc                . = ALIGN (0x4)
                0x20001ffc                PROVIDE (_bss_end, .)
                0x20001ffc                PROVIDE (end, .)
                0x20001ffc                _end = .
                0x20001ffc                __heap_base__ = _end
                0x20005000                __heap_end__ = __ram_end__
                0x00000400                __process_stack_size__ = 0x400
                0x00000400                __main_stack_size__ = 0x400
START GROUP
LOAD /home/laurence/ARM-GCC/gcc-arm-none-eabi-4_9-2014q4/bin/../lib/gcc/arm-none-eabi/4.9.3/armv7-m/libgcc.a
LOAD /home/laurence/ARM-GCC/gcc-arm-none-eabi-4_9-2014q4/bin/../lib/gcc/arm-none-eabi/4.9.3/../../../../arm-none-eabi/lib/armv7-m/libg.a
LOAD /home/laurence/ARM-GCC/gcc-arm-none-eabi-4_9-2014q4/bin/../lib/gcc/arm-none-eabi/4.9.3/../../../../arm-none-eabi/lib/armv7-m/libc.a
END GROUP
OUTPUT(build/ch.elf elf32-littlearm)

.ARM.attributes
                0x00000000       0x2f
 .ARM.attributes
                0x00000000       0x21 build/obj/chcoreasm_v7m.o
 .ARM.attributes
                0x00000021       0x31 /tmp/cce9s3rv.ltrans0.ltrans.o
 .ARM.attributes
                0x00000052       0x31 /tmp/cce9s3rv.ltrans1.ltrans.o
 .ARM.attributes
                0x00000083       0x31 /tmp/cce9s3rv.ltrans2.ltrans.o
 .ARM.attributes
                0x000000b4       0x31 /tmp/cce9s3rv.ltrans3.ltrans.o
 .ARM.attributes
                0x000000e5       0x31 /tmp/cce9s3rv.ltrans4.ltrans.o
 .ARM.attributes
                0x00000116       0x31 /tmp/cce9s3rv.ltrans5.ltrans.o
 .ARM.attributes
                0x00000147       0x31 /tmp/cce9s3rv.ltrans6.ltrans.o
 .ARM.attributes
                0x00000178       0x31 /tmp/cce9s3rv.ltrans7.ltrans.o
 .ARM.attributes
                0x000001a9       0x31 /tmp/cce9s3rv.ltrans8.ltrans.o
 .ARM.attributes
                0x000001da       0x31 /tmp/cce9s3rv.ltrans9.ltrans.o
 .ARM.attributes
                0x0000020b       0x31 /tmp/cce9s3rv.ltrans10.ltrans.o
 .ARM.attributes
                0x0000023c       0x1d /home/laurence/ARM-GCC/gcc-arm-none-eabi-4_9-2014q4/bin/../lib/gcc/arm-none-eabi/4.9.3/armv7-m/libgcc.a(_arm_addsubdf3.o)
 .ARM.attributes
                0x00000259       0x1d /home/laurence/ARM-GCC/gcc-arm-none-eabi-4_9-2014q4/bin/../lib/gcc/arm-none-eabi/4.9.3/armv7-m/libgcc.a(_arm_muldivdf3.o)
 .ARM.attributes
                0x00000276       0x1d /home/laurence/ARM-GCC/gcc-arm-none-eabi-4_9-2014q4/bin/../lib/gcc/arm-none-eabi/4.9.3/armv7-m/libgcc.a(_arm_fixdfsi.o)
 .ARM.attributes
                0x00000293       0x1d /home/laurence/ARM-GCC/gcc-arm-none-eabi-4_9-2014q4/bin/../lib/gcc/arm-none-eabi/4.9.3/armv7-m/libgcc.a(_arm_fixunsdfsi.o)
 .ARM.attributes
                0x000002b0       0x1d /home/laurence/ARM-GCC/gcc-arm-none-eabi-4_9-2014q4/bin/../lib/gcc/arm-none-eabi/4.9.3/armv7-m/libgcc.a(_arm_truncdfsf2.o)
 .ARM.attributes
                0x000002cd       0x1d /home/laurence/ARM-GCC/gcc-arm-none-eabi-4_9-2014q4/bin/../lib/gcc/arm-none-eabi/4.9.3/armv7-m/libgcc.a(_arm_addsubsf3.o)
 .ARM.attributes
                0x000002ea       0x1d /home/laurence/ARM-GCC/gcc-arm-none-eabi-4_9-2014q4/bin/../lib/gcc/arm-none-eabi/4.9.3/armv7-m/libgcc.a(_arm_muldivsf3.o)
 .ARM.attributes
                0x00000307       0x1d /home/laurence/ARM-GCC/gcc-arm-none-eabi-4_9-2014q4/bin/../lib/gcc/arm-none-eabi/4.9.3/armv7-m/libgcc.a(_arm_cmpsf2.o)
 .ARM.attributes
                0x00000324       0x1d /home/laurence/ARM-GCC/gcc-arm-none-eabi-4_9-2014q4/bin/../lib/gcc/arm-none-eabi/4.9.3/armv7-m/libgcc.a(_arm_fixsfsi.o)
 .ARM.attributes
                0x00000341       0x1d /home/laurence/ARM-GCC/gcc-arm-none-eabi-4_9-2014q4/bin/../lib/gcc/arm-none-eabi/4.9.3/armv7-m/libgcc.a(_arm_fixunssfsi.o)
 .ARM.attributes
                0x0000035e       0x2d /home/laurence/ARM-GCC/gcc-arm-none-eabi-4_9-2014q4/bin/../lib/gcc/arm-none-eabi/4.9.3/../../../../arm-none-eabi/lib/armv7-m/libg.a(lib_a-memset.o)
 .ARM.attributes
                0x0000038b       0x2d /home/laurence/ARM-GCC/gcc-arm-none-eabi-4_9-2014q4/bin/../lib/gcc/arm-none-eabi/4.9.3/../../../../arm-none-eabi/lib/armv7-m/libg.a(lib_a-strcasecmp.o)
 .ARM.attributes
                0x000003b8       0x2d /home/laurence/ARM-GCC/gcc-arm-none-eabi-4_9-2014q4/bin/../lib/gcc/arm-none-eabi/4.9.3/../../../../arm-none-eabi/lib/armv7-m/libg.a(lib_a-strcpy.o)
 .ARM.attributes
                0x000003e5       0x2d /home/laurence/ARM-GCC/gcc-arm-none-eabi-4_9-2014q4/bin/../lib/gcc/arm-none-eabi/4.9.3/../../../../arm-none-eabi/lib/armv7-m/libg.a(lib_a-strlen.o)
 .ARM.attributes
                0x00000412       0x2d /home/laurence/ARM-GCC/gcc-arm-none-eabi-4_9-2014q4/bin/../lib/gcc/arm-none-eabi/4.9.3/../../../../arm-none-eabi/lib/armv7-m/libg.a(lib_a-strpbrk.o)
 .ARM.attributes
                0x0000043f       0x2d /home/laurence/ARM-GCC/gcc-arm-none-eabi-4_9-2014q4/bin/../lib/gcc/arm-none-eabi/4.9.3/../../../../arm-none-eabi/lib/armv7-m/libg.a(lib_a-strspn.o)
 .ARM.attributes
                0x0000046c       0x2d /home/laurence/ARM-GCC/gcc-arm-none-eabi-4_9-2014q4/bin/../lib/gcc/arm-none-eabi/4.9.3/../../../../arm-none-eabi/lib/armv7-m/libg.a(lib_a-ctype_.o)

.comment        0x00000000       0x70
 .comment       0x00000000       0x70 /tmp/cce9s3rv.ltrans0.ltrans.o
                                 0x71 (size before relaxing)
 .comment       0x00000000       0x71 /tmp/cce9s3rv.ltrans1.ltrans.o
 .comment       0x00000000       0x71 /tmp/cce9s3rv.ltrans2.ltrans.o
 .comment       0x00000000       0x71 /tmp/cce9s3rv.ltrans3.ltrans.o
 .comment       0x00000000       0x71 /tmp/cce9s3rv.ltrans4.ltrans.o
 .comment       0x00000000       0x71 /tmp/cce9s3rv.ltrans5.ltrans.o
 .comment       0x00000000       0x71 /tmp/cce9s3rv.ltrans6.ltrans.o
 .comment       0x00000000       0x71 /tmp/cce9s3rv.ltrans7.ltrans.o
 .comment       0x00000000       0x71 /tmp/cce9s3rv.ltrans8.ltrans.o
 .comment       0x00000000       0x71 /tmp/cce9s3rv.ltrans9.ltrans.o
 .comment       0x00000000       0x71 /tmp/cce9s3rv.ltrans10.ltrans.o

.debug_info     0x00000000    0x22fcf
 .debug_info    0x00000000     0x3a81 /tmp/cce9s3rv.ltrans0.ltrans.o
 .debug_info    0x00003a81     0x3bb4 /tmp/cce9s3rv.ltrans1.ltrans.o
 .debug_info    0x00007635     0x2df6 /tmp/cce9s3rv.ltrans2.ltrans.o
 .debug_info    0x0000a42b     0x3653 /tmp/cce9s3rv.ltrans3.ltrans.o
 .debug_info    0x0000da7e     0x325c /tmp/cce9s3rv.ltrans4.ltrans.o
 .debug_info    0x00010cda     0x354a /tmp/cce9s3rv.ltrans5.ltrans.o
 .debug_info    0x00014224     0x2dc6 /tmp/cce9s3rv.ltrans6.ltrans.o
 .debug_info    0x00016fea     0x32f3 /tmp/cce9s3rv.ltrans7.ltrans.o
 .debug_info    0x0001a2dd     0x2e7e /tmp/cce9s3rv.ltrans8.ltrans.o
 .debug_info    0x0001d15b     0x2af5 /tmp/cce9s3rv.ltrans9.ltrans.o
 .debug_info    0x0001fc50     0x337f /tmp/cce9s3rv.ltrans10.ltrans.o

.debug_abbrev   0x00000000     0x3fe0
 .debug_abbrev  0x00000000      0x5fb /tmp/cce9s3rv.ltrans0.ltrans.o
 .debug_abbrev  0x000005fb      0x658 /tmp/cce9s3rv.ltrans1.ltrans.o
 .debug_abbrev  0x00000c53      0x535 /tmp/cce9s3rv.ltrans2.ltrans.o
 .debug_abbrev  0x00001188      0x586 /tmp/cce9s3rv.ltrans3.ltrans.o
 .debug_abbrev  0x0000170e      0x51d /tmp/cce9s3rv.ltrans4.ltrans.o
 .debug_abbrev  0x00001c2b      0x556 /tmp/cce9s3rv.ltrans5.ltrans.o
 .debug_abbrev  0x00002181      0x685 /tmp/cce9s3rv.ltrans6.ltrans.o
 .debug_abbrev  0x00002806      0x620 /tmp/cce9s3rv.ltrans7.ltrans.o
 .debug_abbrev  0x00002e26      0x610 /tmp/cce9s3rv.ltrans8.ltrans.o
 .debug_abbrev  0x00003436      0x634 /tmp/cce9s3rv.ltrans9.ltrans.o
 .debug_abbrev  0x00003a6a      0x576 /tmp/cce9s3rv.ltrans10.ltrans.o

.debug_loc      0x00000000     0x988a
 .debug_loc     0x00000000     0x1301 /tmp/cce9s3rv.ltrans0.ltrans.o
 .debug_loc     0x00001301     0x163e /tmp/cce9s3rv.ltrans1.ltrans.o
 .debug_loc     0x0000293f      0x8e9 /tmp/cce9s3rv.ltrans2.ltrans.o
 .debug_loc     0x00003228      0x83c /tmp/cce9s3rv.ltrans3.ltrans.o
 .debug_loc     0x00003a64      0x719 /tmp/cce9s3rv.ltrans4.ltrans.o
 .debug_loc     0x0000417d      0xa36 /tmp/cce9s3rv.ltrans5.ltrans.o
 .debug_loc     0x00004bb3     0x1267 /tmp/cce9s3rv.ltrans6.ltrans.o
 .debug_loc     0x00005e1a     0x166e /tmp/cce9s3rv.ltrans7.ltrans.o
 .debug_loc     0x00007488      0xbd4 /tmp/cce9s3rv.ltrans8.ltrans.o
 .debug_loc     0x0000805c      0xbb0 /tmp/cce9s3rv.ltrans9.ltrans.o
 .debug_loc     0x00008c0c      0xc7e /tmp/cce9s3rv.ltrans10.ltrans.o

.debug_aranges  0x00000000      0x8a8
 .debug_aranges
                0x00000000       0x70 /tmp/cce9s3rv.ltrans0.ltrans.o
 .debug_aranges
                0x00000070      0x100 /tmp/cce9s3rv.ltrans1.ltrans.o
 .debug_aranges
                0x00000170       0x98 /tmp/cce9s3rv.ltrans2.ltrans.o
 .debug_aranges
                0x00000208       0xe0 /tmp/cce9s3rv.ltrans3.ltrans.o
 .debug_aranges
                0x000002e8       0xd0 /tmp/cce9s3rv.ltrans4.ltrans.o
 .debug_aranges
                0x000003b8       0xa0 /tmp/cce9s3rv.ltrans5.ltrans.o
 .debug_aranges
                0x00000458      0x100 /tmp/cce9s3rv.ltrans6.ltrans.o
 .debug_aranges
                0x00000558      0x160 /tmp/cce9s3rv.ltrans7.ltrans.o
 .debug_aranges
                0x000006b8       0x80 /tmp/cce9s3rv.ltrans8.ltrans.o
 .debug_aranges
                0x00000738       0xb8 /tmp/cce9s3rv.ltrans9.ltrans.o
 .debug_aranges
                0x000007f0       0xb8 /tmp/cce9s3rv.ltrans10.ltrans.o

.debug_ranges   0x00000000     0x3288
 .debug_ranges  0x00000000      0x8f8 /tmp/cce9s3rv.ltrans0.ltrans.o
 .debug_ranges  0x000008f8      0x418 /tmp/cce9s3rv.ltrans1.ltrans.o
 .debug_ranges  0x00000d10      0x3a8 /tmp/cce9s3rv.ltrans2.ltrans.o
 .debug_ranges  0x000010b8      0x498 /tmp/cce9s3rv.ltrans3.ltrans.o
 .debug_ranges  0x00001550      0x4b0 /tmp/cce9s3rv.ltrans4.ltrans.o
 .debug_ranges  0x00001a00      0x468 /tmp/cce9s3rv.ltrans5.ltrans.o
 .debug_ranges  0x00001e68      0x478 /tmp/cce9s3rv.ltrans6.ltrans.o
 .debug_ranges  0x000022e0      0x6b0 /tmp/cce9s3rv.ltrans7.ltrans.o
 .debug_ranges  0x00002990      0x1c0 /tmp/cce9s3rv.ltrans8.ltrans.o
 .debug_ranges  0x00002b50      0x298 /tmp/cce9s3rv.ltrans9.ltrans.o
 .debug_ranges  0x00002de8      0x4a0 /tmp/cce9s3rv.ltrans10.ltrans.o

.debug_line     0x00000000     0x7d9a
 .debug_line    0x00000000      0xe74 /tmp/cce9s3rv.ltrans0.ltrans.o
 .debug_line    0x00000e74      0xb53 /tmp/cce9s3rv.ltrans1.ltrans.o
 .debug_line    0x000019c7      0x8cc /tmp/cce9s3rv.ltrans2.ltrans.o
 .debug_line    0x00002293      0xb5f /tmp/cce9s3rv.ltrans3.ltrans.o
 .debug_line    0x00002df2      0xb15 /tmp/cce9s3rv.ltrans4.ltrans.o
 .debug_line    0x00003907      0x991 /tmp/cce9s3rv.ltrans5.ltrans.o
 .debug_line    0x00004298      0xbcc /tmp/cce9s3rv.ltrans6.ltrans.o
 .debug_line    0x00004e64      0xf16 /tmp/cce9s3rv.ltrans7.ltrans.o
 .debug_line    0x00005d7a      0x90b /tmp/cce9s3rv.ltrans8.ltrans.o
 .debug_line    0x00006685      0xa71 /tmp/cce9s3rv.ltrans9.ltrans.o
 .debug_line    0x000070f6      0xca4 /tmp/cce9s3rv.ltrans10.ltrans.o

.debug_str      0x00000000     0x4423
 .debug_str     0x00000000     0x140b /tmp/cce9s3rv.ltrans0.ltrans.o
                               0x153d (size before relaxing)
 .debug_str     0x0000140b      0x74c /tmp/cce9s3rv.ltrans1.ltrans.o
                               0x10cf (size before relaxing)
 .debug_str     0x00001b57      0x578 /tmp/cce9s3rv.ltrans2.ltrans.o
                                0xb59 (size before relaxing)
 .debug_str     0x000020cf      0x417 /tmp/cce9s3rv.ltrans3.ltrans.o
                                0xb47 (size before relaxing)
 .debug_str     0x000024e6      0x46d /tmp/cce9s3rv.ltrans4.ltrans.o
                                0xa0b (size before relaxing)
 .debug_str     0x00002953      0x48e /tmp/cce9s3rv.ltrans5.ltrans.o
                                0xb7d (size before relaxing)
 .debug_str     0x00002de1      0x3f1 /tmp/cce9s3rv.ltrans6.ltrans.o
                                0xb9f (size before relaxing)
 .debug_str     0x000031d2      0x3c8 /tmp/cce9s3rv.ltrans7.ltrans.o
                                0xc9f (size before relaxing)
 .debug_str     0x0000359a      0x4bc /tmp/cce9s3rv.ltrans8.ltrans.o
                               0x11b0 (size before relaxing)
 .debug_str     0x00003a56      0x4a2 /tmp/cce9s3rv.ltrans9.ltrans.o
                               0x11b8 (size before relaxing)
 .debug_str     0x00003ef8      0x52b /tmp/cce9s3rv.ltrans10.ltrans.o
                               0x11bb (size before relaxing)

.debug_frame    0x00000000     0x1e98
 .debug_frame   0x00000000      0x1a8 /tmp/cce9s3rv.ltrans0.ltrans.o
 .debug_frame   0x000001a8      0x2f8 /tmp/cce9s3rv.ltrans1.ltrans.o
 .debug_frame   0x000004a0      0x1d4 /tmp/cce9s3rv.ltrans2.ltrans.o
 .debug_frame   0x00000674      0x368 /tmp/cce9s3rv.ltrans3.ltrans.o
 .debug_frame   0x000009dc      0x2c0 /tmp/cce9s3rv.ltrans4.ltrans.o
 .debug_frame   0x00000c9c      0x1fc /tmp/cce9s3rv.ltrans5.ltrans.o
 .debug_frame   0x00000e98      0x3c0 /tmp/cce9s3rv.ltrans6.ltrans.o
 .debug_frame   0x00001258      0x48c /tmp/cce9s3rv.ltrans7.ltrans.o
 .debug_frame   0x000016e4      0x1d4 /tmp/cce9s3rv.ltrans8.ltrans.o
 .debug_frame   0x000018b8      0x2a4 /tmp/cce9s3rv.ltrans9.ltrans.o
 .debug_frame   0x00001b5c      0x234 /tmp/cce9s3rv.ltrans10.ltrans.o
 .debug_frame   0x00001d90       0x34 /home/laurence/ARM-GCC/gcc-arm-none-eabi-4_9-2014q4/bin/../lib/gcc/arm-none-eabi/4.9.3/../../../../arm-none-eabi/lib/armv7-m/libg.a(lib_a-memset.o)
 .debug_frame   0x00001dc4       0x2c /home/laurence/ARM-GCC/gcc-arm-none-eabi-4_9-2014q4/bin/../lib/gcc/arm-none-eabi/4.9.3/../../../../arm-none-eabi/lib/armv7-m/libg.a(lib_a-strcasecmp.o)
 .debug_frame   0x00001df0       0x20 /home/laurence/ARM-GCC/gcc-arm-none-eabi-4_9-2014q4/bin/../lib/gcc/arm-none-eabi/4.9.3/../../../../arm-none-eabi/lib/armv7-m/libg.a(lib_a-strcpy.o)
 .debug_frame   0x00001e10       0x20 /home/laurence/ARM-GCC/gcc-arm-none-eabi-4_9-2014q4/bin/../lib/gcc/arm-none-eabi/4.9.3/../../../../arm-none-eabi/lib/armv7-m/libg.a(lib_a-strlen.o)
 .debug_frame   0x00001e30       0x34 /home/laurence/ARM-GCC/gcc-arm-none-eabi-4_9-2014q4/bin/../lib/gcc/arm-none-eabi/4.9.3/../../../../arm-none-eabi/lib/armv7-m/libg.a(lib_a-strpbrk.o)
 .debug_frame   0x00001e64       0x34 /home/laurence/ARM-GCC/gcc-arm-none-eabi-4_9-2014q4/bin/../lib/gcc/arm-none-eabi/4.9.3/../../../../arm-none-eabi/lib/armv7-m/libg.a(lib_a-strspn.o)

Cross Reference Table

Symbol                                            File
Active_Frequency                                  /tmp/cce9s3rv.ltrans10.ltrans.o
                                                  build/obj/Si446x_thread.o (symbol from plugin)
                                                  /tmp/cce9s3rv.ltrans8.ltrans.o
Active_banddiv                                    build/obj/Si446x_thread.o (symbol from plugin)
Active_level                                      build/obj/Si446x_thread.o (symbol from plugin)
Active_shift                                      build/obj/Si446x_thread.o (symbol from plugin)
BusFault_Handler                                  /tmp/cce9s3rv.ltrans7.ltrans.o
                                                  build/obj/vectors.o (symbol from plugin)
                                                  /tmp/cce9s3rv.ltrans9.ltrans.o
Command                                           /tmp/cce9s3rv.ltrans10.ltrans.o
                                                  build/obj/Si446x_thread.o (symbol from plugin)
                                                  /tmp/cce9s3rv.ltrans8.ltrans.o
Command_string                                    /tmp/cce9s3rv.ltrans10.ltrans.o
                                                  build/obj/Si446x_thread.o (symbol from plugin)
                                                  /tmp/cce9s3rv.ltrans8.ltrans.o
DebugMon_Handler                                  /tmp/cce9s3rv.ltrans7.ltrans.o
                                                  build/obj/vectors.o (symbol from plugin)
                                                  /tmp/cce9s3rv.ltrans9.ltrans.o
GPTD4                                             /tmp/cce9s3rv.ltrans10.ltrans.o
                                                  build/obj/gpt_lld.o (symbol from plugin)
                                                  /tmp/cce9s3rv.ltrans9.ltrans.o
                                                  /tmp/cce9s3rv.ltrans0.ltrans.o
                                                  build/obj/Si446x_thread.o (symbol from plugin)
HardFault_Handler                                 /tmp/cce9s3rv.ltrans7.ltrans.o
                                                  build/obj/vectors.o (symbol from plugin)
                                                  /tmp/cce9s3rv.ltrans9.ltrans.o
MemManage_Handler                                 /tmp/cce9s3rv.ltrans7.ltrans.o
                                                  build/obj/vectors.o (symbol from plugin)
                                                  /tmp/cce9s3rv.ltrans9.ltrans.o
NMI_Handler                                       /tmp/cce9s3rv.ltrans7.ltrans.o
                                                  build/obj/vectors.o (symbol from plugin)
                                                  /tmp/cce9s3rv.ltrans9.ltrans.o
Outdiv                                            build/obj/Si446x_thread.o (symbol from plugin)
PendSV_Handler                                    /tmp/cce9s3rv.ltrans7.ltrans.o
                                                  build/obj/vectors.o (symbol from plugin)
                                                  /tmp/cce9s3rv.ltrans9.ltrans.o
RF_switch                                         /tmp/cce9s3rv.ltrans8.ltrans.o
                                                  build/obj/Si446x_thread.o (symbol from plugin)
                                                  /tmp/cce9s3rv.ltrans10.ltrans.o
Reset_Handler                                     /tmp/cce9s3rv.ltrans7.ltrans.o
                                                  build/obj/crt0.o (symbol from plugin)
                                                  /tmp/cce9s3rv.ltrans9.ltrans.o
SDU1                                              /tmp/cce9s3rv.ltrans8.ltrans.o
                                                  build/obj/main.o (symbol from plugin)
                                                  /tmp/cce9s3rv.ltrans0.ltrans.o
                                                  build/obj/usbcfg.o (symbol from plugin)
SI_Thread.lto_priv.85                             /tmp/cce9s3rv.ltrans10.ltrans.o
                                                  /tmp/cce9s3rv.ltrans0.ltrans.o
SPID1                                             /tmp/cce9s3rv.ltrans10.ltrans.o
                                                  build/obj/spi_lld.o (symbol from plugin)
                                                  /tmp/cce9s3rv.ltrans8.ltrans.o
                                                  /tmp/cce9s3rv.ltrans0.ltrans.o
                                                  build/obj/Si446x_thread.o (symbol from plugin)
SVC_Handler                                       /tmp/cce9s3rv.ltrans7.ltrans.o
                                                  build/obj/chcore_v7m.o (symbol from plugin)
                                                  build/obj/vectors.o (symbol from plugin)
                                                  /tmp/cce9s3rv.ltrans9.ltrans.o
Silabs_Header                                     build/obj/Si446x_thread.o (symbol from plugin)
Silabs_Part_ID                                    build/obj/Si446x_thread.o (symbol from plugin)
Silabs_busy                                       /tmp/cce9s3rv.ltrans10.ltrans.o
                                                  build/obj/Si446x_thread.o (symbol from plugin)
                                                  /tmp/cce9s3rv.ltrans8.ltrans.o
                                                  /tmp/cce9s3rv.ltrans0.ltrans.o
Silabs_callback                                   /tmp/cce9s3rv.ltrans10.ltrans.o
                                                  build/obj/Si446x_thread.o (symbol from plugin)
                                                  /tmp/cce9s3rv.ltrans8.ltrans.o
                                                  /tmp/cce9s3rv.ltrans0.ltrans.o
Spawn_Si446x_Thread                               build/obj/Si446x_thread.o (symbol from plugin)
                                                  build/obj/main.o (symbol from plugin)
SysTick_Handler                                   /tmp/cce9s3rv.ltrans7.ltrans.o
                                                  build/obj/vectors.o (symbol from plugin)
                                                  /tmp/cce9s3rv.ltrans9.ltrans.o
TestThread                                        /tmp/cce9s3rv.ltrans6.ltrans.o
                                                  build/obj/test.o (symbol from plugin)
                                                  /tmp/cce9s3rv.ltrans0.ltrans.o
                                                  build/obj/main.o (symbol from plugin)
USBD1                                             /tmp/cce9s3rv.ltrans0.ltrans.o
                                                  build/obj/usb_lld.o (symbol from plugin)
                                                  /tmp/cce9s3rv.ltrans9.ltrans.o
                                                  build/obj/usbcfg.o (symbol from plugin)
UsageFault_Handler                                /tmp/cce9s3rv.ltrans7.ltrans.o
                                                  build/obj/vectors.o (symbol from plugin)
                                                  /tmp/cce9s3rv.ltrans9.ltrans.o
Vector100                                         /tmp/cce9s3rv.ltrans7.ltrans.o
                                                  build/obj/vectors.o (symbol from plugin)
                                                  /tmp/cce9s3rv.ltrans9.ltrans.o
Vector104                                         /tmp/cce9s3rv.ltrans7.ltrans.o
                                                  build/obj/vectors.o (symbol from plugin)
                                                  /tmp/cce9s3rv.ltrans9.ltrans.o
Vector108                                         /tmp/cce9s3rv.ltrans7.ltrans.o
                                                  build/obj/vectors.o (symbol from plugin)
                                                  /tmp/cce9s3rv.ltrans9.ltrans.o
Vector10C                                         /tmp/cce9s3rv.ltrans7.ltrans.o
                                                  build/obj/vectors.o (symbol from plugin)
                                                  /tmp/cce9s3rv.ltrans9.ltrans.o
Vector110                                         /tmp/cce9s3rv.ltrans7.ltrans.o
                                                  build/obj/vectors.o (symbol from plugin)
                                                  /tmp/cce9s3rv.ltrans9.ltrans.o
Vector114                                         /tmp/cce9s3rv.ltrans7.ltrans.o
                                                  build/obj/vectors.o (symbol from plugin)
                                                  /tmp/cce9s3rv.ltrans9.ltrans.o
Vector118                                         /tmp/cce9s3rv.ltrans7.ltrans.o
                                                  build/obj/vectors.o (symbol from plugin)
                                                  /tmp/cce9s3rv.ltrans9.ltrans.o
Vector11C                                         /tmp/cce9s3rv.ltrans7.ltrans.o
                                                  build/obj/vectors.o (symbol from plugin)
                                                  /tmp/cce9s3rv.ltrans9.ltrans.o
Vector120                                         /tmp/cce9s3rv.ltrans7.ltrans.o
                                                  build/obj/vectors.o (symbol from plugin)
                                                  /tmp/cce9s3rv.ltrans9.ltrans.o
Vector124                                         /tmp/cce9s3rv.ltrans7.ltrans.o
                                                  build/obj/vectors.o (symbol from plugin)
                                                  /tmp/cce9s3rv.ltrans9.ltrans.o
Vector128                                         /tmp/cce9s3rv.ltrans7.ltrans.o
                                                  build/obj/vectors.o (symbol from plugin)
                                                  /tmp/cce9s3rv.ltrans9.ltrans.o
Vector12C                                         /tmp/cce9s3rv.ltrans7.ltrans.o
                                                  build/obj/vectors.o (symbol from plugin)