Archive member included because of file (symbol)

/home/laurence/ARM-GCC/bin/../lib/gcc/arm-none-eabi/4.7.4/armv7-m/libgcc.a(_arm_addsubdf3.o)
                              /tmp/cchwuM7e.ltrans6.ltrans.o (__aeabi_dsub)
/home/laurence/ARM-GCC/bin/../lib/gcc/arm-none-eabi/4.7.4/armv7-m/libgcc.a(_arm_muldivdf3.o)
                              /tmp/cchwuM7e.ltrans6.ltrans.o (__aeabi_dmul)
/home/laurence/ARM-GCC/bin/../lib/gcc/arm-none-eabi/4.7.4/armv7-m/libgcc.a(_arm_fixdfsi.o)
                              /tmp/cchwuM7e.ltrans6.ltrans.o (__aeabi_d2iz)
/home/laurence/ARM-GCC/bin/../lib/gcc/arm-none-eabi/4.7.4/armv7-m/libgcc.a(_arm_fixunsdfsi.o)
                              /tmp/cchwuM7e.ltrans8.ltrans.o (__aeabi_d2uiz)
/home/laurence/ARM-GCC/bin/../lib/gcc/arm-none-eabi/4.7.4/armv7-m/libgcc.a(_arm_truncdfsf2.o)
                              /tmp/cchwuM7e.ltrans6.ltrans.o (__aeabi_d2f)
/home/laurence/ARM-GCC/bin/../lib/gcc/arm-none-eabi/4.7.4/armv7-m/libgcc.a(_arm_addsubsf3.o)
                              /tmp/cchwuM7e.ltrans4.ltrans.o (__aeabi_fsub)
/home/laurence/ARM-GCC/bin/../lib/gcc/arm-none-eabi/4.7.4/armv7-m/libgcc.a(_arm_muldivsf3.o)
                              /tmp/cchwuM7e.ltrans4.ltrans.o (__aeabi_fmul)
/home/laurence/ARM-GCC/bin/../lib/gcc/arm-none-eabi/4.7.4/armv7-m/libgcc.a(_arm_cmpsf2.o)
                              /tmp/cchwuM7e.ltrans6.ltrans.o (__aeabi_fcmplt)
/home/laurence/ARM-GCC/bin/../lib/gcc/arm-none-eabi/4.7.4/armv7-m/libgcc.a(_arm_fixsfsi.o)
                              /tmp/cchwuM7e.ltrans6.ltrans.o (__aeabi_f2iz)
/home/laurence/ARM-GCC/bin/../lib/gcc/arm-none-eabi/4.7.4/armv7-m/libgcc.a(_arm_fixunssfsi.o)
                              /tmp/cchwuM7e.ltrans4.ltrans.o (__aeabi_f2uiz)
/home/laurence/ARM-GCC/bin/../lib/gcc/arm-none-eabi/4.7.4/../../../../arm-none-eabi/lib/armv7-m/libg.a(lib_a-memset.o)
                              /tmp/cchwuM7e.ltrans5.ltrans.o (memset)
/home/laurence/ARM-GCC/bin/../lib/gcc/arm-none-eabi/4.7.4/../../../../arm-none-eabi/lib/armv7-m/libg.a(lib_a-strcasecmp.o)
                              /tmp/cchwuM7e.ltrans10.ltrans.o (strcasecmp)
/home/laurence/ARM-GCC/bin/../lib/gcc/arm-none-eabi/4.7.4/../../../../arm-none-eabi/lib/armv7-m/libg.a(lib_a-strcpy.o)
                              /tmp/cchwuM7e.ltrans4.ltrans.o (strcpy)
/home/laurence/ARM-GCC/bin/../lib/gcc/arm-none-eabi/4.7.4/../../../../arm-none-eabi/lib/armv7-m/libg.a(lib_a-strlen.o)
                              /tmp/cchwuM7e.ltrans4.ltrans.o (strlen)
/home/laurence/ARM-GCC/bin/../lib/gcc/arm-none-eabi/4.7.4/../../../../arm-none-eabi/lib/armv7-m/libg.a(lib_a-strpbrk.o)
                              /tmp/cchwuM7e.ltrans2.ltrans.o (strpbrk)
/home/laurence/ARM-GCC/bin/../lib/gcc/arm-none-eabi/4.7.4/../../../../arm-none-eabi/lib/armv7-m/libg.a(lib_a-strspn.o)
                              /tmp/cchwuM7e.ltrans2.ltrans.o (strspn)
/home/laurence/ARM-GCC/bin/../lib/gcc/arm-none-eabi/4.7.4/../../../../arm-none-eabi/lib/armv7-m/libg.a(lib_a-ctype_.o)
                              /home/laurence/ARM-GCC/bin/../lib/gcc/arm-none-eabi/4.7.4/../../../../arm-none-eabi/lib/armv7-m/libg.a(lib_a-strcasecmp.o) (__ctype_ptr__)

Discarded input sections

 .data          0x00000000        0x0 build/obj/chcoreasm_v7m.o
 .bss           0x00000000        0x0 build/obj/chcoreasm_v7m.o
 .text          0x00000000        0x0 build/obj/crt0.o (symbol from plugin)
 .text          0x00000000        0x0 /tmp/cchwuM7e.ltrans0.ltrans.o
 .data          0x00000000        0x0 /tmp/cchwuM7e.ltrans0.ltrans.o
 .bss           0x00000000        0x0 /tmp/cchwuM7e.ltrans0.ltrans.o
 .text          0x00000000        0x0 /tmp/cchwuM7e.ltrans1.ltrans.o
 .data          0x00000000        0x0 /tmp/cchwuM7e.ltrans1.ltrans.o
 .bss           0x00000000        0x0 /tmp/cchwuM7e.ltrans1.ltrans.o
 .text          0x00000000        0x0 /tmp/cchwuM7e.ltrans2.ltrans.o
 .data          0x00000000        0x0 /tmp/cchwuM7e.ltrans2.ltrans.o
 .bss           0x00000000        0x0 /tmp/cchwuM7e.ltrans2.ltrans.o
 .text          0x00000000        0x0 /tmp/cchwuM7e.ltrans3.ltrans.o
 .data          0x00000000        0x0 /tmp/cchwuM7e.ltrans3.ltrans.o
 .bss           0x00000000        0x0 /tmp/cchwuM7e.ltrans3.ltrans.o
 .text          0x00000000        0x0 /tmp/cchwuM7e.ltrans4.ltrans.o
 .data          0x00000000        0x0 /tmp/cchwuM7e.ltrans4.ltrans.o
 .bss           0x00000000        0x0 /tmp/cchwuM7e.ltrans4.ltrans.o
 .text          0x00000000        0x0 /tmp/cchwuM7e.ltrans5.ltrans.o
 .data          0x00000000        0x0 /tmp/cchwuM7e.ltrans5.ltrans.o
 .bss           0x00000000        0x0 /tmp/cchwuM7e.ltrans5.ltrans.o
 .text          0x00000000        0x0 /tmp/cchwuM7e.ltrans6.ltrans.o
 .data          0x00000000        0x0 /tmp/cchwuM7e.ltrans6.ltrans.o
 .bss           0x00000000        0x0 /tmp/cchwuM7e.ltrans6.ltrans.o
 .text          0x00000000        0x0 /tmp/cchwuM7e.ltrans7.ltrans.o
 .data          0x00000000        0x0 /tmp/cchwuM7e.ltrans7.ltrans.o
[...]
Memory Configuration

Name             Origin             Length             Attributes
flash            0x08000000         0x00020000
ram              0x20000000         0x00005000
*default*        0x00000000         0xffffffff

Linker script and memory map

LOAD build/obj/chcoreasm_v7m.o
LOAD build/obj/crt0.o
LOAD /tmp/cchwuM7e.ltrans0.ltrans.o
LOAD /tmp/cchwuM7e.ltrans1.ltrans.o
LOAD /tmp/cchwuM7e.ltrans2.ltrans.o
LOAD /tmp/cchwuM7e.ltrans3.ltrans.o
LOAD /tmp/cchwuM7e.ltrans4.ltrans.o
LOAD /tmp/cchwuM7e.ltrans5.ltrans.o
LOAD /tmp/cchwuM7e.ltrans6.ltrans.o
LOAD /tmp/cchwuM7e.ltrans7.ltrans.o
LOAD /tmp/cchwuM7e.ltrans8.ltrans.o
LOAD /tmp/cchwuM7e.ltrans9.ltrans.o
LOAD /tmp/cchwuM7e.ltrans10.ltrans.o
LOAD /home/laurence/ARM-GCC/bin/../lib/gcc/arm-none-eabi/4.7.4/armv7-m/libgcc.a
LOAD /home/laurence/ARM-GCC/bin/../lib/gcc/arm-none-eabi/4.7.4/../../../../arm-none-eabi/lib/armv7-m/libg.a
LOAD /home/laurence/ARM-GCC/bin/../lib/gcc/arm-none-eabi/4.7.4/../../../../arm-none-eabi/lib/armv7-m/libc.a
LOAD build/obj/vectors.o
LOAD build/obj/chcore.o
LOAD build/obj/chcore_v7m.o
LOAD build/obj/chsys.o
LOAD build/obj/chdebug.o
LOAD build/obj/chtm.o
LOAD build/obj/chstats.o
LOAD build/obj/chschd.o
LOAD build/obj/chvt.o
LOAD build/obj/chthreads.o
LOAD build/obj/chdynamic.o
LOAD build/obj/chregistry.o
LOAD build/obj/chsem.o
LOAD build/obj/chmtx.o
LOAD build/obj/chcond.o
LOAD build/obj/chevents.o
LOAD build/obj/chmsg.o
LOAD build/obj/chmboxes.o
LOAD build/obj/chqueues.o
LOAD build/obj/chmemcore.o
LOAD build/obj/chheap.o
LOAD build/obj/chmempools.o
LOAD build/obj/test.o
LOAD build/obj/testthd.o
LOAD build/obj/testsem.o
LOAD build/obj/testmtx.o
LOAD build/obj/testmsg.o
LOAD build/obj/testmbox.o
LOAD build/obj/testevt.o
LOAD build/obj/testheap.o
LOAD build/obj/testpools.o
LOAD build/obj/testdyn.o
LOAD build/obj/testqueues.o
LOAD build/obj/testbmk.o
LOAD build/obj/hal.o
LOAD build/obj/hal_queues.o
LOAD build/obj/hal_mmcsd.o
LOAD build/obj/adc.o
LOAD build/obj/can.o
LOAD build/obj/dac.o
LOAD build/obj/ext.o
LOAD build/obj/gpt.o
LOAD build/obj/i2c.o
LOAD build/obj/i2s.o
LOAD build/obj/icu.o
LOAD build/obj/mac.o
LOAD build/obj/mmc_spi.o
LOAD build/obj/pal.o
LOAD build/obj/pwm.o
LOAD build/obj/rtc.o
LOAD build/obj/sdc.o
LOAD build/obj/serial.o
LOAD build/obj/serial_usb.o
LOAD build/obj/spi.o
LOAD build/obj/st.o
LOAD build/obj/uart.o
LOAD build/obj/usb.o
LOAD build/obj/osal.o
LOAD build/obj/nvic.o
LOAD build/obj/stm32_dma.o
LOAD build/obj/hal_lld.o
LOAD build/obj/adc_lld.o
LOAD build/obj/ext_lld_isr.o
LOAD build/obj/can_lld.o
LOAD build/obj/ext_lld.o
LOAD build/obj/mac_lld.o
LOAD build/obj/sdc_lld.o
LOAD build/obj/pal_lld.o
LOAD build/obj/i2c_lld.o
LOAD build/obj/rtc_lld.o
LOAD build/obj/spi_lld.o
LOAD build/obj/gpt_lld.o
LOAD build/obj/icu_lld.o
LOAD build/obj/pwm_lld.o
LOAD build/obj/st_lld.o
LOAD build/obj/serial_lld.o
LOAD build/obj/uart_lld.o
LOAD build/obj/usb_lld.o
LOAD build/obj/board.o
LOAD build/obj/shell.o
LOAD build/obj/chprintf.o
LOAD build/obj/main.o
LOAD build/obj/usbcfg.o
LOAD build/obj/Si446x_thread.o
                0x20000000                __ram_start__ = ORIGIN (ram)
                0x00005000                __ram_size__ = 0x5000
                0x20005000                __ram_end__ = (__ram_start__ + __ram_size__)
                0x00000000                . = 0x0
                0x00000000                _text = .

startup         0x08000000      0x140
 *(vectors)
 vectors        0x08000000      0x140 /tmp/cchwuM7e.ltrans6.ltrans.o
                0x08000000                _vectors

constructors    0x08000140        0x0
                0x08000140                PROVIDE (__init_array_start, .)
 *(SORT(.init_array.*))
 *(.init_array)
                0x08000140                PROVIDE (__init_array_end, .)

destructors     0x08000140        0x0
                0x08000140                PROVIDE (__fini_array_start, .)
 *(.fini_array)
 *(SORT(.fini_array.*))
                0x08000140                PROVIDE (__fini_array_end, .)

.text           0x08000140     0xb2c4
 *(.text.startup.*)
 .text.startup.main.4417
                0x08000140      0x590 /tmp/cchwuM7e.ltrans6.ltrans.o
 *(.text)
 .text          0x080006d0       0x26 build/obj/chcoreasm_v7m.o
                0x080006d0                _port_switch
                0x080006e0                _port_thread_start
                0x080006ee                _port_switch_from_isr
                0x080006f2                _port_exit_from_isr
 *fill*         0x080006f6        0xa 00
 .text          0x08000700      0x370 /home/laurence/ARM-GCC/bin/../lib/gcc/arm-none-eabi/4.7.4/armv7-m/libgcc.a(_arm_addsubdf3.o)
                0x08000700                __aeabi_drsub
                0x08000708                __aeabi_dsub
                0x08000708                __subdf3
                0x0800070c                __adddf3
                0x0800070c                __aeabi_dadd
                0x08000984                __aeabi_ui2d
                0x08000984                __floatunsidf
                0x080009a4                __floatsidf
                0x080009a4                __aeabi_i2d
                0x080009c8                __extendsfdf2
                0x080009c8                __aeabi_f2d
                0x08000a04                __aeabi_ul2d
                0x08000a04                __floatundidf
                0x08000a14                __floatdidf
                0x08000a14                __aeabi_l2d
 .text          0x08000a70      0x424 /home/laurence/ARM-GCC/bin/../lib/gcc/arm-none-eabi/4.7.4/armv7-m/libgcc.a(_arm_muldivdf3.o)
                0x08000a70                __aeabi_dmul
                0x08000a70                __muldf3
                0x08000cc4                __aeabi_ddiv
                0x08000cc4                __divdf3
 *fill*         0x08000e94        0xc 00
 .text          0x08000ea0       0x50 /home/laurence/ARM-GCC/bin/../lib/gcc/arm-none-eabi/4.7.4/armv7-m/libgcc.a(_arm_fixdfsi.o)
                0x08000ea0                __fixdfsi
                0x08000ea0                __aeabi_d2iz
 .text          0x08000ef0       0x40 /home/laurence/ARM-GCC/bin/../lib/gcc/arm-none-eabi/4.7.4/armv7-m/libgcc.a(_arm_fixunsdfsi.o)
                0x08000ef0                __fixunsdfsi
                0x08000ef0                __aeabi_d2uiz
 .text          0x08000f30       0xa0 /home/laurence/ARM-GCC/bin/../lib/gcc/arm-none-eabi/4.7.4/armv7-m/libgcc.a(_arm_truncdfsf2.o)
                0x08000f30                __aeabi_d2f
                0x08000f30                __truncdfsf2
 .text          0x08000fd0      0x21c /home/laurence/ARM-GCC/bin/../lib/gcc/arm-none-eabi/4.7.4/armv7-m/libgcc.a(_arm_addsubsf3.o)
                0x08000fd0                __aeabi_frsub
                0x08000fd8                __subsf3
                0x08000fd8                __aeabi_fsub
                0x08000fdc                __aeabi_fadd
                0x08000fdc                __addsf3
                0x0800113c                __aeabi_ui2f
                0x0800113c                __floatunsisf
                0x08001144                __aeabi_i2f
                0x08001144                __floatsisf
                0x08001160                __floatundisf
                0x08001160                __aeabi_ul2f
                0x08001170                __floatdisf
                0x08001170                __aeabi_l2f
 *fill*         0x080011ec        0x4 00
 .text          0x080011f0      0x2a0 /home/laurence/ARM-GCC/bin/../lib/gcc/arm-none-eabi/4.7.4/armv7-m/libgcc.a(_arm_muldivsf3.o)
                0x080011f0                __mulsf3
                0x080011f0                __aeabi_fmul
                0x08001358                __divsf3
                0x08001358                __aeabi_fdiv
 .text          0x08001490       0xec /home/laurence/ARM-GCC/bin/../lib/gcc/arm-none-eabi/4.7.4/armv7-m/libgcc.a(_arm_cmpsf2.o)
                0x08001490                __gtsf2
                0x08001490                __gesf2
                0x08001498                __lesf2
                0x08001498                __ltsf2
                0x080014a0                __nesf2
                0x080014a0                __eqsf2
                0x080014a0                __cmpsf2
                0x08001500                __aeabi_cfrcmple
                0x08001508                __aeabi_cfcmple
                0x08001508                __aeabi_cfcmpeq
                0x08001518                __aeabi_fcmpeq
                0x0800152c                __aeabi_fcmplt
                0x08001540                __aeabi_fcmple
                0x08001554                __aeabi_fcmpge
                0x08001568                __aeabi_fcmpgt
 *fill*         0x0800157c        0x4 00
 .text          0x08001580       0x4c /home/laurence/ARM-GCC/bin/../lib/gcc/arm-none-eabi/4.7.4/armv7-m/libgcc.a(_arm_fixsfsi.o)
                0x08001580                __fixsfsi
                0x08001580                __aeabi_f2iz
 *fill*         0x080015cc        0x4 00
 .text          0x080015d0       0x40 /home/laurence/ARM-GCC/bin/../lib/gcc/arm-none-eabi/4.7.4/armv7-m/libgcc.a(_arm_fixunssfsi.o)
                0x080015d0                __aeabi_f2uiz
                0x080015d0                __fixunssfsi
 *(.text.*)
 .text.tmr.6612
                0x08001610       0x10 /tmp/cchwuM7e.ltrans0.ltrans.o
                0x08001610                tmr.6612
 .text.chCoreAlloc
                0x08001620       0x40 /tmp/cchwuM7e.ltrans0.ltrans.o
                0x08001620                chCoreAlloc
 .text.wakeup.4589
                0x08001660       0x60 /tmp/cchwuM7e.ltrans0.ltrans.o
                0x08001660                wakeup.4589
 .text._idle_thread.4288
                0x080016c0       0x20 /tmp/cchwuM7e.ltrans0.ltrans.o
                0x080016c0                _idle_thread.4288
 .text.SVC_Handler
                0x080016e0       0x20 /tmp/cchwuM7e.ltrans0.ltrans.o
                0x080016e0                SVC_Handler
 .text.test_terminate_threads
                0x08001700       0x80 /tmp/cchwuM7e.ltrans0.ltrans.o
                0x08001700                test_terminate_threads
 .text._test_assert_time_window
                0x08001780       0x50 /tmp/cchwuM7e.ltrans0.ltrans.o
                0x08001780                _test_assert_time_window
 .text._test_assert_sequence
                0x080017d0       0x90 /tmp/cchwuM7e.ltrans0.ltrans.o
                0x080017d0                _test_assert_sequence
 .text._test_assert
                0x08001860       0x30 /tmp/cchwuM7e.ltrans0.ltrans.o
                0x08001860                _test_assert
 .text.test_emit_token
                0x08001890       0x20 /tmp/cchwuM7e.ltrans0.ltrans.o
                0x08001890                test_emit_token
 .text.test_println
                0x080018b0       0x30 /tmp/cchwuM7e.ltrans0.ltrans.o
                0x080018b0                test_println
 .text.test_print
                0x080018e0       0x20 /tmp/cchwuM7e.ltrans0.ltrans.o
                0x080018e0                test_print
 .text.test_printn
                0x08001900       0x90 /tmp/cchwuM7e.ltrans0.ltrans.o
                0x08001900                test_printn
 .text.print_line.6617
                0x08001990       0x40 /tmp/cchwuM7e.ltrans0.ltrans.o
                0x08001990                print_line.6617
 .text.chPoolAlloc
                0x080019d0       0x30 /tmp/cchwuM7e.ltrans0.ltrans.o
                0x080019d0                chPoolAlloc
 .text.chEvtUnregister
                0x08001a00       0x30 /tmp/cchwuM7e.ltrans0.ltrans.o
                0x08001a00                chEvtUnregister
 .text.chThdYield
                0x08001a30       0x50 /tmp/cchwuM7e.ltrans0.ltrans.o
                0x08001a30                chThdYield
 .text.chThdCreateI
                0x08001a80       0x70 /tmp/cchwuM7e.ltrans0.ltrans.o
                0x08001a80                chThdCreateI
 .text.chSchDoRescheduleAhead
                0x08001af0       0x40 /tmp/cchwuM7e.ltrans0.ltrans.o
                0x08001af0                chSchDoRescheduleAhead
 .text.chSchRescheduleS
                0x08001b30       0x20 /tmp/cchwuM7e.ltrans0.ltrans.o
                0x08001b30                chSchRescheduleS
 .text.chThdSetPriority.4273
                0x08001b50       0x30 /tmp/cchwuM7e.ltrans0.ltrans.o
 .text.thd3_execute.6824
                0x08001b80      0x150 /tmp/cchwuM7e.ltrans0.ltrans.o
                0x08001b80                thd3_execute.6824
 .text.chSchWakeupS
                0x08001cd0       0x60 /tmp/cchwuM7e.ltrans0.ltrans.o
                0x08001cd0                chSchWakeupS
 .text.chMtxUnlock
                0x08001d30       0x60 /tmp/cchwuM7e.ltrans0.ltrans.o
                0x08001d30                chMtxUnlock
 .text.chSemSignal
                0x08001d90       0x30 /tmp/cchwuM7e.ltrans0.ltrans.o
                0x08001d90                chSemSignal
 .text.chThdCreateStatic
                0x08001dc0       0x80 /tmp/cchwuM7e.ltrans0.ltrans.o
                0x08001dc0                chThdCreateStatic
 .text.chSchGoSleepS
                0x08001e40       0x30 /tmp/cchwuM7e.ltrans0.ltrans.o
                0x08001e40                chSchGoSleepS
 .text.chMsgWait
                0x08001e70       0x40 /tmp/cchwuM7e.ltrans0.ltrans.o
                0x08001e70                chMsgWait
 .text.chSemWait
                0x08001eb0       0x40 /tmp/cchwuM7e.ltrans0.ltrans.o
                0x08001eb0                chSemWait
 .text._port_irq_epilogue
                0x08001ef0       0x60 /tmp/cchwuM7e.ltrans0.ltrans.o
                0x08001ef0                _port_irq_epilogue
 .text.chSchReadyI
                0x08001f50       0x20 /tmp/cchwuM7e.ltrans0.ltrans.o
                0x08001f50                chSchReadyI
 .text.chMsgSend
                0x08001f70       0x40 /tmp/cchwuM7e.ltrans0.ltrans.o
                0x08001f70                chMsgSend
 .text.chEvtSignalI
                0x08001fb0       0x30 /tmp/cchwuM7e.ltrans0.ltrans.o
                0x08001fb0                chEvtSignalI
 .text.chEvtBroadcastFlagsI
                0x08001fe0       0x30 /tmp/cchwuM7e.ltrans0.ltrans.o
                0x08001fe0                chEvtBroadcastFlagsI
 .text.chMtxUnlockAll
                0x08002010       0x60 /tmp/cchwuM7e.ltrans0.ltrans.o
                0x08002010                chMtxUnlockAll
 .text.chMtxUnlockS
                0x08002070       0x50 /tmp/cchwuM7e.ltrans0.ltrans.o
                0x08002070                chMtxUnlockS
 .text.chMtxLockS
                0x080020c0       0xd0 /tmp/cchwuM7e.ltrans0.ltrans.o
                0x080020c0                chMtxLockS
 .text.chMtxLock
                0x08002190       0x20 /tmp/cchwuM7e.ltrans0.ltrans.o
                0x08002190                chMtxLock
 .text.chHeapStatus
                0x080021b0       0x40 /tmp/cchwuM7e.ltrans0.ltrans.o
                0x080021b0                chHeapStatus
 .text.chHeapFree
                0x080021f0       0x90 /tmp/cchwuM7e.ltrans0.ltrans.o
                0x080021f0                chHeapFree
 .text.chThdRelease
                0x08002280       0x60 /tmp/cchwuM7e.ltrans0.ltrans.o
                0x08002280                chThdRelease
 .text.chThdWait
                0x080022e0       0x40 /tmp/cchwuM7e.ltrans0.ltrans.o
                0x080022e0                chThdWait
 .text.test_wait_threads
                0x08002320       0x50 /tmp/cchwuM7e.ltrans0.ltrans.o
                0x08002320                test_wait_threads
 .text.chRegNextThread
                0x08002370       0x30 /tmp/cchwuM7e.ltrans0.ltrans.o
                0x08002370                chRegNextThread
 .text.chHeapAlloc
                0x080023a0       0x90 /tmp/cchwuM7e.ltrans0.ltrans.o
                0x080023a0                chHeapAlloc
 .text.chThdCreateFromHeap
                0x08002430       0x40 /tmp/cchwuM7e.ltrans0.ltrans.o
                0x08002430                chThdCreateFromHeap
 .text.chSemSignalI
                0x08002470       0x20 /tmp/cchwuM7e.ltrans0.ltrans.o
                0x08002470                chSemSignalI
 .text.chSemResetI
                0x08002490       0x70 /tmp/cchwuM7e.ltrans0.ltrans.o
                0x08002490                chSemResetI
 .text.chThdExitS
                0x08002500       0x40 /tmp/cchwuM7e.ltrans0.ltrans.o
                0x08002500                chThdExitS
 .text.chTMStopMeasurementX
                0x08002540       0x50 /tmp/cchwuM7e.ltrans0.ltrans.o
                0x08002540                chTMStopMeasurementX
 .text.chTMStartMeasurementX
                0x08002590       0x10 /tmp/cchwuM7e.ltrans0.ltrans.o
                0x08002590                chTMStartMeasurementX
 .text._unhandled_exception.4338
                0x080025a0       0x10 /tmp/cchwuM7e.ltrans0.ltrans.o
                0x080025a0                Vector58
                0x080025a0                VectorE8
                0x080025a0                Vector9C
                0x080025a0                VectorAC
                0x080025a0                DebugMon_Handler
                0x080025a0                Vector5C
                0x080025a0                Vector11C
                0x080025a0                HardFault_Handler
                0x080025a0                SysTick_Handler
                0x080025a0                VectorDC
                0x080025a0                PendSV_Handler
                0x080025a0                NMI_Handler
                0x080025a0                Vector110
                0x080025a0                Vector120
                0x080025a0                VectorC8
                0x080025a0                Vector94
                0x080025a0                VectorA8
                0x080025a0                VectorB4
                0x080025a0                UsageFault_Handler
                0x080025a0                VectorEC
                0x080025a0                Vector40
                0x080025a0                VectorF8
                0x080025a0                Vector108
                0x080025a0                VectorBC
                0x080025a0                Vector124
                0x080025a0                Vector118
                0x080025a0                Vector64
                0x080025a0                VectorCC
                0x080025a0                Vector54
                0x080025a0                Vector98
                0x080025a0                VectorD8
                0x080025a0                Vector138
                0x080025a0                Vector24
                0x080025a0                VectorD0
                0x080025a0                VectorE4
                0x080025a0                VectorC0
                0x080025a0                Vector130
                0x080025a0                Vector134
                0x080025a0                VectorF0
                0x080025a0                Vector12C
                0x080025a0                Vector13C
                0x080025a0                Vector100
                0x080025a0                VectorE0
                0x080025a0                VectorF4
                0x080025a0                MemManage_Handler
                0x080025a0                VectorA0
                0x080025a0                VectorC4
                0x080025a0                Vector114
                0x080025a0                Vector60
                0x080025a0                Vector1C
                0x080025a0                Vector48
                0x080025a0                VectorD4
                0x080025a0                Vector4C
                0x080025a0                Vector68
                0x080025a0                Vector88
                0x080025a0                Vector104
                0x080025a0                Vector10C
                0x080025a0                BusFault_Handler
                0x080025a0                Vector50
                0x080025a0                Vector44
                0x080025a0                Vector28
                0x080025a0                VectorFC
                0x080025a0                Vector34
                0x080025a0                Vector128
                0x080025a0                VectorA4
                0x080025a0                Vector20
 .text.cmd_threads.11054
                0x080025b0       0x80 /tmp/cchwuM7e.ltrans1.ltrans.o
                0x080025b0                cmd_threads.11054
 .text.silabs_tune_up
                0x08002630       0x60 /tmp/cchwuM7e.ltrans1.ltrans.o
                0x08002630                silabs_tune_up
 .text.bmk6_execute.8479
                0x08002690       0x70 /tmp/cchwuM7e.ltrans1.ltrans.o
                0x08002690                bmk6_execute.8479
 .text.msg1_execute.7393
                0x08002700       0xa0 /tmp/cchwuM7e.ltrans1.ltrans.o
                0x08002700                msg1_execute.7393
 .text.bmk4_execute.8487
                0x080027a0       0xc0 /tmp/cchwuM7e.ltrans1.ltrans.o
                0x080027a0                bmk4_execute.8487
 .text.sem2_execute.7099
                0x08002860      0x300 /tmp/cchwuM7e.ltrans1.ltrans.o
                0x08002860                sem2_execute.7099
 .text.cmd_info.10624
                0x08002b60       0xc0 /tmp/cchwuM7e.ltrans1.ltrans.o
                0x08002b60                cmd_info.10624
 .text.cmd_systime.10616
                0x08002c20       0x40 /tmp/cchwuM7e.ltrans1.ltrans.o
                0x08002c20                cmd_systime.10616
 .text.evt1_execute.7722
                0x08002c60       0xe0 /tmp/cchwuM7e.ltrans1.ltrans.o
                0x08002c60                evt1_execute.7722
 .text.thd4_execute.6832
                0x08002d40       0xd0 /tmp/cchwuM7e.ltrans1.ltrans.o
                0x08002d40                thd4_execute.6832
 .text.bmk12_execute.8462
                0x08002e10       0x70 /tmp/cchwuM7e.ltrans1.ltrans.o
                0x08002e10                bmk12_execute.8462
 .text.bmk11_execute.8466
                0x08002e80       0x70 /tmp/cchwuM7e.ltrans1.ltrans.o
                0x08002e80                bmk11_execute.8466
 .text.bmk10_execute.8472
                0x08002ef0       0x80 /tmp/cchwuM7e.ltrans1.ltrans.o
                0x08002ef0                bmk10_execute.8472
 .text.bmk8_execute.8481
                0x08002f70       0xf0 /tmp/cchwuM7e.ltrans1.ltrans.o
                0x08002f70                bmk8_execute.8481
 .text.bmk7_execute.8483
                0x08003060      0x130 /tmp/cchwuM7e.ltrans1.ltrans.o
                0x08003060                bmk7_execute.8483
 .text.bmk5_execute.8485
                0x08003190       0x70 /tmp/cchwuM7e.ltrans1.ltrans.o
                0x08003190                bmk5_execute.8485
 .text.bmk1_execute.8496
                0x08003200       0x80 /tmp/cchwuM7e.ltrans1.ltrans.o
                0x08003200                bmk1_execute.8496
 .text.bmk2_execute.8494
                0x08003280       0x80 /tmp/cchwuM7e.ltrans1.ltrans.o
                0x08003280                bmk2_execute.8494
 .text.bmk3_execute.8492
                0x08003300       0xf0 /tmp/cchwuM7e.ltrans1.ltrans.o
                0x08003300                bmk3_execute.8492
 .text.chIQPutI
                0x080033f0       0x50 /tmp/cchwuM7e.ltrans1.ltrans.o
                0x080033f0                chIQPutI
 .text.bmk9_execute.8477
                0x08003440       0xb0 /tmp/cchwuM7e.ltrans1.ltrans.o
                0x08003440                bmk9_execute.8477
 .text.mtx8_setup.7283
                0x080034f0       0x30 /tmp/cchwuM7e.ltrans2.ltrans.o
                0x080034f0                mtx8_setup.7283
 .text.mtx7_setup.7285
                0x08003520       0x20 /tmp/cchwuM7e.ltrans2.ltrans.o
                0x08003520                mtx7_setup.7285
 .text.mtx6_setup.7287
                0x08003540       0x20 /tmp/cchwuM7e.ltrans2.ltrans.o
                0x08003540                mtx6_setup.7287
 .text.mtx5_setup.7289
                0x08003560       0x20 /tmp/cchwuM7e.ltrans2.ltrans.o
                0x08003560                mtx5_setup.7289
 .text.mtx4_setup.7291
                0x08003580       0x20 /tmp/cchwuM7e.ltrans2.ltrans.o
                0x08003580                mtx4_setup.7291
 .text.mtx1_setup.7293
                0x080035a0       0x20 /tmp/cchwuM7e.ltrans2.ltrans.o
                0x080035a0                mtx1_setup.7293
 .text.bmk12_setup.8464
                0x080035c0       0x20 /tmp/cchwuM7e.ltrans2.ltrans.o
                0x080035c0                bmk12_setup.8464
 .text.spi_lld_serve_tx_interrupt.9951
                0x080035e0       0x20 /tmp/cchwuM7e.ltrans2.ltrans.o
                0x080035e0                spi_lld_serve_tx_interrupt.9951
 .text.mbox1_setup.7601
                0x08003600       0x40 /tmp/cchwuM7e.ltrans2.ltrans.o
                0x08003600                mbox1_setup.7601
 .text.sem3_setup.7070
                0x08003640       0x20 /tmp/cchwuM7e.ltrans2.ltrans.o
                0x08003640                sem3_setup.7070
 .text.sem2_setup.7072
                0x08003660       0x20 /tmp/cchwuM7e.ltrans2.ltrans.o
                0x08003660                sem2_setup.7072
 .text.sem1_setup.7074
                0x08003680       0x20 /tmp/cchwuM7e.ltrans2.ltrans.o
                0x08003680                sem1_setup.7074
 .text.bmk11_setup.8468
                0x080036a0       0x20 /tmp/cchwuM7e.ltrans2.ltrans.o
                0x080036a0                bmk11_setup.8468
 .text.bmk7_setup.8470
                0x080036c0       0x20 /tmp/cchwuM7e.ltrans2.ltrans.o
                0x080036c0                bmk7_setup.8470
 .text.dyn2_setup.8092
                0x080036e0       0x20 /tmp/cchwuM7e.ltrans2.ltrans.o
                0x080036e0                dyn2_setup.8092
 .text.pools1_setup.7960
                0x08003700       0x20 /tmp/cchwuM7e.ltrans2.ltrans.o
                0x08003700                pools1_setup.7960
 .text.heap1_setup.7929
                0x08003720       0x30 /tmp/cchwuM7e.ltrans2.ltrans.o
                0x08003720                heap1_setup.7929
 .text.get_descriptor.11367
                0x08003750       0x40 /tmp/cchwuM7e.ltrans2.ltrans.o
                0x08003750                get_descriptor.11367
 .text.VectorB0
                0x08003790       0xa0 /tmp/cchwuM7e.ltrans2.ltrans.o
                0x08003790                VectorB0
 .text.VectorB8
                0x08003830       0x40 /tmp/cchwuM7e.ltrans2.ltrans.o
                0x08003830                VectorB8
 .text.spi_lld_serve_rx_interrupt.9955
                0x08003870       0x80 /tmp/cchwuM7e.ltrans2.ltrans.o
                0x08003870                spi_lld_serve_rx_interrupt.9955
 .text.chCondSignalI.constprop.55.4385
                0x080038f0       0x20 /tmp/cchwuM7e.ltrans2.ltrans.o
 .text.chCondSignal.constprop.56.4379
                0x08003910       0x30 /tmp/cchwuM7e.ltrans2.ltrans.o
 .text.mtx8_execute.7281
                0x08003940       0xb0 /tmp/cchwuM7e.ltrans2.ltrans.o
                0x08003940                mtx8_execute.7281
 .text.mtx6_execute.7297
                0x080039f0       0xf0 /tmp/cchwuM7e.ltrans2.ltrans.o
                0x080039f0                mtx6_execute.7297
 .text.mtx7_execute.7295
                0x08003ae0       0xf0 /tmp/cchwuM7e.ltrans2.ltrans.o
                0x08003ae0                mtx7_execute.7295
 .text.sem1_execute.7091
                0x08003bd0      0x180 /tmp/cchwuM7e.ltrans2.ltrans.o
                0x08003bd0                sem1_execute.7091
 .text.chSemSignalWait.constprop.59.4364
                0x08003d50       0x70 /tmp/cchwuM7e.ltrans2.ltrans.o
 .text.sem3_execute.7095
                0x08003dc0       0xa0 /tmp/cchwuM7e.ltrans2.ltrans.o
                0x08003dc0                sem3_execute.7095
 .text.thread10.7266.4370
                0x08003e60       0x70 /tmp/cchwuM7e.ltrans2.ltrans.o
 .text.spicb.11595
                0x08003ed0       0x20 /tmp/cchwuM7e.ltrans2.ltrans.o
                0x08003ed0                spicb.11595
 .text.chVTDoSetI
                0x08003ef0       0x90 /tmp/cchwuM7e.ltrans2.ltrans.o
                0x08003ef0                chVTDoSetI
 .text.chThdCreateFromMemoryPool.constprop.62
                0x08003f80       0x50 /tmp/cchwuM7e.ltrans2.ltrans.o
                0x08003f80                chThdCreateFromMemoryPool.constprop.62
 .text.chEvtGetAndClearEvents.constprop.49
                0x08003fd0       0x20 /tmp/cchwuM7e.ltrans2.ltrans.o
                0x08003fd0                chEvtGetAndClearEvents.constprop.49
 .text.evt1_setup.7710
                0x08003ff0       0x10 /tmp/cchwuM7e.ltrans2.ltrans.o
                0x08003ff0                evt1_setup.7710
 .text.evt2_setup.7708
                0x08004000       0x10 /tmp/cchwuM7e.ltrans2.ltrans.o
                0x08004000                evt2_setup.7708
 .text.evt3_setup.7706
                0x08004010       0x10 /tmp/cchwuM7e.ltrans2.ltrans.o
                0x08004010                evt3_setup.7706
 .text.chEvtWaitOne.constprop.45
                0x08004020       0x40 /tmp/cchwuM7e.ltrans2.ltrans.o
                0x08004020                chEvtWaitOne.constprop.45
 .text.unlikely.chEvtWaitAny.constprop.44
                0x08004060       0x34 /tmp/cchwuM7e.ltrans2.ltrans.o
                0x08004060                chEvtWaitAny.constprop.44
 *fill*         0x08004094        0xc 00
 .text.chMBPostI.constprop.36
                0x080040a0       0x40 /tmp/cchwuM7e.ltrans2.ltrans.o
                0x080040a0                chMBPostI.constprop.36
 .text.chMBPostAheadI.constprop.34
                0x080040e0       0x40 /tmp/cchwuM7e.ltrans2.ltrans.o
                0x080040e0                chMBPostAheadI.constprop.34
 .text.unlikely.chMBFetchI.constprop.32
                0x08004120       0x3c /tmp/cchwuM7e.ltrans2.ltrans.o
                0x08004120                chMBFetchI.constprop.32
 *fill*         0x0800415c        0x4 00
 .text.dmaStreamAllocate.constprop.14
                0x08004160       0xa0 /tmp/cchwuM7e.ltrans2.ltrans.o
                0x08004160                dmaStreamAllocate.constprop.14
 .text._strtok.10605.constprop.6
                0x08004200       0x40 /tmp/cchwuM7e.ltrans2.ltrans.o
                0x08004200                _strtok.10605.constprop.6
 .text.long_to_string_with_divisor.10734
                0x08004240       0x70 /tmp/cchwuM7e.ltrans2.ltrans.o
                0x08004240                long_to_string_with_divisor.10734
 .text.queues2_setup.8259
                0x080042b0       0x40 /tmp/cchwuM7e.ltrans3.ltrans.o
                0x080042b0                queues2_setup.8259
 .text.queues1_setup.8264
                0x080042f0       0x30 /tmp/cchwuM7e.ltrans3.ltrans.o
                0x080042f0                queues1_setup.8264
 .text.thread2.8457
                0x08004320       0x30 /tmp/cchwuM7e.ltrans3.ltrans.o
                0x08004320                thread2.8457
 .text.pools1_execute.7964
                0x08004350      0x200 /tmp/cchwuM7e.ltrans3.ltrans.o
                0x08004350                pools1_execute.7964
 .text.dyn2_execute.8090
                0x08004550      0x160 /tmp/cchwuM7e.ltrans3.ltrans.o
                0x08004550                dyn2_execute.8090
 .text.chThdDequeueAllI
                0x080046b0       0x30 /tmp/cchwuM7e.ltrans3.ltrans.o
                0x080046b0                chThdDequeueAllI
 .text.usb_packet_write_from_queue.10323.4241
                0x080046e0      0x130 /tmp/cchwuM7e.ltrans3.ltrans.o
 .text.Vector90
                0x08004810      0x4c0 /tmp/cchwuM7e.ltrans3.ltrans.o
                0x08004810                Vector90
 .text.usb_lld_prepare_transmit
                0x08004cd0       0xb0 /tmp/cchwuM7e.ltrans3.ltrans.o
                0x08004cd0                usb_lld_prepare_transmit
 .text.usbPrepareTransmit.constprop.8
                0x08004d80       0x20 /tmp/cchwuM7e.ltrans3.ltrans.o
                0x08004d80                usbPrepareTransmit.constprop.8
 .text.chVTDoResetI
                0x08004da0       0x60 /tmp/cchwuM7e.ltrans3.ltrans.o
                0x08004da0                chVTDoResetI
 .text.thread11.7269
                0x08004e00       0x90 /tmp/cchwuM7e.ltrans3.ltrans.o
                0x08004e00                thread11.7269
 .text.chSchGoSleepTimeoutS
                0x08004e90       0x50 /tmp/cchwuM7e.ltrans3.ltrans.o
                0x08004e90                chSchGoSleepTimeoutS
 .text.chThdEnqueueTimeoutS.4411
                0x08004ee0       0x30 /tmp/cchwuM7e.ltrans3.ltrans.o
 .text.chIQGetTimeout
                0x08004f10       0x50 /tmp/cchwuM7e.ltrans3.ltrans.o
                0x08004f10                chIQGetTimeout
 .text.thread1.8252
                0x08004f60       0x20 /tmp/cchwuM7e.ltrans3.ltrans.o
                0x08004f60                thread1.8252
 .text.gett.8862
                0x08004f80       0x10 /tmp/cchwuM7e.ltrans3.ltrans.o
                0x08004f80                gett.8862
 .text.get.8866
                0x08004f90       0x10 /tmp/cchwuM7e.ltrans3.ltrans.o
                0x08004f90                get.8866
 .text.chIQReadTimeout
                0x08004fa0       0x80 /tmp/cchwuM7e.ltrans3.ltrans.o
                0x08004fa0                chIQReadTimeout
 .text.readt.8838
                0x08005020       0x10 /tmp/cchwuM7e.ltrans3.ltrans.o
                0x08005020                readt.8838
 .text.read.8846
                0x08005030       0x10 /tmp/cchwuM7e.ltrans3.ltrans.o
                0x08005030                read.8846
 .text.chOQPutTimeout
                0x08005040       0x50 /tmp/cchwuM7e.ltrans3.ltrans.o
                0x08005040                chOQPutTimeout
 .text.thread2.8249
                0x08005090       0x20 /tmp/cchwuM7e.ltrans3.ltrans.o
                0x08005090                thread2.8249
 .text.putt.8869
                0x080050b0       0x10 /tmp/cchwuM7e.ltrans3.ltrans.o
                0x080050b0                putt.8869
 .text.put.8874
                0x080050c0       0x10 /tmp/cchwuM7e.ltrans3.ltrans.o
                0x080050c0                put.8874
 .text.chOQWriteTimeout
                0x080050d0       0x80 /tmp/cchwuM7e.ltrans3.ltrans.o
                0x080050d0                chOQWriteTimeout
 .text.writet.8851
                0x08005150       0x10 /tmp/cchwuM7e.ltrans3.ltrans.o
                0x08005150                writet.8851
 .text.write.8857
                0x08005160       0x10 /tmp/cchwuM7e.ltrans3.ltrans.o
                0x08005160                write.8857
 .text.chSemWaitTimeoutS
                0x08005170       0x40 /tmp/cchwuM7e.ltrans3.ltrans.o
                0x08005170                chSemWaitTimeoutS
 .text.unlikely.chMBFetch.constprop.33
                0x080051b0       0x4c /tmp/cchwuM7e.ltrans3.ltrans.o
                0x080051b0                chMBFetch.constprop.33
 *fill*         0x080051fc        0x4 00
 .text.test_start_timer.constprop.26
                0x08005200       0x40 /tmp/cchwuM7e.ltrans3.ltrans.o
                0x08005200                test_start_timer.constprop.26
 .text._usb_ep0in
                0x08005240       0xd0 /tmp/cchwuM7e.ltrans4.ltrans.o
                0x08005240                _usb_ep0in
 .text.thread4.7051
                0x08005310       0x20 /tmp/cchwuM7e.ltrans4.ltrans.o
                0x08005310                thread4.7051
 .text.silabs_send_command.4362
                0x08005330       0x90 /tmp/cchwuM7e.ltrans4.ltrans.o
 .text.silabs_tune_down.4390
                0x080053c0       0x60 /tmp/cchwuM7e.ltrans4.ltrans.o
 .text.thread2.7700
                0x08005420       0x50 /tmp/cchwuM7e.ltrans4.ltrans.o
                0x08005420                thread2.7700
 .text.usb_event.11376
                0x08005470       0xb0 /tmp/cchwuM7e.ltrans4.ltrans.o
                0x08005470                usb_event.11376
 .text.chOQGetI.constprop.31.4453
                0x08005520       0x50 /tmp/cchwuM7e.ltrans4.ltrans.o
 .text.queues2_execute.8268
                0x08005570      0x2a0 /tmp/cchwuM7e.ltrans4.ltrans.o
                0x08005570                queues2_execute.8268
 .text.mtx5_execute.7301
                0x08005810      0x110 /tmp/cchwuM7e.ltrans4.ltrans.o
                0x08005810                mtx5_execute.7301
 .text.queues1_execute.8272
                0x08005920      0x2d0 /tmp/cchwuM7e.ltrans4.ltrans.o
                0x08005920                queues1_execute.8272
 .text.si446x_spi
                0x08005bf0      0x110 /tmp/cchwuM7e.ltrans4.ltrans.o
                0x08005bf0                si446x_spi
 .text.si446x_set_frequency
                0x08005d00      0x1b0 /tmp/cchwuM7e.ltrans4.ltrans.o
                0x08005d00                si446x_set_frequency
 .text.chMBPost.constprop.37
                0x08005eb0       0x50 /tmp/cchwuM7e.ltrans4.ltrans.o
                0x08005eb0                chMBPost.constprop.37
 .text.usb_lld_init_endpoint.4211
                0x08005f00       0xc0 /tmp/cchwuM7e.ltrans5.ltrans.o
 .text.set_address.9473
                0x08005fc0       0x30 /tmp/cchwuM7e.ltrans5.ltrans.o
                0x08005fc0                set_address.9473
 .text.sduInterruptTransmitted
                0x08005ff0       0x10 /tmp/cchwuM7e.ltrans5.ltrans.o
                0x08005ff0                sduInterruptTransmitted
 .text.sduRequestsHook
                0x08006000       0x40 /tmp/cchwuM7e.ltrans5.ltrans.o
                0x08006000                sduRequestsHook
 .text.tmo.8442
                0x08006040       0x10 /tmp/cchwuM7e.ltrans5.ltrans.o
                0x08006040                tmo.8442
 .text.thread1.8445
                0x08006050       0x10 /tmp/cchwuM7e.ltrans5.ltrans.o
                0x08006050                thread1.8445
 .text.notify.8246
                0x08006060       0x10 /tmp/cchwuM7e.ltrans5.ltrans.o
                0x08006060                notify.8246
 .text.null_provider.7957
                0x08006070       0x10 /tmp/cchwuM7e.ltrans5.ltrans.o
                0x08006070                null_provider.7957
 .text.Vector8C
                0x08006080       0x10 /tmp/cchwuM7e.ltrans5.ltrans.o
                0x08006080                Vector8C
 .text.Vector84
                0x08006090       0x30 /tmp/cchwuM7e.ltrans5.ltrans.o
                0x08006090                Vector84
 .text.Vector80
                0x080060c0       0x30 /tmp/cchwuM7e.ltrans5.ltrans.o
                0x080060c0                Vector80
 .text.Vector7C
                0x080060f0       0x30 /tmp/cchwuM7e.ltrans5.ltrans.o
                0x080060f0                Vector7C
 .text.Vector78
                0x08006120       0x30 /tmp/cchwuM7e.ltrans5.ltrans.o
                0x08006120                Vector78
 .text.Vector74
                0x08006150       0x30 /tmp/cchwuM7e.ltrans5.ltrans.o
                0x08006150                Vector74
 .text.Vector70
                0x08006180       0x30 /tmp/cchwuM7e.ltrans5.ltrans.o
                0x08006180                Vector70
 .text.Vector6C
                0x080061b0       0x30 /tmp/cchwuM7e.ltrans5.ltrans.o
                0x080061b0                Vector6C
 .text.thread4  0x080061e0       0x30 /tmp/cchwuM7e.ltrans5.ltrans.o
                0x080061e0                thread4
 .text.thread8.8448
                0x08006210       0x40 /tmp/cchwuM7e.ltrans5.ltrans.o
                0x08006210                thread8.8448
 .text.thread3.8451
                0x08006250       0x30 /tmp/cchwuM7e.ltrans5.ltrans.o
                0x08006250                thread3.8451
 .text.bmk13_execute.8460
                0x08006280      0x100 /tmp/cchwuM7e.ltrans5.ltrans.o
                0x08006280                bmk13_execute.8460
 .text.dyn1_execute.8094
                0x08006380      0x100 /tmp/cchwuM7e.ltrans5.ltrans.o
                0x08006380                dyn1_execute.8094
 .text.heap1_execute.7927
                0x08006480      0x250 /tmp/cchwuM7e.ltrans5.ltrans.o
                0x08006480                heap1_execute.7927
 .text.thread.8077
                0x080066d0       0x10 /tmp/cchwuM7e.ltrans5.ltrans.o
                0x080066d0                thread.8077
 .text.h1.7730  0x080066e0       0x10 /tmp/cchwuM7e.ltrans5.ltrans.o
                0x080066e0                h1.7730
 .text.h2.7727  0x080066f0       0x10 /tmp/cchwuM7e.ltrans5.ltrans.o
                0x080066f0                h2.7727
 .text.h3.7724  0x08006700       0x10 /tmp/cchwuM7e.ltrans5.ltrans.o
                0x08006700                h3.7724
 .text.thread1.7054
                0x08006710       0x20 /tmp/cchwuM7e.ltrans5.ltrans.o
                0x08006710                thread1.7054
 .text.thread.6821.4406
                0x08006730       0x10 /tmp/cchwuM7e.ltrans5.ltrans.o
 .text.thread.7390
                0x08006740       0x20 /tmp/cchwuM7e.ltrans5.ltrans.o
                0x08006740                thread.7390
 .text.thd1_execute.6828
                0x08006760       0xe0 /tmp/cchwuM7e.ltrans5.ltrans.o
                0x08006760                thd1_execute.6828
 .text.mtx1_execute.7299
                0x08006840       0xf0 /tmp/cchwuM7e.ltrans5.ltrans.o
                0x08006840                mtx1_execute.7299
 .text.thread1.7272.4390
                0x08006930       0x30 /tmp/cchwuM7e.ltrans5.ltrans.o
 .text.thread12.7263
                0x08006960       0x30 /tmp/cchwuM7e.ltrans5.ltrans.o
                0x08006960                thread12.7263
 .text.thread3.7057
                0x08006990       0x20 /tmp/cchwuM7e.ltrans5.ltrans.o
                0x08006990                thread3.7057
 .text.thd2_execute.6826
                0x080069b0      0x100 /tmp/cchwuM7e.ltrans5.ltrans.o
                0x080069b0                thd2_execute.6826
 .text.usbStartTransmitI
                0x08006ab0       0x40 /tmp/cchwuM7e.ltrans5.ltrans.o
                0x08006ab0                usbStartTransmitI
 .text.usbStartReceiveI
                0x08006af0       0x40 /tmp/cchwuM7e.ltrans5.ltrans.o
                0x08006af0                usbStartReceiveI
 .text.usb_lld_prepare_receive
                0x08006b30       0x20 /tmp/cchwuM7e.ltrans5.ltrans.o
                0x08006b30                usb_lld_prepare_receive
 .text.inotify.8835
                0x08006b50       0x80 /tmp/cchwuM7e.ltrans5.ltrans.o
                0x08006b50                inotify.8835
 .text._usb_reset
                0x08006bd0       0x70 /tmp/cchwuM7e.ltrans5.ltrans.o
                0x08006bd0                _usb_reset
 .text.usbInitEndpointI
                0x08006c40       0x40 /tmp/cchwuM7e.ltrans5.ltrans.o
                0x08006c40                usbInitEndpointI
 .text.spi_lld_exchange
                0x08006c80       0x40 /tmp/cchwuM7e.ltrans5.ltrans.o
                0x08006c80                spi_lld_exchange
 .text.spi_lld_unselect
                0x08006cc0       0x10 /tmp/cchwuM7e.ltrans5.ltrans.o
                0x08006cc0                spi_lld_unselect
 .text.regfind.8080
                0x08006cd0       0x40 /tmp/cchwuM7e.ltrans5.ltrans.o
                0x08006cd0                regfind.8080
 .text.dyn1_setup.8088
                0x08006d10       0x30 /tmp/cchwuM7e.ltrans6.ltrans.o
                0x08006d10                dyn1_setup.8088
 .text.dyn3_setup.8086
                0x08006d40       0x30 /tmp/cchwuM7e.ltrans6.ltrans.o
                0x08006d40                dyn3_setup.8086
 .text._usb_ep0out
                0x08006d70       0x90 /tmp/cchwuM7e.ltrans6.ltrans.o
                0x08006d70                _usb_ep0out
 .text.chvprintf.4681
                0x08006e00      0x470 /tmp/cchwuM7e.ltrans6.ltrans.o
 .text.chThdSleep
                0x08007270       0x20 /tmp/cchwuM7e.ltrans6.ltrans.o
                0x08007270                chThdSleep
 .text.Reset_Handler
                0x08007290      0x220 /tmp/cchwuM7e.ltrans6.ltrans.o
                0x08007290                Reset_Handler
 .text.RF_switch
                0x080074b0       0x40 /tmp/cchwuM7e.ltrans6.ltrans.o
                0x080074b0                RF_switch
 .text.switch_output_callback.11647
                0x080074f0       0x10 /tmp/cchwuM7e.ltrans6.ltrans.o
                0x080074f0                switch_output_callback.11647
 .text.chprintf.10585
                0x08007500       0x20 /tmp/cchwuM7e.ltrans6.ltrans.o
                0x08007500                chprintf.10585
 .text.chprintf.11031
                0x08007520       0x20 /tmp/cchwuM7e.ltrans6.ltrans.o
                0x08007520                chprintf.11031
 .text.cmd_mem.11062
                0x08007540       0x60 /tmp/cchwuM7e.ltrans6.ltrans.o
                0x08007540                cmd_mem.11062
 .text.cmd_test.11046
                0x080075a0       0x60 /tmp/cchwuM7e.ltrans6.ltrans.o
                0x080075a0                cmd_test.11046
 .text.cmd_write.11038
                0x08007600       0x50 /tmp/cchwuM7e.ltrans6.ltrans.o
                0x08007600                cmd_write.11038
 .text.chprintf.11607
                0x08007650       0x20 /tmp/cchwuM7e.ltrans6.ltrans.o
                0x08007650                chprintf.11607
 .text.silabs_get_part_id
                0x08007670       0x20 /tmp/cchwuM7e.ltrans6.ltrans.o
                0x08007670                silabs_get_part_id
 .text.mbox1_execute.7599
                0x08007690      0x7a0 /tmp/cchwuM7e.ltrans7.ltrans.o
                0x08007690                mbox1_execute.7599
 .text._usb_ep0setup
                0x08007e30      0x3f0 /tmp/cchwuM7e.ltrans7.ltrans.o
                0x08007e30                _usb_ep0setup
 .text.onotify.8832
                0x08008220       0x70 /tmp/cchwuM7e.ltrans7.ltrans.o
                0x08008220                onotify.8832
 .text.evt2_execute.7717
                0x08008290      0x300 /tmp/cchwuM7e.ltrans8.ltrans.o
                0x08008290                evt2_execute.7717
 .text.sduDataReceived
                0x08008590       0x80 /tmp/cchwuM7e.ltrans8.ltrans.o
                0x08008590                sduDataReceived
 .text.sduDataTransmitted
                0x08008610       0x90 /tmp/cchwuM7e.ltrans8.ltrans.o
                0x08008610                sduDataTransmitted
 .text.SI_Thread.11588
                0x080086a0      0x760 /tmp/cchwuM7e.ltrans8.ltrans.o
                0x080086a0                SI_Thread.11588
 .text.Thread1.11028
                0x08008e00       0x50 /tmp/cchwuM7e.ltrans9.ltrans.o
                0x08008e00                Thread1.11028
 .text.TestThread
                0x08008e50      0x330 /tmp/cchwuM7e.ltrans9.ltrans.o
                0x08008e50                TestThread
 .text.thread2.7060
                0x08009180       0x30 /tmp/cchwuM7e.ltrans9.ltrans.o
                0x08009180                thread2.7060
 .text.mtx4_execute.7303
                0x080091b0      0x250 /tmp/cchwuM7e.ltrans9.ltrans.o
                0x080091b0                mtx4_execute.7303
 .text.thread4b.7275.4103
                0x08009400       0x30 /tmp/cchwuM7e.ltrans9.ltrans.o
 .text.thread4a.7278.4100
                0x08009430       0x20 /tmp/cchwuM7e.ltrans9.ltrans.o
 .text.thread1.7703
                0x08009450       0x30 /tmp/cchwuM7e.ltrans9.ltrans.o
                0x08009450                thread1.7703
 .text.dyn3_execute.8084
                0x08009480      0x150 /tmp/cchwuM7e.ltrans9.ltrans.o
                0x08009480                dyn3_execute.8084
 .text.test_wait_tick
                0x080095d0       0x20 /tmp/cchwuM7e.ltrans9.ltrans.o
                0x080095d0                test_wait_tick
 .text.msg_loop_test.8489
                0x080095f0       0x30 /tmp/cchwuM7e.ltrans9.ltrans.o
                0x080095f0                msg_loop_test.8489
 .text.shell_thread.10582
                0x08009620      0x280 /tmp/cchwuM7e.ltrans10.ltrans.o
                0x08009620                shell_thread.10582
 .text.sem4_execute.7089.4141
                0x080098a0      0x150 /tmp/cchwuM7e.ltrans10.ltrans.o
 .text.evt3_execute.7735.4183
                0x080099f0      0x170 /tmp/cchwuM7e.ltrans10.ltrans.o
 .text.chThdExit
                0x08009b60       0x10 /tmp/cchwuM7e.ltrans10.ltrans.o
                0x08009b60                chThdExit
 .text.chSchDoReschedule
                0x08009b70       0x10 /tmp/cchwuM7e.ltrans10.ltrans.o
                0x08009b70                chSchDoReschedule
 .text.memset   0x08009b80      0x12c /home/laurence/ARM-GCC/bin/../lib/gcc/arm-none-eabi/4.7.4/../../../../arm-none-eabi/lib/armv7-m/libg.a(lib_a-memset.o)
                0x08009b80                memset
 *fill*         0x08009cac        0x4 00
 .text.strcasecmp
                0x08009cb0       0x44 /home/laurence/ARM-GCC/bin/../lib/gcc/arm-none-eabi/4.7.4/../../../../arm-none-eabi/lib/armv7-m/libg.a(lib_a-strcasecmp.o)
                0x08009cb0                strcasecmp
 *fill*         0x08009cf4        0xc 00
 .text.strcpy   0x08009d00       0xbc /home/laurence/ARM-GCC/bin/../lib/gcc/arm-none-eabi/4.7.4/../../../../arm-none-eabi/lib/armv7-m/libg.a(lib_a-strcpy.o)
                0x08009d00                strcpy
 *fill*         0x08009dbc        0x4 00
 .text.strlen   0x08009dc0       0x60 /home/laurence/ARM-GCC/bin/../lib/gcc/arm-none-eabi/4.7.4/../../../../arm-none-eabi/lib/armv7-m/libg.a(lib_a-strlen.o)
                0x08009dc0                strlen
 .text.strpbrk  0x08009e20       0x4c /home/laurence/ARM-GCC/bin/../lib/gcc/arm-none-eabi/4.7.4/../../../../arm-none-eabi/lib/armv7-m/libg.a(lib_a-strpbrk.o)
                0x08009e20                strpbrk
 *fill*         0x08009e6c        0x4 00
 .text.strspn   0x08009e70       0x40 /home/laurence/ARM-GCC/bin/../lib/gcc/arm-none-eabi/4.7.4/../../../../arm-none-eabi/lib/armv7-m/libg.a(lib_a-strspn.o)
                0x08009e70                strspn
 *(.rodata)
 .rodata        0x08009eb0       0xb0 /tmp/cchwuM7e.ltrans8.ltrans.o
 *(.rodata.*)
 .rodata.str1.4
                0x08009f60        0x5 /tmp/cchwuM7e.ltrans0.ltrans.o
                                  0xc (size before relaxing)
 *fill*         0x08009f65        0xb 00
 .rodata.evhndl.7763.4448
                0x08009f70        0xc /tmp/cchwuM7e.ltrans1.ltrans.o
 *fill*         0x08009f7c        0x4 00
 .rodata.states.8516.11140.4450
                0x08009f80       0x40 /tmp/cchwuM7e.ltrans1.ltrans.o
 .rodata.str1.4
                0x08009fc0      0x342 /tmp/cchwuM7e.ltrans1.ltrans.o
                                0x344 (size before relaxing)
 *fill*         0x0800a302        0xe 00
 .rodata.vcom_configuration_descriptor_data.11400.4734
                0x0800a310       0x44 /tmp/cchwuM7e.ltrans2.ltrans.o
 *fill*         0x0800a354        0xc 00
 .rodata.vcom_string1.11394.4728
                0x0800a360       0x14 /tmp/cchwuM7e.ltrans2.ltrans.o
 *fill*         0x0800a374        0xc 00
 .rodata.vcom_string2.11395.4729
                0x0800a380       0x38 /tmp/cchwuM7e.ltrans2.ltrans.o
 *fill*         0x0800a3b8        0x8 00
 .rodata.vcom_configuration_descriptor.11399.4733
                0x0800a3c0        0x8 /tmp/cchwuM7e.ltrans2.ltrans.o
 *fill*         0x0800a3c8        0x8 00
 .rodata.vcom_string0.11393.4727
                0x0800a3d0        0x4 /tmp/cchwuM7e.ltrans2.ltrans.o
 *fill*         0x0800a3d4        0xc 00
 .rodata.vcom_strings.11392.4726
                0x0800a3e0       0x20 /tmp/cchwuM7e.ltrans2.ltrans.o
 .rodata.vcom_device_descriptor.11397.4731
                0x0800a400        0x8 /tmp/cchwuM7e.ltrans2.ltrans.o
 *fill*         0x0800a408        0x8 00
 .rodata.str1.4
                0x0800a410       0x1b /tmp/cchwuM7e.ltrans2.ltrans.o
                                 0x30 (size before relaxing)
 *fill*         0x0800a42b        0x5 00
 .rodata.vcom_device_descriptor_data.11398.4732
                0x0800a430       0x14 /tmp/cchwuM7e.ltrans2.ltrans.o
 *fill*         0x0800a444        0xc 00
 .rodata.vcom_string3.11396.4730
                0x0800a450        0x8 /tmp/cchwuM7e.ltrans2.ltrans.o
 *fill*         0x0800a458        0x8 00
 .rodata.str1.4
                0x0800a460        0x5 /tmp/cchwuM7e.ltrans3.ltrans.o
                                 0x1c (size before relaxing)
 *fill*         0x0800a465        0xb 00
 .rodata.commands.11098
                0x0800a470       0x48 /tmp/cchwuM7e.ltrans4.ltrans.o
                0x0800a470                commands.11098
 *fill*         0x0800a4b8        0x8 00
 .rodata.usbcfg
                0x0800a4c0       0x10 /tmp/cchwuM7e.ltrans4.ltrans.o
                0x0800a4c0                usbcfg
 .rodata.str1.4
                0x0800a4d0       0x8a /tmp/cchwuM7e.ltrans4.ltrans.o
                                 0xb4 (size before relaxing)
 *fill*         0x0800a55a        0x6 00
 .rodata.ep2config.11389.4738
                0x0800a560       0x24 /tmp/cchwuM7e.ltrans4.ltrans.o
 *fill*         0x0800a584        0xc 00
 .rodata.shell_cfg1.11097
                0x0800a590        0x8 /tmp/cchwuM7e.ltrans4.ltrans.o
                0x0800a590                shell_cfg1.11097
 *fill*         0x0800a598        0x8 00
 .rodata.CSWTCH.26.10418.10418.4555
                0x0800a5a0        0x8 /tmp/cchwuM7e.ltrans5.ltrans.o
 *fill*         0x0800a5a8        0x8 00
 .rodata.str1.4
                0x0800a5b0       0xab /tmp/cchwuM7e.ltrans5.ltrans.o
                                 0xc8 (size before relaxing)
 *fill*         0x0800a65b        0x5 00
 .rodata.ch_debug
                0x0800a660       0x18 /tmp/cchwuM7e.ltrans6.ltrans.o
 *fill*         0x0800a678        0x8 00
 .rodata.vmt.9039.4975
                0x0800a680       0x20 /tmp/cchwuM7e.ltrans6.ltrans.o
 .rodata._stm32_dma_streams
                0x0800a6a0       0x54 /tmp/cchwuM7e.ltrans6.ltrans.o
 *fill*         0x0800a6f4        0xc 00
 .rodata.str1.4
                0x0800a700       0xd3 /tmp/cchwuM7e.ltrans6.ltrans.o
                                 0xd4 (size before relaxing)
 *fill*         0x0800a7d3        0xd 00
 .rodata.pow10.10788.5023
                0x0800a7e0       0x24 /tmp/cchwuM7e.ltrans6.ltrans.o
 *fill*         0x0800a804        0xc 00
 .rodata.CSWTCH.32.10425.10425.4366
                0x0800a810       0x14 /tmp/cchwuM7e.ltrans7.ltrans.o
 *fill*         0x0800a824        0xc 00
 .rodata.halted_status.9576.4364
                0x0800a830        0x4 /tmp/cchwuM7e.ltrans7.ltrans.o
 *fill*         0x0800a834        0xc 00
 .rodata.zero_status.9575.4363
                0x0800a840        0x4 /tmp/cchwuM7e.ltrans7.ltrans.o
 .rodata.str1.4
                0x00000000        0x8 /tmp/cchwuM7e.ltrans7.ltrans.o
 *fill*         0x0800a844        0xc 00
 .rodata.ep0config.10419
                0x0800a850       0x24 /tmp/cchwuM7e.ltrans7.ltrans.o
                0x0800a850                ep0config.10419
 *fill*         0x0800a874        0xc 00
 .rodata.active_status.9577.4365
                0x0800a880        0x4 /tmp/cchwuM7e.ltrans7.ltrans.o
 *fill*         0x0800a884        0xc 00
 .rodata.str1.4
                0x0800a890        0x7 /tmp/cchwuM7e.ltrans8.ltrans.o
                                  0xc (size before relaxing)
 *fill*         0x0800a897        0x9 00
 .rodata.ep1config.11386
                0x0800a8a0       0x24 /tmp/cchwuM7e.ltrans8.ltrans.o
                0x0800a8a0                ep1config.11386
 *fill*         0x0800a8c4        0xc 00
 .rodata.spicfg.11701.4529
                0x0800a8d0        0xc /tmp/cchwuM7e.ltrans8.ltrans.o
 *fill*         0x0800a8dc        0x4 00
 .rodata.str1.4
                0x0800a8e0      0x143 /tmp/cchwuM7e.ltrans9.ltrans.o
                                0x21c (size before relaxing)
 *fill*         0x0800aa23        0xd 00
 .rodata.serusbcfg
                0x0800aa30        0x8 /tmp/cchwuM7e.ltrans9.ltrans.o
                0x0800aa30                serusbcfg
 *fill*         0x0800aa38        0x8 00
 .rodata.patternthd
                0x0800aa40       0x14 /tmp/cchwuM7e.ltrans10.ltrans.o
                0x0800aa40                patternthd
 *fill*         0x0800aa54        0xc 00
 .rodata.testevt3.4530
                0x0800aa60       0x10 /tmp/cchwuM7e.ltrans10.ltrans.o
 .rodata.patternbmk
                0x0800aa70       0x38 /tmp/cchwuM7e.ltrans10.ltrans.o
                0x0800aa70                patternbmk
 *fill*         0x0800aaa8        0x8 00
 .rodata.testbmk10.4572
                0x0800aab0       0x10 /tmp/cchwuM7e.ltrans10.ltrans.o
 .rodata.patterndyn
                0x0800aac0       0x10 /tmp/cchwuM7e.ltrans10.ltrans.o
                0x0800aac0                patterndyn
 .rodata.testbmk12.4574
                0x0800aad0       0x10 /tmp/cchwuM7e.ltrans10.ltrans.o
 .rodata.testsem1
                0x0800aae0       0x10 /tmp/cchwuM7e.ltrans10.ltrans.o
 .rodata.patternevt
                0x0800aaf0       0x10 /tmp/cchwuM7e.ltrans10.ltrans.o
                0x0800aaf0                patternevt
 .rodata.testevt2.4529
                0x0800ab00       0x10 /tmp/cchwuM7e.ltrans10.ltrans.o
 .rodata.testthd4.4499
                0x0800ab10       0x10 /tmp/cchwuM7e.ltrans10.ltrans.o
 .rodata.patternpools
                0x0800ab20        0x8 /tmp/cchwuM7e.ltrans10.ltrans.o
                0x0800ab20                patternpools
 *fill*         0x0800ab28        0x8 00
 .rodata.testmtx6.4508
                0x0800ab30       0x10 /tmp/cchwuM7e.ltrans10.ltrans.o
 .rodata.testbmk1
                0x0800ab40       0x10 /tmp/cchwuM7e.ltrans10.ltrans.o
 .rodata.testbmk9.4571
                0x0800ab50       0x10 /tmp/cchwuM7e.ltrans10.ltrans.o
 .rodata.testbmk6.4568
                0x0800ab60       0x10 /tmp/cchwuM7e.ltrans10.ltrans.o
 .rodata.testmtx8.4510
                0x0800ab70       0x10 /tmp/cchwuM7e.ltrans10.ltrans.o
 .rodata.patternmbox
                0x0800ab80        0x8 /tmp/cchwuM7e.ltrans10.ltrans.o
                0x0800ab80                patternmbox
 *fill*         0x0800ab88        0x8 00
 .rodata.testbmk3.4565
                0x0800ab90       0x10 /tmp/cchwuM7e.ltrans10.ltrans.o
 .rodata.patterns.6764
                0x0800aba0       0x30 /tmp/cchwuM7e.ltrans10.ltrans.o
                0x0800aba0                patterns.6764
 .rodata.testbmk2.4564
                0x0800abd0       0x10 /tmp/cchwuM7e.ltrans10.ltrans.o
 .rodata.testsem2.4472
                0x0800abe0       0x10 /tmp/cchwuM7e.ltrans10.ltrans.o
 .rodata.testbmk5.4567
                0x0800abf0       0x10 /tmp/cchwuM7e.ltrans10.ltrans.o
 .rodata.testdyn1
                0x0800ac00       0x10 /tmp/cchwuM7e.ltrans10.ltrans.o
 .rodata.testmbox1
                0x0800ac10       0x10 /tmp/cchwuM7e.ltrans10.ltrans.o
 .rodata.testbmk8.4570
                0x0800ac20       0x10 /tmp/cchwuM7e.ltrans10.ltrans.o
 .rodata.testmtx7.4509
                0x0800ac30       0x10 /tmp/cchwuM7e.ltrans10.ltrans.o
 .rodata.patternheap
                0x0800ac40        0x8 /tmp/cchwuM7e.ltrans10.ltrans.o
                0x0800ac40                patternheap
 *fill*         0x0800ac48        0x8 00
 .rodata.testpools1
                0x0800ac50       0x10 /tmp/cchwuM7e.ltrans10.ltrans.o
 .rodata.testmtx4.4506
                0x0800ac60       0x10 /tmp/cchwuM7e.ltrans10.ltrans.o
 .rodata.testsem4.4460
                0x0800ac70       0x10 /tmp/cchwuM7e.ltrans10.ltrans.o
 .rodata.testmsg1
                0x0800ac80       0x10 /tmp/cchwuM7e.ltrans10.ltrans.o
 .rodata.testdyn3.4550
                0x0800ac90       0x10 /tmp/cchwuM7e.ltrans10.ltrans.o
 .rodata.testqueues1
                0x0800aca0       0x10 /tmp/cchwuM7e.ltrans10.ltrans.o
 .rodata.testthd2.4497
                0x0800acb0       0x10 /tmp/cchwuM7e.ltrans10.ltrans.o
 .rodata.patternmtx
                0x0800acc0       0x1c /tmp/cchwuM7e.ltrans10.ltrans.o
                0x0800acc0                patternmtx
 *fill*         0x0800acdc        0x4 00
 .rodata.testbmk7.4569
                0x0800ace0       0x10 /tmp/cchwuM7e.ltrans10.ltrans.o
 .rodata.testthd1
                0x0800acf0       0x10 /tmp/cchwuM7e.ltrans10.ltrans.o
 .rodata.testbmk4.4566
                0x0800ad00       0x10 /tmp/cchwuM7e.ltrans10.ltrans.o
 .rodata.patternsem
                0x0800ad10       0x14 /tmp/cchwuM7e.ltrans10.ltrans.o
                0x0800ad10                patternsem
 *fill*         0x0800ad24        0xc 00
 .rodata.patternqueues
                0x0800ad30        0xc /tmp/cchwuM7e.ltrans10.ltrans.o
                0x0800ad30                patternqueues
 *fill*         0x0800ad3c        0x4 00
 .rodata.testbmk13.4575
                0x0800ad40       0x10 /tmp/cchwuM7e.ltrans10.ltrans.o
 .rodata.testsem3.4473
                0x0800ad50       0x10 /tmp/cchwuM7e.ltrans10.ltrans.o
 .rodata.testevt1
                0x0800ad60       0x10 /tmp/cchwuM7e.ltrans10.ltrans.o
 .rodata.testheap1
                0x0800ad70       0x10 /tmp/cchwuM7e.ltrans10.ltrans.o
 .rodata.testdyn2.4549
                0x0800ad80       0x10 /tmp/cchwuM7e.ltrans10.ltrans.o
 .rodata.testqueues2.4557
                0x0800ad90       0x10 /tmp/cchwuM7e.ltrans10.ltrans.o
 .rodata.patternmsg
                0x0800ada0        0x8 /tmp/cchwuM7e.ltrans10.ltrans.o
                0x0800ada0                patternmsg
 *fill*         0x0800ada8        0x8 00
 .rodata.testbmk11.4573
                0x0800adb0       0x10 /tmp/cchwuM7e.ltrans10.ltrans.o
 .rodata.testthd3.4498
                0x0800adc0       0x10 /tmp/cchwuM7e.ltrans10.ltrans.o
 .rodata.str1.4
                0x0800add0      0x50c /tmp/cchwuM7e.ltrans10.ltrans.o
                                0x52c (size before relaxing)
 *fill*         0x0800b2dc        0x4 00
 .rodata.testmtx1
                0x0800b2e0       0x10 /tmp/cchwuM7e.ltrans10.ltrans.o
 .rodata.testmtx5.4507
                0x0800b2f0       0x10 /tmp/cchwuM7e.ltrans10.ltrans.o
 .rodata._ctype_
                0x0800b300      0x104 /home/laurence/ARM-GCC/bin/../lib/gcc/arm-none-eabi/4.7.4/../../../../arm-none-eabi/lib/armv7-m/libg.a(lib_a-ctype_.o)
                0x0800b300                _ctype_
 *(.glue_7t)
 .glue_7t       0x00000000        0x0 linker stubs
 *(.glue_7)
 .glue_7        0x00000000        0x0 linker stubs
 *(.gcc*)

.vfp11_veneer   0x0800b404        0x0
 .vfp11_veneer  0x00000000        0x0 linker stubs

.v4_bx          0x0800b404        0x0
 .v4_bx         0x00000000        0x0 linker stubs

.iplt           0x0800b404        0x0
 .iplt          0x00000000        0x0 build/obj/chcoreasm_v7m.o

.rel.dyn        0x0800b404        0x0
 .rel.iplt      0x00000000        0x0 build/obj/chcoreasm_v7m.o

.ARM.extab
 *(.ARM.extab* .gnu.linkonce.armextab.*)

.ARM.exidx      0x0800b404        0x0
                0x0800b404                PROVIDE (__exidx_start, .)
 *(.ARM.exidx* .gnu.linkonce.armexidx.*)
                0x0800b404                PROVIDE (__exidx_end, .)

.eh_frame_hdr
 *(.eh_frame_hdr)

.eh_frame
 *(.eh_frame)

.textalign      0x0800b404        0x4
                0x0800b408                . = ALIGN (0x8)
 *fill*         0x0800b404        0x4 00
                0x0800b408                . = ALIGN (0x4)
                0x0800b408                _etext = .
                0x0800b408                _textdata = _etext

.stacks         0x20000000      0x800
                0x20000000                . = ALIGN (0x8)
                0x20000000                __main_stack_base__ = .
                0x20000400                . = (. + __main_stack_size__)
 *fill*         0x20000000      0x400 00
                0x20000400                . = ALIGN (0x8)
                0x20000400                __main_stack_end__ = .
                0x20000400                __process_stack_base__ = .
                0x20000400                __main_thread_stack_base__ = .
                0x20000800                . = (. + __process_stack_size__)
 *fill*         0x20000400      0x400 00
                0x20000800                . = ALIGN (0x8)
                0x20000800                __process_stack_end__ = .
                0x20000800                __main_thread_stack_end__ = .

.data           0x20000800      0x500 load address 0x0800b408
                0x20000800                . = ALIGN (0x4)
                0x20000800                PROVIDE (_data, .)
 *(.data)
 *(.data.*)
 .data.sem1.7122
                0x20000800        0xc /tmp/cchwuM7e.ltrans1.ltrans.o
                0x20000800                sem1.7122
 .data.c1.7329  0x2000080c        0x8 /tmp/cchwuM7e.ltrans3.ltrans.o
                0x2000080c                c1.7329
 .data.mp1.7972
                0x20000814        0xc /tmp/cchwuM7e.ltrans3.ltrans.o
                0x20000814                mp1.7972
 .data.Active_level.4691
                0x20000820        0x1 /tmp/cchwuM7e.ltrans4.ltrans.o
 *fill*         0x20000821        0x3 00
 .data.m1.7331  0x20000824       0x10 /tmp/cchwuM7e.ltrans4.ltrans.o
                0x20000824                m1.7331
 .data.Active_shift.4690
                0x20000834        0x2 /tmp/cchwuM7e.ltrans4.ltrans.o
 *fill*         0x20000836        0x2 00
 .data.linecoding.9032.4556
                0x20000838        0x8 /tmp/cchwuM7e.ltrans5.ltrans.o
 .data.buf.8531.11096.5021
                0x20000840      0x404 /tmp/cchwuM7e.ltrans6.ltrans.o
 .data.Active_Frequency
                0x20000c44        0x4 /tmp/cchwuM7e.ltrans8.ltrans.o
                0x20000c44                Active_Frequency
 .data.es1.7762
                0x20000c48        0x4 /tmp/cchwuM7e.ltrans8.ltrans.o
                0x20000c48                es1.7762
 .data.Active_banddiv
                0x20000c4c        0x1 /tmp/cchwuM7e.ltrans8.ltrans.o
                0x20000c4c                Active_banddiv
 .data.Outdiv   0x20000c4d        0x1 /tmp/cchwuM7e.ltrans8.ltrans.o
                0x20000c4d                Outdiv
 *fill*         0x20000c4e        0x2 00
 .data.gpt4cfg.11700.4527
                0x20000c50       0x10 /tmp/cchwuM7e.ltrans8.ltrans.o
 .data.es2.7761
                0x20000c60        0x4 /tmp/cchwuM7e.ltrans8.ltrans.o
                0x20000c60                es2.7761
 .data.m2.7330  0x20000c64       0x10 /tmp/cchwuM7e.ltrans9.ltrans.o
                0x20000c64                m2.7330
 .data.oq.8291  0x20000c74       0x24 /tmp/cchwuM7e.ltrans10.ltrans.o
                0x20000c74                oq.8291
 .data.local_commands.10667.4448
                0x20000c98       0x18 /tmp/cchwuM7e.ltrans10.ltrans.o
 .data.iq.8304  0x20000cb0       0x24 /tmp/cchwuM7e.ltrans10.ltrans.o
                0x20000cb0                iq.8304
 .data.mb1.7615
                0x20000cd4       0x28 /tmp/cchwuM7e.ltrans10.ltrans.o
                0x20000cd4                mb1.7615
 .data.__ctype_ptr__
                0x20000cfc        0x4 /home/laurence/ARM-GCC/bin/../lib/gcc/arm-none-eabi/4.7.4/../../../../arm-none-eabi/lib/armv7-m/libg.a(lib_a-ctype_.o)
                0x20000cfc                __ctype_ptr__
 *(.ramtext)
                0x20000d00                . = ALIGN (0x4)
                0x20000d00                PROVIDE (_edata, .)

.igot.plt       0x20000d00        0x0 load address 0x0800b908
 .igot.plt      0x00000000        0x0 build/obj/chcoreasm_v7m.o

.bss            0x20000d00     0x12dc
                0x20000d00                . = ALIGN (0x4)
                0x20000d00                PROVIDE (_bss_start, .)
 *(.bss)
 *(.bss.*)
 .bss.mtx1.8527
                0x20000d00       0x10 /tmp/cchwuM7e.ltrans1.ltrans.o
                0x20000d00                mtx1.8527
 .bss.test_timer_done
                0x20000d10        0x1 /tmp/cchwuM7e.ltrans1.ltrans.o
                0x20000d10                test_timer_done
 *fill*         0x20000d11        0x3 00
 .bss.ib.6275.8532.4449
                0x20000d14       0x10 /tmp/cchwuM7e.ltrans1.ltrans.o
 .bss.vt1.6286.8530.4500
                0x20000d24       0x14 /tmp/cchwuM7e.ltrans1.ltrans.o
 .bss.iq.6276.8531.4445
                0x20000d38       0x24 /tmp/cchwuM7e.ltrans1.ltrans.o
 .bss.sem1.8528
                0x20000d5c        0xc /tmp/cchwuM7e.ltrans1.ltrans.o
                0x20000d5c                sem1.8528
 .bss.vt2.6287.8529.4501
                0x20000d68       0x14 /tmp/cchwuM7e.ltrans1.ltrans.o
 *fill*         0x20000d7c        0x4 00
 .bss.test_heap.7938
                0x20000d80       0x20 /tmp/cchwuM7e.ltrans2.ltrans.o
                0x20000d80                test_heap.7938
 .bss.vt.6747.4543
                0x20000da0       0x14 /tmp/cchwuM7e.ltrans3.ltrans.o
 .bss.mp1.8119  0x20000db4        0xc /tmp/cchwuM7e.ltrans3.ltrans.o
                0x20000db4                mp1.8119
 .bss.SDU1      0x20000dc0      0x258 /tmp/cchwuM7e.ltrans4.ltrans.o
                0x20000dc0                SDU1
 .bss.ep2instate.11390.4739
                0x20001018       0x10 /tmp/cchwuM7e.ltrans4.ltrans.o
 .bss.dma_streams_mask.9722
                0x20001028        0x4 /tmp/cchwuM7e.ltrans6.ltrans.o
                0x20001028                dma_streams_mask.9722
 .bss.endmem.6446
                0x2000102c        0x4 /tmp/cchwuM7e.ltrans6.ltrans.o
                0x2000102c                endmem.6446
 .bss.waThread1.11099.4972
                0x20001030      0x148 /tmp/cchwuM7e.ltrans6.ltrans.o
 .bss.nextmem.6444
                0x20001178        0x4 /tmp/cchwuM7e.ltrans6.ltrans.o
                0x20001178                nextmem.6444
 .bss.dma_isr_redir.9717
                0x2000117c       0x38 /tmp/cchwuM7e.ltrans6.ltrans.o
                0x2000117c                dma_isr_redir.9717
 .bss.dummytx.10008.4936
                0x200011b4        0x2 /tmp/cchwuM7e.ltrans6.ltrans.o
 *fill*         0x200011b6        0x2 00
 .bss.default_heap.6550
                0x200011b8       0x20 /tmp/cchwuM7e.ltrans6.ltrans.o
                0x200011b8                default_heap.6550
 .bss.waThreadSI.11702.4973
                0x200011d8      0x4c8 /tmp/cchwuM7e.ltrans6.ltrans.o
 .bss.ep0_state.10420
                0x200016a0       0x14 /tmp/cchwuM7e.ltrans7.ltrans.o
                0x200016a0                ep0_state.10420
 .bss.ep0setup_buffer.10424
                0x200016b4        0x8 /tmp/cchwuM7e.ltrans7.ltrans.o
                0x200016b4                ep0setup_buffer.10424
 .bss.Command_string
                0x200016bc        0x8 /tmp/cchwuM7e.ltrans8.ltrans.o
                0x200016bc                Command_string
 .bss.Command   0x200016c4        0x1 /tmp/cchwuM7e.ltrans8.ltrans.o
                0x200016c4                Command
 *fill*         0x200016c5        0x3 00
 .bss.SPID1     0x200016c8       0x30 /tmp/cchwuM7e.ltrans8.ltrans.o
                0x200016c8                SPID1
 .bss.GPTD4     0x200016f8       0x10 /tmp/cchwuM7e.ltrans8.ltrans.o
                0x200016f8                GPTD4
 .bss.Silabs_busy
                0x20001708        0xc /tmp/cchwuM7e.ltrans8.ltrans.o
                0x20001708                Silabs_busy
 .bss.ep1instate.11387
                0x20001714       0x10 /tmp/cchwuM7e.ltrans8.ltrans.o
                0x20001714                ep1instate.11387
 .bss.Silabs_Part_ID
                0x20001724        0x2 /tmp/cchwuM7e.ltrans8.ltrans.o
                0x20001724                Silabs_Part_ID
 *fill*         0x20001726        0x2 00
 .bss.ep1outstate.11388
                0x20001728       0x14 /tmp/cchwuM7e.ltrans8.ltrans.o
                0x20001728                ep1outstate.11388
 .bss.tokp.6757
                0x2000173c        0x4 /tmp/cchwuM7e.ltrans9.ltrans.o
                0x2000173c                tokp.6757
 .bss.USBD1     0x20001740       0x84 /tmp/cchwuM7e.ltrans9.ltrans.o
                0x20001740                USBD1
 .bss.local_fail.6760
                0x200017c4        0x1 /tmp/cchwuM7e.ltrans9.ltrans.o
                0x200017c4                local_fail.6760
 *fill*         0x200017c5        0x3 00
 .bss.heap1.8117
                0x200017c8       0x20 /tmp/cchwuM7e.ltrans9.ltrans.o
                0x200017c8                heap1.8117
 .bss.global_fail.6761
                0x200017e8        0x1 /tmp/cchwuM7e.ltrans9.ltrans.o
                0x200017e8                global_fail.6761
 *fill*         0x200017e9        0x3 00
 .bss.chp.6748  0x200017ec        0x4 /tmp/cchwuM7e.ltrans9.ltrans.o
                0x200017ec                chp.6748
 .bss.failpoint.6762
                0x200017f0        0x4 /tmp/cchwuM7e.ltrans9.ltrans.o
                0x200017f0                failpoint.6762
 .bss.tokens_buffer.6758
                0x200017f4       0x10 /tmp/cchwuM7e.ltrans9.ltrans.o
                0x200017f4                tokens_buffer.6758
 *fill*         0x20001804        0x4 00
 .bss.test      0x20001808      0x668 /tmp/cchwuM7e.ltrans10.ltrans.o
                0x20001808                test
 .bss.shell_terminated
                0x20001e70        0x4 /tmp/cchwuM7e.ltrans10.ltrans.o
                0x20001e70                shell_terminated
 *fill*         0x20001e74        0x4 00
 .bss.ch        0x20001e78      0x150 /tmp/cchwuM7e.ltrans10.ltrans.o
                0x20001e78                ch
 .bss.threads   0x20001fc8       0x14 /tmp/cchwuM7e.ltrans10.ltrans.o
                0x20001fc8                threads
 *(COMMON)
                0x20001fdc                . = ALIGN (0x4)
                0x20001fdc                PROVIDE (_bss_end, .)
                0x20001fdc                PROVIDE (end, .)
                0x20001fdc                _end = .
                0x20001fdc                __heap_base__ = _end
                0x20005000                __heap_end__ = __ram_end__
                0x00000400                __process_stack_size__ = 0x400
                0x00000400                __main_stack_size__ = 0x400
START GROUP
LOAD /home/laurence/ARM-GCC/bin/../lib/gcc/arm-none-eabi/4.7.4/armv7-m/libgcc.a
LOAD /home/laurence/ARM-GCC/bin/../lib/gcc/arm-none-eabi/4.7.4/../../../../arm-none-eabi/lib/armv7-m/libg.a
LOAD /home/laurence/ARM-GCC/bin/../lib/gcc/arm-none-eabi/4.7.4/../../../../arm-none-eabi/lib/armv7-m/libc.a
END GROUP
OUTPUT(build/ch.elf elf32-littlearm)

.ARM.attributes
                0x00000000       0x2f
 .ARM.attributes
                0x00000000       0x21 build/obj/chcoreasm_v7m.o
 .ARM.attributes
                0x00000021       0x31 /tmp/cchwuM7e.ltrans0.ltrans.o
 .ARM.attributes
                0x00000052       0x31 /tmp/cchwuM7e.ltrans1.ltrans.o
 .ARM.attributes
                0x00000083       0x31 /tmp/cchwuM7e.ltrans2.ltrans.o
 .ARM.attributes
                0x000000b4       0x31 /tmp/cchwuM7e.ltrans3.ltrans.o
 .ARM.attributes
                0x000000e5       0x31 /tmp/cchwuM7e.ltrans4.ltrans.o
 .ARM.attributes
                0x00000116       0x31 /tmp/cchwuM7e.ltrans5.ltrans.o
 .ARM.attributes
                0x00000147       0x31 /tmp/cchwuM7e.ltrans6.ltrans.o
 .ARM.attributes
                0x00000178       0x31 /tmp/cchwuM7e.ltrans7.ltrans.o
 .ARM.attributes
                0x000001a9       0x31 /tmp/cchwuM7e.ltrans8.ltrans.o
 .ARM.attributes
                0x000001da       0x31 /tmp/cchwuM7e.ltrans9.ltrans.o
 .ARM.attributes
                0x0000020b       0x31 /tmp/cchwuM7e.ltrans10.ltrans.o
 .ARM.attributes
                0x0000023c       0x1d /home/laurence/ARM-GCC/bin/../lib/gcc/arm-none-eabi/4.7.4/armv7-m/libgcc.a(_arm_addsubdf3.o)
 .ARM.attributes
                0x00000259       0x1d /home/laurence/ARM-GCC/bin/../lib/gcc/arm-none-eabi/4.7.4/armv7-m/libgcc.a(_arm_muldivdf3.o)
 .ARM.attributes
                0x00000276       0x1d /home/laurence/ARM-GCC/bin/../lib/gcc/arm-none-eabi/4.7.4/armv7-m/libgcc.a(_arm_fixdfsi.o)
 .ARM.attributes
                0x00000293       0x1d /home/laurence/ARM-GCC/bin/../lib/gcc/arm-none-eabi/4.7.4/armv7-m/libgcc.a(_arm_fixunsdfsi.o)
 .ARM.attributes
                0x000002b0       0x1d /home/laurence/ARM-GCC/bin/../lib/gcc/arm-none-eabi/4.7.4/armv7-m/libgcc.a(_arm_truncdfsf2.o)
 .ARM.attributes
                0x000002cd       0x1d /home/laurence/ARM-GCC/bin/../lib/gcc/arm-none-eabi/4.7.4/armv7-m/libgcc.a(_arm_addsubsf3.o)
 .ARM.attributes
                0x000002ea       0x1d /home/laurence/ARM-GCC/bin/../lib/gcc/arm-none-eabi/4.7.4/armv7-m/libgcc.a(_arm_muldivsf3.o)
 .ARM.attributes
                0x00000307       0x1d /home/laurence/ARM-GCC/bin/../lib/gcc/arm-none-eabi/4.7.4/armv7-m/libgcc.a(_arm_cmpsf2.o)
 .ARM.attributes
                0x00000324       0x1d /home/laurence/ARM-GCC/bin/../lib/gcc/arm-none-eabi/4.7.4/armv7-m/libgcc.a(_arm_fixsfsi.o)
 .ARM.attributes
                0x00000341       0x1d /home/laurence/ARM-GCC/bin/../lib/gcc/arm-none-eabi/4.7.4/armv7-m/libgcc.a(_arm_fixunssfsi.o)
 .ARM.attributes
                0x0000035e       0x2d /home/laurence/ARM-GCC/bin/../lib/gcc/arm-none-eabi/4.7.4/../../../../arm-none-eabi/lib/armv7-m/libg.a(lib_a-memset.o)
 .ARM.attributes
                0x0000038b       0x2d /home/laurence/ARM-GCC/bin/../lib/gcc/arm-none-eabi/4.7.4/../../../../arm-none-eabi/lib/armv7-m/libg.a(lib_a-strcasecmp.o)
 .ARM.attributes
                0x000003b8       0x2d /home/laurence/ARM-GCC/bin/../lib/gcc/arm-none-eabi/4.7.4/../../../../arm-none-eabi/lib/armv7-m/libg.a(lib_a-strcpy.o)
 .ARM.attributes
                0x000003e5       0x2d /home/laurence/ARM-GCC/bin/../lib/gcc/arm-none-eabi/4.7.4/../../../../arm-none-eabi/lib/armv7-m/libg.a(lib_a-strlen.o)
 .ARM.attributes
                0x00000412       0x2d /home/laurence/ARM-GCC/bin/../lib/gcc/arm-none-eabi/4.7.4/../../../../arm-none-eabi/lib/armv7-m/libg.a(lib_a-strpbrk.o)
 .ARM.attributes
                0x0000043f       0x2d /home/laurence/ARM-GCC/bin/../lib/gcc/arm-none-eabi/4.7.4/../../../../arm-none-eabi/lib/armv7-m/libg.a(lib_a-strspn.o)
 .ARM.attributes
                0x0000046c       0x2d /home/laurence/ARM-GCC/bin/../lib/gcc/arm-none-eabi/4.7.4/../../../../arm-none-eabi/lib/armv7-m/libg.a(lib_a-ctype_.o)

.comment        0x00000000       0x70
 .comment       0x00000000       0x70 /tmp/cchwuM7e.ltrans0.ltrans.o
                                 0x71 (size before relaxing)
 .comment       0x00000000       0x71 /tmp/cchwuM7e.ltrans1.ltrans.o
 .comment       0x00000000       0x71 /tmp/cchwuM7e.ltrans2.ltrans.o
 .comment       0x00000000       0x71 /tmp/cchwuM7e.ltrans3.ltrans.o
 .comment       0x00000000       0x71 /tmp/cchwuM7e.ltrans4.ltrans.o
 .comment       0x00000000       0x71 /tmp/cchwuM7e.ltrans5.ltrans.o
 .comment       0x00000000       0x71 /tmp/cchwuM7e.ltrans6.ltrans.o
 .comment       0x00000000       0x71 /tmp/cchwuM7e.ltrans7.ltrans.o
 .comment       0x00000000       0x71 /tmp/cchwuM7e.ltrans8.ltrans.o
 .comment       0x00000000       0x71 /tmp/cchwuM7e.ltrans9.ltrans.o
 .comment       0x00000000       0x71 /tmp/cchwuM7e.ltrans10.ltrans.o

.debug_info     0x00000000    0x23dc1
 .debug_info    0x00000000     0x3156 /tmp/cchwuM7e.ltrans0.ltrans.o
 .debug_info    0x00003156     0x38c9 /tmp/cchwuM7e.ltrans1.ltrans.o
 .debug_info    0x00006a1f     0x4198 /tmp/cchwuM7e.ltrans2.ltrans.o
 .debug_info    0x0000abb7     0x3746 /tmp/cchwuM7e.ltrans3.ltrans.o
 .debug_info    0x0000e2fd     0x407e /tmp/cchwuM7e.ltrans4.ltrans.o
 .debug_info    0x0001237b     0x35de /tmp/cchwuM7e.ltrans5.ltrans.o
 .debug_info    0x00015959     0x3f13 /tmp/cchwuM7e.ltrans6.ltrans.o
 .debug_info    0x0001986c     0x2ba6 /tmp/cchwuM7e.ltrans7.ltrans.o
 .debug_info    0x0001c412     0x328d /tmp/cchwuM7e.ltrans8.ltrans.o
 .debug_info    0x0001f69f     0x233c /tmp/cchwuM7e.ltrans9.ltrans.o
 .debug_info    0x000219db     0x23e6 /tmp/cchwuM7e.ltrans10.ltrans.o

.debug_abbrev   0x00000000     0x43c5
 .debug_abbrev  0x00000000      0x6ca /tmp/cchwuM7e.ltrans0.ltrans.o
 .debug_abbrev  0x000006ca      0x5a3 /tmp/cchwuM7e.ltrans1.ltrans.o
 .debug_abbrev  0x00000c6d      0x6ab /tmp/cchwuM7e.ltrans2.ltrans.o
 .debug_abbrev  0x00001318      0x719 /tmp/cchwuM7e.ltrans3.ltrans.o
 .debug_abbrev  0x00001a31      0x6a6 /tmp/cchwuM7e.ltrans4.ltrans.o
 .debug_abbrev  0x000020d7      0x6f8 /tmp/cchwuM7e.ltrans5.ltrans.o
 .debug_abbrev  0x000027cf      0x757 /tmp/cchwuM7e.ltrans6.ltrans.o
 .debug_abbrev  0x00002f26      0x4a0 /tmp/cchwuM7e.ltrans7.ltrans.o
 .debug_abbrev  0x000033c6      0x562 /tmp/cchwuM7e.ltrans8.ltrans.o
 .debug_abbrev  0x00003928      0x59e /tmp/cchwuM7e.ltrans9.ltrans.o
 .debug_abbrev  0x00003ec6      0x4ff /tmp/cchwuM7e.ltrans10.ltrans.o

.debug_loc      0x00000000     0xac3b
 .debug_loc     0x00000000     0x1c5c /tmp/cchwuM7e.ltrans0.ltrans.o
 .debug_loc     0x00001c5c      0xc4f /tmp/cchwuM7e.ltrans1.ltrans.o
 .debug_loc     0x000028ab      0xd95 /tmp/cchwuM7e.ltrans2.ltrans.o
 .debug_loc     0x00003640     0x19c7 /tmp/cchwuM7e.ltrans3.ltrans.o
 .debug_loc     0x00005007     0x10fd /tmp/cchwuM7e.ltrans4.ltrans.o
 .debug_loc     0x00006104      0xe97 /tmp/cchwuM7e.ltrans5.ltrans.o
 .debug_loc     0x00006f9b     0x1186 /tmp/cchwuM7e.ltrans6.ltrans.o
 .debug_loc     0x00008121     0x10f8 /tmp/cchwuM7e.ltrans7.ltrans.o
 .debug_loc     0x00009219      0xa78 /tmp/cchwuM7e.ltrans8.ltrans.o
 .debug_loc     0x00009c91      0x48f /tmp/cchwuM7e.ltrans9.ltrans.o
 .debug_loc     0x0000a120      0xb1b /tmp/cchwuM7e.ltrans10.ltrans.o

.debug_aranges  0x00000000      0x8a8
 .debug_aranges
                0x00000000      0x1b8 /tmp/cchwuM7e.ltrans0.ltrans.o
 .debug_aranges
                0x000001b8       0xc0 /tmp/cchwuM7e.ltrans1.ltrans.o
 .debug_aranges
                0x00000278      0x180 /tmp/cchwuM7e.ltrans2.ltrans.o
 .debug_aranges
                0x000003f8      0x110 /tmp/cchwuM7e.ltrans3.ltrans.o
 .debug_aranges
                0x00000508       0x80 /tmp/cchwuM7e.ltrans4.ltrans.o
 .debug_aranges
                0x00000588      0x178 /tmp/cchwuM7e.ltrans5.ltrans.o
 .debug_aranges
                0x00000700       0x98 /tmp/cchwuM7e.ltrans6.ltrans.o
 .debug_aranges
                0x00000798       0x30 /tmp/cchwuM7e.ltrans7.ltrans.o
 .debug_aranges
                0x000007c8       0x38 /tmp/cchwuM7e.ltrans8.ltrans.o
 .debug_aranges
                0x00000800       0x68 /tmp/cchwuM7e.ltrans9.ltrans.o
 .debug_aranges
                0x00000868       0x40 /tmp/cchwuM7e.ltrans10.ltrans.o

.debug_ranges   0x00000000     0x4188
 .debug_ranges  0x00000000      0x898 /tmp/cchwuM7e.ltrans0.ltrans.o
 .debug_ranges  0x00000898      0x5c8 /tmp/cchwuM7e.ltrans1.ltrans.o
 .debug_ranges  0x00000e60      0xa38 /tmp/cchwuM7e.ltrans2.ltrans.o
 .debug_ranges  0x00001898      0x7d8 /tmp/cchwuM7e.ltrans3.ltrans.o
 .debug_ranges  0x00002070      0x5d0 /tmp/cchwuM7e.ltrans4.ltrans.o
 .debug_ranges  0x00002640      0x358 /tmp/cchwuM7e.ltrans5.ltrans.o
 .debug_ranges  0x00002998      0xbd0 /tmp/cchwuM7e.ltrans6.ltrans.o
 .debug_ranges  0x00003568      0x460 /tmp/cchwuM7e.ltrans7.ltrans.o
 .debug_ranges  0x000039c8      0x3f8 /tmp/cchwuM7e.ltrans8.ltrans.o
 .debug_ranges  0x00003dc0      0x100 /tmp/cchwuM7e.ltrans9.ltrans.o
 .debug_ranges  0x00003ec0      0x2c8 /tmp/cchwuM7e.ltrans10.ltrans.o

.debug_line     0x00000000     0x8166
 .debug_line    0x00000000     0x104c /tmp/cchwuM7e.ltrans0.ltrans.o
 .debug_line    0x0000104c      0xc04 /tmp/cchwuM7e.ltrans1.ltrans.o
 .debug_line    0x00001c50     0x10ad /tmp/cchwuM7e.ltrans2.ltrans.o
 .debug_line    0x00002cfd      0xd5d /tmp/cchwuM7e.ltrans3.ltrans.o
 .debug_line    0x00003a5a      0xc99 /tmp/cchwuM7e.ltrans4.ltrans.o
 .debug_line    0x000046f3      0xc4c /tmp/cchwuM7e.ltrans5.ltrans.o
 .debug_line    0x0000533f      0xe8b /tmp/cchwuM7e.ltrans6.ltrans.o
 .debug_line    0x000061ca      0x864 /tmp/cchwuM7e.ltrans7.ltrans.o
 .debug_line    0x00006a2e      0x985 /tmp/cchwuM7e.ltrans8.ltrans.o
 .debug_line    0x000073b3      0x767 /tmp/cchwuM7e.ltrans9.ltrans.o
 .debug_line    0x00007b1a      0x64c /tmp/cchwuM7e.ltrans10.ltrans.o

.debug_str      0x00000000     0x3eb6
 .debug_str     0x00000000      0xba2 /tmp/cchwuM7e.ltrans0.ltrans.o
                                0xc72 (size before relaxing)
 .debug_str     0x00000ba2      0x5e7 /tmp/cchwuM7e.ltrans1.ltrans.o
                                0xc8f (size before relaxing)
 .debug_str     0x00001189      0xde1 /tmp/cchwuM7e.ltrans2.ltrans.o
                               0x1538 (size before relaxing)
 .debug_str     0x00001f6a      0x433 /tmp/cchwuM7e.ltrans3.ltrans.o
                                0xf70 (size before relaxing)
 .debug_str     0x0000239d      0x59c /tmp/cchwuM7e.ltrans4.ltrans.o
                               0x133e (size before relaxing)
 .debug_str     0x00002939      0x3b3 /tmp/cchwuM7e.ltrans5.ltrans.o
                               0x128d (size before relaxing)
 .debug_str     0x00002cec      0x956 /tmp/cchwuM7e.ltrans6.ltrans.o
                               0x1af0 (size before relaxing)
 .debug_str     0x00003642      0x20d /tmp/cchwuM7e.ltrans7.ltrans.o
                                0xc1f (size before relaxing)
 .debug_str     0x0000384f      0x23e /tmp/cchwuM7e.ltrans8.ltrans.o
                               0x118b (size before relaxing)
 .debug_str     0x00003a8d      0x26e /tmp/cchwuM7e.ltrans9.ltrans.o
                                0xdfc (size before relaxing)
 .debug_str     0x00003cfb      0x1bb /tmp/cchwuM7e.ltrans10.ltrans.o
                                0xaf6 (size before relaxing)

.debug_frame    0x00000000     0x19d4
 .debug_frame   0x00000000      0x4f8 /tmp/cchwuM7e.ltrans0.ltrans.o
 .debug_frame   0x000004f8      0x294 /tmp/cchwuM7e.ltrans1.ltrans.o
 .debug_frame   0x0000078c      0x3f4 /tmp/cchwuM7e.ltrans2.ltrans.o
 .debug_frame   0x00000b80      0x314 /tmp/cchwuM7e.ltrans3.ltrans.o
 .debug_frame   0x00000e94      0x19c /tmp/cchwuM7e.ltrans4.ltrans.o
 .debug_frame   0x00001030      0x430 /tmp/cchwuM7e.ltrans5.ltrans.o
 .debug_frame   0x00001460      0x1c0 /tmp/cchwuM7e.ltrans6.ltrans.o
 .debug_frame   0x00001620       0x74 /tmp/cchwuM7e.ltrans7.ltrans.o
 .debug_frame   0x00001694       0x98 /tmp/cchwuM7e.ltrans8.ltrans.o
 .debug_frame   0x0000172c      0x124 /tmp/cchwuM7e.ltrans9.ltrans.o
 .debug_frame   0x00001850       0x94 /tmp/cchwuM7e.ltrans10.ltrans.o
 .debug_frame   0x000018e4       0x2c /home/laurence/ARM-GCC/bin/../lib/gcc/arm-none-eabi/4.7.4/../../../../arm-none-eabi/lib/armv7-m/libg.a(lib_a-memset.o)
 .debug_frame   0x00001910       0x2c /home/laurence/ARM-GCC/bin/../lib/gcc/arm-none-eabi/4.7.4/../../../../arm-none-eabi/lib/armv7-m/libg.a(lib_a-strcasecmp.o)
 .debug_frame   0x0000193c       0x20 /home/laurence/ARM-GCC/bin/../lib/gcc/arm-none-eabi/4.7.4/../../../../arm-none-eabi/lib/armv7-m/libg.a(lib_a-strcpy.o)
 .debug_frame   0x0000195c       0x20 /home/laurence/ARM-GCC/bin/../lib/gcc/arm-none-eabi/4.7.4/../../../../arm-none-eabi/lib/armv7-m/libg.a(lib_a-strlen.o)
 .debug_frame   0x0000197c       0x2c /home/laurence/ARM-GCC/bin/../lib/gcc/arm-none-eabi/4.7.4/../../../../arm-none-eabi/lib/armv7-m/libg.a(lib_a-strpbrk.o)
 .debug_frame   0x000019a8       0x2c /home/laurence/ARM-GCC/bin/../lib/gcc/arm-none-eabi/4.7.4/../../../../arm-none-eabi/lib/armv7-m/libg.a(lib_a-strspn.o)

Cross Reference Table

Symbol                                            File
Active_Frequency                                  /tmp/cchwuM7e.ltrans8.ltrans.o
                                                  /tmp/cchwuM7e.ltrans4.ltrans.o
                                                  /tmp/cchwuM7e.ltrans1.ltrans.o
Active_banddiv                                    /tmp/cchwuM7e.ltrans8.ltrans.o
                                                  /tmp/cchwuM7e.ltrans4.ltrans.o
BusFault_Handler                                  /tmp/cchwuM7e.ltrans0.ltrans.o
                                                  /tmp/cchwuM7e.ltrans6.ltrans.o
Command                                           /tmp/cchwuM7e.ltrans8.ltrans.o
                                                  /tmp/cchwuM7e.ltrans4.ltrans.o
                                                  /tmp/cchwuM7e.ltrans1.ltrans.o
Command_string                                    /tmp/cchwuM7e.ltrans8.ltrans.o
                                                  /tmp/cchwuM7e.ltrans4.ltrans.o
DebugMon_Handler                                  /tmp/cchwuM7e.ltrans0.ltrans.o
                                                  /tmp/cchwuM7e.ltrans6.ltrans.o
GPTD4                                             /tmp/cchwuM7e.ltrans8.ltrans.o
                                                  /tmp/cchwuM7e.ltrans6.ltrans.o
                                                  /tmp/cchwuM7e.ltrans2.ltrans.o
HardFault_Handler                                 /tmp/cchwuM7e.ltrans0.ltrans.o
                                                  /tmp/cchwuM7e.ltrans6.ltrans.o
MemManage_Handler                                 /tmp/cchwuM7e.ltrans0.ltrans.o
                                                  /tmp/cchwuM7e.ltrans6.ltrans.o
NMI_Handler                                       /tmp/cchwuM7e.ltrans0.ltrans.o
                                                  /tmp/cchwuM7e.ltrans6.ltrans.o
Outdiv                                            /tmp/cchwuM7e.ltrans8.ltrans.o
                                                  /tmp/cchwuM7e.ltrans4.ltrans.o
PendSV_Handler                                    /tmp/cchwuM7e.ltrans0.ltrans.o
                                                  /tmp/cchwuM7e.ltrans6.ltrans.o
RF_switch                                         /tmp/cchwuM7e.ltrans6.ltrans.o
                                                  /tmp/cchwuM7e.ltrans8.ltrans.o
                                                  /tmp/cchwuM7e.ltrans4.ltrans.o
Reset_Handler                                     /tmp/cchwuM7e.ltrans6.ltrans.o
SDU1                                              /tmp/cchwuM7e.ltrans4.ltrans.o
                                                  /tmp/cchwuM7e.ltrans6.ltrans.o
SI_Thread.11588                                   /tmp/cchwuM7e.ltrans8.ltrans.o
                                                  /tmp/cchwuM7e.ltrans6.ltrans.o
SPID1                                             /tmp/cchwuM7e.ltrans8.ltrans.o
                                                  /tmp/cchwuM7e.ltrans6.ltrans.o
                                                  /tmp/cchwuM7e.ltrans4.ltrans.o
SVC_Handler                                       /tmp/cchwuM7e.ltrans0.ltrans.o
                                                  /tmp/cchwuM7e.ltrans6.ltrans.o
Silabs_Part_ID                                    /tmp/cchwuM7e.ltrans8.ltrans.o
                                                  /tmp/cchwuM7e.ltrans6.ltrans.o
Silabs_busy                                       /tmp/cchwuM7e.ltrans8.ltrans.o
                                                  /tmp/cchwuM7e.ltrans6.ltrans.o
                                                  /tmp/cchwuM7e.ltrans4.ltrans.o
                                                  /tmp/cchwuM7e.ltrans1.ltrans.o
SysTick_Handler                                   /tmp/cchwuM7e.ltrans0.ltrans.o
                                                  /tmp/cchwuM7e.ltrans6.ltrans.o
TestThread                                        /tmp/cchwuM7e.ltrans9.ltrans.o
                                                  /tmp/cchwuM7e.ltrans6.ltrans.o
Thread1.11028                                     /tmp/cchwuM7e.ltrans9.ltrans.o
                                                  /tmp/cchwuM7e.ltrans6.ltrans.o
USBD1                                             /tmp/cchwuM7e.ltrans9.ltrans.o
                                                  /tmp/cchwuM7e.ltrans6.ltrans.o
                                                  /tmp/cchwuM7e.ltrans3.ltrans.o
UsageFault_Handler                                /tmp/cchwuM7e.ltrans0.ltrans.o
                                                  /tmp/cchwuM7e.ltrans6.ltrans.o
Vector100                                         /tmp/cchwuM7e.ltrans0.ltrans.o
                                                  /tmp/cchwuM7e.ltrans6.ltrans.o
Vector104                                         /tmp/cchwuM7e.ltrans0.ltrans.o
                                                  /tmp/cchwuM7e.ltrans6.ltrans.o
Vector108                                         /tmp/cchwuM7e.ltrans0.ltrans.o
                                                  /tmp/cchwuM7e.ltrans6.ltrans.o
Vector10C                                         /tmp/cchwuM7e.ltrans0.ltrans.o
                                                  /tmp/cchwuM7e.ltrans6.ltrans.o
Vector110                                         /tmp/cchwuM7e.ltrans0.ltrans.o
                                                  /tmp/cchwuM7e.ltrans6.ltrans.o
Vector114                                         /tmp/cchwuM7e.ltrans0.ltrans.o
                                                  /tmp/cchwuM7e.ltrans6.ltrans.o
Vector118                                         /tmp/cchwuM7e.ltrans0.ltrans.o
                                                  /tmp/cchwuM7e.ltrans6.ltrans.o
Vector11C                                         /tmp/cchwuM7e.ltrans0.ltrans.o
                                                  /tmp/cchwuM7e.ltrans6.ltrans.o
Vector120                                         /tmp/cchwuM7e.ltrans0.ltrans.o
                                                  /tmp/cchwuM7e.ltrans6.ltrans.o
Vector124                                         /tmp/cchwuM7e.ltrans0.ltrans.o
                                                  /tmp/cchwuM7e.ltrans6.ltrans.o
Vector128                                         /tmp/cchwuM7e.ltrans0.ltrans.o
                                                  /tmp/cchwuM7e.ltrans6.ltrans.o
Vector12C                                         /tmp/cchwuM7e.ltrans0.ltrans.o
                                                  /tmp/cchwuM7e.ltrans6.ltrans.o
Vector130                                         /tmp/cchwuM7e.ltrans0.ltrans.o
                                                  /tmp/cchwuM7e.ltrans6.ltrans.o
Vector134                                         /tmp/cchwuM7e.ltrans0.ltrans.o
                                                  /tmp/cchwuM7e.ltrans6.ltrans.o
Vector138                                         /tmp/cchwuM7e.ltrans0.ltrans.o
                                                  /tmp/cchwuM7e.ltrans6.ltrans.o
Vector13C                                         /tmp/cchwuM7e.ltrans0.ltrans.o
                                                  /tmp/cchwuM7e.ltrans6.ltrans.o
Vector1C                                          /tmp/cchwuM7e.ltrans0.ltrans.o
                                                  /tmp/cchwuM7e.ltrans6.ltrans.o
Vector20                                          /tmp/cchwuM7e.ltrans0.ltrans.o
                                                  /tmp/cchwuM7e.ltrans6.ltrans.o
Vector24                                          /tmp/cchwuM7e.ltrans0.ltrans.o
                                                  /tmp/cchwuM7e.ltrans6.ltrans.o
Vector28                                          /tmp/cchwuM7e.ltrans0.ltrans.o
                                                  /tmp/cchwuM7e.ltrans6.ltrans.o
Vector34                                          /tmp/cchwuM7e.ltrans0.ltrans.o
                                                  /tmp/cchwuM7e.ltrans6.ltrans.o
Vector40                                          /tmp/cchwuM7e.ltrans0.ltrans.o
                                                  /tmp/cchwuM7e.ltrans6.ltrans.o