Archive member included because of file (symbol)

/home/laurence/ARM-GCC/gcc-arm-none-eabi-4_9-2014q4/bin/../lib/gcc/arm-none-eabi/4.9.3/armv7-m/libgcc.a(_arm_addsubdf3.o)
                              /tmp/ccMnCEq6.ltrans2.ltrans.o (__aeabi_dsub)
/home/laurence/ARM-GCC/gcc-arm-none-eabi-4_9-2014q4/bin/../lib/gcc/arm-none-eabi/4.9.3/armv7-m/libgcc.a(_arm_muldivdf3.o)
                              /tmp/ccMnCEq6.ltrans2.ltrans.o (__aeabi_dmul)
/home/laurence/ARM-GCC/gcc-arm-none-eabi-4_9-2014q4/bin/../lib/gcc/arm-none-eabi/4.9.3/armv7-m/libgcc.a(_arm_fixdfsi.o)
                              /tmp/ccMnCEq6.ltrans2.ltrans.o (__aeabi_d2iz)
/home/laurence/ARM-GCC/gcc-arm-none-eabi-4_9-2014q4/bin/../lib/gcc/arm-none-eabi/4.9.3/armv7-m/libgcc.a(_arm_fixunsdfsi.o)
                              /tmp/ccMnCEq6.ltrans8.ltrans.o (__aeabi_d2uiz)
/home/laurence/ARM-GCC/gcc-arm-none-eabi-4_9-2014q4/bin/../lib/gcc/arm-none-eabi/4.9.3/armv7-m/libgcc.a(_arm_truncdfsf2.o)
                              /tmp/ccMnCEq6.ltrans2.ltrans.o (__aeabi_d2f)
/home/laurence/ARM-GCC/gcc-arm-none-eabi-4_9-2014q4/bin/../lib/gcc/arm-none-eabi/4.9.3/armv7-m/libgcc.a(_arm_addsubsf3.o)
                              /tmp/ccMnCEq6.ltrans8.ltrans.o (__aeabi_fsub)
/home/laurence/ARM-GCC/gcc-arm-none-eabi-4_9-2014q4/bin/../lib/gcc/arm-none-eabi/4.9.3/armv7-m/libgcc.a(_arm_muldivsf3.o)
                              /tmp/ccMnCEq6.ltrans8.ltrans.o (__aeabi_fmul)
/home/laurence/ARM-GCC/gcc-arm-none-eabi-4_9-2014q4/bin/../lib/gcc/arm-none-eabi/4.9.3/armv7-m/libgcc.a(_arm_cmpsf2.o)
                              /tmp/ccMnCEq6.ltrans2.ltrans.o (__aeabi_fcmplt)
/home/laurence/ARM-GCC/gcc-arm-none-eabi-4_9-2014q4/bin/../lib/gcc/arm-none-eabi/4.9.3/armv7-m/libgcc.a(_arm_fixsfsi.o)
                              /tmp/ccMnCEq6.ltrans2.ltrans.o (__aeabi_f2iz)
/home/laurence/ARM-GCC/gcc-arm-none-eabi-4_9-2014q4/bin/../lib/gcc/arm-none-eabi/4.9.3/armv7-m/libgcc.a(_arm_fixunssfsi.o)
                              /tmp/ccMnCEq6.ltrans8.ltrans.o (__aeabi_f2uiz)
/home/laurence/ARM-GCC/gcc-arm-none-eabi-4_9-2014q4/bin/../lib/gcc/arm-none-eabi/4.9.3/../../../../arm-none-eabi/lib/armv7-m/libg.a(lib_a-memset.o)
                              /tmp/ccMnCEq6.ltrans3.ltrans.o (memset)
/home/laurence/ARM-GCC/gcc-arm-none-eabi-4_9-2014q4/bin/../lib/gcc/arm-none-eabi/4.9.3/../../../../arm-none-eabi/lib/armv7-m/libg.a(lib_a-strcasecmp.o)
                              /tmp/ccMnCEq6.ltrans2.ltrans.o (strcasecmp)
/home/laurence/ARM-GCC/gcc-arm-none-eabi-4_9-2014q4/bin/../lib/gcc/arm-none-eabi/4.9.3/../../../../arm-none-eabi/lib/armv7-m/libg.a(lib_a-strcpy.o)
                              /tmp/ccMnCEq6.ltrans8.ltrans.o (strcpy)
/home/laurence/ARM-GCC/gcc-arm-none-eabi-4_9-2014q4/bin/../lib/gcc/arm-none-eabi/4.9.3/../../../../arm-none-eabi/lib/armv7-m/libg.a(lib_a-strlen.o)
                              /tmp/ccMnCEq6.ltrans5.ltrans.o (strlen)
/home/laurence/ARM-GCC/gcc-arm-none-eabi-4_9-2014q4/bin/../lib/gcc/arm-none-eabi/4.9.3/../../../../arm-none-eabi/lib/armv7-m/libg.a(lib_a-strncpy.o)
                              /tmp/ccMnCEq6.ltrans5.ltrans.o (strncpy)
/home/laurence/ARM-GCC/gcc-arm-none-eabi-4_9-2014q4/bin/../lib/gcc/arm-none-eabi/4.9.3/../../../../arm-none-eabi/lib/armv7-m/libg.a(lib_a-strpbrk.o)
                              /tmp/ccMnCEq6.ltrans10.ltrans.o (strpbrk)
/home/laurence/ARM-GCC/gcc-arm-none-eabi-4_9-2014q4/bin/../lib/gcc/arm-none-eabi/4.9.3/../../../../arm-none-eabi/lib/armv7-m/libg.a(lib_a-strspn.o)
                              /tmp/ccMnCEq6.ltrans10.ltrans.o (strspn)
/home/laurence/ARM-GCC/gcc-arm-none-eabi-4_9-2014q4/bin/../lib/gcc/arm-none-eabi/4.9.3/../../../../arm-none-eabi/lib/armv7-m/libg.a(lib_a-ctype_.o)
                              /home/laurence/ARM-GCC/gcc-arm-none-eabi-4_9-2014q4/bin/../lib/gcc/arm-none-eabi/4.9.3/../../../../arm-none-eabi/lib/armv7-m/libg.a(lib_a-strcasecmp.o) (__ctype_ptr__)

Discarded input sections

 .data          0x00000000        0x0 build/obj/chcoreasm_v7m.o
 .bss           0x00000000        0x0 build/obj/chcoreasm_v7m.o
 .text          0x00000000        0x0 build/obj/crt0.o (symbol from plugin)
 .text          0x00000000        0x0 /tmp/ccMnCEq6.ltrans0.ltrans.o
 .data          0x00000000        0x0 /tmp/ccMnCEq6.ltrans0.ltrans.o
 .bss           0x00000000        0x0 /tmp/ccMnCEq6.ltrans0.ltrans.o
 .text          0x00000000        0x0 /tmp/ccMnCEq6.ltrans1.ltrans.o
 .data          0x00000000        0x0 /tmp/ccMnCEq6.ltrans1.ltrans.o
 .bss           0x00000000        0x0 /tmp/ccMnCEq6.ltrans1.ltrans.o
 .text          0x00000000        0x0 /tmp/ccMnCEq6.ltrans2.ltrans.o
 .data          0x00000000        0x0 /tmp/ccMnCEq6.ltrans2.ltrans.o
 .bss           0x00000000        0x0 /tmp/ccMnCEq6.ltrans2.ltrans.o
 .text          0x00000000        0x0 /tmp/ccMnCEq6.ltrans3.ltrans.o
 .data          0x00000000        0x0 /tmp/ccMnCEq6.ltrans3.ltrans.o
 .bss           0x00000000        0x0 /tmp/ccMnCEq6.ltrans3.ltrans.o
[...]
Memory Configuration

Name             Origin             Length             Attributes
flash            0x08000000         0x00020000
ram              0x20000000         0x00005000
*default*        0x00000000         0xffffffff

Linker script and memory map

LOAD build/obj/chcoreasm_v7m.o
LOAD build/obj/crt0.o
LOAD /tmp/ccMnCEq6.ltrans0.ltrans.o
LOAD /tmp/ccMnCEq6.ltrans1.ltrans.o
LOAD /tmp/ccMnCEq6.ltrans2.ltrans.o
LOAD /tmp/ccMnCEq6.ltrans3.ltrans.o
LOAD /tmp/ccMnCEq6.ltrans4.ltrans.o
LOAD /tmp/ccMnCEq6.ltrans5.ltrans.o
LOAD /tmp/ccMnCEq6.ltrans6.ltrans.o
LOAD /tmp/ccMnCEq6.ltrans7.ltrans.o
LOAD /tmp/ccMnCEq6.ltrans8.ltrans.o
LOAD /tmp/ccMnCEq6.ltrans9.ltrans.o
LOAD /tmp/ccMnCEq6.ltrans10.ltrans.o
LOAD /home/laurence/ARM-GCC/gcc-arm-none-eabi-4_9-2014q4/bin/../lib/gcc/arm-none-eabi/4.9.3/armv7-m/libgcc.a
LOAD /home/laurence/ARM-GCC/gcc-arm-none-eabi-4_9-2014q4/bin/../lib/gcc/arm-none-eabi/4.9.3/../../../../arm-none-eabi/lib/armv7-m/libg.a
LOAD /home/laurence/ARM-GCC/gcc-arm-none-eabi-4_9-2014q4/bin/../lib/gcc/arm-none-eabi/4.9.3/../../../../arm-none-eabi/lib/armv7-m/libc.a
LOAD build/obj/vectors.o
LOAD build/obj/chcore.o
LOAD build/obj/chcore_v7m.o
LOAD build/obj/chsys.o
LOAD build/obj/chdebug.o
LOAD build/obj/chtm.o
LOAD build/obj/chstats.o
LOAD build/obj/chschd.o
LOAD build/obj/chvt.o
LOAD build/obj/chthreads.o
LOAD build/obj/chdynamic.o
LOAD build/obj/chregistry.o
LOAD build/obj/chsem.o
LOAD build/obj/chmtx.o
LOAD build/obj/chcond.o
LOAD build/obj/chevents.o
LOAD build/obj/chmsg.o
LOAD build/obj/chmboxes.o
LOAD build/obj/chqueues.o
LOAD build/obj/chmemcore.o
LOAD build/obj/chheap.o
LOAD build/obj/chmempools.o
LOAD build/obj/test.o
LOAD build/obj/testthd.o
LOAD build/obj/testsem.o
LOAD build/obj/testmtx.o
LOAD build/obj/testmsg.o
LOAD build/obj/testmbox.o
LOAD build/obj/testevt.o
LOAD build/obj/testheap.o
LOAD build/obj/testpools.o
LOAD build/obj/testdyn.o
LOAD build/obj/testqueues.o
LOAD build/obj/testbmk.o
LOAD build/obj/hal.o
LOAD build/obj/hal_queues.o
LOAD build/obj/hal_mmcsd.o
LOAD build/obj/adc.o
LOAD build/obj/can.o
LOAD build/obj/dac.o
LOAD build/obj/ext.o
LOAD build/obj/gpt.o
LOAD build/obj/i2c.o
LOAD build/obj/i2s.o
LOAD build/obj/icu.o
LOAD build/obj/mac.o
LOAD build/obj/mmc_spi.o
LOAD build/obj/pal.o
LOAD build/obj/pwm.o
LOAD build/obj/rtc.o
LOAD build/obj/sdc.o
LOAD build/obj/serial.o
LOAD build/obj/serial_usb.o
LOAD build/obj/spi.o
LOAD build/obj/st.o
LOAD build/obj/uart.o
LOAD build/obj/usb.o
LOAD build/obj/osal.o
LOAD build/obj/nvic.o
LOAD build/obj/stm32_dma.o
LOAD build/obj/hal_lld.o
LOAD build/obj/adc_lld.o
LOAD build/obj/ext_lld_isr.o
LOAD build/obj/can_lld.o
LOAD build/obj/ext_lld.o
LOAD build/obj/mac_lld.o
LOAD build/obj/sdc_lld.o
LOAD build/obj/pal_lld.o
LOAD build/obj/i2c_lld.o
LOAD build/obj/rtc_lld.o
LOAD build/obj/spi_lld.o
LOAD build/obj/gpt_lld.o
LOAD build/obj/icu_lld.o
LOAD build/obj/pwm_lld.o
LOAD build/obj/st_lld.o
LOAD build/obj/serial_lld.o
LOAD build/obj/uart_lld.o
LOAD build/obj/usb_lld.o
LOAD build/obj/board.o
LOAD build/obj/shell.o
LOAD build/obj/chprintf.o
LOAD build/obj/main.o
LOAD build/obj/usbcfg.o
LOAD build/obj/Si446x_thread.o
                0x20000000                __ram_start__ = ORIGIN (ram)
                0x00005000                __ram_size__ = 0x5000
                0x20005000                __ram_end__ = (__ram_start__ + __ram_size__)
                0x00000000                . = 0x0
                0x00000000                _text = .

startup         0x08000000      0x140
 *(vectors)
 vectors        0x08000000      0x140 /tmp/ccMnCEq6.ltrans2.ltrans.o
                0x08000000                _vectors

constructors    0x08000140        0x0
                0x08000140                PROVIDE (__init_array_start, .)
 *(SORT(.init_array.*))
 *(.init_array)
                0x08000140                PROVIDE (__init_array_end, .)

destructors     0x08000140        0x0
                0x08000140                PROVIDE (__fini_array_start, .)
 *(.fini_array)
 *(SORT(.fini_array.*))
                0x08000140                PROVIDE (__fini_array_end, .)

.text           0x08000140     0xa974
 *(.text.startup.*)
 .text.startup.main
                0x08000140      0x540 /tmp/ccMnCEq6.ltrans5.ltrans.o
                0x08000140                main
 *(.text)
 .text          0x08000680       0x26 build/obj/chcoreasm_v7m.o
                0x08000680                _port_switch
                0x08000690                _port_thread_start
                0x0800069e                _port_switch_from_isr
                0x080006a2                _port_exit_from_isr
 *fill*         0x080006a6        0xa 
 .text          0x080006b0      0x370 /home/laurence/ARM-GCC/gcc-arm-none-eabi-4_9-2014q4/bin/../lib/gcc/arm-none-eabi/4.9.3/armv7-m/libgcc.a(_arm_addsubdf3.o)
                0x080006b0                __aeabi_drsub
                0x080006b8                __aeabi_dsub
                0x080006b8                __subdf3
                0x080006bc                __adddf3
                0x080006bc                __aeabi_dadd
                0x08000934                __aeabi_ui2d
                0x08000934                __floatunsidf
                0x08000954                __floatsidf
                0x08000954                __aeabi_i2d
                0x08000978                __extendsfdf2
                0x08000978                __aeabi_f2d
                0x080009b4                __aeabi_ul2d
                0x080009b4                __floatundidf
                0x080009c4                __floatdidf
                0x080009c4                __aeabi_l2d
 .text          0x08000a20      0x424 /home/laurence/ARM-GCC/gcc-arm-none-eabi-4_9-2014q4/bin/../lib/gcc/arm-none-eabi/4.9.3/armv7-m/libgcc.a(_arm_muldivdf3.o)
                0x08000a20                __aeabi_dmul
                0x08000a20                __muldf3
                0x08000c74                __aeabi_ddiv
                0x08000c74                __divdf3
 *fill*         0x08000e44        0xc 
 .text          0x08000e50       0x50 /home/laurence/ARM-GCC/gcc-arm-none-eabi-4_9-2014q4/bin/../lib/gcc/arm-none-eabi/4.9.3/armv7-m/libgcc.a(_arm_fixdfsi.o)
                0x08000e50                __fixdfsi
                0x08000e50                __aeabi_d2iz
 .text          0x08000ea0       0x40 /home/laurence/ARM-GCC/gcc-arm-none-eabi-4_9-2014q4/bin/../lib/gcc/arm-none-eabi/4.9.3/armv7-m/libgcc.a(_arm_fixunsdfsi.o)
                0x08000ea0                __fixunsdfsi
                0x08000ea0                __aeabi_d2uiz
 .text          0x08000ee0       0xa0 /home/laurence/ARM-GCC/gcc-arm-none-eabi-4_9-2014q4/bin/../lib/gcc/arm-none-eabi/4.9.3/armv7-m/libgcc.a(_arm_truncdfsf2.o)
                0x08000ee0                __aeabi_d2f
                0x08000ee0                __truncdfsf2
 .text          0x08000f80      0x21c /home/laurence/ARM-GCC/gcc-arm-none-eabi-4_9-2014q4/bin/../lib/gcc/arm-none-eabi/4.9.3/armv7-m/libgcc.a(_arm_addsubsf3.o)
                0x08000f80                __aeabi_frsub
                0x08000f88                __subsf3
                0x08000f88                __aeabi_fsub
                0x08000f8c                __aeabi_fadd
                0x08000f8c                __addsf3
                0x080010ec                __aeabi_ui2f
                0x080010ec                __floatunsisf
                0x080010f4                __aeabi_i2f
                0x080010f4                __floatsisf
                0x08001110                __floatundisf
                0x08001110                __aeabi_ul2f
                0x08001120                __floatdisf
                0x08001120                __aeabi_l2f
 *fill*         0x0800119c        0x4 
 .text          0x080011a0      0x2a0 /home/laurence/ARM-GCC/gcc-arm-none-eabi-4_9-2014q4/bin/../lib/gcc/arm-none-eabi/4.9.3/armv7-m/libgcc.a(_arm_muldivsf3.o)
                0x080011a0                __mulsf3
                0x080011a0                __aeabi_fmul
                0x08001308                __divsf3
                0x08001308                __aeabi_fdiv
 .text          0x08001440       0xec /home/laurence/ARM-GCC/gcc-arm-none-eabi-4_9-2014q4/bin/../lib/gcc/arm-none-eabi/4.9.3/armv7-m/libgcc.a(_arm_cmpsf2.o)
                0x08001440                __gtsf2
                0x08001440                __gesf2
                0x08001448                __lesf2
                0x08001448                __ltsf2
                0x08001450                __nesf2
                0x08001450                __eqsf2
                0x08001450                __cmpsf2
                0x080014b0                __aeabi_cfrcmple
                0x080014b8                __aeabi_cfcmple
                0x080014b8                __aeabi_cfcmpeq
                0x080014c8                __aeabi_fcmpeq
                0x080014dc                __aeabi_fcmplt
                0x080014f0                __aeabi_fcmple
                0x08001504                __aeabi_fcmpge
                0x08001518                __aeabi_fcmpgt
 *fill*         0x0800152c        0x4 
 .text          0x08001530       0x4c /home/laurence/ARM-GCC/gcc-arm-none-eabi-4_9-2014q4/bin/../lib/gcc/arm-none-eabi/4.9.3/armv7-m/libgcc.a(_arm_fixsfsi.o)
                0x08001530                __fixsfsi
                0x08001530                __aeabi_f2iz
 *fill*         0x0800157c        0x4 
 .text          0x08001580       0x40 /home/laurence/ARM-GCC/gcc-arm-none-eabi-4_9-2014q4/bin/../lib/gcc/arm-none-eabi/4.9.3/armv7-m/libgcc.a(_arm_fixunssfsi.o)
                0x08001580                __aeabi_f2uiz
                0x08001580                __fixunssfsi
 *(.text.*)
 .text.print_line
                0x080015c0       0x30 /tmp/ccMnCEq6.ltrans0.ltrans.o
 .text.tmr.lto_priv.73
                0x080015f0       0x10 /tmp/ccMnCEq6.ltrans0.ltrans.o
                0x080015f0                tmr.lto_priv.73
 .text.chCoreAlloc
                0x08001600       0x40 /tmp/ccMnCEq6.ltrans0.ltrans.o
                0x08001600                chCoreAlloc
 .text.wakeup.lto_priv.108
                0x08001640       0x70 /tmp/ccMnCEq6.ltrans0.ltrans.o
                0x08001640                wakeup.lto_priv.108
 .text._idle_thread.lto_priv.87
                0x080016b0       0x20 /tmp/ccMnCEq6.ltrans0.ltrans.o
                0x080016b0                _idle_thread.lto_priv.87
 .text.SVC_Handler
                0x080016d0       0x20 /tmp/ccMnCEq6.ltrans0.ltrans.o
                0x080016d0                SVC_Handler
 .text.chSchDoRescheduleAhead
                0x080016f0       0x40 /tmp/ccMnCEq6.ltrans0.ltrans.o
 .text.Reset_Handler
                0x08001730      0x170 /tmp/ccMnCEq6.ltrans0.ltrans.o
                0x08001730                Reset_Handler
 .text.test_terminate_threads
                0x080018a0       0x30 /tmp/ccMnCEq6.ltrans0.ltrans.o
                0x080018a0                test_terminate_threads
 .text._test_assert_time_window
                0x080018d0       0x40 /tmp/ccMnCEq6.ltrans0.ltrans.o
                0x080018d0                _test_assert_time_window
 .text._test_assert_sequence
                0x08001910       0x50 /tmp/ccMnCEq6.ltrans0.ltrans.o
                0x08001910                _test_assert_sequence
 .text._test_assert
                0x08001960       0x30 /tmp/ccMnCEq6.ltrans0.ltrans.o
                0x08001960                _test_assert
 .text.test_emit_token
                0x08001990       0x30 /tmp/ccMnCEq6.ltrans0.ltrans.o
                0x08001990                test_emit_token
 .text.test_println
                0x080019c0       0x40 /tmp/ccMnCEq6.ltrans0.ltrans.o
                0x080019c0                test_println
 .text.test_print
                0x08001a00       0x20 /tmp/ccMnCEq6.ltrans0.ltrans.o
                0x08001a00                test_print
 .text.test_printn
                0x08001a20       0x60 /tmp/ccMnCEq6.ltrans0.ltrans.o
                0x08001a20                test_printn
 .text.chPoolAlloc
                0x08001a80       0x30 /tmp/ccMnCEq6.ltrans0.ltrans.o
                0x08001a80                chPoolAlloc
 .text.chEvtUnregister
                0x08001ab0       0x30 /tmp/ccMnCEq6.ltrans0.ltrans.o
                0x08001ab0                chEvtUnregister
 .text.chThdYield
                0x08001ae0       0x60 /tmp/ccMnCEq6.ltrans0.ltrans.o
                0x08001ae0                chThdYield
 .text.chVTDoResetI
                0x08001b40       0x60 /tmp/ccMnCEq6.ltrans0.ltrans.o
                0x08001b40                chVTDoResetI
 .text.chVTDoSetI
                0x08001ba0       0x80 /tmp/ccMnCEq6.ltrans0.ltrans.o
                0x08001ba0                chVTDoSetI
 .text.chSchDoReschedule
                0x08001c20       0x10 /tmp/ccMnCEq6.ltrans0.ltrans.o
                0x08001c20                chSchDoReschedule
 .text.chSchRescheduleS
                0x08001c30       0x20 /tmp/ccMnCEq6.ltrans0.ltrans.o
                0x08001c30                chSchRescheduleS
 .text.chThdSetPriority
                0x08001c50       0x30 /tmp/ccMnCEq6.ltrans0.ltrans.o
                0x08001c50                chThdSetPriority
 .text.chSchWakeupS
                0x08001c80       0x60 /tmp/ccMnCEq6.ltrans0.ltrans.o
                0x08001c80                chSchWakeupS
 .text.chMtxUnlock
                0x08001ce0       0x60 /tmp/ccMnCEq6.ltrans0.ltrans.o
                0x08001ce0                chMtxUnlock
 .text.chSemSignal
                0x08001d40       0x40 /tmp/ccMnCEq6.ltrans0.ltrans.o
                0x08001d40                chSemSignal
 .text.chThdCreateStatic
                0x08001d80       0x80 /tmp/ccMnCEq6.ltrans0.ltrans.o
                0x08001d80                chThdCreateStatic
 .text.chSchGoSleepS
                0x08001e00       0x30 /tmp/ccMnCEq6.ltrans0.ltrans.o
                0x08001e00                chSchGoSleepS
 .text.chMsgWait
                0x08001e30       0x40 /tmp/ccMnCEq6.ltrans0.ltrans.o
                0x08001e30                chMsgWait
 .text.chSemWait
                0x08001e70       0x50 /tmp/ccMnCEq6.ltrans0.ltrans.o
                0x08001e70                chSemWait
 .text.chSchGoSleepTimeoutS
                0x08001ec0       0x50 /tmp/ccMnCEq6.ltrans0.ltrans.o
                0x08001ec0                chSchGoSleepTimeoutS
 .text.chSemWaitTimeoutS
                0x08001f10       0x40 /tmp/ccMnCEq6.ltrans0.ltrans.o
                0x08001f10                chSemWaitTimeoutS
 .text.chSemWaitTimeout
                0x08001f50       0x20 /tmp/ccMnCEq6.ltrans0.ltrans.o
                0x08001f50                chSemWaitTimeout
 .text.chThdEnqueueTimeoutS
                0x08001f70       0x30 /tmp/ccMnCEq6.ltrans0.ltrans.o
 .text.chOQWriteTimeout
                0x08001fa0       0x90 /tmp/ccMnCEq6.ltrans0.ltrans.o
                0x08001fa0                chOQWriteTimeout
 .text.chOQPutTimeout
                0x08002030       0x50 /tmp/ccMnCEq6.ltrans0.ltrans.o
                0x08002030                chOQPutTimeout
 .text.chIQReadTimeout
                0x08002080       0x80 /tmp/ccMnCEq6.ltrans0.ltrans.o
                0x08002080                chIQReadTimeout
 .text.chIQGetTimeout
                0x08002100       0x50 /tmp/ccMnCEq6.ltrans0.ltrans.o
                0x08002100                chIQGetTimeout
 .text.chThdSleep
                0x08002150       0x20 /tmp/ccMnCEq6.ltrans0.ltrans.o
                0x08002150                chThdSleep
 .text.test_wait_tick
                0x08002170       0x20 /tmp/ccMnCEq6.ltrans0.ltrans.o
                0x08002170                test_wait_tick
 .text.chSchReadyI
                0x08002190       0x30 /tmp/ccMnCEq6.ltrans0.ltrans.o
                0x08002190                chSchReadyI
 .text.chIQPutI
                0x080021c0       0x60 /tmp/ccMnCEq6.ltrans0.ltrans.o
                0x080021c0                chIQPutI
 .text.chMsgSend
                0x08002220       0x40 /tmp/ccMnCEq6.ltrans0.ltrans.o
                0x08002220                chMsgSend
 .text.chEvtSignalI
                0x08002260       0x30 /tmp/ccMnCEq6.ltrans0.ltrans.o
                0x08002260                chEvtSignalI
 .text.chEvtBroadcastFlagsI
                0x08002290       0x30 /tmp/ccMnCEq6.ltrans0.ltrans.o
                0x08002290                chEvtBroadcastFlagsI
 .text.chMtxUnlockAll
                0x080022c0       0x60 /tmp/ccMnCEq6.ltrans0.ltrans.o
                0x080022c0                chMtxUnlockAll
 .text.chMtxUnlockS
                0x08002320       0x50 /tmp/ccMnCEq6.ltrans0.ltrans.o
                0x08002320                chMtxUnlockS
 .text.chMtxLockS
                0x08002370       0xd0 /tmp/ccMnCEq6.ltrans0.ltrans.o
                0x08002370                chMtxLockS
 .text.chMtxLock
                0x08002440       0x20 /tmp/ccMnCEq6.ltrans0.ltrans.o
                0x08002440                chMtxLock
 .text.chHeapStatus
                0x08002460       0x50 /tmp/ccMnCEq6.ltrans0.ltrans.o
                0x08002460                chHeapStatus
 .text.chHeapFree
                0x080024b0       0x90 /tmp/ccMnCEq6.ltrans0.ltrans.o
                0x080024b0                chHeapFree
 .text.chThdRelease
                0x08002540       0x60 /tmp/ccMnCEq6.ltrans0.ltrans.o
                0x08002540                chThdRelease
 .text.chRegNextThread
                0x080025a0       0x30 /tmp/ccMnCEq6.ltrans0.ltrans.o
                0x080025a0                chRegNextThread
 .text.chThdWait
                0x080025d0       0x40 /tmp/ccMnCEq6.ltrans0.ltrans.o
                0x080025d0                chThdWait
 .text.test_wait_threads
                0x08002610       0x30 /tmp/ccMnCEq6.ltrans0.ltrans.o
                0x08002610                test_wait_threads
 .text.TestThread
                0x08002640      0x330 /tmp/ccMnCEq6.ltrans0.ltrans.o
                0x08002640                TestThread
 .text.chHeapAlloc
                0x08002970       0x90 /tmp/ccMnCEq6.ltrans0.ltrans.o
                0x08002970                chHeapAlloc
 .text.chThdCreateFromHeap
                0x08002a00       0x90 /tmp/ccMnCEq6.ltrans0.ltrans.o
                0x08002a00                chThdCreateFromHeap
 .text.chSemSignalI
                0x08002a90       0x30 /tmp/ccMnCEq6.ltrans0.ltrans.o
                0x08002a90                chSemSignalI
 .text.chSemResetI
                0x08002ac0       0x30 /tmp/ccMnCEq6.ltrans0.ltrans.o
                0x08002ac0                chSemResetI
 .text.chThdDequeueAllI
                0x08002af0       0x30 /tmp/ccMnCEq6.ltrans0.ltrans.o
                0x08002af0                chThdDequeueAllI
 .text.chThdExitS
                0x08002b20       0x40 /tmp/ccMnCEq6.ltrans0.ltrans.o
                0x08002b20                chThdExitS
 .text.chThdExit
                0x08002b60       0x10 /tmp/ccMnCEq6.ltrans0.ltrans.o
                0x08002b60                chThdExit
 .text.chTMStopMeasurementX
                0x08002b70       0x50 /tmp/ccMnCEq6.ltrans0.ltrans.o
                0x08002b70                chTMStopMeasurementX
 .text._port_irq_epilogue
                0x08002bc0       0x60 /tmp/ccMnCEq6.ltrans0.ltrans.o
                0x08002bc0                _port_irq_epilogue
 .text._unhandled_exception
                0x08002c20       0x10 /tmp/ccMnCEq6.ltrans0.ltrans.o
                0x08002c20                Vector58
                0x08002c20                VectorE8
                0x08002c20                Vector9C
                0x08002c20                VectorAC
                0x08002c20                DebugMon_Handler
                0x08002c20                Vector5C
                0x08002c20                Vector11C
                0x08002c20                HardFault_Handler
                0x08002c20                SysTick_Handler
                0x08002c20                VectorDC
                0x08002c20                PendSV_Handler
                0x08002c20                NMI_Handler
                0x08002c20                Vector110
                0x08002c20                Vector120
                0x08002c20                VectorC8
                0x08002c20                Vector94
                0x08002c20                VectorA8
                0x08002c20                UsageFault_Handler
                0x08002c20                VectorEC
                0x08002c20                Vector40
                0x08002c20                VectorF8
                0x08002c20                Vector108
                0x08002c20                VectorBC
                0x08002c20                Vector124
                0x08002c20                Vector118
                0x08002c20                Vector64
                0x08002c20                VectorCC
                0x08002c20                Vector54
                0x08002c20                Vector98
                0x08002c20                VectorD8
                0x08002c20                Vector138
                0x08002c20                Vector24
                0x08002c20                VectorD0
                0x08002c20                VectorE4
                0x08002c20                VectorC0
                0x08002c20                Vector130
                0x08002c20                Vector134
                0x08002c20                VectorF0
                0x08002c20                Vector12C
                0x08002c20                Vector13C
                0x08002c20                Vector100
                0x08002c20                VectorE0
                0x08002c20                VectorF4
                0x08002c20                MemManage_Handler
                0x08002c20                VectorA0
                0x08002c20                VectorC4
                0x08002c20                Vector114
                0x08002c20                Vector60
                0x08002c20                Vector1C
                0x08002c20                Vector48
                0x08002c20                VectorD4
                0x08002c20                Vector4C
                0x08002c20                Vector68
                0x08002c20                Vector88
                0x08002c20                Vector104
                0x08002c20                Vector10C
                0x08002c20                BusFault_Handler
                0x08002c20                Vector50
                0x08002c20                Vector44
                0x08002c20                Vector28
                0x08002c20                VectorFC
                0x08002c20                Vector34
                0x08002c20                Vector128
                0x08002c20                VectorA4
                0x08002c20                Vector20
 .text.mtx5_setup.lto_priv.130
                0x08002c30       0x10 /tmp/ccMnCEq6.ltrans1.ltrans.o
                0x08002c30                mtx5_setup.lto_priv.130
 .text.mtx4_setup.lto_priv.128
                0x08002c40       0x20 /tmp/ccMnCEq6.ltrans1.ltrans.o
                0x08002c40                mtx4_setup.lto_priv.128
 .text.mtx1_setup.lto_priv.126
                0x08002c60       0x10 /tmp/ccMnCEq6.ltrans1.ltrans.o
                0x08002c60                mtx1_setup.lto_priv.126
 .text.sem3_setup.lto_priv.123
                0x08002c70       0x10 /tmp/ccMnCEq6.ltrans1.ltrans.o
                0x08002c70                sem3_setup.lto_priv.123
 .text.sem2_setup.lto_priv.121
                0x08002c80       0x10 /tmp/ccMnCEq6.ltrans1.ltrans.o
                0x08002c80                sem2_setup.lto_priv.121
 .text.sem1_setup.lto_priv.119
                0x08002c90       0x10 /tmp/ccMnCEq6.ltrans1.ltrans.o
                0x08002c90                sem1_setup.lto_priv.119
 .text.mtx4_execute.lto_priv.129
                0x08002ca0      0x250 /tmp/ccMnCEq6.ltrans1.ltrans.o
                0x08002ca0                mtx4_execute.lto_priv.129
 .text.thread4a
                0x08002ef0       0x20 /tmp/ccMnCEq6.ltrans1.ltrans.o
 .text.thread4b
                0x08002f10       0x20 /tmp/ccMnCEq6.ltrans1.ltrans.o
 .text.mtx1_execute.lto_priv.127
                0x08002f30       0xf0 /tmp/ccMnCEq6.ltrans1.ltrans.o
                0x08002f30                mtx1_execute.lto_priv.127
 .text.thd1_execute.lto_priv.115
                0x08003020       0xd0 /tmp/ccMnCEq6.ltrans1.ltrans.o
                0x08003020                thd1_execute.lto_priv.115
 .text.thread1.lto_priv.112
                0x080030f0       0x20 /tmp/ccMnCEq6.ltrans1.ltrans.o
 .text.thread   0x08003110       0x10 /tmp/ccMnCEq6.ltrans1.ltrans.o
 .text.thread1.lto_priv.111
                0x08003120       0x20 /tmp/ccMnCEq6.ltrans1.ltrans.o
 .text.thread4  0x08003140       0x30 /tmp/ccMnCEq6.ltrans1.ltrans.o
 .text.thread2  0x08003170       0x30 /tmp/ccMnCEq6.ltrans1.ltrans.o
 .text.sem4_execute.lto_priv.125
                0x080031a0      0x160 /tmp/ccMnCEq6.ltrans1.ltrans.o
                0x080031a0                sem4_execute.lto_priv.125
 .text.sem3_execute.lto_priv.124
                0x08003300       0x90 /tmp/ccMnCEq6.ltrans1.ltrans.o
                0x08003300                sem3_execute.lto_priv.124
 .text.thread3  0x08003390       0x20 /tmp/ccMnCEq6.ltrans1.ltrans.o
 .text.sem2_execute.lto_priv.122
                0x080033b0      0x160 /tmp/ccMnCEq6.ltrans1.ltrans.o
                0x080033b0                sem2_execute.lto_priv.122
 .text.sem1_execute.lto_priv.120
                0x08003510      0x170 /tmp/ccMnCEq6.ltrans1.ltrans.o
                0x08003510                sem1_execute.lto_priv.120
 .text.thd2_execute.lto_priv.116
                0x08003680      0x150 /tmp/ccMnCEq6.ltrans1.ltrans.o
                0x08003680                thd2_execute.lto_priv.116
 .text.thd4_execute.lto_priv.118
                0x080037d0       0xd0 /tmp/ccMnCEq6.ltrans1.ltrans.o
                0x080037d0                thd4_execute.lto_priv.118
 .text.thd3_execute.lto_priv.117
                0x080038a0      0x130 /tmp/ccMnCEq6.ltrans1.ltrans.o
                0x080038a0                thd3_execute.lto_priv.117
 .text.long_to_string_with_divisor
                0x080039d0       0x50 /tmp/ccMnCEq6.ltrans2.ltrans.o
 .text.Vector8C
                0x08003a20       0x10 /tmp/ccMnCEq6.ltrans2.ltrans.o
 .text.VectorB0
                0x08003a30       0xb0 /tmp/ccMnCEq6.ltrans2.ltrans.o
 .text.usb_packet_write_from_queue
                0x08003ae0       0xc0 /tmp/ccMnCEq6.ltrans2.ltrans.o
 .text.VectorB8
                0x08003ba0       0x20 /tmp/ccMnCEq6.ltrans2.ltrans.o
 .text.VectorB4
                0x08003bc0       0x20 /tmp/ccMnCEq6.ltrans2.ltrans.o
 .text.chvprintf
                0x08003be0      0x420 /tmp/ccMnCEq6.ltrans2.ltrans.o
                0x08003be0                chvprintf
 .text.chprintf.lto_priv.81
                0x08004000       0x20 /tmp/ccMnCEq6.ltrans2.ltrans.o
                0x08004000                chprintf.lto_priv.81
 .text.chprintf
                0x08004020       0x20 /tmp/ccMnCEq6.ltrans2.ltrans.o
 .text.shell_thread.lto_priv.83
                0x08004040      0x240 /tmp/ccMnCEq6.ltrans2.ltrans.o
                0x08004040                shell_thread.lto_priv.83
 .text.cmd_systime
                0x08004280       0x40 /tmp/ccMnCEq6.ltrans2.ltrans.o
 .text.cmd_info
                0x080042c0       0xc0 /tmp/ccMnCEq6.ltrans2.ltrans.o
 .text.usb_lld_prepare_transmit
                0x08004380       0x80 /tmp/ccMnCEq6.ltrans2.ltrans.o
                0x08004380                usb_lld_prepare_transmit
 .text.usb_lld_prepare_receive
                0x08004400       0x20 /tmp/ccMnCEq6.ltrans2.ltrans.o
                0x08004400                usb_lld_prepare_receive
 .text.usb_lld_init_endpoint
                0x08004420       0xd0 /tmp/ccMnCEq6.ltrans2.ltrans.o
                0x08004420                usb_lld_init_endpoint
 .text.usb_lld_reset
                0x080044f0       0x50 /tmp/ccMnCEq6.ltrans2.ltrans.o
                0x080044f0                usb_lld_reset
 .text.Vector90
                0x08004540      0x3a0 /tmp/ccMnCEq6.ltrans2.ltrans.o
 .text.gpt_lld_start_timer
                0x080048e0       0x30 /tmp/ccMnCEq6.ltrans2.ltrans.o
                0x080048e0                gpt_lld_start_timer
 .text.spi_lld_serve_tx_interrupt.lto_priv.76
                0x08004910       0x20 /tmp/ccMnCEq6.ltrans3.ltrans.o
                0x08004910                spi_lld_serve_tx_interrupt.lto_priv.76
 .text.usbStartTransmitI
                0x08004930       0x40 /tmp/ccMnCEq6.ltrans3.ltrans.o
 .text.set_address
                0x08004970       0x30 /tmp/ccMnCEq6.ltrans3.ltrans.o
 .text.sduInterruptTransmitted
                0x080049a0       0x10 /tmp/ccMnCEq6.ltrans3.ltrans.o
                0x080049a0                sduInterruptTransmitted
 .text.sduRequestsHook
                0x080049b0       0x40 /tmp/ccMnCEq6.ltrans3.ltrans.o
                0x080049b0                sduRequestsHook
 .text.spi_lld_serve_rx_interrupt.lto_priv.75
                0x080049f0       0x80 /tmp/ccMnCEq6.ltrans3.ltrans.o
                0x080049f0                spi_lld_serve_rx_interrupt.lto_priv.75
 .text.Vector84
                0x08004a70       0x30 /tmp/ccMnCEq6.ltrans3.ltrans.o
                0x08004a70                Vector84
 .text.Vector80
                0x08004aa0       0x30 /tmp/ccMnCEq6.ltrans3.ltrans.o
                0x08004aa0                Vector80
 .text.Vector7C
                0x08004ad0       0x30 /tmp/ccMnCEq6.ltrans3.ltrans.o
                0x08004ad0                Vector7C
 .text.Vector78
                0x08004b00       0x30 /tmp/ccMnCEq6.ltrans3.ltrans.o
                0x08004b00                Vector78
 .text.Vector74
                0x08004b30       0x30 /tmp/ccMnCEq6.ltrans3.ltrans.o
                0x08004b30                Vector74
 .text.Vector70
                0x08004b60       0x30 /tmp/ccMnCEq6.ltrans3.ltrans.o
                0x08004b60                Vector70
 .text.Vector6C
                0x08004b90       0x30 /tmp/ccMnCEq6.ltrans3.ltrans.o
                0x08004b90                Vector6C
 .text._usb_ep0out
                0x08004bc0       0x90 /tmp/ccMnCEq6.ltrans3.ltrans.o
                0x08004bc0                _usb_ep0out
 .text.onotify.lto_priv.86
                0x08004c50       0x70 /tmp/ccMnCEq6.ltrans3.ltrans.o
                0x08004c50                onotify.lto_priv.86
 .text.sduDataTransmitted
                0x08004cc0       0x90 /tmp/ccMnCEq6.ltrans3.ltrans.o
                0x08004cc0                sduDataTransmitted
 .text.readt.lto_priv.97
                0x08004d50       0x10 /tmp/ccMnCEq6.ltrans3.ltrans.o
                0x08004d50                readt.lto_priv.97
 .text.read.lto_priv.91
                0x08004d60       0x10 /tmp/ccMnCEq6.ltrans3.ltrans.o
                0x08004d60                read.lto_priv.91
 .text.writet.lto_priv.96
                0x08004d70       0x10 /tmp/ccMnCEq6.ltrans3.ltrans.o
                0x08004d70                writet.lto_priv.96
 .text.write.lto_priv.90
                0x08004d80       0x10 /tmp/ccMnCEq6.ltrans3.ltrans.o
                0x08004d80                write.lto_priv.90
 .text.gett.lto_priv.95
                0x08004d90       0x10 /tmp/ccMnCEq6.ltrans3.ltrans.o
                0x08004d90                gett.lto_priv.95
 .text.get.lto_priv.93
                0x08004da0       0x10 /tmp/ccMnCEq6.ltrans3.ltrans.o
                0x08004da0                get.lto_priv.93
 .text.putt.lto_priv.94
                0x08004db0       0x10 /tmp/ccMnCEq6.ltrans3.ltrans.o
                0x08004db0                putt.lto_priv.94
 .text.put.lto_priv.92
                0x08004dc0       0x10 /tmp/ccMnCEq6.ltrans3.ltrans.o
                0x08004dc0                put.lto_priv.92
 .text.gpt_lld_serve_interrupt.lto_priv.98
                0x08004dd0       0x30 /tmp/ccMnCEq6.ltrans3.ltrans.o
                0x08004dd0                gpt_lld_serve_interrupt.lto_priv.98
 .text.usbStartReceiveI
                0x08004e00       0x40 /tmp/ccMnCEq6.ltrans3.ltrans.o
                0x08004e00                usbStartReceiveI
 .text._usb_ep0in
                0x08004e40       0xe0 /tmp/ccMnCEq6.ltrans3.ltrans.o
                0x08004e40                _usb_ep0in
 .text._usb_ep0setup
                0x08004f20      0x3d0 /tmp/ccMnCEq6.ltrans3.ltrans.o
                0x08004f20                _usb_ep0setup
 .text.sduDataReceived
                0x080052f0       0x80 /tmp/ccMnCEq6.ltrans3.ltrans.o
                0x080052f0                sduDataReceived
 .text.inotify.lto_priv.85
                0x08005370       0x80 /tmp/ccMnCEq6.ltrans3.ltrans.o
                0x08005370                inotify.lto_priv.85
 .text.usbInitEndpointI
                0x080053f0       0x40 /tmp/ccMnCEq6.ltrans3.ltrans.o
                0x080053f0                usbInitEndpointI
 .text.mbox1_setup.lto_priv.139
                0x08005430       0x40 /tmp/ccMnCEq6.ltrans4.ltrans.o
                0x08005430                mbox1_setup.lto_priv.139
 .text.mtx8_setup.lto_priv.136
                0x08005470       0x30 /tmp/ccMnCEq6.ltrans4.ltrans.o
                0x08005470                mtx8_setup.lto_priv.136
 .text.mtx7_setup.lto_priv.134
                0x080054a0       0x20 /tmp/ccMnCEq6.ltrans4.ltrans.o
                0x080054a0                mtx7_setup.lto_priv.134
 .text.mtx6_setup.lto_priv.132
                0x080054c0       0x20 /tmp/ccMnCEq6.ltrans4.ltrans.o
                0x080054c0                mtx6_setup.lto_priv.132
 .text.mbox1_execute.lto_priv.140
                0x080054e0      0x5d0 /tmp/ccMnCEq6.ltrans4.ltrans.o
                0x080054e0                mbox1_execute.lto_priv.140
 .text.thread   0x08005ab0       0x20 /tmp/ccMnCEq6.ltrans4.ltrans.o
 .text.msg1_execute.lto_priv.138
                0x08005ad0       0xa0 /tmp/ccMnCEq6.ltrans4.ltrans.o
                0x08005ad0                msg1_execute.lto_priv.138
 .text.mtx8_execute.lto_priv.137
                0x08005b70       0x90 /tmp/ccMnCEq6.ltrans4.ltrans.o
                0x08005b70                mtx8_execute.lto_priv.137
 .text.thread12
                0x08005c00       0x20 /tmp/ccMnCEq6.ltrans4.ltrans.o
 .text.thread11
                0x08005c20       0x90 /tmp/ccMnCEq6.ltrans4.ltrans.o
 .text.thread10
                0x08005cb0       0x70 /tmp/ccMnCEq6.ltrans4.ltrans.o
 .text.mtx7_execute.lto_priv.135
                0x08005d20       0xf0 /tmp/ccMnCEq6.ltrans4.ltrans.o
                0x08005d20                mtx7_execute.lto_priv.135
 .text.mtx6_execute.lto_priv.133
                0x08005e10       0xe0 /tmp/ccMnCEq6.ltrans4.ltrans.o
                0x08005e10                mtx6_execute.lto_priv.133
 .text.mtx5_execute.lto_priv.131
                0x08005ef0      0x100 /tmp/ccMnCEq6.ltrans4.ltrans.o
                0x08005ef0                mtx5_execute.lto_priv.131
 .text.spicb.lto_priv.77
                0x08005ff0       0x20 /tmp/ccMnCEq6.ltrans5.ltrans.o
                0x08005ff0                spicb.lto_priv.77
 .text.get_descriptor
                0x08006010       0x30 /tmp/ccMnCEq6.ltrans5.ltrans.o
 .text.Thread1  0x08006040       0x50 /tmp/ccMnCEq6.ltrans5.ltrans.o
 .text.switch_off_callback.lto_priv.79
                0x08006090       0x20 /tmp/ccMnCEq6.ltrans5.ltrans.o
                0x08006090                switch_off_callback.lto_priv.79
 .text.switch_output_callback.lto_priv.78
                0x080060b0       0x30 /tmp/ccMnCEq6.ltrans5.ltrans.o
                0x080060b0                switch_output_callback.lto_priv.78
 .text.chprintf.lto_priv.82
                0x080060e0       0x20 /tmp/ccMnCEq6.ltrans5.ltrans.o
 .text.silabs_get_part_id
                0x08006100       0x20 /tmp/ccMnCEq6.ltrans5.ltrans.o
 .text.silabs_send_command
                0x08006120       0x80 /tmp/ccMnCEq6.ltrans5.ltrans.o
 .text.silabs_tune_down
                0x080061a0       0x70 /tmp/ccMnCEq6.ltrans5.ltrans.o
 .text.silabs_tune_up
                0x08006210       0x70 /tmp/ccMnCEq6.ltrans5.ltrans.o
 .text.usb_event
                0x08006280       0xb0 /tmp/ccMnCEq6.ltrans5.ltrans.o
 .text.cmd_write
                0x08006330       0x50 /tmp/ccMnCEq6.ltrans5.ltrans.o
 .text.cmd_test
                0x08006380       0x50 /tmp/ccMnCEq6.ltrans5.ltrans.o
 .text.cmd_threads
                0x080063d0       0x70 /tmp/ccMnCEq6.ltrans5.ltrans.o
 .text.cmd_mem  0x08006440       0x60 /tmp/ccMnCEq6.ltrans5.ltrans.o
 .text.si446x_spi
                0x080064a0      0x120 /tmp/ccMnCEq6.ltrans5.ltrans.o
                0x080064a0                si446x_spi
 .text.notify.lto_priv.74
                0x080065c0       0x10 /tmp/ccMnCEq6.ltrans6.ltrans.o
                0x080065c0                notify.lto_priv.74
 .text.queues2_setup.lto_priv.159
                0x080065d0       0x30 /tmp/ccMnCEq6.ltrans6.ltrans.o
                0x080065d0                queues2_setup.lto_priv.159
 .text.queues1_setup.lto_priv.157
                0x08006600       0x30 /tmp/ccMnCEq6.ltrans6.ltrans.o
                0x08006600                queues1_setup.lto_priv.157
 .text.dyn3_setup.lto_priv.155
                0x08006630       0x30 /tmp/ccMnCEq6.ltrans6.ltrans.o
                0x08006630                dyn3_setup.lto_priv.155
 .text.dyn2_setup.lto_priv.153
                0x08006660       0x20 /tmp/ccMnCEq6.ltrans6.ltrans.o
                0x08006660                dyn2_setup.lto_priv.153
 .text.dyn1_setup.lto_priv.151
                0x08006680       0x30 /tmp/ccMnCEq6.ltrans6.ltrans.o
                0x08006680                dyn1_setup.lto_priv.151
 .text.null_provider
                0x080066b0       0x10 /tmp/ccMnCEq6.ltrans6.ltrans.o
 .text.pools1_setup.lto_priv.149
                0x080066c0       0x20 /tmp/ccMnCEq6.ltrans6.ltrans.o
                0x080066c0                pools1_setup.lto_priv.149
 .text.heap1_setup.lto_priv.147
                0x080066e0       0x30 /tmp/ccMnCEq6.ltrans6.ltrans.o
                0x080066e0                heap1_setup.lto_priv.147
 .text.thread1  0x08006710       0x20 /tmp/ccMnCEq6.ltrans6.ltrans.o
 .text.thread.lto_priv.72
                0x08006730       0x10 /tmp/ccMnCEq6.ltrans6.ltrans.o
                0x08006730                thread.lto_priv.72
 .text.queues1_execute.lto_priv.158
                0x08006740      0x270 /tmp/ccMnCEq6.ltrans6.ltrans.o
                0x08006740                queues1_execute.lto_priv.158
 .text.regfind  0x080069b0       0x40 /tmp/ccMnCEq6.ltrans6.ltrans.o
 .text.dyn3_execute.lto_priv.156
                0x080069f0      0x140 /tmp/ccMnCEq6.ltrans6.ltrans.o
                0x080069f0                dyn3_execute.lto_priv.156
 .text.pools1_execute.lto_priv.150
                0x08006b30       0xd0 /tmp/ccMnCEq6.ltrans6.ltrans.o
                0x08006b30                pools1_execute.lto_priv.150
 .text.dyn2_execute.lto_priv.154
                0x08006c00       0xf0 /tmp/ccMnCEq6.ltrans6.ltrans.o
                0x08006c00                dyn2_execute.lto_priv.154
 .text.dyn1_execute.lto_priv.152
                0x08006cf0      0x100 /tmp/ccMnCEq6.ltrans6.ltrans.o
                0x08006cf0                dyn1_execute.lto_priv.152
 .text.heap1_execute.lto_priv.148
                0x08006df0      0x240 /tmp/ccMnCEq6.ltrans6.ltrans.o
                0x08006df0                heap1_execute.lto_priv.148
 .text.bmk12_setup.lto_priv.174
                0x08007030       0x10 /tmp/ccMnCEq6.ltrans7.ltrans.o
                0x08007030                bmk12_setup.lto_priv.174
 .text.bmk11_setup.lto_priv.172
                0x08007040       0x10 /tmp/ccMnCEq6.ltrans7.ltrans.o
                0x08007040                bmk11_setup.lto_priv.172
 .text.tmo      0x08007050       0x10 /tmp/ccMnCEq6.ltrans7.ltrans.o
 .text.bmk7_setup.lto_priv.167
                0x08007060       0x10 /tmp/ccMnCEq6.ltrans7.ltrans.o
                0x08007060                bmk7_setup.lto_priv.167
 .text.thread1  0x08007070       0x10 /tmp/ccMnCEq6.ltrans7.ltrans.o
 .text.bmk13_execute.lto_priv.176
                0x08007080       0xf0 /tmp/ccMnCEq6.ltrans7.ltrans.o
                0x08007080                bmk13_execute.lto_priv.176
 .text.bmk12_execute.lto_priv.175
                0x08007170       0x70 /tmp/ccMnCEq6.ltrans7.ltrans.o
                0x08007170                bmk12_execute.lto_priv.175
 .text.bmk11_execute.lto_priv.173
                0x080071e0       0x70 /tmp/ccMnCEq6.ltrans7.ltrans.o
                0x080071e0                bmk11_execute.lto_priv.173
 .text.thread3  0x08007250       0x30 /tmp/ccMnCEq6.ltrans7.ltrans.o
 .text.bmk10_execute.lto_priv.171
                0x08007280       0x80 /tmp/ccMnCEq6.ltrans7.ltrans.o
                0x08007280                bmk10_execute.lto_priv.171
 .text.bmk9_execute.lto_priv.170
                0x08007300       0xb0 /tmp/ccMnCEq6.ltrans7.ltrans.o
                0x08007300                bmk9_execute.lto_priv.170
 .text.bmk8_execute.lto_priv.169
                0x080073b0       0xe0 /tmp/ccMnCEq6.ltrans7.ltrans.o
                0x080073b0                bmk8_execute.lto_priv.169
 .text.bmk6_execute.lto_priv.166
                0x08007490       0x70 /tmp/ccMnCEq6.ltrans7.ltrans.o
                0x08007490                bmk6_execute.lto_priv.166
 .text.thread8  0x08007500       0x30 /tmp/ccMnCEq6.ltrans7.ltrans.o
 .text.bmk7_execute.lto_priv.168
                0x08007530      0x130 /tmp/ccMnCEq6.ltrans7.ltrans.o
                0x08007530                bmk7_execute.lto_priv.168
 .text.bmk5_execute.lto_priv.165
                0x08007660       0x70 /tmp/ccMnCEq6.ltrans7.ltrans.o
                0x08007660                bmk5_execute.lto_priv.165
 .text.bmk4_execute.lto_priv.164
                0x080076d0       0xc0 /tmp/ccMnCEq6.ltrans7.ltrans.o
                0x080076d0                bmk4_execute.lto_priv.164
 .text.thread4  0x08007790       0x30 /tmp/ccMnCEq6.ltrans7.ltrans.o
 .text.thread2.lto_priv.100
                0x080077c0       0x30 /tmp/ccMnCEq6.ltrans7.ltrans.o
 .text.msg_loop_test
                0x080077f0       0x30 /tmp/ccMnCEq6.ltrans7.ltrans.o
 .text.bmk3_execute.lto_priv.163
                0x08007820       0xe0 /tmp/ccMnCEq6.ltrans7.ltrans.o
                0x08007820                bmk3_execute.lto_priv.163
 .text.bmk2_execute.lto_priv.162
                0x08007900       0x70 /tmp/ccMnCEq6.ltrans7.ltrans.o
                0x08007900                bmk2_execute.lto_priv.162
 .text.bmk1_execute.lto_priv.161
                0x08007970       0x70 /tmp/ccMnCEq6.ltrans7.ltrans.o
                0x08007970                bmk1_execute.lto_priv.161
 .text.thread2.lto_priv.99
                0x080079e0       0x20 /tmp/ccMnCEq6.ltrans7.ltrans.o
 .text.queues2_execute.lto_priv.160
                0x08007a00      0x250 /tmp/ccMnCEq6.ltrans7.ltrans.o
                0x08007a00                queues2_execute.lto_priv.160
 .text.gptStart
                0x08007c50       0xc0 /tmp/ccMnCEq6.ltrans7.ltrans.o
                0x08007c50                gptStart
 .text.si446x_set_frequency
                0x08007d10      0x1e0 /tmp/ccMnCEq6.ltrans8.ltrans.o
 .text.si446x_initialise
                0x08007ef0      0x530 /tmp/ccMnCEq6.ltrans8.ltrans.o
 .text.SI_Thread.lto_priv.84
                0x08008420      0x240 /tmp/ccMnCEq6.ltrans8.ltrans.o
                0x08008420                SI_Thread.lto_priv.84
 .text.evt3_execute.lto_priv.146
                0x08008660      0x160 /tmp/ccMnCEq6.ltrans9.ltrans.o
                0x08008660                evt3_execute.lto_priv.146
 .text.evt3_setup.lto_priv.145
                0x080087c0       0x10 /tmp/ccMnCEq6.ltrans9.ltrans.o
                0x080087c0                evt3_setup.lto_priv.145
 .text.evt2_setup.lto_priv.143
                0x080087d0       0x10 /tmp/ccMnCEq6.ltrans9.ltrans.o
                0x080087d0                evt2_setup.lto_priv.143
 .text.evt1_setup.lto_priv.141
                0x080087e0       0x10 /tmp/ccMnCEq6.ltrans9.ltrans.o
                0x080087e0                evt1_setup.lto_priv.141
 .text.evt2_execute.lto_priv.144
                0x080087f0      0x2f0 /tmp/ccMnCEq6.ltrans9.ltrans.o
                0x080087f0                evt2_execute.lto_priv.144
 .text.thread2  0x08008ae0       0x40 /tmp/ccMnCEq6.ltrans9.ltrans.o
 .text.thread1  0x08008b20       0x30 /tmp/ccMnCEq6.ltrans9.ltrans.o
 .text.evt1_execute.lto_priv.142
                0x08008b50       0xe0 /tmp/ccMnCEq6.ltrans9.ltrans.o
                0x08008b50                evt1_execute.lto_priv.142
 .text.h3       0x08008c30       0x10 /tmp/ccMnCEq6.ltrans9.ltrans.o
 .text.h2       0x08008c40       0x10 /tmp/ccMnCEq6.ltrans9.ltrans.o
 .text.h1       0x08008c50       0x10 /tmp/ccMnCEq6.ltrans9.ltrans.o
 .text.chTMStartMeasurementX.constprop.66
                0x08008c60       0x10 /tmp/ccMnCEq6.ltrans10.ltrans.o
                0x08008c60                chTMStartMeasurementX.constprop.66
 .text.chThdCreateFromMemoryPool.constprop.59
                0x08008c70       0xa0 /tmp/ccMnCEq6.ltrans10.ltrans.o
                0x08008c70                chThdCreateFromMemoryPool.constprop.59
 .text.chSemSignalWait.constprop.56
                0x08008d10       0x70 /tmp/ccMnCEq6.ltrans10.ltrans.o
                0x08008d10                chSemSignalWait.constprop.56
 .text.chCondSignal.constprop.52
                0x08008d80       0x30 /tmp/ccMnCEq6.ltrans10.ltrans.o
                0x08008d80                chCondSignal.constprop.52
 .text.chCondSignalI.constprop.51
                0x08008db0       0x30 /tmp/ccMnCEq6.ltrans10.ltrans.o
                0x08008db0                chCondSignalI.constprop.51
 .text.chEvtGetAndClearEvents.constprop.43
                0x08008de0       0x20 /tmp/ccMnCEq6.ltrans10.ltrans.o
                0x08008de0                chEvtGetAndClearEvents.constprop.43
 .text.chEvtWaitOne.constprop.39
                0x08008e00       0x40 /tmp/ccMnCEq6.ltrans10.ltrans.o
                0x08008e00                chEvtWaitOne.constprop.39
 .text.unlikely.chEvtWaitAny.constprop.38
                0x08008e40       0x34 /tmp/ccMnCEq6.ltrans10.ltrans.o
                0x08008e40                chEvtWaitAny.constprop.38
 *fill*         0x08008e74        0xc 
 .text.chMBPost.constprop.24
                0x08008e80       0x50 /tmp/ccMnCEq6.ltrans10.ltrans.o
                0x08008e80                chMBPost.constprop.24
 .text.chMBPostI.constprop.23
                0x08008ed0       0x40 /tmp/ccMnCEq6.ltrans10.ltrans.o
                0x08008ed0                chMBPostI.constprop.23
 .text.chMBPostAhead.constprop.22
                0x08008f10       0x50 /tmp/ccMnCEq6.ltrans10.ltrans.o
                0x08008f10                chMBPostAhead.constprop.22
 .text.chMBPostAheadI.constprop.21
                0x08008f60       0x40 /tmp/ccMnCEq6.ltrans10.ltrans.o
                0x08008f60                chMBPostAheadI.constprop.21
 .text.unlikely.chMBFetch.constprop.20
                0x08008fa0       0x4c /tmp/ccMnCEq6.ltrans10.ltrans.o
                0x08008fa0                chMBFetch.constprop.20
 *fill*         0x08008fec        0x4 
 .text.unlikely.chMBFetchI.constprop.19
                0x08008ff0       0x3c /tmp/ccMnCEq6.ltrans10.ltrans.o
                0x08008ff0                chMBFetchI.constprop.19
 *fill*         0x0800902c        0x4 
 .text.chOQGetI.constprop.18
                0x08009030       0x50 /tmp/ccMnCEq6.ltrans10.ltrans.o
                0x08009030                chOQGetI.constprop.18
 .text.test_start_timer.constprop.14
                0x08009080       0x40 /tmp/ccMnCEq6.ltrans10.ltrans.o
                0x08009080                test_start_timer.constprop.14
 .text.dmaStreamAllocate.constprop.11
                0x080090c0       0xa0 /tmp/ccMnCEq6.ltrans10.ltrans.o
                0x080090c0                dmaStreamAllocate.constprop.11
 .text.spiExchange.constprop.4
                0x08009160       0x80 /tmp/ccMnCEq6.ltrans10.ltrans.o
                0x08009160                spiExchange.constprop.4
 .text._strtok.constprop.3
                0x080091e0       0x40 /tmp/ccMnCEq6.ltrans10.ltrans.o
                0x080091e0                _strtok.constprop.3
 .text.RF_switch.part.4.lto_priv.80
                0x08009220       0x30 /tmp/ccMnCEq6.ltrans10.ltrans.o
                0x08009220                RF_switch.part.4.lto_priv.80
 .text.memset   0x08009250       0x9c /home/laurence/ARM-GCC/gcc-arm-none-eabi-4_9-2014q4/bin/../lib/gcc/arm-none-eabi/4.9.3/../../../../arm-none-eabi/lib/armv7-m/libg.a(lib_a-memset.o)
                0x08009250                memset
 *fill*         0x080092ec        0x4 
 .text.strcasecmp
                0x080092f0       0x40 /home/laurence/ARM-GCC/gcc-arm-none-eabi-4_9-2014q4/bin/../lib/gcc/arm-none-eabi/4.9.3/../../../../arm-none-eabi/lib/armv7-m/libg.a(lib_a-strcasecmp.o)
                0x080092f0                strcasecmp
 .text.strcpy   0x08009330       0xbc /home/laurence/ARM-GCC/gcc-arm-none-eabi-4_9-2014q4/bin/../lib/gcc/arm-none-eabi/4.9.3/../../../../arm-none-eabi/lib/armv7-m/libg.a(lib_a-strcpy.o)
                0x08009330                strcpy
 *fill*         0x080093ec        0x4 
 .text.strlen   0x080093f0       0x5c /home/laurence/ARM-GCC/gcc-arm-none-eabi-4_9-2014q4/bin/../lib/gcc/arm-none-eabi/4.9.3/../../../../arm-none-eabi/lib/armv7-m/libg.a(lib_a-strlen.o)
                0x080093f0                strlen
 *fill*         0x0800944c        0x4 
 .text.strncpy  0x08009450       0x68 /home/laurence/ARM-GCC/gcc-arm-none-eabi-4_9-2014q4/bin/../lib/gcc/arm-none-eabi/4.9.3/../../../../arm-none-eabi/lib/armv7-m/libg.a(lib_a-strncpy.o)
                0x08009450                strncpy
 *fill*         0x080094b8        0x8 
 .text.strpbrk  0x080094c0       0x48 /home/laurence/ARM-GCC/gcc-arm-none-eabi-4_9-2014q4/bin/../lib/gcc/arm-none-eabi/4.9.3/../../../../arm-none-eabi/lib/armv7-m/libg.a(lib_a-strpbrk.o)
                0x080094c0                strpbrk
 *fill*         0x08009508        0x8 
 .text.strspn   0x08009510       0x34 /home/laurence/ARM-GCC/gcc-arm-none-eabi-4_9-2014q4/bin/../lib/gcc/arm-none-eabi/4.9.3/../../../../arm-none-eabi/lib/armv7-m/libg.a(lib_a-strspn.o)
                0x08009510                strspn
 *(.rodata)
 *fill*         0x08009544        0xc 
 .rodata        0x08009550       0xb0 /tmp/ccMnCEq6.ltrans8.ltrans.o
 *(.rodata.*)
 .rodata.testmtx4
                0x08009600       0x10 /tmp/ccMnCEq6.ltrans0.ltrans.o
 .rodata.testmtx5
                0x08009610       0x10 /tmp/ccMnCEq6.ltrans0.ltrans.o
 .rodata.testmtx6
                0x08009620       0x10 /tmp/ccMnCEq6.ltrans0.ltrans.o
 .rodata.testmtx7
                0x08009630       0x10 /tmp/ccMnCEq6.ltrans0.ltrans.o
 .rodata.testmtx8
                0x08009640       0x10 /tmp/ccMnCEq6.ltrans0.ltrans.o
 .rodata.patternmsg
                0x08009650        0x8 /tmp/ccMnCEq6.ltrans0.ltrans.o
 *fill*         0x08009658        0x8 
 .rodata.testbmk11
                0x08009660       0x10 /tmp/ccMnCEq6.ltrans0.ltrans.o
 .rodata.testbmk12
                0x08009670       0x10 /tmp/ccMnCEq6.ltrans0.ltrans.o
 .rodata.testevt2
                0x08009680       0x10 /tmp/ccMnCEq6.ltrans0.ltrans.o
 .rodata.patterndyn
                0x08009690       0x10 /tmp/ccMnCEq6.ltrans0.ltrans.o
 .rodata.testsem1
                0x080096a0       0x10 /tmp/ccMnCEq6.ltrans0.ltrans.o
 .rodata.testsem2
                0x080096b0       0x10 /tmp/ccMnCEq6.ltrans0.ltrans.o
 .rodata.testsem3
                0x080096c0       0x10 /tmp/ccMnCEq6.ltrans0.ltrans.o
 .rodata.testsem4
                0x080096d0       0x10 /tmp/ccMnCEq6.ltrans0.ltrans.o
 .rodata.testbmk6
                0x080096e0       0x10 /tmp/ccMnCEq6.ltrans0.ltrans.o
 .rodata.testbmk10
                0x080096f0       0x10 /tmp/ccMnCEq6.ltrans0.ltrans.o
 .rodata.testbmk4
                0x08009700       0x10 /tmp/ccMnCEq6.ltrans0.ltrans.o
 .rodata.patternthd
                0x08009710       0x14 /tmp/ccMnCEq6.ltrans0.ltrans.o
 *fill*         0x08009724        0xc 
 .rodata.testbmk13
                0x08009730       0x10 /tmp/ccMnCEq6.ltrans0.ltrans.o
 .rodata.testbmk1
                0x08009740       0x10 /tmp/ccMnCEq6.ltrans0.ltrans.o
 .rodata.testbmk2
                0x08009750       0x10 /tmp/ccMnCEq6.ltrans0.ltrans.o
 .rodata.testbmk3
                0x08009760       0x10 /tmp/ccMnCEq6.ltrans0.ltrans.o
 .rodata.testbmk5
                0x08009770       0x10 /tmp/ccMnCEq6.ltrans0.ltrans.o
 .rodata.testbmk8
                0x08009780       0x10 /tmp/ccMnCEq6.ltrans0.ltrans.o
 .rodata.testbmk7
                0x08009790       0x10 /tmp/ccMnCEq6.ltrans0.ltrans.o
 .rodata.testpools1
                0x080097a0       0x10 /tmp/ccMnCEq6.ltrans0.ltrans.o
 .rodata.testbmk9
                0x080097b0       0x10 /tmp/ccMnCEq6.ltrans0.ltrans.o
 .rodata.patternbmk
                0x080097c0       0x38 /tmp/ccMnCEq6.ltrans0.ltrans.o
 *fill*         0x080097f8        0x8 
 .rodata.patterns
                0x08009800       0x30 /tmp/ccMnCEq6.ltrans0.ltrans.o
 .rodata.testdyn1
                0x08009830       0x10 /tmp/ccMnCEq6.ltrans0.ltrans.o
 .rodata.testdyn2
                0x08009840       0x10 /tmp/ccMnCEq6.ltrans0.ltrans.o
 .rodata.testdyn3
                0x08009850       0x10 /tmp/ccMnCEq6.ltrans0.ltrans.o
 .rodata.testmbox1
                0x08009860       0x10 /tmp/ccMnCEq6.ltrans0.ltrans.o
 .rodata.patternevt
                0x08009870       0x10 /tmp/ccMnCEq6.ltrans0.ltrans.o
 .rodata.patternheap
                0x08009880        0x8 /tmp/ccMnCEq6.ltrans0.ltrans.o
 *fill*         0x08009888        0x8 
 .rodata.testmsg1
                0x08009890       0x10 /tmp/ccMnCEq6.ltrans0.ltrans.o
 .rodata.testqueues1
                0x080098a0       0x10 /tmp/ccMnCEq6.ltrans0.ltrans.o
 .rodata.testqueues2
                0x080098b0       0x10 /tmp/ccMnCEq6.ltrans0.ltrans.o
 .rodata.patternmbox
                0x080098c0        0x8 /tmp/ccMnCEq6.ltrans0.ltrans.o
 *fill*         0x080098c8        0x8 
 .rodata.testthd1
                0x080098d0       0x10 /tmp/ccMnCEq6.ltrans0.ltrans.o
 .rodata.testthd2
                0x080098e0       0x10 /tmp/ccMnCEq6.ltrans0.ltrans.o
 .rodata.testthd3
                0x080098f0       0x10 /tmp/ccMnCEq6.ltrans0.ltrans.o
 .rodata.testthd4
                0x08009900       0x10 /tmp/ccMnCEq6.ltrans0.ltrans.o
 .rodata.patternsem
                0x08009910       0x14 /tmp/ccMnCEq6.ltrans0.ltrans.o
 *fill*         0x08009924        0xc 
 .rodata.patternqueues
                0x08009930        0xc /tmp/ccMnCEq6.ltrans0.ltrans.o
 *fill*         0x0800993c        0x4 
 .rodata.testevt1
                0x08009940       0x10 /tmp/ccMnCEq6.ltrans0.ltrans.o
 .rodata.testheap1
                0x08009950       0x10 /tmp/ccMnCEq6.ltrans0.ltrans.o
 .rodata.testevt3
                0x08009960       0x10 /tmp/ccMnCEq6.ltrans0.ltrans.o
 .rodata.patternmtx
                0x08009970       0x1c /tmp/ccMnCEq6.ltrans0.ltrans.o
 *fill*         0x0800998c        0x4 
 .rodata.str1.4
                0x08009990      0x683 /tmp/ccMnCEq6.ltrans0.ltrans.o
                                0x694 (size before relaxing)
 *fill*         0x0800a013        0xd 
 .rodata.testmtx1
                0x0800a020       0x10 /tmp/ccMnCEq6.ltrans0.ltrans.o
 .rodata.patternpools
                0x0800a030        0x8 /tmp/ccMnCEq6.ltrans0.ltrans.o
 *fill*         0x0800a038        0x8 
 .rodata.str1.4
                0x0800a040       0x12 /tmp/ccMnCEq6.ltrans1.ltrans.o
                                 0x1c (size before relaxing)
 *fill*         0x0800a052        0xe 
 .rodata.str1.4
                0x0800a060      0x171 /tmp/ccMnCEq6.ltrans2.ltrans.o
                                0x234 (size before relaxing)
 *fill*         0x0800a1d1        0xf 
 .rodata.ep0config
                0x0800a1e0       0x24 /tmp/ccMnCEq6.ltrans2.ltrans.o
 *fill*         0x0800a204        0xc 
 .rodata.pow10  0x0800a210       0x24 /tmp/ccMnCEq6.ltrans2.ltrans.o
 *fill*         0x0800a234        0xc 
 .rodata.CSWTCH.32
                0x0800a240        0x8 /tmp/ccMnCEq6.ltrans2.ltrans.o
 *fill*         0x0800a248        0x8 
 .rodata.zero_status
                0x0800a250        0x4 /tmp/ccMnCEq6.ltrans3.ltrans.o
 *fill*         0x0800a254        0xc 
 .rodata.active_status
                0x0800a260        0x4 /tmp/ccMnCEq6.ltrans3.ltrans.o
 *fill*         0x0800a264        0xc 
 .rodata.str1.4
                0x0800a270        0xc /tmp/ccMnCEq6.ltrans3.ltrans.o
 *fill*         0x0800a27c        0x4 
 .rodata.halted_status
                0x0800a280        0x4 /tmp/ccMnCEq6.ltrans3.ltrans.o
 *fill*         0x0800a284        0xc 
 .rodata.str1.4
                0x0800a290        0x4 /tmp/ccMnCEq6.ltrans4.ltrans.o
                                 0x20 (size before relaxing)
 *fill*         0x0800a294        0xc 
 .rodata.vcom_string0
                0x0800a2a0        0x4 /tmp/ccMnCEq6.ltrans5.ltrans.o
 *fill*         0x0800a2a4        0xc 
 .rodata.ep2config
                0x0800a2b0       0x24 /tmp/ccMnCEq6.ltrans5.ltrans.o
 *fill*         0x0800a2d4        0xc 
 .rodata.vcom_string3
                0x0800a2e0        0x8 /tmp/ccMnCEq6.ltrans5.ltrans.o
 *fill*         0x0800a2e8        0x8 
 .rodata.vcom_string1
                0x0800a2f0       0x14 /tmp/ccMnCEq6.ltrans5.ltrans.o
 *fill*         0x0800a304        0xc 
 .rodata.vcom_strings
                0x0800a310       0x20 /tmp/ccMnCEq6.ltrans5.ltrans.o
 .rodata.vcom_device_descriptor
                0x0800a330        0x8 /tmp/ccMnCEq6.ltrans5.ltrans.o
 *fill*         0x0800a338        0x8 
 .rodata.vmt    0x0800a340       0x20 /tmp/ccMnCEq6.ltrans5.ltrans.o
 .rodata.vcom_string2
                0x0800a360       0x38 /tmp/ccMnCEq6.ltrans5.ltrans.o
 *fill*         0x0800a398        0x8 
 .rodata._stm32_dma_streams
                0x0800a3a0       0x54 /tmp/ccMnCEq6.ltrans5.ltrans.o
 *fill*         0x0800a3f4        0xc 
 .rodata.usbcfg
                0x0800a400       0x10 /tmp/ccMnCEq6.ltrans5.ltrans.o
 .rodata.ch_debug
                0x0800a410       0x18 /tmp/ccMnCEq6.ltrans5.ltrans.o
 *fill*         0x0800a428        0x8 
 .rodata.vcom_device_descriptor_data
                0x0800a430       0x14 /tmp/ccMnCEq6.ltrans5.ltrans.o
 *fill*         0x0800a444        0xc 
 .rodata.vcom_configuration_descriptor
                0x0800a450        0x8 /tmp/ccMnCEq6.ltrans5.ltrans.o
 *fill*         0x0800a458        0x8 
 .rodata.str1.4
                0x0800a460      0x276 /tmp/ccMnCEq6.ltrans5.ltrans.o
                                0x284 (size before relaxing)
 *fill*         0x0800a6d6        0xa 
 .rodata.serusbcfg
                0x0800a6e0        0x8 /tmp/ccMnCEq6.ltrans5.ltrans.o
 *fill*         0x0800a6e8        0x8 
 .rodata.commands
                0x0800a6f0       0x48 /tmp/ccMnCEq6.ltrans5.ltrans.o
 *fill*         0x0800a738        0x8 
 .rodata.vcom_configuration_descriptor_data
                0x0800a740       0x44 /tmp/ccMnCEq6.ltrans5.ltrans.o
 *fill*         0x0800a784        0xc 
 .rodata.states.8545
                0x0800a790       0x40 /tmp/ccMnCEq6.ltrans5.ltrans.o
 .rodata.shell_cfg1
                0x0800a7d0        0x8 /tmp/ccMnCEq6.ltrans5.ltrans.o
 *fill*         0x0800a7d8        0x8 
 .rodata.ep1config
                0x0800a7e0       0x24 /tmp/ccMnCEq6.ltrans5.ltrans.o
 *fill*         0x0800a804        0xc 
 .rodata.str1.4
                0x0800a810        0xb /tmp/ccMnCEq6.ltrans6.ltrans.o
                                 0x20 (size before relaxing)
 *fill*         0x0800a81b        0x5 
 .rodata.wa     0x0800a820       0x14 /tmp/ccMnCEq6.ltrans7.ltrans.o
                0x0800a820                wa
 *fill*         0x0800a834        0xc 
 .rodata.str1.4
                0x0800a840      0x126 /tmp/ccMnCEq6.ltrans7.ltrans.o
                                0x130 (size before relaxing)
 *fill*         0x0800a966        0xa 
 .rodata.spicfg
                0x0800a970        0xc /tmp/ccMnCEq6.ltrans8.ltrans.o
 *fill*         0x0800a97c        0x4 
 .rodata.str1.4
                0x0800a980        0x7 /tmp/ccMnCEq6.ltrans8.ltrans.o
                                  0x8 (size before relaxing)
 .rodata.str1.4
                0x00000000        0x8 /tmp/ccMnCEq6.ltrans9.ltrans.o
 *fill*         0x0800a987        0x9 
 .rodata.evhndl
                0x0800a990        0xc /tmp/ccMnCEq6.ltrans9.ltrans.o
 *fill*         0x0800a99c        0x4 
 .rodata.str1.4
                0x0800a9a0        0x4 /tmp/ccMnCEq6.ltrans10.ltrans.o
 *fill*         0x0800a9a4        0xc 
 .rodata._ctype_
                0x0800a9b0      0x104 /home/laurence/ARM-GCC/gcc-arm-none-eabi-4_9-2014q4/bin/../lib/gcc/arm-none-eabi/4.9.3/../../../../arm-none-eabi/lib/armv7-m/libg.a(lib_a-ctype_.o)
                0x0800a9b0                _ctype_
 *(.glue_7t)
 .glue_7t       0x00000000        0x0 linker stubs
 *(.glue_7)
 .glue_7        0x00000000        0x0 linker stubs
 *(.gcc*)

.vfp11_veneer   0x0800aab4        0x0
 .vfp11_veneer  0x00000000        0x0 linker stubs

.v4_bx          0x0800aab4        0x0
 .v4_bx         0x00000000        0x0 linker stubs

.iplt           0x0800aab4        0x0
 .iplt          0x00000000        0x0 build/obj/chcoreasm_v7m.o

.rel.dyn        0x0800aab4        0x0
 .rel.iplt      0x00000000        0x0 build/obj/chcoreasm_v7m.o

.ARM.extab
 *(.ARM.extab* .gnu.linkonce.armextab.*)

.ARM.exidx      0x0800aab4        0x0
                0x0800aab4                PROVIDE (__exidx_start, .)
 *(.ARM.exidx* .gnu.linkonce.armexidx.*)
                0x0800aab4                PROVIDE (__exidx_end, .)

.eh_frame_hdr
 *(.eh_frame_hdr)

.eh_frame
 *(.eh_frame)

.textalign      0x0800aab4        0x4
                0x0800aab8                . = ALIGN (0x8)
 *fill*         0x0800aab4        0x4 
                0x0800aab8                . = ALIGN (0x4)
                0x0800aab8                _etext = .
                0x0800aab8                _textdata = _etext

.stacks         0x20000000      0x800
                0x20000000                . = ALIGN (0x8)
                0x20000000                __main_stack_base__ = .
                0x20000400                . = (. + __main_stack_size__)
 *fill*         0x20000000      0x400 
                0x20000400                . = ALIGN (0x8)
                0x20000400                __main_stack_end__ = .
                0x20000400                __process_stack_base__ = .
                0x20000400                __main_thread_stack_base__ = .
                0x20000800                . = (. + __process_stack_size__)
 *fill*         0x20000400      0x400 
                0x20000800                . = ALIGN (0x8)
                0x20000800                __process_stack_end__ = .
                0x20000800                __main_thread_stack_end__ = .

.data           0x20000800      0x510 load address 0x0800aab8
                0x20000800                . = ALIGN (0x4)
                0x20000800                PROVIDE (_data, .)
 *(.data)
 *(.data.*)
 .data.local_commands
                0x20000800       0x18 /tmp/ccMnCEq6.ltrans2.ltrans.o
 .data.linecoding
                0x20000818        0x8 /tmp/ccMnCEq6.ltrans3.ltrans.o
 .data.m1.lto_priv.109
                0x20000820       0x10 /tmp/ccMnCEq6.ltrans4.ltrans.o
                0x20000820                m1.lto_priv.109
 .data.m2.lto_priv.110
                0x20000830       0x10 /tmp/ccMnCEq6.ltrans4.ltrans.o
                0x20000830                m2.lto_priv.110
 .data.buf.8560
                0x20000840      0x404 /tmp/ccMnCEq6.ltrans5.ltrans.o
 .data.mp1.lto_priv.102
                0x20000c44        0xc /tmp/ccMnCEq6.ltrans6.ltrans.o
 .data.iq       0x20000c50       0x24 /tmp/ccMnCEq6.ltrans6.ltrans.o
 .data.gpt3cfg  0x20000c74       0x10 /tmp/ccMnCEq6.ltrans8.ltrans.o
 .data.Active_level
                0x20000c84        0x1 /tmp/ccMnCEq6.ltrans8.ltrans.o
 *fill*         0x20000c85        0x1 
 .data.Active_shift
                0x20000c86        0x2 /tmp/ccMnCEq6.ltrans8.ltrans.o
 .data.Active_banddiv
                0x20000c88        0x1 /tmp/ccMnCEq6.ltrans8.ltrans.o
 *fill*         0x20000c89        0x3 
 .data.gpt4cfg  0x20000c8c       0x10 /tmp/ccMnCEq6.ltrans8.ltrans.o
 .data.Outdiv   0x20000c9c        0x1 /tmp/ccMnCEq6.ltrans8.ltrans.o
 *fill*         0x20000c9d        0x3 
 .data.Active_Frequency
                0x20000ca0        0x4 /tmp/ccMnCEq6.ltrans8.ltrans.o
                0x20000ca0                Active_Frequency
 .data.es1      0x20000ca4        0x4 /tmp/ccMnCEq6.ltrans9.ltrans.o
 .data.es2      0x20000ca8        0x4 /tmp/ccMnCEq6.ltrans9.ltrans.o
 .data.c1.lto_priv.107
                0x20000cac        0x8 /tmp/ccMnCEq6.ltrans10.ltrans.o
                0x20000cac                c1.lto_priv.107
 .data.sem1.lto_priv.113
                0x20000cb4        0xc /tmp/ccMnCEq6.ltrans10.ltrans.o
                0x20000cb4                sem1.lto_priv.113
 .data.oq.lto_priv.101
                0x20000cc0       0x24 /tmp/ccMnCEq6.ltrans10.ltrans.o
                0x20000cc0                oq.lto_priv.101
 .data.mb1.lto_priv.106
                0x20000ce4       0x28 /tmp/ccMnCEq6.ltrans10.ltrans.o
                0x20000ce4                mb1.lto_priv.106
 .data.__ctype_ptr__
                0x20000d0c        0x4 /home/laurence/ARM-GCC/gcc-arm-none-eabi-4_9-2014q4/bin/../lib/gcc/arm-none-eabi/4.9.3/../../../../arm-none-eabi/lib/armv7-m/libg.a(lib_a-ctype_.o)
                0x20000d0c                __ctype_ptr__
 *(.ramtext)
                0x20000d10                . = ALIGN (0x4)
                0x20000d10                PROVIDE (_edata, .)

.igot.plt       0x20000d10        0x0 load address 0x0800afc8
 .igot.plt      0x00000000        0x0 build/obj/chcoreasm_v7m.o

.bss            0x20000d10     0x1310
                0x20000d10                . = ALIGN (0x4)
                0x20000d10                PROVIDE (_bss_start, .)
 *(.bss)
 *(.bss.*)
 .bss.tokp      0x20000d10        0x4 /tmp/ccMnCEq6.ltrans0.ltrans.o
 .bss.global_fail
                0x20000d14        0x1 /tmp/ccMnCEq6.ltrans0.ltrans.o
 .bss.local_fail
                0x20000d15        0x1 /tmp/ccMnCEq6.ltrans0.ltrans.o
 *fill*         0x20000d16        0x2 
 .bss.chp       0x20000d18        0x4 /tmp/ccMnCEq6.ltrans0.ltrans.o
 .bss.tokens_buffer
                0x20000d1c       0x10 /tmp/ccMnCEq6.ltrans0.ltrans.o
 .bss.failpoint
                0x20000d2c        0x4 /tmp/ccMnCEq6.ltrans0.ltrans.o
 .bss.ep0_state
                0x20000d30       0x14 /tmp/ccMnCEq6.ltrans2.ltrans.o
 .bss.ep0setup_buffer
                0x20000d44        0x8 /tmp/ccMnCEq6.ltrans2.ltrans.o
 *fill*         0x20000d4c        0x4 
 .bss.waThreadSI
                0x20000d50      0x4c8 /tmp/ccMnCEq6.ltrans5.ltrans.o
 .bss.nextmem.lto_priv.105
                0x20001218        0x4 /tmp/ccMnCEq6.ltrans5.ltrans.o
                0x20001218                nextmem.lto_priv.105
 .bss.USBD1     0x2000121c       0x84 /tmp/ccMnCEq6.ltrans5.ltrans.o
                0x2000121c                USBD1
 .bss.dummytx   0x200012a0        0x2 /tmp/ccMnCEq6.ltrans5.ltrans.o
 *fill*         0x200012a2        0x6 
 .bss.default_heap.lto_priv.114
                0x200012a8       0x20 /tmp/ccMnCEq6.ltrans5.ltrans.o
                0x200012a8                default_heap.lto_priv.114
 .bss.SDU1      0x200012c8      0x258 /tmp/ccMnCEq6.ltrans5.ltrans.o
 .bss.ep2instate
                0x20001520       0x10 /tmp/ccMnCEq6.ltrans5.ltrans.o
 .bss.endmem.lto_priv.104
                0x20001530        0x4 /tmp/ccMnCEq6.ltrans5.ltrans.o
                0x20001530                endmem.lto_priv.104
 .bss.shell_terminated
                0x20001534        0x4 /tmp/ccMnCEq6.ltrans5.ltrans.o
                0x20001534                shell_terminated
 .bss.ep1outstate
                0x20001538       0x14 /tmp/ccMnCEq6.ltrans5.ltrans.o
 .bss.ep1instate
                0x2000154c       0x10 /tmp/ccMnCEq6.ltrans5.ltrans.o
 *fill*         0x2000155c        0x4 
 .bss.waThread1
                0x20001560      0x148 /tmp/ccMnCEq6.ltrans5.ltrans.o
 .bss.test_heap
                0x200016a8       0x20 /tmp/ccMnCEq6.ltrans6.ltrans.o
 .bss.heap1     0x200016c8       0x20 /tmp/ccMnCEq6.ltrans6.ltrans.o
 .bss.vt1.6324  0x200016e8       0x14 /tmp/ccMnCEq6.ltrans7.ltrans.o
 .bss.iq.6314   0x200016fc       0x24 /tmp/ccMnCEq6.ltrans7.ltrans.o
 .bss.mtx1      0x20001720       0x10 /tmp/ccMnCEq6.ltrans7.ltrans.o
 .bss.sem1      0x20001730        0xc /tmp/ccMnCEq6.ltrans7.ltrans.o
 .bss.threads   0x2000173c       0x14 /tmp/ccMnCEq6.ltrans7.ltrans.o
                0x2000173c                threads
 .bss.vt2.6325  0x20001750       0x14 /tmp/ccMnCEq6.ltrans7.ltrans.o
 .bss.ib.6313   0x20001764       0x10 /tmp/ccMnCEq6.ltrans7.ltrans.o
 .bss.Command   0x20001774        0x1 /tmp/ccMnCEq6.ltrans8.ltrans.o
                0x20001774                Command
 *fill*         0x20001775        0x3 
 .bss.rx_buffer
                0x20001778        0xc /tmp/ccMnCEq6.ltrans8.ltrans.o
 .bss.GPTD4     0x20001784       0x10 /tmp/ccMnCEq6.ltrans8.ltrans.o
                0x20001784                GPTD4
 .bss.Silabs_busy
                0x20001794        0xc /tmp/ccMnCEq6.ltrans8.ltrans.o
                0x20001794                Silabs_busy
 .bss.tx_buffer
                0x200017a0       0x10 /tmp/ccMnCEq6.ltrans8.ltrans.o
 .bss.Silabs_Part_ID
                0x200017b0        0x2 /tmp/ccMnCEq6.ltrans8.ltrans.o
                0x200017b0                Silabs_Part_ID
 *fill*         0x200017b2        0x2 
 .bss.Silabs_callback
                0x200017b4        0xc /tmp/ccMnCEq6.ltrans8.ltrans.o
                0x200017b4                Silabs_callback
 .bss.Command_string
                0x200017c0        0x8 /tmp/ccMnCEq6.ltrans8.ltrans.o
                0x200017c0                Command_string
 .bss.test      0x200017c8      0x668 /tmp/ccMnCEq6.ltrans10.ltrans.o
                0x200017c8                test
 .bss.dma_isr_redir.lto_priv.89
                0x20001e30       0x38 /tmp/ccMnCEq6.ltrans10.ltrans.o
                0x20001e30                dma_isr_redir.lto_priv.89
 .bss.ch        0x20001e68      0x150 /tmp/ccMnCEq6.ltrans10.ltrans.o
                0x20001e68                ch
 .bss.test_timer_done
                0x20001fb8        0x1 /tmp/ccMnCEq6.ltrans10.ltrans.o
                0x20001fb8                test_timer_done
 *fill*         0x20001fb9        0x3 
 .bss.GPTD3     0x20001fbc       0x10 /tmp/ccMnCEq6.ltrans10.ltrans.o
                0x20001fbc                GPTD3
 .bss.SPID1     0x20001fcc       0x30 /tmp/ccMnCEq6.ltrans10.ltrans.o
                0x20001fcc                SPID1
 .bss.vt        0x20001ffc       0x14 /tmp/ccMnCEq6.ltrans10.ltrans.o
 .bss.mp1.lto_priv.103
                0x20002010        0xc /tmp/ccMnCEq6.ltrans10.ltrans.o
                0x20002010                mp1.lto_priv.103
 .bss.dma_streams_mask.lto_priv.88
                0x2000201c        0x4 /tmp/ccMnCEq6.ltrans10.ltrans.o
                0x2000201c                dma_streams_mask.lto_priv.88
 *(COMMON)
                0x20002020                . = ALIGN (0x4)
                0x20002020                PROVIDE (_bss_end, .)
                0x20002020                PROVIDE (end, .)
                0x20002020                _end = .
                0x20002020                __heap_base__ = _end
                0x20005000                __heap_end__ = __ram_end__
                0x00000400                __process_stack_size__ = 0x400
                0x00000400                __main_stack_size__ = 0x400
START GROUP
LOAD /home/laurence/ARM-GCC/gcc-arm-none-eabi-4_9-2014q4/bin/../lib/gcc/arm-none-eabi/4.9.3/armv7-m/libgcc.a
LOAD /home/laurence/ARM-GCC/gcc-arm-none-eabi-4_9-2014q4/bin/../lib/gcc/arm-none-eabi/4.9.3/../../../../arm-none-eabi/lib/armv7-m/libg.a
LOAD /home/laurence/ARM-GCC/gcc-arm-none-eabi-4_9-2014q4/bin/../lib/gcc/arm-none-eabi/4.9.3/../../../../arm-none-eabi/lib/armv7-m/libc.a
END GROUP
OUTPUT(build/ch.elf elf32-littlearm)

.ARM.attributes
                0x00000000       0x2f
 .ARM.attributes
                0x00000000       0x21 build/obj/chcoreasm_v7m.o
 .ARM.attributes
                0x00000021       0x31 /tmp/ccMnCEq6.ltrans0.ltrans.o
 .ARM.attributes
                0x00000052       0x31 /tmp/ccMnCEq6.ltrans1.ltrans.o
 .ARM.attributes
                0x00000083       0x31 /tmp/ccMnCEq6.ltrans2.ltrans.o
 .ARM.attributes
                0x000000b4       0x31 /tmp/ccMnCEq6.ltrans3.ltrans.o
 .ARM.attributes
                0x000000e5       0x31 /tmp/ccMnCEq6.ltrans4.ltrans.o
 .ARM.attributes
                0x00000116       0x31 /tmp/ccMnCEq6.ltrans5.ltrans.o
 .ARM.attributes
                0x00000147       0x31 /tmp/ccMnCEq6.ltrans6.ltrans.o
 .ARM.attributes
                0x00000178       0x31 /tmp/ccMnCEq6.ltrans7.ltrans.o
 .ARM.attributes
                0x000001a9       0x31 /tmp/ccMnCEq6.ltrans8.ltrans.o
 .ARM.attributes
                0x000001da       0x31 /tmp/ccMnCEq6.ltrans9.ltrans.o
 .ARM.attributes
                0x0000020b       0x31 /tmp/ccMnCEq6.ltrans10.ltrans.o
 .ARM.attributes
                0x0000023c       0x1d /home/laurence/ARM-GCC/gcc-arm-none-eabi-4_9-2014q4/bin/../lib/gcc/arm-none-eabi/4.9.3/armv7-m/libgcc.a(_arm_addsubdf3.o)
 .ARM.attributes
                0x00000259       0x1d /home/laurence/ARM-GCC/gcc-arm-none-eabi-4_9-2014q4/bin/../lib/gcc/arm-none-eabi/4.9.3/armv7-m/libgcc.a(_arm_muldivdf3.o)
 .ARM.attributes
                0x00000276       0x1d /home/laurence/ARM-GCC/gcc-arm-none-eabi-4_9-2014q4/bin/../lib/gcc/arm-none-eabi/4.9.3/armv7-m/libgcc.a(_arm_fixdfsi.o)
 .ARM.attributes
                0x00000293       0x1d /home/laurence/ARM-GCC/gcc-arm-none-eabi-4_9-2014q4/bin/../lib/gcc/arm-none-eabi/4.9.3/armv7-m/libgcc.a(_arm_fixunsdfsi.o)
 .ARM.attributes
                0x000002b0       0x1d /home/laurence/ARM-GCC/gcc-arm-none-eabi-4_9-2014q4/bin/../lib/gcc/arm-none-eabi/4.9.3/armv7-m/libgcc.a(_arm_truncdfsf2.o)
 .ARM.attributes
                0x000002cd       0x1d /home/laurence/ARM-GCC/gcc-arm-none-eabi-4_9-2014q4/bin/../lib/gcc/arm-none-eabi/4.9.3/armv7-m/libgcc.a(_arm_addsubsf3.o)
 .ARM.attributes
                0x000002ea       0x1d /home/laurence/ARM-GCC/gcc-arm-none-eabi-4_9-2014q4/bin/../lib/gcc/arm-none-eabi/4.9.3/armv7-m/libgcc.a(_arm_muldivsf3.o)
 .ARM.attributes
                0x00000307       0x1d /home/laurence/ARM-GCC/gcc-arm-none-eabi-4_9-2014q4/bin/../lib/gcc/arm-none-eabi/4.9.3/armv7-m/libgcc.a(_arm_cmpsf2.o)
 .ARM.attributes
                0x00000324       0x1d /home/laurence/ARM-GCC/gcc-arm-none-eabi-4_9-2014q4/bin/../lib/gcc/arm-none-eabi/4.9.3/armv7-m/libgcc.a(_arm_fixsfsi.o)
 .ARM.attributes
                0x00000341       0x1d /home/laurence/ARM-GCC/gcc-arm-none-eabi-4_9-2014q4/bin/../lib/gcc/arm-none-eabi/4.9.3/armv7-m/libgcc.a(_arm_fixunssfsi.o)
 .ARM.attributes
                0x0000035e       0x2d /home/laurence/ARM-GCC/gcc-arm-none-eabi-4_9-2014q4/bin/../lib/gcc/arm-none-eabi/4.9.3/../../../../arm-none-eabi/lib/armv7-m/libg.a(lib_a-memset.o)
 .ARM.attributes
                0x0000038b       0x2d /home/laurence/ARM-GCC/gcc-arm-none-eabi-4_9-2014q4/bin/../lib/gcc/arm-none-eabi/4.9.3/../../../../arm-none-eabi/lib/armv7-m/libg.a(lib_a-strcasecmp.o)
 .ARM.attributes
                0x000003b8       0x2d /home/laurence/ARM-GCC/gcc-arm-none-eabi-4_9-2014q4/bin/../lib/gcc/arm-none-eabi/4.9.3/../../../../arm-none-eabi/lib/armv7-m/libg.a(lib_a-strcpy.o)
 .ARM.attributes
                0x000003e5       0x2d /home/laurence/ARM-GCC/gcc-arm-none-eabi-4_9-2014q4/bin/../lib/gcc/arm-none-eabi/4.9.3/../../../../arm-none-eabi/lib/armv7-m/libg.a(lib_a-strlen.o)
 .ARM.attributes
                0x00000412       0x2d /home/laurence/ARM-GCC/gcc-arm-none-eabi-4_9-2014q4/bin/../lib/gcc/arm-none-eabi/4.9.3/../../../../arm-none-eabi/lib/armv7-m/libg.a(lib_a-strncpy.o)
 .ARM.attributes
                0x0000043f       0x2d /home/laurence/ARM-GCC/gcc-arm-none-eabi-4_9-2014q4/bin/../lib/gcc/arm-none-eabi/4.9.3/../../../../arm-none-eabi/lib/armv7-m/libg.a(lib_a-strpbrk.o)
 .ARM.attributes
                0x0000046c       0x2d /home/laurence/ARM-GCC/gcc-arm-none-eabi-4_9-2014q4/bin/../lib/gcc/arm-none-eabi/4.9.3/../../../../arm-none-eabi/lib/armv7-m/libg.a(lib_a-strspn.o)
 .ARM.attributes
                0x00000499       0x2d /home/laurence/ARM-GCC/gcc-arm-none-eabi-4_9-2014q4/bin/../lib/gcc/arm-none-eabi/4.9.3/../../../../arm-none-eabi/lib/armv7-m/libg.a(lib_a-ctype_.o)

.comment        0x00000000       0x70
 .comment       0x00000000       0x70 /tmp/ccMnCEq6.ltrans0.ltrans.o
                                 0x71 (size before relaxing)
 .comment       0x00000000       0x71 /tmp/ccMnCEq6.ltrans1.ltrans.o
 .comment       0x00000000       0x71 /tmp/ccMnCEq6.ltrans2.ltrans.o
 .comment       0x00000000       0x71 /tmp/ccMnCEq6.ltrans3.ltrans.o
 .comment       0x00000000       0x71 /tmp/ccMnCEq6.ltrans4.ltrans.o
 .comment       0x00000000       0x71 /tmp/ccMnCEq6.ltrans5.ltrans.o
 .comment       0x00000000       0x71 /tmp/ccMnCEq6.ltrans6.ltrans.o
 .comment       0x00000000       0x71 /tmp/ccMnCEq6.ltrans7.ltrans.o
 .comment       0x00000000       0x71 /tmp/ccMnCEq6.ltrans8.ltrans.o
 .comment       0x00000000       0x71 /tmp/ccMnCEq6.ltrans9.ltrans.o
 .comment       0x00000000       0x71 /tmp/ccMnCEq6.ltrans10.ltrans.o

.debug_info     0x00000000    0x22f45
 .debug_info    0x00000000     0x53e9 /tmp/ccMnCEq6.ltrans0.ltrans.o
 .debug_info    0x000053e9     0x32fd /tmp/ccMnCEq6.ltrans1.ltrans.o
 .debug_info    0x000086e6     0x305f /tmp/ccMnCEq6.ltrans2.ltrans.o
 .debug_info    0x0000b745     0x3942 /tmp/ccMnCEq6.ltrans3.ltrans.o
 .debug_info    0x0000f087     0x3422 /tmp/ccMnCEq6.ltrans4.ltrans.o
 .debug_info    0x000124a9     0x4679 /tmp/ccMnCEq6.ltrans5.ltrans.o
 .debug_info    0x00016b22     0x297e /tmp/ccMnCEq6.ltrans6.ltrans.o
 .debug_info    0x000194a0     0x33d7 /tmp/ccMnCEq6.ltrans7.ltrans.o
 .debug_info    0x0001c877     0x19b6 /tmp/ccMnCEq6.ltrans8.ltrans.o
 .debug_info    0x0001e22d     0x2097 /tmp/ccMnCEq6.ltrans9.ltrans.o
 .debug_info    0x000202c4     0x2c81 /tmp/ccMnCEq6.ltrans10.ltrans.o

.debug_abbrev   0x00000000     0x3ce3
 .debug_abbrev  0x00000000      0x709 /tmp/ccMnCEq6.ltrans0.ltrans.o
 .debug_abbrev  0x00000709      0x51e /tmp/ccMnCEq6.ltrans1.ltrans.o
 .debug_abbrev  0x00000c27      0x68d /tmp/ccMnCEq6.ltrans2.ltrans.o
 .debug_abbrev  0x000012b4      0x614 /tmp/ccMnCEq6.ltrans3.ltrans.o
 .debug_abbrev  0x000018c8      0x506 /tmp/ccMnCEq6.ltrans4.ltrans.o
 .debug_abbrev  0x00001dce      0x64b /tmp/ccMnCEq6.ltrans5.ltrans.o
 .debug_abbrev  0x00002419      0x49e /tmp/ccMnCEq6.ltrans6.ltrans.o
 .debug_abbrev  0x000028b7      0x5b3 /tmp/ccMnCEq6.ltrans7.ltrans.o
 .debug_abbrev  0x00002e6a      0x495 /tmp/ccMnCEq6.ltrans8.ltrans.o
 .debug_abbrev  0x000032ff      0x4cb /tmp/ccMnCEq6.ltrans9.ltrans.o
 .debug_abbrev  0x000037ca      0x519 /tmp/ccMnCEq6.ltrans10.ltrans.o

.debug_loc      0x00000000     0x988d
 .debug_loc     0x00000000     0x2859 /tmp/ccMnCEq6.ltrans0.ltrans.o
 .debug_loc     0x00002859      0x716 /tmp/ccMnCEq6.ltrans1.ltrans.o
 .debug_loc     0x00002f6f     0x17de /tmp/ccMnCEq6.ltrans2.ltrans.o
 .debug_loc     0x0000474d     0x1735 /tmp/ccMnCEq6.ltrans3.ltrans.o
 .debug_loc     0x00005e82      0xabf /tmp/ccMnCEq6.ltrans4.ltrans.o
 .debug_loc     0x00006941      0xe03 /tmp/ccMnCEq6.ltrans5.ltrans.o
 .debug_loc     0x00007744      0x711 /tmp/ccMnCEq6.ltrans6.ltrans.o
 .debug_loc     0x00007e55      0x62d /tmp/ccMnCEq6.ltrans7.ltrans.o
 .debug_loc     0x00008482      0x490 /tmp/ccMnCEq6.ltrans8.ltrans.o
 .debug_loc     0x00008912      0x5ab /tmp/ccMnCEq6.ltrans9.ltrans.o
 .debug_loc     0x00008ebd      0x9d0 /tmp/ccMnCEq6.ltrans10.ltrans.o

.debug_aranges  0x00000000      0x8d0
 .debug_aranges
                0x00000000      0x230 /tmp/ccMnCEq6.ltrans0.ltrans.o
 .debug_aranges
                0x00000230       0xd8 /tmp/ccMnCEq6.ltrans1.ltrans.o
 .debug_aranges
                0x00000308       0xa8 /tmp/ccMnCEq6.ltrans2.ltrans.o
 .debug_aranges
                0x000003b0      0x110 /tmp/ccMnCEq6.ltrans3.ltrans.o
 .debug_aranges
                0x000004c0       0x88 /tmp/ccMnCEq6.ltrans4.ltrans.o
 .debug_aranges
                0x00000548       0xa0 /tmp/ccMnCEq6.ltrans5.ltrans.o
 .debug_aranges
                0x000005e8       0xa8 /tmp/ccMnCEq6.ltrans6.ltrans.o
 .debug_aranges
                0x00000690       0xe8 /tmp/ccMnCEq6.ltrans7.ltrans.o
 .debug_aranges
                0x00000778       0x30 /tmp/ccMnCEq6.ltrans8.ltrans.o
 .debug_aranges
                0x000007a8       0x70 /tmp/ccMnCEq6.ltrans9.ltrans.o
 .debug_aranges
                0x00000818       0xb8 /tmp/ccMnCEq6.ltrans10.ltrans.o

.debug_ranges   0x00000000     0x3310
 .debug_ranges  0x00000000      0xa30 /tmp/ccMnCEq6.ltrans0.ltrans.o
 .debug_ranges  0x00000a30      0x498 /tmp/ccMnCEq6.ltrans1.ltrans.o
 .debug_ranges  0x00000ec8      0x320 /tmp/ccMnCEq6.ltrans2.ltrans.o
 .debug_ranges  0x000011e8      0x3c8 /tmp/ccMnCEq6.ltrans3.ltrans.o
 .debug_ranges  0x000015b0      0x4e8 /tmp/ccMnCEq6.ltrans4.ltrans.o
 .debug_ranges  0x00001a98      0xa30 /tmp/ccMnCEq6.ltrans5.ltrans.o
 .debug_ranges  0x000024c8      0x378 /tmp/ccMnCEq6.ltrans6.ltrans.o
 .debug_ranges  0x00002840      0x448 /tmp/ccMnCEq6.ltrans7.ltrans.o
 .debug_ranges  0x00002c88      0x110 /tmp/ccMnCEq6.ltrans8.ltrans.o
 .debug_ranges  0x00002d98      0x230 /tmp/ccMnCEq6.ltrans9.ltrans.o
 .debug_ranges  0x00002fc8      0x348 /tmp/ccMnCEq6.ltrans10.ltrans.o

.debug_line     0x00000000     0x7dea
 .debug_line    0x00000000     0x1660 /tmp/ccMnCEq6.ltrans0.ltrans.o
 .debug_line    0x00001660      0xbb3 /tmp/ccMnCEq6.ltrans1.ltrans.o
 .debug_line    0x00002213      0xacc /tmp/ccMnCEq6.ltrans2.ltrans.o
 .debug_line    0x00002cdf      0xc56 /tmp/ccMnCEq6.ltrans3.ltrans.o
 .debug_line    0x00003935      0x951 /tmp/ccMnCEq6.ltrans4.ltrans.o
 .debug_line    0x00004286      0xeff /tmp/ccMnCEq6.ltrans5.ltrans.o
 .debug_line    0x00005185      0x884 /tmp/ccMnCEq6.ltrans6.ltrans.o
 .debug_line    0x00005a09      0xb5f /tmp/ccMnCEq6.ltrans7.ltrans.o
 .debug_line    0x00006568      0x6bf /tmp/ccMnCEq6.ltrans8.ltrans.o
 .debug_line    0x00006c27      0x6ae /tmp/ccMnCEq6.ltrans9.ltrans.o
 .debug_line    0x000072d5      0xb15 /tmp/ccMnCEq6.ltrans10.ltrans.o

.debug_str      0x00000000     0x44d8
 .debug_str     0x00000000     0x114c /tmp/ccMnCEq6.ltrans0.ltrans.o
                               0x1232 (size before relaxing)
 .debug_str     0x0000114c      0x42a /tmp/ccMnCEq6.ltrans1.ltrans.o
                                0x9e5 (size before relaxing)
 .debug_str     0x00001576      0xa4d /tmp/ccMnCEq6.ltrans2.ltrans.o
                               0x1142 (size before relaxing)
 .debug_str     0x00001fc3      0x731 /tmp/ccMnCEq6.ltrans3.ltrans.o
                               0x11f9 (size before relaxing)
 .debug_str     0x000026f4      0x4ae /tmp/ccMnCEq6.ltrans4.ltrans.o
                                0xa62 (size before relaxing)
 .debug_str     0x00002ba2      0x902 /tmp/ccMnCEq6.ltrans5.ltrans.o
                               0x18d5 (size before relaxing)
 .debug_str     0x000034a4      0x336 /tmp/ccMnCEq6.ltrans6.ltrans.o
                                0xa11 (size before relaxing)
 .debug_str     0x000037da      0x397 /tmp/ccMnCEq6.ltrans7.ltrans.o
                                0xbc4 (size before relaxing)
 .debug_str     0x00003b71      0x299 /tmp/ccMnCEq6.ltrans8.ltrans.o
                                0xa42 (size before relaxing)
 .debug_str     0x00003e0a      0x2ab /tmp/ccMnCEq6.ltrans9.ltrans.o
                                0x871 (size before relaxing)
 .debug_str     0x000040b5      0x423 /tmp/ccMnCEq6.ltrans10.ltrans.o
                               0x1098 (size before relaxing)

.debug_frame    0x00000000     0x1f54
 .debug_frame   0x00000000      0x7c0 /tmp/ccMnCEq6.ltrans0.ltrans.o
 .debug_frame   0x000007c0      0x300 /tmp/ccMnCEq6.ltrans1.ltrans.o
 .debug_frame   0x00000ac0      0x2ac /tmp/ccMnCEq6.ltrans2.ltrans.o
 .debug_frame   0x00000d6c      0x314 /tmp/ccMnCEq6.ltrans3.ltrans.o
 .debug_frame   0x00001080      0x1d0 /tmp/ccMnCEq6.ltrans4.ltrans.o
 .debug_frame   0x00001250      0x248 /tmp/ccMnCEq6.ltrans5.ltrans.o
 .debug_frame   0x00001498      0x224 /tmp/ccMnCEq6.ltrans6.ltrans.o
 .debug_frame   0x000016bc      0x37c /tmp/ccMnCEq6.ltrans7.ltrans.o
 .debug_frame   0x00001a38       0x8c /tmp/ccMnCEq6.ltrans8.ltrans.o
 .debug_frame   0x00001ac4      0x124 /tmp/ccMnCEq6.ltrans9.ltrans.o
 .debug_frame   0x00001be8      0x230 /tmp/ccMnCEq6.ltrans10.ltrans.o
 .debug_frame   0x00001e18       0x34 /home/laurence/ARM-GCC/gcc-arm-none-eabi-4_9-2014q4/bin/../lib/gcc/arm-none-eabi/4.9.3/../../../../arm-none-eabi/lib/armv7-m/libg.a(lib_a-memset.o)
 .debug_frame   0x00001e4c       0x2c /home/laurence/ARM-GCC/gcc-arm-none-eabi-4_9-2014q4/bin/../lib/gcc/arm-none-eabi/4.9.3/../../../../arm-none-eabi/lib/armv7-m/libg.a(lib_a-strcasecmp.o)
 .debug_frame   0x00001e78       0x20 /home/laurence/ARM-GCC/gcc-arm-none-eabi-4_9-2014q4/bin/../lib/gcc/arm-none-eabi/4.9.3/../../../../arm-none-eabi/lib/armv7-m/libg.a(lib_a-strcpy.o)
 .debug_frame   0x00001e98       0x20 /home/laurence/ARM-GCC/gcc-arm-none-eabi-4_9-2014q4/bin/../lib/gcc/arm-none-eabi/4.9.3/../../../../arm-none-eabi/lib/armv7-m/libg.a(lib_a-strlen.o)
 .debug_frame   0x00001eb8       0x34 /home/laurence/ARM-GCC/gcc-arm-none-eabi-4_9-2014q4/bin/../lib/gcc/arm-none-eabi/4.9.3/../../../../arm-none-eabi/lib/armv7-m/libg.a(lib_a-strncpy.o)
 .debug_frame   0x00001eec       0x34 /home/laurence/ARM-GCC/gcc-arm-none-eabi-4_9-2014q4/bin/../lib/gcc/arm-none-eabi/4.9.3/../../../../arm-none-eabi/lib/armv7-m/libg.a(lib_a-strpbrk.o)
 .debug_frame   0x00001f20       0x34 /home/laurence/ARM-GCC/gcc-arm-none-eabi-4_9-2014q4/bin/../lib/gcc/arm-none-eabi/4.9.3/../../../../arm-none-eabi/lib/armv7-m/libg.a(lib_a-strspn.o)

Cross Reference Table

Symbol                                            File
Active_Frequency                                  /tmp/ccMnCEq6.ltrans8.ltrans.o
                                                  build/obj/Si446x_thread.o (symbol from plugin)
                                                  /tmp/ccMnCEq6.ltrans5.ltrans.o
Active_banddiv                                    build/obj/Si446x_thread.o (symbol from plugin)
Active_level                                      build/obj/Si446x_thread.o (symbol from plugin)
Active_shift                                      build/obj/Si446x_thread.o (symbol from plugin)
BusFault_Handler                                  /tmp/ccMnCEq6.ltrans0.ltrans.o
                                                  build/obj/vectors.o (symbol from plugin)
                                                  /tmp/ccMnCEq6.ltrans2.ltrans.o
Command                                           /tmp/ccMnCEq6.ltrans8.ltrans.o
                                                  build/obj/Si446x_thread.o (symbol from plugin)
                                                  /tmp/ccMnCEq6.ltrans5.ltrans.o
Command_string                                    /tmp/ccMnCEq6.ltrans8.ltrans.o
                                                  build/obj/Si446x_thread.o (symbol from plugin)
                                                  /tmp/ccMnCEq6.ltrans5.ltrans.o
DebugMon_Handler                                  /tmp/ccMnCEq6.ltrans0.ltrans.o
                                                  build/obj/vectors.o (symbol from plugin)
                                                  /tmp/ccMnCEq6.ltrans2.ltrans.o
GPTD3                                             /tmp/ccMnCEq6.ltrans10.ltrans.o
                                                  build/obj/gpt_lld.o (symbol from plugin)
                                                  /tmp/ccMnCEq6.ltrans8.ltrans.o
                                                  /tmp/ccMnCEq6.ltrans7.ltrans.o
                                                  /tmp/ccMnCEq6.ltrans5.ltrans.o
                                                  /tmp/ccMnCEq6.ltrans2.ltrans.o
                                                  build/obj/Si446x_thread.o (symbol from plugin)
GPTD4                                             /tmp/ccMnCEq6.ltrans8.ltrans.o
                                                  build/obj/gpt_lld.o (symbol from plugin)
                                                  /tmp/ccMnCEq6.ltrans7.ltrans.o
                                                  /tmp/ccMnCEq6.ltrans5.ltrans.o
                                                  /tmp/ccMnCEq6.ltrans2.ltrans.o
                                                  build/obj/Si446x_thread.o (symbol from plugin)
HardFault_Handler                                 /tmp/ccMnCEq6.ltrans0.ltrans.o
                                                  build/obj/vectors.o (symbol from plugin)
                                                  /tmp/ccMnCEq6.ltrans2.ltrans.o
MemManage_Handler                                 /tmp/ccMnCEq6.ltrans0.ltrans.o
                                                  build/obj/vectors.o (symbol from plugin)
                                                  /tmp/ccMnCEq6.ltrans2.ltrans.o
NMI_Handler                                       /tmp/ccMnCEq6.ltrans0.ltrans.o
                                                  build/obj/vectors.o (symbol from plugin)
                                                  /tmp/ccMnCEq6.ltrans2.ltrans.o
Outdiv                                            build/obj/Si446x_thread.o (symbol from plugin)
PendSV_Handler                                    /tmp/ccMnCEq6.ltrans0.ltrans.o
                                                  build/obj/vectors.o (symbol from plugin)
                                                  /tmp/ccMnCEq6.ltrans2.ltrans.o
RF_switch                                         build/obj/Si446x_thread.o (symbol from plugin)
RF_switch.part.4.lto_priv.80                      /tmp/ccMnCEq6.ltrans10.ltrans.o
                                                  /tmp/ccMnCEq6.ltrans8.ltrans.o
Reset_Handler                                     /tmp/ccMnCEq6.ltrans0.ltrans.o
                                                  build/obj/crt0.o (symbol from plugin)
                                                  /tmp/ccMnCEq6.ltrans2.ltrans.o
SDU1                                              build/obj/main.o (symbol from plugin)
                                                  build/obj/usbcfg.o (symbol from plugin)
SI_Thread.lto_priv.84                             /tmp/ccMnCEq6.ltrans8.ltrans.o
                                                  /tmp/ccMnCEq6.ltrans5.ltrans.o
SPID1                                             /tmp/ccMnCEq6.ltrans10.ltrans.o
                                                  build/obj/spi_lld.o (symbol from plugin)
                                                  /tmp/ccMnCEq6.ltrans8.ltrans.o
                                                  /tmp/ccMnCEq6.ltrans5.ltrans.o
                                                  build/obj/Si446x_thread.o (symbol from plugin)
SVC_Handler                                       /tmp/ccMnCEq6.ltrans0.ltrans.o
                                                  build/obj/chcore_v7m.o (symbol from plugin)
                                                  build/obj/vectors.o (symbol from plugin)
                                                  /tmp/ccMnCEq6.ltrans2.ltrans.o
Silabs_Header                                     build/obj/Si446x_thread.o (symbol from plugin)
Silabs_Part_ID                                    /tmp/ccMnCEq6.ltrans8.ltrans.o
                                                  build/obj/Si446x_thread.o (symbol from plugin)
                                                  /tmp/ccMnCEq6.ltrans5.ltrans.o
Silabs_busy                                       /tmp/ccMnCEq6.ltrans8.ltrans.o
                                                  build/obj/Si446x_thread.o (symbol from plugin)
                                                  /tmp/ccMnCEq6.ltrans5.ltrans.o
Silabs_callback                                   /tmp/ccMnCEq6.ltrans8.ltrans.o
                                                  build/obj/Si446x_thread.o (symbol from plugin)
                                                  /tmp/ccMnCEq6.ltrans5.ltrans.o
Spawn_Si446x_Thread                               build/obj/Si446x_thread.o (symbol from plugin)
                                                  build/obj/main.o (symbol from plugin)
SysTick_Handler                                   /tmp/ccMnCEq6.ltrans0.ltrans.o
                                                  build/obj/vectors.o (symbol from plugin)
                                                  /tmp/ccMnCEq6.ltrans2.ltrans.o
TestThread                                        /tmp/ccMnCEq6.ltrans0.ltrans.o
                                                  build/obj/test.o (symbol from plugin)
                                                  /tmp/ccMnCEq6.ltrans5.ltrans.o
                                                  build/obj/main.o (symbol from plugin)
USBD1                                             /tmp/ccMnCEq6.ltrans5.ltrans.o
                                                  build/obj/usb_lld.o (symbol from plugin)
                                                  /tmp/ccMnCEq6.ltrans2.ltrans.o
                                                  build/obj/usbcfg.o (symbol from plugin)
UsageFault_Handler                                /tmp/ccMnCEq6.ltrans0.ltrans.o
                                                  build/obj/vectors.o (symbol from plugin)
                                                  /tmp/ccMnCEq6.ltrans2.ltrans.o
Vector100                                         /tmp/ccMnCEq6.ltrans0.ltrans.o
                                                  build/obj/vectors.o (symbol from plugin)
                                                  /tmp/ccMnCEq6.ltrans2.ltrans.o
Vector104                                         /tmp/ccMnCEq6.ltrans0.ltrans.o
                                                  build/obj/vectors.o (symbol from plugin)
                                                  /tmp/ccMnCEq6.ltrans2.ltrans.o
Vector108                                         /tmp/ccMnCEq6.ltrans0.ltrans.o
                                                  build/obj/vectors.o (symbol from plugin)
                                                  /tmp/ccMnCEq6.ltrans2.ltrans.o
Vector10C                                         /tmp/ccMnCEq6.ltrans0.ltrans.o
                                                  build/obj/vectors.o (symbol from plugin)
                                                  /tmp/ccMnCEq6.ltrans2.ltrans.o
Vector110                                         /tmp/ccMnCEq6.ltrans0.ltrans.o
                                                  build/obj/vectors.o (symbol from plugin)
                                                  /tmp/ccMnCEq6.ltrans2.ltrans.o
Vector114                                         /tmp/ccMnCEq6.ltrans0.ltrans.o
                                                  build/obj/vectors.o (symbol from plugin)