Archive member included because of file (symbol)

/home/laurence/ARM-GCC/bin/../lib/gcc/arm-none-eabi/4.7.4/armv7-m/libgcc.a(_arm_addsubdf3.o)
                              /tmp/ccCHtpyS.ltrans7.ltrans.o (__aeabi_dsub)
/home/laurence/ARM-GCC/bin/../lib/gcc/arm-none-eabi/4.7.4/armv7-m/libgcc.a(_arm_muldivdf3.o)
                              /tmp/ccCHtpyS.ltrans7.ltrans.o (__aeabi_dmul)
/home/laurence/ARM-GCC/bin/../lib/gcc/arm-none-eabi/4.7.4/armv7-m/libgcc.a(_arm_fixdfsi.o)
                              /tmp/ccCHtpyS.ltrans7.ltrans.o (__aeabi_d2iz)
/home/laurence/ARM-GCC/bin/../lib/gcc/arm-none-eabi/4.7.4/armv7-m/libgcc.a(_arm_fixunsdfsi.o)
                              /tmp/ccCHtpyS.ltrans8.ltrans.o (__aeabi_d2uiz)
/home/laurence/ARM-GCC/bin/../lib/gcc/arm-none-eabi/4.7.4/armv7-m/libgcc.a(_arm_truncdfsf2.o)
                              /tmp/ccCHtpyS.ltrans7.ltrans.o (__aeabi_d2f)
/home/laurence/ARM-GCC/bin/../lib/gcc/arm-none-eabi/4.7.4/armv7-m/libgcc.a(_arm_addsubsf3.o)
                              /tmp/ccCHtpyS.ltrans4.ltrans.o (__aeabi_fsub)
/home/laurence/ARM-GCC/bin/../lib/gcc/arm-none-eabi/4.7.4/armv7-m/libgcc.a(_arm_muldivsf3.o)
                              /tmp/ccCHtpyS.ltrans4.ltrans.o (__aeabi_fmul)
/home/laurence/ARM-GCC/bin/../lib/gcc/arm-none-eabi/4.7.4/armv7-m/libgcc.a(_arm_cmpsf2.o)
                              /tmp/ccCHtpyS.ltrans7.ltrans.o (__aeabi_fcmplt)
/home/laurence/ARM-GCC/bin/../lib/gcc/arm-none-eabi/4.7.4/armv7-m/libgcc.a(_arm_fixsfsi.o)
                              /tmp/ccCHtpyS.ltrans7.ltrans.o (__aeabi_f2iz)
/home/laurence/ARM-GCC/bin/../lib/gcc/arm-none-eabi/4.7.4/armv7-m/libgcc.a(_arm_fixunssfsi.o)
                              /tmp/ccCHtpyS.ltrans4.ltrans.o (__aeabi_f2uiz)
/home/laurence/ARM-GCC/bin/../lib/gcc/arm-none-eabi/4.7.4/../../../../arm-none-eabi/lib/armv7-m/libg.a(lib_a-memset.o)
                              /tmp/ccCHtpyS.ltrans5.ltrans.o (memset)
/home/laurence/ARM-GCC/bin/../lib/gcc/arm-none-eabi/4.7.4/../../../../arm-none-eabi/lib/armv7-m/libg.a(lib_a-strcasecmp.o)
                              /tmp/ccCHtpyS.ltrans10.ltrans.o (strcasecmp)
/home/laurence/ARM-GCC/bin/../lib/gcc/arm-none-eabi/4.7.4/../../../../arm-none-eabi/lib/armv7-m/libg.a(lib_a-strcpy.o)
                              /tmp/ccCHtpyS.ltrans4.ltrans.o (strcpy)
/home/laurence/ARM-GCC/bin/../lib/gcc/arm-none-eabi/4.7.4/../../../../arm-none-eabi/lib/armv7-m/libg.a(lib_a-strlen.o)
                              /tmp/ccCHtpyS.ltrans4.ltrans.o (strlen)
/home/laurence/ARM-GCC/bin/../lib/gcc/arm-none-eabi/4.7.4/../../../../arm-none-eabi/lib/armv7-m/libg.a(lib_a-strpbrk.o)
                              /tmp/ccCHtpyS.ltrans5.ltrans.o (strpbrk)
/home/laurence/ARM-GCC/bin/../lib/gcc/arm-none-eabi/4.7.4/../../../../arm-none-eabi/lib/armv7-m/libg.a(lib_a-strspn.o)
                              /tmp/ccCHtpyS.ltrans5.ltrans.o (strspn)
/home/laurence/ARM-GCC/bin/../lib/gcc/arm-none-eabi/4.7.4/../../../../arm-none-eabi/lib/armv7-m/libg.a(lib_a-ctype_.o)
                              /home/laurence/ARM-GCC/bin/../lib/gcc/arm-none-eabi/4.7.4/../../../../arm-none-eabi/lib/armv7-m/libg.a(lib_a-strcasecmp.o) (__ctype_ptr__)

Discarded input sections

 .data          0x00000000        0x0 build/obj/chcoreasm_v7m.o
 .bss           0x00000000        0x0 build/obj/chcoreasm_v7m.o
 .text          0x00000000        0x0 build/obj/crt0.o (symbol from plugin)
 .text          0x00000000        0x0 /tmp/ccCHtpyS.ltrans0.ltrans.o
 .data          0x00000000        0x0 /tmp/ccCHtpyS.ltrans0.ltrans.o
 .bss           0x00000000        0x0 /tmp/ccCHtpyS.ltrans0.ltrans.o
 .text          0x00000000        0x0 /tmp/ccCHtpyS.ltrans1.ltrans.o
 .data          0x00000000        0x0 /tmp/ccCHtpyS.ltrans1.ltrans.o
 .bss           0x00000000        0x0 /tmp/ccCHtpyS.ltrans1.ltrans.o
 .text          0x00000000        0x0 /tmp/ccCHtpyS.ltrans2.ltrans.o
 .data          0x00000000        0x0 /tmp/ccCHtpyS.ltrans2.ltrans.o
 .bss           0x00000000        0x0 /tmp/ccCHtpyS.ltrans2.ltrans.o
 .text          0x00000000        0x0 /tmp/ccCHtpyS.ltrans3.ltrans.o
 .data          0x00000000        0x0 /tmp/ccCHtpyS.ltrans3.ltrans.o
 .bss           0x00000000        0x0 /tmp/ccCHtpyS.ltrans3.ltrans.o
 .text          0x00000000        0x0 /tmp/ccCHtpyS.ltrans4.ltrans.o
 .data          0x00000000        0x0 /tmp/ccCHtpyS.ltrans4.ltrans.o
 .bss           0x00000000        0x0 /tmp/ccCHtpyS.ltrans4.ltrans.o
 .text          0x00000000        0x0 /tmp/ccCHtpyS.ltrans5.ltrans.o
 .data          0x00000000        0x0 /tmp/ccCHtpyS.ltrans5.ltrans.o
 .bss           0x00000000        0x0 /tmp/ccCHtpyS.ltrans5.ltrans.o
 .text          0x00000000        0x0 /tmp/ccCHtpyS.ltrans6.ltrans.o
 .data          0x00000000        0x0 /tmp/ccCHtpyS.ltrans6.ltrans.o
 .bss           0x00000000        0x0 /tmp/ccCHtpyS.ltrans6.ltrans.o
 .text          0x00000000        0x0 /tmp/ccCHtpyS.ltrans7.ltrans.o
 .data          0x00000000        0x0 /tmp/ccCHtpyS.ltrans7.ltrans.o
[...]
Memory Configuration

Name             Origin             Length             Attributes
flash            0x08000000         0x00020000
ram              0x20000000         0x00005000
*default*        0x00000000         0xffffffff

Linker script and memory map

LOAD build/obj/chcoreasm_v7m.o
LOAD build/obj/crt0.o
LOAD /tmp/ccCHtpyS.ltrans0.ltrans.o
LOAD /tmp/ccCHtpyS.ltrans1.ltrans.o
LOAD /tmp/ccCHtpyS.ltrans2.ltrans.o
LOAD /tmp/ccCHtpyS.ltrans3.ltrans.o
LOAD /tmp/ccCHtpyS.ltrans4.ltrans.o
LOAD /tmp/ccCHtpyS.ltrans5.ltrans.o
LOAD /tmp/ccCHtpyS.ltrans6.ltrans.o
LOAD /tmp/ccCHtpyS.ltrans7.ltrans.o
LOAD /tmp/ccCHtpyS.ltrans8.ltrans.o
LOAD /tmp/ccCHtpyS.ltrans9.ltrans.o
LOAD /tmp/ccCHtpyS.ltrans10.ltrans.o
LOAD /home/laurence/ARM-GCC/bin/../lib/gcc/arm-none-eabi/4.7.4/armv7-m/libgcc.a
LOAD /home/laurence/ARM-GCC/bin/../lib/gcc/arm-none-eabi/4.7.4/../../../../arm-none-eabi/lib/armv7-m/libg.a
LOAD /home/laurence/ARM-GCC/bin/../lib/gcc/arm-none-eabi/4.7.4/../../../../arm-none-eabi/lib/armv7-m/libc.a
LOAD build/obj/vectors.o
LOAD build/obj/chcore.o
LOAD build/obj/chcore_v7m.o
LOAD build/obj/chsys.o
LOAD build/obj/chdebug.o
LOAD build/obj/chtm.o
LOAD build/obj/chstats.o
LOAD build/obj/chschd.o
LOAD build/obj/chvt.o
LOAD build/obj/chthreads.o
LOAD build/obj/chdynamic.o
LOAD build/obj/chregistry.o
LOAD build/obj/chsem.o
LOAD build/obj/chmtx.o
LOAD build/obj/chcond.o
LOAD build/obj/chevents.o
LOAD build/obj/chmsg.o
LOAD build/obj/chmboxes.o
LOAD build/obj/chqueues.o
LOAD build/obj/chmemcore.o
LOAD build/obj/chheap.o
LOAD build/obj/chmempools.o
LOAD build/obj/test.o
LOAD build/obj/testthd.o
LOAD build/obj/testsem.o
LOAD build/obj/testmtx.o
LOAD build/obj/testmsg.o
LOAD build/obj/testmbox.o
LOAD build/obj/testevt.o
LOAD build/obj/testheap.o
LOAD build/obj/testpools.o
LOAD build/obj/testdyn.o
LOAD build/obj/testqueues.o
LOAD build/obj/testbmk.o
LOAD build/obj/hal.o
LOAD build/obj/hal_queues.o
LOAD build/obj/hal_mmcsd.o
LOAD build/obj/adc.o
LOAD build/obj/can.o
LOAD build/obj/dac.o
LOAD build/obj/ext.o
LOAD build/obj/gpt.o
LOAD build/obj/i2c.o
LOAD build/obj/i2s.o
LOAD build/obj/icu.o
LOAD build/obj/mac.o
LOAD build/obj/mmc_spi.o
LOAD build/obj/pal.o
LOAD build/obj/pwm.o
LOAD build/obj/rtc.o
LOAD build/obj/sdc.o
LOAD build/obj/serial.o
LOAD build/obj/serial_usb.o
LOAD build/obj/spi.o
LOAD build/obj/st.o
LOAD build/obj/uart.o
LOAD build/obj/usb.o
LOAD build/obj/osal.o
LOAD build/obj/nvic.o
LOAD build/obj/stm32_dma.o
LOAD build/obj/hal_lld.o
LOAD build/obj/adc_lld.o
LOAD build/obj/ext_lld_isr.o
LOAD build/obj/can_lld.o
LOAD build/obj/ext_lld.o
LOAD build/obj/mac_lld.o
LOAD build/obj/sdc_lld.o
LOAD build/obj/pal_lld.o
LOAD build/obj/i2c_lld.o
LOAD build/obj/rtc_lld.o
LOAD build/obj/spi_lld.o
LOAD build/obj/gpt_lld.o
LOAD build/obj/icu_lld.o
LOAD build/obj/pwm_lld.o
LOAD build/obj/st_lld.o
LOAD build/obj/serial_lld.o
LOAD build/obj/uart_lld.o
LOAD build/obj/usb_lld.o
LOAD build/obj/board.o
LOAD build/obj/shell.o
LOAD build/obj/chprintf.o
LOAD build/obj/main.o
LOAD build/obj/usbcfg.o
LOAD build/obj/Si446x_thread.o
                0x20000000                __ram_start__ = ORIGIN (ram)
                0x00005000                __ram_size__ = 0x5000
                0x20005000                __ram_end__ = (__ram_start__ + __ram_size__)
                0x00000000                . = 0x0
                0x00000000                _text = .

startup         0x08000000      0x140
 *(vectors)
 vectors        0x08000000      0x140 /tmp/ccCHtpyS.ltrans7.ltrans.o
                0x08000000                _vectors

constructors    0x08000140        0x0
                0x08000140                PROVIDE (__init_array_start, .)
 *(SORT(.init_array.*))
 *(.init_array)
                0x08000140                PROVIDE (__init_array_end, .)

destructors     0x08000140        0x0
                0x08000140                PROVIDE (__fini_array_start, .)
 *(.fini_array)
 *(SORT(.fini_array.*))
                0x08000140                PROVIDE (__fini_array_end, .)

.text           0x08000140     0xb224
 *(.text.startup.*)
 .text.startup.main.4417
                0x08000140      0x590 /tmp/ccCHtpyS.ltrans7.ltrans.o
 *(.text)
 .text          0x080006d0       0x26 build/obj/chcoreasm_v7m.o
                0x080006d0                _port_switch
                0x080006e0                _port_thread_start
                0x080006ee                _port_switch_from_isr
                0x080006f2                _port_exit_from_isr
 *fill*         0x080006f6        0xa 00
 .text          0x08000700      0x370 /home/laurence/ARM-GCC/bin/../lib/gcc/arm-none-eabi/4.7.4/armv7-m/libgcc.a(_arm_addsubdf3.o)
                0x08000700                __aeabi_drsub
                0x08000708                __aeabi_dsub
                0x08000708                __subdf3
                0x0800070c                __adddf3
                0x0800070c                __aeabi_dadd
                0x08000984                __aeabi_ui2d
                0x08000984                __floatunsidf
                0x080009a4                __floatsidf
                0x080009a4                __aeabi_i2d
                0x080009c8                __extendsfdf2
                0x080009c8                __aeabi_f2d
                0x08000a04                __aeabi_ul2d
                0x08000a04                __floatundidf
                0x08000a14                __floatdidf
                0x08000a14                __aeabi_l2d
 .text          0x08000a70      0x424 /home/laurence/ARM-GCC/bin/../lib/gcc/arm-none-eabi/4.7.4/armv7-m/libgcc.a(_arm_muldivdf3.o)
                0x08000a70                __aeabi_dmul
                0x08000a70                __muldf3
                0x08000cc4                __aeabi_ddiv
                0x08000cc4                __divdf3
 *fill*         0x08000e94        0xc 00
 .text          0x08000ea0       0x50 /home/laurence/ARM-GCC/bin/../lib/gcc/arm-none-eabi/4.7.4/armv7-m/libgcc.a(_arm_fixdfsi.o)
                0x08000ea0                __fixdfsi
                0x08000ea0                __aeabi_d2iz
 .text          0x08000ef0       0x40 /home/laurence/ARM-GCC/bin/../lib/gcc/arm-none-eabi/4.7.4/armv7-m/libgcc.a(_arm_fixunsdfsi.o)
                0x08000ef0                __fixunsdfsi
                0x08000ef0                __aeabi_d2uiz
 .text          0x08000f30       0xa0 /home/laurence/ARM-GCC/bin/../lib/gcc/arm-none-eabi/4.7.4/armv7-m/libgcc.a(_arm_truncdfsf2.o)
                0x08000f30                __aeabi_d2f
                0x08000f30                __truncdfsf2
 .text          0x08000fd0      0x21c /home/laurence/ARM-GCC/bin/../lib/gcc/arm-none-eabi/4.7.4/armv7-m/libgcc.a(_arm_addsubsf3.o)
                0x08000fd0                __aeabi_frsub
                0x08000fd8                __subsf3
                0x08000fd8                __aeabi_fsub
                0x08000fdc                __aeabi_fadd
                0x08000fdc                __addsf3
                0x0800113c                __aeabi_ui2f
                0x0800113c                __floatunsisf
                0x08001144                __aeabi_i2f
                0x08001144                __floatsisf
                0x08001160                __floatundisf
                0x08001160                __aeabi_ul2f
                0x08001170                __floatdisf
                0x08001170                __aeabi_l2f
 *fill*         0x080011ec        0x4 00
 .text          0x080011f0      0x2a0 /home/laurence/ARM-GCC/bin/../lib/gcc/arm-none-eabi/4.7.4/armv7-m/libgcc.a(_arm_muldivsf3.o)
                0x080011f0                __mulsf3
                0x080011f0                __aeabi_fmul
                0x08001358                __divsf3
                0x08001358                __aeabi_fdiv
 .text          0x08001490       0xec /home/laurence/ARM-GCC/bin/../lib/gcc/arm-none-eabi/4.7.4/armv7-m/libgcc.a(_arm_cmpsf2.o)
                0x08001490                __gtsf2
                0x08001490                __gesf2
                0x08001498                __lesf2
                0x08001498                __ltsf2
                0x080014a0                __nesf2
                0x080014a0                __eqsf2
                0x080014a0                __cmpsf2
                0x08001500                __aeabi_cfrcmple
                0x08001508                __aeabi_cfcmple
                0x08001508                __aeabi_cfcmpeq
                0x08001518                __aeabi_fcmpeq
                0x0800152c                __aeabi_fcmplt
                0x08001540                __aeabi_fcmple
                0x08001554                __aeabi_fcmpge
                0x08001568                __aeabi_fcmpgt
 *fill*         0x0800157c        0x4 00
 .text          0x08001580       0x4c /home/laurence/ARM-GCC/bin/../lib/gcc/arm-none-eabi/4.7.4/armv7-m/libgcc.a(_arm_fixsfsi.o)
                0x08001580                __fixsfsi
                0x08001580                __aeabi_f2iz
 *fill*         0x080015cc        0x4 00
 .text          0x080015d0       0x40 /home/laurence/ARM-GCC/bin/../lib/gcc/arm-none-eabi/4.7.4/armv7-m/libgcc.a(_arm_fixunssfsi.o)
                0x080015d0                __aeabi_f2uiz
                0x080015d0                __fixunssfsi
 *(.text.*)
 .text.tmr.6612
                0x08001610       0x10 /tmp/ccCHtpyS.ltrans0.ltrans.o
                0x08001610                tmr.6612
 .text.chCoreAlloc
                0x08001620       0x40 /tmp/ccCHtpyS.ltrans0.ltrans.o
                0x08001620                chCoreAlloc
 .text.wakeup.4589
                0x08001660       0x60 /tmp/ccCHtpyS.ltrans0.ltrans.o
                0x08001660                wakeup.4589
 .text._idle_thread.4288
                0x080016c0       0x20 /tmp/ccCHtpyS.ltrans0.ltrans.o
                0x080016c0                _idle_thread.4288
 .text.SVC_Handler
                0x080016e0       0x20 /tmp/ccCHtpyS.ltrans0.ltrans.o
                0x080016e0                SVC_Handler
 .text.test_terminate_threads
                0x08001700       0x80 /tmp/ccCHtpyS.ltrans0.ltrans.o
                0x08001700                test_terminate_threads
 .text._test_assert_time_window
                0x08001780       0x50 /tmp/ccCHtpyS.ltrans0.ltrans.o
                0x08001780                _test_assert_time_window
 .text._test_assert_sequence
                0x080017d0       0x90 /tmp/ccCHtpyS.ltrans0.ltrans.o
                0x080017d0                _test_assert_sequence
 .text._test_assert
                0x08001860       0x30 /tmp/ccCHtpyS.ltrans0.ltrans.o
                0x08001860                _test_assert
 .text.test_emit_token
                0x08001890       0x20 /tmp/ccCHtpyS.ltrans0.ltrans.o
                0x08001890                test_emit_token
 .text.test_println
                0x080018b0       0x30 /tmp/ccCHtpyS.ltrans0.ltrans.o
                0x080018b0                test_println
 .text.test_print
                0x080018e0       0x20 /tmp/ccCHtpyS.ltrans0.ltrans.o
                0x080018e0                test_print
 .text.test_printn
                0x08001900       0x90 /tmp/ccCHtpyS.ltrans0.ltrans.o
                0x08001900                test_printn
 .text.print_line.6617
                0x08001990       0x40 /tmp/ccCHtpyS.ltrans0.ltrans.o
                0x08001990                print_line.6617
 .text.chPoolAlloc
                0x080019d0       0x30 /tmp/ccCHtpyS.ltrans0.ltrans.o
                0x080019d0                chPoolAlloc
 .text.chEvtUnregister
                0x08001a00       0x30 /tmp/ccCHtpyS.ltrans0.ltrans.o
                0x08001a00                chEvtUnregister
 .text.chThdYield
                0x08001a30       0x50 /tmp/ccCHtpyS.ltrans0.ltrans.o
                0x08001a30                chThdYield
 .text.chThdCreateI
                0x08001a80       0x70 /tmp/ccCHtpyS.ltrans0.ltrans.o
                0x08001a80                chThdCreateI
 .text.chSchDoRescheduleAhead
                0x08001af0       0x40 /tmp/ccCHtpyS.ltrans0.ltrans.o
                0x08001af0                chSchDoRescheduleAhead
 .text.chSchRescheduleS
                0x08001b30       0x20 /tmp/ccCHtpyS.ltrans0.ltrans.o
                0x08001b30                chSchRescheduleS
 .text.chThdSetPriority.4281
                0x08001b50       0x30 /tmp/ccCHtpyS.ltrans0.ltrans.o
 .text.thd3_execute.6824
                0x08001b80      0x150 /tmp/ccCHtpyS.ltrans0.ltrans.o
                0x08001b80                thd3_execute.6824
 .text.chSchWakeupS
                0x08001cd0       0x60 /tmp/ccCHtpyS.ltrans0.ltrans.o
                0x08001cd0                chSchWakeupS
 .text.chMtxUnlock
                0x08001d30       0x60 /tmp/ccCHtpyS.ltrans0.ltrans.o
                0x08001d30                chMtxUnlock
 .text.chSemSignal
                0x08001d90       0x30 /tmp/ccCHtpyS.ltrans0.ltrans.o
                0x08001d90                chSemSignal
 .text.chThdCreateStatic
                0x08001dc0       0x80 /tmp/ccCHtpyS.ltrans0.ltrans.o
                0x08001dc0                chThdCreateStatic
 .text.chSchGoSleepS
                0x08001e40       0x30 /tmp/ccCHtpyS.ltrans0.ltrans.o
                0x08001e40                chSchGoSleepS
 .text.chMsgWait
                0x08001e70       0x40 /tmp/ccCHtpyS.ltrans0.ltrans.o
                0x08001e70                chMsgWait
 .text.chSemWait
                0x08001eb0       0x40 /tmp/ccCHtpyS.ltrans0.ltrans.o
                0x08001eb0                chSemWait
 .text._port_irq_epilogue
                0x08001ef0       0x60 /tmp/ccCHtpyS.ltrans0.ltrans.o
                0x08001ef0                _port_irq_epilogue
 .text.chSchReadyI
                0x08001f50       0x20 /tmp/ccCHtpyS.ltrans0.ltrans.o
                0x08001f50                chSchReadyI
 .text.chMsgSend
                0x08001f70       0x40 /tmp/ccCHtpyS.ltrans0.ltrans.o
                0x08001f70                chMsgSend
 .text.chEvtSignalI
                0x08001fb0       0x30 /tmp/ccCHtpyS.ltrans0.ltrans.o
                0x08001fb0                chEvtSignalI
 .text.chEvtBroadcastFlagsI
                0x08001fe0       0x30 /tmp/ccCHtpyS.ltrans0.ltrans.o
                0x08001fe0                chEvtBroadcastFlagsI
 .text.chMtxUnlockAll
                0x08002010       0x60 /tmp/ccCHtpyS.ltrans0.ltrans.o
                0x08002010                chMtxUnlockAll
 .text.chMtxUnlockS
                0x08002070       0x50 /tmp/ccCHtpyS.ltrans0.ltrans.o
                0x08002070                chMtxUnlockS
 .text.chMtxLockS
                0x080020c0       0xd0 /tmp/ccCHtpyS.ltrans0.ltrans.o
                0x080020c0                chMtxLockS
 .text.chMtxLock
                0x08002190       0x20 /tmp/ccCHtpyS.ltrans0.ltrans.o
                0x08002190                chMtxLock
 .text.chHeapStatus
                0x080021b0       0x40 /tmp/ccCHtpyS.ltrans0.ltrans.o
                0x080021b0                chHeapStatus
 .text.chHeapFree
                0x080021f0       0x90 /tmp/ccCHtpyS.ltrans0.ltrans.o
                0x080021f0                chHeapFree
 .text.chThdRelease
                0x08002280       0x60 /tmp/ccCHtpyS.ltrans0.ltrans.o
                0x08002280                chThdRelease
 .text.chThdWait
                0x080022e0       0x40 /tmp/ccCHtpyS.ltrans0.ltrans.o
                0x080022e0                chThdWait
 .text.test_wait_threads
                0x08002320       0x50 /tmp/ccCHtpyS.ltrans0.ltrans.o
                0x08002320                test_wait_threads
 .text.thd2_execute.6826
                0x08002370      0x100 /tmp/ccCHtpyS.ltrans0.ltrans.o
                0x08002370                thd2_execute.6826
 .text.chRegNextThread
                0x08002470       0x30 /tmp/ccCHtpyS.ltrans0.ltrans.o
                0x08002470                chRegNextThread
 .text.chHeapAlloc
                0x080024a0       0x90 /tmp/ccCHtpyS.ltrans0.ltrans.o
                0x080024a0                chHeapAlloc
 .text.chThdCreateFromHeap
                0x08002530       0x40 /tmp/ccCHtpyS.ltrans0.ltrans.o
                0x08002530                chThdCreateFromHeap
 .text.chSemSignalI
                0x08002570       0x20 /tmp/ccCHtpyS.ltrans0.ltrans.o
                0x08002570                chSemSignalI
 .text.chSemResetI
                0x08002590       0x70 /tmp/ccCHtpyS.ltrans0.ltrans.o
                0x08002590                chSemResetI
 .text.chThdExitS
                0x08002600       0x40 /tmp/ccCHtpyS.ltrans0.ltrans.o
                0x08002600                chThdExitS
 .text.chTMStopMeasurementX
                0x08002640       0x50 /tmp/ccCHtpyS.ltrans0.ltrans.o
                0x08002640                chTMStopMeasurementX
 .text.chTMStartMeasurementX
                0x08002690       0x10 /tmp/ccCHtpyS.ltrans0.ltrans.o
                0x08002690                chTMStartMeasurementX
 .text._unhandled_exception.4346
                0x080026a0       0x10 /tmp/ccCHtpyS.ltrans0.ltrans.o
                0x080026a0                Vector58
                0x080026a0                VectorE8
                0x080026a0                Vector9C
                0x080026a0                VectorAC
                0x080026a0                DebugMon_Handler
                0x080026a0                Vector5C
                0x080026a0                Vector11C
                0x080026a0                HardFault_Handler
                0x080026a0                SysTick_Handler
                0x080026a0                VectorDC
                0x080026a0                PendSV_Handler
                0x080026a0                NMI_Handler
                0x080026a0                Vector110
                0x080026a0                Vector120
                0x080026a0                VectorC8
                0x080026a0                Vector94
                0x080026a0                VectorA8
                0x080026a0                VectorB4
                0x080026a0                UsageFault_Handler
                0x080026a0                VectorEC
                0x080026a0                Vector40
                0x080026a0                VectorF8
                0x080026a0                Vector108
                0x080026a0                VectorBC
                0x080026a0                Vector124
                0x080026a0                Vector118
                0x080026a0                Vector64
                0x080026a0                VectorCC
                0x080026a0                Vector54
                0x080026a0                Vector98
                0x080026a0                VectorD8
                0x080026a0                Vector138
                0x080026a0                Vector24
                0x080026a0                VectorD0
                0x080026a0                VectorE4
                0x080026a0                VectorC0
                0x080026a0                Vector130
                0x080026a0                Vector134
                0x080026a0                VectorF0
                0x080026a0                Vector12C
                0x080026a0                Vector13C
                0x080026a0                Vector100
                0x080026a0                VectorE0
                0x080026a0                VectorF4
                0x080026a0                MemManage_Handler
                0x080026a0                VectorA0
                0x080026a0                VectorC4
                0x080026a0                Vector114
                0x080026a0                Vector60
                0x080026a0                Vector1C
                0x080026a0                Vector48
                0x080026a0                VectorD4
                0x080026a0                Vector4C
                0x080026a0                Vector68
                0x080026a0                Vector88
                0x080026a0                Vector104
                0x080026a0                Vector10C
                0x080026a0                BusFault_Handler
                0x080026a0                Vector50
                0x080026a0                Vector44
                0x080026a0                Vector28
                0x080026a0                VectorFC
                0x080026a0                Vector34
                0x080026a0                Vector128
                0x080026a0                VectorA4
                0x080026a0                Vector20
 .text.cmd_threads.11054
                0x080026b0       0x80 /tmp/ccCHtpyS.ltrans1.ltrans.o
                0x080026b0                cmd_threads.11054
 .text.silabs_tune_up
                0x08002730       0x50 /tmp/ccCHtpyS.ltrans1.ltrans.o
                0x08002730                silabs_tune_up
 .text.bmk6_execute.8479
                0x08002780       0x70 /tmp/ccCHtpyS.ltrans1.ltrans.o
                0x08002780                bmk6_execute.8479
 .text.msg1_execute.7393
                0x080027f0       0xa0 /tmp/ccCHtpyS.ltrans1.ltrans.o
                0x080027f0                msg1_execute.7393
 .text.bmk4_execute.8487
                0x08002890       0xc0 /tmp/ccCHtpyS.ltrans1.ltrans.o
                0x08002890                bmk4_execute.8487
 .text.sem2_execute.7099
                0x08002950      0x300 /tmp/ccCHtpyS.ltrans1.ltrans.o
                0x08002950                sem2_execute.7099
 .text.cmd_info.10624
                0x08002c50       0xc0 /tmp/ccCHtpyS.ltrans1.ltrans.o
                0x08002c50                cmd_info.10624
 .text.cmd_systime.10616
                0x08002d10       0x40 /tmp/ccCHtpyS.ltrans1.ltrans.o
                0x08002d10                cmd_systime.10616
 .text.evt1_execute.7722
                0x08002d50       0xe0 /tmp/ccCHtpyS.ltrans1.ltrans.o
                0x08002d50                evt1_execute.7722
 .text.thd4_execute.6832
                0x08002e30       0xd0 /tmp/ccCHtpyS.ltrans1.ltrans.o
                0x08002e30                thd4_execute.6832
 .text.bmk12_execute.8462
                0x08002f00       0x70 /tmp/ccCHtpyS.ltrans1.ltrans.o
                0x08002f00                bmk12_execute.8462
 .text.bmk11_execute.8466
                0x08002f70       0x70 /tmp/ccCHtpyS.ltrans1.ltrans.o
                0x08002f70                bmk11_execute.8466
 .text.bmk10_execute.8472
                0x08002fe0       0x80 /tmp/ccCHtpyS.ltrans1.ltrans.o
                0x08002fe0                bmk10_execute.8472
 .text.bmk8_execute.8481
                0x08003060       0xf0 /tmp/ccCHtpyS.ltrans1.ltrans.o
                0x08003060                bmk8_execute.8481
 .text.bmk7_execute.8483
                0x08003150      0x130 /tmp/ccCHtpyS.ltrans1.ltrans.o
                0x08003150                bmk7_execute.8483
 .text.bmk5_execute.8485
                0x08003280       0x70 /tmp/ccCHtpyS.ltrans1.ltrans.o
                0x08003280                bmk5_execute.8485
 .text.msg_loop_test.8489.4300
                0x080032f0       0x30 /tmp/ccCHtpyS.ltrans1.ltrans.o
 .text.bmk1_execute.8496
                0x08003320       0x80 /tmp/ccCHtpyS.ltrans1.ltrans.o
                0x08003320                bmk1_execute.8496
 .text.bmk2_execute.8494
                0x080033a0       0x80 /tmp/ccCHtpyS.ltrans1.ltrans.o
                0x080033a0                bmk2_execute.8494
 .text.bmk3_execute.8492
                0x08003420       0xf0 /tmp/ccCHtpyS.ltrans1.ltrans.o
                0x08003420                bmk3_execute.8492
 .text.chIQPutI
                0x08003510       0x50 /tmp/ccCHtpyS.ltrans1.ltrans.o
                0x08003510                chIQPutI
 .text.bmk9_execute.8477
                0x08003560       0xb0 /tmp/ccCHtpyS.ltrans1.ltrans.o
                0x08003560                bmk9_execute.8477
 .text.dyn2_setup.8092
                0x08003610       0x20 /tmp/ccCHtpyS.ltrans2.ltrans.o
                0x08003610                dyn2_setup.8092
 .text.pools1_setup.7960
                0x08003630       0x20 /tmp/ccCHtpyS.ltrans2.ltrans.o
                0x08003630                pools1_setup.7960
 .text.dyn1_setup.8088
                0x08003650       0x30 /tmp/ccCHtpyS.ltrans2.ltrans.o
                0x08003650                dyn1_setup.8088
 .text.spi_lld_serve_rx_interrupt.9955
                0x08003680       0x80 /tmp/ccCHtpyS.ltrans2.ltrans.o
                0x08003680                spi_lld_serve_rx_interrupt.9955
 .text.chSemSignalWait.constprop.59.4429
                0x08003700       0x70 /tmp/ccCHtpyS.ltrans2.ltrans.o
 .text.chCondSignalI.constprop.55.4451
                0x08003770       0x20 /tmp/ccCHtpyS.ltrans2.ltrans.o
 .text.chCondSignal.constprop.56.4445
                0x08003790       0x30 /tmp/ccCHtpyS.ltrans2.ltrans.o
 .text.sem3_execute.7095
                0x080037c0       0xa0 /tmp/ccCHtpyS.ltrans2.ltrans.o
                0x080037c0                sem3_execute.7095
 .text.mtx8_execute.7281
                0x08003860       0xb0 /tmp/ccCHtpyS.ltrans2.ltrans.o
                0x08003860                mtx8_execute.7281
 .text.mtx6_execute.7297
                0x08003910       0xf0 /tmp/ccCHtpyS.ltrans2.ltrans.o
                0x08003910                mtx6_execute.7297
 .text.mtx7_execute.7295
                0x08003a00       0xf0 /tmp/ccCHtpyS.ltrans2.ltrans.o
                0x08003a00                mtx7_execute.7295
 .text.sem1_execute.7091
                0x08003af0      0x180 /tmp/ccCHtpyS.ltrans2.ltrans.o
                0x08003af0                sem1_execute.7091
 .text.thread10.7266.4436
                0x08003c70       0x70 /tmp/ccCHtpyS.ltrans2.ltrans.o
 .text.VectorB8
                0x08003ce0       0x40 /tmp/ccCHtpyS.ltrans2.ltrans.o
                0x08003ce0                VectorB8
 .text.chVTDoResetI
                0x08003d20       0x60 /tmp/ccCHtpyS.ltrans2.ltrans.o
                0x08003d20                chVTDoResetI
 .text.chVTDoSetI
                0x08003d80       0x90 /tmp/ccCHtpyS.ltrans2.ltrans.o
                0x08003d80                chVTDoSetI
 .text.chSchGoSleepTimeoutS
                0x08003e10       0x50 /tmp/ccCHtpyS.ltrans2.ltrans.o
                0x08003e10                chSchGoSleepTimeoutS
 .text.chThdEnqueueTimeoutS
                0x08003e60       0x30 /tmp/ccCHtpyS.ltrans2.ltrans.o
                0x08003e60                chThdEnqueueTimeoutS
 .text.chIQReadTimeout
                0x08003e90       0x80 /tmp/ccCHtpyS.ltrans2.ltrans.o
                0x08003e90                chIQReadTimeout
 .text.chOQPutTimeout
                0x08003f10       0x50 /tmp/ccCHtpyS.ltrans2.ltrans.o
                0x08003f10                chOQPutTimeout
 .text.thread2.8249
                0x08003f60       0x20 /tmp/ccCHtpyS.ltrans2.ltrans.o
                0x08003f60                thread2.8249
 .text.putt.8869
                0x08003f80       0x10 /tmp/ccCHtpyS.ltrans2.ltrans.o
                0x08003f80                putt.8869
 .text.put.8874
                0x08003f90       0x10 /tmp/ccCHtpyS.ltrans2.ltrans.o
                0x08003f90                put.8874
 .text.chOQWriteTimeout
                0x08003fa0       0x80 /tmp/ccCHtpyS.ltrans2.ltrans.o
                0x08003fa0                chOQWriteTimeout
 .text.writet.8851
                0x08004020       0x10 /tmp/ccCHtpyS.ltrans2.ltrans.o
                0x08004020                writet.8851
 .text.write.8857
                0x08004030       0x10 /tmp/ccCHtpyS.ltrans2.ltrans.o
                0x08004030                write.8857
 .text.chSemWaitTimeoutS
                0x08004040       0x40 /tmp/ccCHtpyS.ltrans2.ltrans.o
                0x08004040                chSemWaitTimeoutS
 .text.unlikely.chMBFetch.constprop.33
                0x08004080       0x4c /tmp/ccCHtpyS.ltrans2.ltrans.o
                0x08004080                chMBFetch.constprop.33
 *fill*         0x080040cc        0x4 00
 .text.test_start_timer.constprop.26
                0x080040d0       0x40 /tmp/ccCHtpyS.ltrans2.ltrans.o
                0x080040d0                test_start_timer.constprop.26
 .text.chThdCreateFromMemoryPool.constprop.62
                0x08004110       0x50 /tmp/ccCHtpyS.ltrans2.ltrans.o
                0x08004110                chThdCreateFromMemoryPool.constprop.62
 .text.chEvtGetAndClearEvents.constprop.49
                0x08004160       0x20 /tmp/ccCHtpyS.ltrans2.ltrans.o
                0x08004160                chEvtGetAndClearEvents.constprop.49
 .text.evt1_setup.7710
                0x08004180       0x10 /tmp/ccCHtpyS.ltrans2.ltrans.o
                0x08004180                evt1_setup.7710
 .text.evt2_setup.7708
                0x08004190       0x10 /tmp/ccCHtpyS.ltrans2.ltrans.o
                0x08004190                evt2_setup.7708
 .text.evt3_setup.7706
                0x080041a0       0x10 /tmp/ccCHtpyS.ltrans2.ltrans.o
                0x080041a0                evt3_setup.7706
 .text.chEvtWaitOne.constprop.45
                0x080041b0       0x40 /tmp/ccCHtpyS.ltrans2.ltrans.o
                0x080041b0                chEvtWaitOne.constprop.45
 .text.unlikely.chEvtWaitAny.constprop.44
                0x080041f0       0x34 /tmp/ccCHtpyS.ltrans2.ltrans.o
                0x080041f0                chEvtWaitAny.constprop.44
 *fill*         0x08004224        0xc 00
 .text.chMBPostI.constprop.36
                0x08004230       0x40 /tmp/ccCHtpyS.ltrans2.ltrans.o
                0x08004230                chMBPostI.constprop.36
 .text.chMBPostAheadI.constprop.34
                0x08004270       0x40 /tmp/ccCHtpyS.ltrans2.ltrans.o
                0x08004270                chMBPostAheadI.constprop.34
 .text.unlikely.chMBFetchI.constprop.32
                0x080042b0       0x3c /tmp/ccCHtpyS.ltrans2.ltrans.o
                0x080042b0                chMBFetchI.constprop.32
 *fill*         0x080042ec        0x4 00
 .text.dmaStreamAllocate.constprop.14
                0x080042f0       0xa0 /tmp/ccCHtpyS.ltrans2.ltrans.o
                0x080042f0                dmaStreamAllocate.constprop.14
 .text.queues2_setup.8259
                0x08004390       0x40 /tmp/ccCHtpyS.ltrans3.ltrans.o
                0x08004390                queues2_setup.8259
 .text.queues1_setup.8264
                0x080043d0       0x30 /tmp/ccCHtpyS.ltrans3.ltrans.o
                0x080043d0                queues1_setup.8264
 .text.mtx8_setup.7283
                0x08004400       0x30 /tmp/ccCHtpyS.ltrans3.ltrans.o
                0x08004400                mtx8_setup.7283
 .text.mtx7_setup.7285
                0x08004430       0x20 /tmp/ccCHtpyS.ltrans3.ltrans.o
                0x08004430                mtx7_setup.7285
 .text.mtx6_setup.7287
                0x08004450       0x20 /tmp/ccCHtpyS.ltrans3.ltrans.o
                0x08004450                mtx6_setup.7287
 .text.mtx5_setup.7289
                0x08004470       0x20 /tmp/ccCHtpyS.ltrans3.ltrans.o
                0x08004470                mtx5_setup.7289
 .text.mtx4_setup.7291
                0x08004490       0x20 /tmp/ccCHtpyS.ltrans3.ltrans.o
                0x08004490                mtx4_setup.7291
 .text.mtx1_setup.7293
                0x080044b0       0x20 /tmp/ccCHtpyS.ltrans3.ltrans.o
                0x080044b0                mtx1_setup.7293
 .text.bmk12_setup.8464
                0x080044d0       0x20 /tmp/ccCHtpyS.ltrans3.ltrans.o
                0x080044d0                bmk12_setup.8464
 .text.spi_lld_serve_tx_interrupt.9951
                0x080044f0       0x20 /tmp/ccCHtpyS.ltrans3.ltrans.o
                0x080044f0                spi_lld_serve_tx_interrupt.9951
 .text.mbox1_setup.7601
                0x08004510       0x40 /tmp/ccCHtpyS.ltrans3.ltrans.o
                0x08004510                mbox1_setup.7601
 .text.sem3_setup.7070
                0x08004550       0x20 /tmp/ccCHtpyS.ltrans3.ltrans.o
                0x08004550                sem3_setup.7070
 .text.sem2_setup.7072
                0x08004570       0x20 /tmp/ccCHtpyS.ltrans3.ltrans.o
                0x08004570                sem2_setup.7072
 .text.sem1_setup.7074
                0x08004590       0x20 /tmp/ccCHtpyS.ltrans3.ltrans.o
                0x08004590                sem1_setup.7074
 .text.bmk11_setup.8468
                0x080045b0       0x20 /tmp/ccCHtpyS.ltrans3.ltrans.o
                0x080045b0                bmk11_setup.8468
 .text.bmk7_setup.8470
                0x080045d0       0x20 /tmp/ccCHtpyS.ltrans3.ltrans.o
                0x080045d0                bmk7_setup.8470
 .text.VectorB0
                0x080045f0       0xa0 /tmp/ccCHtpyS.ltrans3.ltrans.o
                0x080045f0                VectorB0
 .text.thread2.8457
                0x08004690       0x30 /tmp/ccCHtpyS.ltrans3.ltrans.o
                0x08004690                thread2.8457
 .text.pools1_execute.7964
                0x080046c0      0x200 /tmp/ccCHtpyS.ltrans3.ltrans.o
                0x080046c0                pools1_execute.7964
 .text.dyn2_execute.8090
                0x080048c0      0x160 /tmp/ccCHtpyS.ltrans3.ltrans.o
                0x080048c0                dyn2_execute.8090
 .text.thread11.7269
                0x08004a20       0x90 /tmp/ccCHtpyS.ltrans3.ltrans.o
                0x08004a20                thread11.7269
 .text.readt.8838
                0x08004ab0       0x10 /tmp/ccCHtpyS.ltrans3.ltrans.o
                0x08004ab0                readt.8838
 .text.read.8846
                0x08004ac0       0x10 /tmp/ccCHtpyS.ltrans3.ltrans.o
                0x08004ac0                read.8846
 .text.chThdDequeueAllI
                0x08004ad0       0x30 /tmp/ccCHtpyS.ltrans3.ltrans.o
                0x08004ad0                chThdDequeueAllI
 .text.usb_packet_write_from_queue.10323.4249
                0x08004b00      0x130 /tmp/ccCHtpyS.ltrans3.ltrans.o
 .text.Vector90
                0x08004c30      0x4c0 /tmp/ccCHtpyS.ltrans3.ltrans.o
                0x08004c30                Vector90
 .text.usb_lld_prepare_transmit
                0x080050f0       0xb0 /tmp/ccCHtpyS.ltrans3.ltrans.o
                0x080050f0                usb_lld_prepare_transmit
 .text.usbPrepareTransmit.constprop.8
                0x080051a0       0x20 /tmp/ccCHtpyS.ltrans3.ltrans.o
                0x080051a0                usbPrepareTransmit.constprop.8
 .text.onotify.8832
                0x080051c0       0x70 /tmp/ccCHtpyS.ltrans3.ltrans.o
                0x080051c0                onotify.8832
 .text.chIQGetTimeout
                0x08005230       0x50 /tmp/ccCHtpyS.ltrans3.ltrans.o
                0x08005230                chIQGetTimeout
 .text.thread1.8252
                0x08005280       0x20 /tmp/ccCHtpyS.ltrans3.ltrans.o
                0x08005280                thread1.8252
 .text.gett.8862
                0x080052a0       0x10 /tmp/ccCHtpyS.ltrans3.ltrans.o
                0x080052a0                gett.8862
 .text.get.8866
                0x080052b0       0x10 /tmp/ccCHtpyS.ltrans3.ltrans.o
                0x080052b0                get.8866
 .text._usb_ep0in
                0x080052c0       0xd0 /tmp/ccCHtpyS.ltrans4.ltrans.o
                0x080052c0                _usb_ep0in
 .text.thread4.7051
                0x08005390       0x20 /tmp/ccCHtpyS.ltrans4.ltrans.o
                0x08005390                thread4.7051
 .text.silabs_send_command.4353
                0x080053b0       0x90 /tmp/ccCHtpyS.ltrans4.ltrans.o
 .text.silabs_tune_down.4390
                0x08005440       0x50 /tmp/ccCHtpyS.ltrans4.ltrans.o
 .text.thread2.7700
                0x08005490       0x50 /tmp/ccCHtpyS.ltrans4.ltrans.o
                0x08005490                thread2.7700
 .text.usb_event.11375
                0x080054e0       0xb0 /tmp/ccCHtpyS.ltrans4.ltrans.o
                0x080054e0                usb_event.11375
 .text.chOQGetI.constprop.31.4452
                0x08005590       0x50 /tmp/ccCHtpyS.ltrans4.ltrans.o
 .text.queues2_execute.8268
                0x080055e0      0x2a0 /tmp/ccCHtpyS.ltrans4.ltrans.o
                0x080055e0                queues2_execute.8268
 .text.mtx5_execute.7301
                0x08005880      0x110 /tmp/ccCHtpyS.ltrans4.ltrans.o
                0x08005880                mtx5_execute.7301
 .text.queues1_execute.8272
                0x08005990      0x2d0 /tmp/ccCHtpyS.ltrans4.ltrans.o
                0x08005990                queues1_execute.8272
 .text.si446x_spi
                0x08005c60      0x110 /tmp/ccCHtpyS.ltrans4.ltrans.o
                0x08005c60                si446x_spi
 .text.si446x_set_frequency
                0x08005d70      0x1b0 /tmp/ccCHtpyS.ltrans4.ltrans.o
                0x08005d70                si446x_set_frequency
 .text.chMBPost.constprop.37
                0x08005f20       0x50 /tmp/ccCHtpyS.ltrans4.ltrans.o
                0x08005f20                chMBPost.constprop.37
 .text.get_descriptor.11366
                0x08005f70       0x40 /tmp/ccCHtpyS.ltrans5.ltrans.o
                0x08005f70                get_descriptor.11366
 .text.usb_lld_init_endpoint.4305
                0x08005fb0       0xc0 /tmp/ccCHtpyS.ltrans5.ltrans.o
 .text.set_address.9473
                0x08006070       0x30 /tmp/ccCHtpyS.ltrans5.ltrans.o
                0x08006070                set_address.9473
 .text.sduInterruptTransmitted
                0x080060a0       0x10 /tmp/ccCHtpyS.ltrans5.ltrans.o
                0x080060a0                sduInterruptTransmitted
 .text.sduRequestsHook
                0x080060b0       0x40 /tmp/ccCHtpyS.ltrans5.ltrans.o
                0x080060b0                sduRequestsHook
 .text.tmo.8442
                0x080060f0       0x10 /tmp/ccCHtpyS.ltrans5.ltrans.o
                0x080060f0                tmo.8442
 .text.thread1.8445
                0x08006100       0x10 /tmp/ccCHtpyS.ltrans5.ltrans.o
                0x08006100                thread1.8445
 .text.notify.8246
                0x08006110       0x10 /tmp/ccCHtpyS.ltrans5.ltrans.o
                0x08006110                notify.8246
 .text.null_provider.7957
                0x08006120       0x10 /tmp/ccCHtpyS.ltrans5.ltrans.o
                0x08006120                null_provider.7957
 .text.Vector8C
                0x08006130       0x10 /tmp/ccCHtpyS.ltrans5.ltrans.o
                0x08006130                Vector8C
 .text.Vector84
                0x08006140       0x30 /tmp/ccCHtpyS.ltrans5.ltrans.o
                0x08006140                Vector84
 .text.Vector80
                0x08006170       0x30 /tmp/ccCHtpyS.ltrans5.ltrans.o
                0x08006170                Vector80
 .text.Vector7C
                0x080061a0       0x30 /tmp/ccCHtpyS.ltrans5.ltrans.o
                0x080061a0                Vector7C
 .text.Vector78
                0x080061d0       0x30 /tmp/ccCHtpyS.ltrans5.ltrans.o
                0x080061d0                Vector78
 .text.Vector74
                0x08006200       0x30 /tmp/ccCHtpyS.ltrans5.ltrans.o
                0x08006200                Vector74
 .text.Vector70
                0x08006230       0x30 /tmp/ccCHtpyS.ltrans5.ltrans.o
                0x08006230                Vector70
 .text.Vector6C
                0x08006260       0x30 /tmp/ccCHtpyS.ltrans5.ltrans.o
                0x08006260                Vector6C
 .text.thread4  0x08006290       0x30 /tmp/ccCHtpyS.ltrans5.ltrans.o
                0x08006290                thread4
 .text.thread8.8448
                0x080062c0       0x40 /tmp/ccCHtpyS.ltrans5.ltrans.o
                0x080062c0                thread8.8448
 .text.thread3.8451
                0x08006300       0x30 /tmp/ccCHtpyS.ltrans5.ltrans.o
                0x08006300                thread3.8451
 .text.bmk13_execute.8460
                0x08006330      0x100 /tmp/ccCHtpyS.ltrans5.ltrans.o
                0x08006330                bmk13_execute.8460
 .text.dyn1_execute.8094
                0x08006430      0x100 /tmp/ccCHtpyS.ltrans5.ltrans.o
                0x08006430                dyn1_execute.8094
 .text.heap1_execute.7927
                0x08006530      0x250 /tmp/ccCHtpyS.ltrans5.ltrans.o
                0x08006530                heap1_execute.7927
 .text.thread.8077
                0x08006780       0x10 /tmp/ccCHtpyS.ltrans5.ltrans.o
                0x08006780                thread.8077
 .text.h1.7730  0x08006790       0x10 /tmp/ccCHtpyS.ltrans5.ltrans.o
                0x08006790                h1.7730
 .text.h2.7727  0x080067a0       0x10 /tmp/ccCHtpyS.ltrans5.ltrans.o
                0x080067a0                h2.7727
 .text.h3.7724  0x080067b0       0x10 /tmp/ccCHtpyS.ltrans5.ltrans.o
                0x080067b0                h3.7724
 .text.thread1.7054
                0x080067c0       0x20 /tmp/ccCHtpyS.ltrans5.ltrans.o
                0x080067c0                thread1.7054
 .text.thread.6821
                0x080067e0       0x10 /tmp/ccCHtpyS.ltrans5.ltrans.o
                0x080067e0                thread.6821
 .text.thread.7390
                0x080067f0       0x20 /tmp/ccCHtpyS.ltrans5.ltrans.o
                0x080067f0                thread.7390
 .text.thd1_execute.6828
                0x08006810       0xe0 /tmp/ccCHtpyS.ltrans5.ltrans.o
                0x08006810                thd1_execute.6828
 .text.mtx1_execute.7299
                0x080068f0       0xf0 /tmp/ccCHtpyS.ltrans5.ltrans.o
                0x080068f0                mtx1_execute.7299
 .text.thread1.7272.4415
                0x080069e0       0x30 /tmp/ccCHtpyS.ltrans5.ltrans.o
 .text.thread12.7263
                0x08006a10       0x30 /tmp/ccCHtpyS.ltrans5.ltrans.o
                0x08006a10                thread12.7263
 .text.thread3.7057
                0x08006a40       0x20 /tmp/ccCHtpyS.ltrans5.ltrans.o
                0x08006a40                thread3.7057
 .text._strtok.10605.constprop.6
                0x08006a60       0x40 /tmp/ccCHtpyS.ltrans5.ltrans.o
                0x08006a60                _strtok.10605.constprop.6
 .text.long_to_string_with_divisor.10734
                0x08006aa0       0x70 /tmp/ccCHtpyS.ltrans5.ltrans.o
                0x08006aa0                long_to_string_with_divisor.10734
 .text.usbStartTransmitI
                0x08006b10       0x40 /tmp/ccCHtpyS.ltrans5.ltrans.o
                0x08006b10                usbStartTransmitI
 .text.usbStartReceiveI
                0x08006b50       0x40 /tmp/ccCHtpyS.ltrans5.ltrans.o
                0x08006b50                usbStartReceiveI
 .text.usb_lld_prepare_receive
                0x08006b90       0x20 /tmp/ccCHtpyS.ltrans5.ltrans.o
                0x08006b90                usb_lld_prepare_receive
 .text.inotify.8835
                0x08006bb0       0x80 /tmp/ccCHtpyS.ltrans5.ltrans.o
                0x08006bb0                inotify.8835
 .text._usb_reset
                0x08006c30       0x70 /tmp/ccCHtpyS.ltrans5.ltrans.o
                0x08006c30                _usb_reset
 .text.usbInitEndpointI
                0x08006ca0       0x40 /tmp/ccCHtpyS.ltrans5.ltrans.o
                0x08006ca0                usbInitEndpointI
 .text.spi_lld_exchange
                0x08006ce0       0x40 /tmp/ccCHtpyS.ltrans5.ltrans.o
                0x08006ce0                spi_lld_exchange
 .text.spi_lld_unselect
                0x08006d20       0x10 /tmp/ccCHtpyS.ltrans5.ltrans.o
                0x08006d20                spi_lld_unselect
 .text.spicb.11594
                0x08006d30       0x20 /tmp/ccCHtpyS.ltrans5.ltrans.o
                0x08006d30                spicb.11594
 .text.regfind.8080
                0x08006d50       0x40 /tmp/ccCHtpyS.ltrans5.ltrans.o
                0x08006d50                regfind.8080
 .text.mbox1_execute.7599
                0x08006d90      0x7a0 /tmp/ccCHtpyS.ltrans6.ltrans.o
                0x08006d90                mbox1_execute.7599
 .text._usb_ep0setup
                0x08007530      0x3f0 /tmp/ccCHtpyS.ltrans6.ltrans.o
                0x08007530                _usb_ep0setup
 .text.sduDataTransmitted
                0x08007920       0x90 /tmp/ccCHtpyS.ltrans6.ltrans.o
                0x08007920                sduDataTransmitted
 .text.dyn3_setup.8086
                0x080079b0       0x30 /tmp/ccCHtpyS.ltrans7.ltrans.o
                0x080079b0                dyn3_setup.8086
 .text.heap1_setup.7929
                0x080079e0       0x30 /tmp/ccCHtpyS.ltrans7.ltrans.o
                0x080079e0                heap1_setup.7929
 .text._usb_ep0out
                0x08007a10       0x90 /tmp/ccCHtpyS.ltrans7.ltrans.o
                0x08007a10                _usb_ep0out
 .text.chvprintf.4674
                0x08007aa0      0x470 /tmp/ccCHtpyS.ltrans7.ltrans.o
 .text.chThdSleep
                0x08007f10       0x20 /tmp/ccCHtpyS.ltrans7.ltrans.o
                0x08007f10                chThdSleep
 .text.Reset_Handler
                0x08007f30      0x220 /tmp/ccCHtpyS.ltrans7.ltrans.o
                0x08007f30                Reset_Handler
 .text.RF_switch
                0x08008150       0x40 /tmp/ccCHtpyS.ltrans7.ltrans.o
                0x08008150                RF_switch
 .text.switch_output_callback.11636
                0x08008190       0x10 /tmp/ccCHtpyS.ltrans7.ltrans.o
                0x08008190                switch_output_callback.11636
 .text.chprintf.10585
                0x080081a0       0x20 /tmp/ccCHtpyS.ltrans7.ltrans.o
                0x080081a0                chprintf.10585
 .text.chprintf.11031
                0x080081c0       0x20 /tmp/ccCHtpyS.ltrans7.ltrans.o
                0x080081c0                chprintf.11031
 .text.cmd_mem.11062
                0x080081e0       0x60 /tmp/ccCHtpyS.ltrans7.ltrans.o
                0x080081e0                cmd_mem.11062
 .text.cmd_test.11046
                0x08008240       0x60 /tmp/ccCHtpyS.ltrans7.ltrans.o
                0x08008240                cmd_test.11046
 .text.cmd_write.11038
                0x080082a0       0x50 /tmp/ccCHtpyS.ltrans7.ltrans.o
                0x080082a0                cmd_write.11038
 .text.chprintf.11606
                0x080082f0       0x20 /tmp/ccCHtpyS.ltrans7.ltrans.o
                0x080082f0                chprintf.11606
 .text.evt2_execute.7717
                0x08008310      0x300 /tmp/ccCHtpyS.ltrans8.ltrans.o
                0x08008310                evt2_execute.7717
 .text.sduDataReceived
                0x08008610       0x80 /tmp/ccCHtpyS.ltrans8.ltrans.o
                0x08008610                sduDataReceived
 .text.SI_Thread.11587
                0x08008690      0x760 /tmp/ccCHtpyS.ltrans8.ltrans.o
                0x08008690                SI_Thread.11587
 .text.Thread1.11028
                0x08008df0       0x50 /tmp/ccCHtpyS.ltrans9.ltrans.o
                0x08008df0                Thread1.11028
 .text.TestThread
                0x08008e40      0x330 /tmp/ccCHtpyS.ltrans9.ltrans.o
                0x08008e40                TestThread
 .text.thread2.7060
                0x08009170       0x30 /tmp/ccCHtpyS.ltrans9.ltrans.o
                0x08009170                thread2.7060
 .text.mtx4_execute.7303
                0x080091a0      0x250 /tmp/ccCHtpyS.ltrans9.ltrans.o
                0x080091a0                mtx4_execute.7303
 .text.thread4b.7275.4043
                0x080093f0       0x30 /tmp/ccCHtpyS.ltrans9.ltrans.o
 .text.thread4a.7278.4040
                0x08009420       0x20 /tmp/ccCHtpyS.ltrans9.ltrans.o
 .text.thread1.7703
                0x08009440       0x30 /tmp/ccCHtpyS.ltrans9.ltrans.o
                0x08009440                thread1.7703
 .text.dyn3_execute.8084
                0x08009470      0x150 /tmp/ccCHtpyS.ltrans9.ltrans.o
                0x08009470                dyn3_execute.8084
 .text.test_wait_tick
                0x080095c0       0x20 /tmp/ccCHtpyS.ltrans9.ltrans.o
                0x080095c0                test_wait_tick
 .text.shell_thread.10582
                0x080095e0      0x280 /tmp/ccCHtpyS.ltrans10.ltrans.o
                0x080095e0                shell_thread.10582
 .text.sem4_execute.7089.4141
                0x08009860      0x150 /tmp/ccCHtpyS.ltrans10.ltrans.o
 .text.evt3_execute.7735.4183
                0x080099b0      0x170 /tmp/ccCHtpyS.ltrans10.ltrans.o
 .text.chThdExit
                0x08009b20       0x10 /tmp/ccCHtpyS.ltrans10.ltrans.o
                0x08009b20                chThdExit
 .text.chSchDoReschedule
                0x08009b30       0x10 /tmp/ccCHtpyS.ltrans10.ltrans.o
                0x08009b30                chSchDoReschedule
 .text.memset   0x08009b40      0x12c /home/laurence/ARM-GCC/bin/../lib/gcc/arm-none-eabi/4.7.4/../../../../arm-none-eabi/lib/armv7-m/libg.a(lib_a-memset.o)
                0x08009b40                memset
 *fill*         0x08009c6c        0x4 00
 .text.strcasecmp
                0x08009c70       0x44 /home/laurence/ARM-GCC/bin/../lib/gcc/arm-none-eabi/4.7.4/../../../../arm-none-eabi/lib/armv7-m/libg.a(lib_a-strcasecmp.o)
                0x08009c70                strcasecmp
 *fill*         0x08009cb4        0xc 00
 .text.strcpy   0x08009cc0       0xbc /home/laurence/ARM-GCC/bin/../lib/gcc/arm-none-eabi/4.7.4/../../../../arm-none-eabi/lib/armv7-m/libg.a(lib_a-strcpy.o)
                0x08009cc0                strcpy
 *fill*         0x08009d7c        0x4 00
 .text.strlen   0x08009d80       0x60 /home/laurence/ARM-GCC/bin/../lib/gcc/arm-none-eabi/4.7.4/../../../../arm-none-eabi/lib/armv7-m/libg.a(lib_a-strlen.o)
                0x08009d80                strlen
 .text.strpbrk  0x08009de0       0x4c /home/laurence/ARM-GCC/bin/../lib/gcc/arm-none-eabi/4.7.4/../../../../arm-none-eabi/lib/armv7-m/libg.a(lib_a-strpbrk.o)
                0x08009de0                strpbrk
 *fill*         0x08009e2c        0x4 00
 .text.strspn   0x08009e30       0x40 /home/laurence/ARM-GCC/bin/../lib/gcc/arm-none-eabi/4.7.4/../../../../arm-none-eabi/lib/armv7-m/libg.a(lib_a-strspn.o)
                0x08009e30                strspn
 *(.rodata)
 .rodata        0x08009e70       0xb0 /tmp/ccCHtpyS.ltrans8.ltrans.o
 *(.rodata.*)
 .rodata.str1.4
                0x08009f20       0x1a /tmp/ccCHtpyS.ltrans0.ltrans.o
                                 0x28 (size before relaxing)
 *fill*         0x08009f3a        0x6 00
 .rodata.evhndl.7763.4451
                0x08009f40        0xc /tmp/ccCHtpyS.ltrans1.ltrans.o
 *fill*         0x08009f4c        0x4 00
 .rodata.states.8512.11139.4453
                0x08009f50       0x40 /tmp/ccCHtpyS.ltrans1.ltrans.o
 .rodata.str1.4
                0x08009f90      0x326 /tmp/ccCHtpyS.ltrans1.ltrans.o
                                0x330 (size before relaxing)
 *fill*         0x0800a2b6        0xa 00
 .rodata.str1.4
                0x0800a2c0        0xc /tmp/ccCHtpyS.ltrans2.ltrans.o
                                 0x2c (size before relaxing)
 *fill*         0x0800a2cc        0x4 00
 .rodata.str1.4
                0x0800a2d0        0x5 /tmp/ccCHtpyS.ltrans3.ltrans.o
                                 0x28 (size before relaxing)
 *fill*         0x0800a2d5        0xb 00
 .rodata.commands.11097
                0x0800a2e0       0x40 /tmp/ccCHtpyS.ltrans4.ltrans.o
                0x0800a2e0                commands.11097
 .rodata.usbcfg
                0x0800a320       0x10 /tmp/ccCHtpyS.ltrans4.ltrans.o
                0x0800a320                usbcfg
 .rodata.str1.4
                0x0800a330       0x86 /tmp/ccCHtpyS.ltrans4.ltrans.o
                                 0x9c (size before relaxing)
 *fill*         0x0800a3b6        0xa 00
 .rodata.ep2config.11388.4731
                0x0800a3c0       0x24 /tmp/ccCHtpyS.ltrans4.ltrans.o
 *fill*         0x0800a3e4        0xc 00
 .rodata.shell_cfg1.11096
                0x0800a3f0        0x8 /tmp/ccCHtpyS.ltrans4.ltrans.o
                0x0800a3f0                shell_cfg1.11096
 *fill*         0x0800a3f8        0x8 00
 .rodata.vcom_device_descriptor_data.11397.4567
                0x0800a400       0x14 /tmp/ccCHtpyS.ltrans5.ltrans.o
 *fill*         0x0800a414        0xc 00
 .rodata.vcom_string2.11394.4564
                0x0800a420       0x38 /tmp/ccCHtpyS.ltrans5.ltrans.o
 *fill*         0x0800a458        0x8 00
 .rodata.vcom_string0.11392.4562
                0x0800a460        0x4 /tmp/ccCHtpyS.ltrans5.ltrans.o
 *fill*         0x0800a464        0xc 00
 .rodata.vcom_strings.11391.4561
                0x0800a470       0x20 /tmp/ccCHtpyS.ltrans5.ltrans.o
 .rodata.vcom_configuration_descriptor.11398.4568
                0x0800a490        0x8 /tmp/ccCHtpyS.ltrans5.ltrans.o
 *fill*         0x0800a498        0x8 00
 .rodata.CSWTCH.26.10418.10418.4576
                0x0800a4a0        0x8 /tmp/ccCHtpyS.ltrans5.ltrans.o
 *fill*         0x0800a4a8        0x8 00
 .rodata.vcom_device_descriptor.11396.4566
                0x0800a4b0        0x8 /tmp/ccCHtpyS.ltrans5.ltrans.o
 *fill*         0x0800a4b8        0x8 00
 .rodata.vcom_configuration_descriptor_data.11399.4569
                0x0800a4c0       0x44 /tmp/ccCHtpyS.ltrans5.ltrans.o
 *fill*         0x0800a504        0xc 00
 .rodata.vcom_string3.11395.4565
                0x0800a510        0x8 /tmp/ccCHtpyS.ltrans5.ltrans.o
 *fill*         0x0800a518        0x8 00
 .rodata.str1.4
                0x0800a520       0xaf /tmp/ccCHtpyS.ltrans5.ltrans.o
                                 0xcc (size before relaxing)
 *fill*         0x0800a5cf        0x1 00
 .rodata.vcom_string1.11393.4563
                0x0800a5d0       0x14 /tmp/ccCHtpyS.ltrans5.ltrans.o
 *fill*         0x0800a5e4        0xc 00
 .rodata.zero_status.9575.4384
                0x0800a5f0        0x4 /tmp/ccCHtpyS.ltrans6.ltrans.o
 *fill*         0x0800a5f4        0xc 00
 .rodata.active_status.9577.4386
                0x0800a600        0x4 /tmp/ccCHtpyS.ltrans6.ltrans.o
 *fill*         0x0800a604        0xc 00
 .rodata.CSWTCH.32.10425.10425.4387
                0x0800a610       0x14 /tmp/ccCHtpyS.ltrans6.ltrans.o
 .rodata.str1.4
                0x00000000        0x8 /tmp/ccCHtpyS.ltrans6.ltrans.o
 *fill*         0x0800a624        0xc 00
 .rodata.halted_status.9576.4385
                0x0800a630        0x4 /tmp/ccCHtpyS.ltrans6.ltrans.o
 *fill*         0x0800a634        0xc 00
 .rodata.ep0config.10419
                0x0800a640       0x24 /tmp/ccCHtpyS.ltrans6.ltrans.o
                0x0800a640                ep0config.10419
 *fill*         0x0800a664        0xc 00
 .rodata.ep1config.11385
                0x0800a670       0x24 /tmp/ccCHtpyS.ltrans6.ltrans.o
                0x0800a670                ep1config.11385
 *fill*         0x0800a694        0xc 00
 .rodata.ch_debug
                0x0800a6a0       0x18 /tmp/ccCHtpyS.ltrans7.ltrans.o
 *fill*         0x0800a6b8        0x8 00
 .rodata._stm32_dma_streams
                0x0800a6c0       0x54 /tmp/ccCHtpyS.ltrans7.ltrans.o
 *fill*         0x0800a714        0xc 00
 .rodata.str1.4
                0x0800a720       0xaf /tmp/ccCHtpyS.ltrans7.ltrans.o
                                 0xb0 (size before relaxing)
 *fill*         0x0800a7cf        0x1 00
 .rodata.pow10.10788.5016
                0x0800a7d0       0x24 /tmp/ccCHtpyS.ltrans7.ltrans.o
 *fill*         0x0800a7f4        0xc 00
 .rodata.vmt.9039.4968
                0x0800a800       0x20 /tmp/ccCHtpyS.ltrans7.ltrans.o
 .rodata.spicfg.11690.4511
                0x0800a820        0xc /tmp/ccCHtpyS.ltrans8.ltrans.o
 *fill*         0x0800a82c        0x4 00
 .rodata.str1.4
                0x0800a830        0x7 /tmp/ccCHtpyS.ltrans8.ltrans.o
                                  0xc (size before relaxing)
 *fill*         0x0800a837        0x9 00
 .rodata.str1.4
                0x0800a840      0x143 /tmp/ccCHtpyS.ltrans9.ltrans.o
                                0x21c (size before relaxing)
 *fill*         0x0800a983        0xd 00
 .rodata.serusbcfg
                0x0800a990        0x8 /tmp/ccCHtpyS.ltrans9.ltrans.o
                0x0800a990                serusbcfg
 *fill*         0x0800a998        0x8 00
 .rodata.patternthd
                0x0800a9a0       0x14 /tmp/ccCHtpyS.ltrans10.ltrans.o
                0x0800a9a0                patternthd
 *fill*         0x0800a9b4        0xc 00
 .rodata.testevt3.4530
                0x0800a9c0       0x10 /tmp/ccCHtpyS.ltrans10.ltrans.o
 .rodata.patternbmk
                0x0800a9d0       0x38 /tmp/ccCHtpyS.ltrans10.ltrans.o
                0x0800a9d0                patternbmk
 *fill*         0x0800aa08        0x8 00
 .rodata.testbmk10.4572
                0x0800aa10       0x10 /tmp/ccCHtpyS.ltrans10.ltrans.o
 .rodata.patterndyn
                0x0800aa20       0x10 /tmp/ccCHtpyS.ltrans10.ltrans.o
                0x0800aa20                patterndyn
 .rodata.testbmk12.4574
                0x0800aa30       0x10 /tmp/ccCHtpyS.ltrans10.ltrans.o
 .rodata.testsem1
                0x0800aa40       0x10 /tmp/ccCHtpyS.ltrans10.ltrans.o
 .rodata.patternevt
                0x0800aa50       0x10 /tmp/ccCHtpyS.ltrans10.ltrans.o
                0x0800aa50                patternevt
 .rodata.testevt2.4529
                0x0800aa60       0x10 /tmp/ccCHtpyS.ltrans10.ltrans.o
 .rodata.testthd4.4499
                0x0800aa70       0x10 /tmp/ccCHtpyS.ltrans10.ltrans.o
 .rodata.patternpools
                0x0800aa80        0x8 /tmp/ccCHtpyS.ltrans10.ltrans.o
                0x0800aa80                patternpools
 *fill*         0x0800aa88        0x8 00
 .rodata.testmtx6.4508
                0x0800aa90       0x10 /tmp/ccCHtpyS.ltrans10.ltrans.o
 .rodata.testbmk1
                0x0800aaa0       0x10 /tmp/ccCHtpyS.ltrans10.ltrans.o
 .rodata.testbmk9.4571
                0x0800aab0       0x10 /tmp/ccCHtpyS.ltrans10.ltrans.o
 .rodata.testbmk6.4568
                0x0800aac0       0x10 /tmp/ccCHtpyS.ltrans10.ltrans.o
 .rodata.testmtx8.4510
                0x0800aad0       0x10 /tmp/ccCHtpyS.ltrans10.ltrans.o
 .rodata.patternmbox
                0x0800aae0        0x8 /tmp/ccCHtpyS.ltrans10.ltrans.o
                0x0800aae0                patternmbox
 *fill*         0x0800aae8        0x8 00
 .rodata.testbmk3.4565
                0x0800aaf0       0x10 /tmp/ccCHtpyS.ltrans10.ltrans.o
 .rodata.patterns.6764
                0x0800ab00       0x30 /tmp/ccCHtpyS.ltrans10.ltrans.o
                0x0800ab00                patterns.6764
 .rodata.testbmk2.4564
                0x0800ab30       0x10 /tmp/ccCHtpyS.ltrans10.ltrans.o
 .rodata.testsem2.4472
                0x0800ab40       0x10 /tmp/ccCHtpyS.ltrans10.ltrans.o
 .rodata.testbmk5.4567
                0x0800ab50       0x10 /tmp/ccCHtpyS.ltrans10.ltrans.o
 .rodata.testdyn1
                0x0800ab60       0x10 /tmp/ccCHtpyS.ltrans10.ltrans.o
 .rodata.testmbox1
                0x0800ab70       0x10 /tmp/ccCHtpyS.ltrans10.ltrans.o
 .rodata.testbmk8.4570
                0x0800ab80       0x10 /tmp/ccCHtpyS.ltrans10.ltrans.o
 .rodata.testmtx7.4509
                0x0800ab90       0x10 /tmp/ccCHtpyS.ltrans10.ltrans.o
 .rodata.patternheap
                0x0800aba0        0x8 /tmp/ccCHtpyS.ltrans10.ltrans.o
                0x0800aba0                patternheap
 *fill*         0x0800aba8        0x8 00
 .rodata.testpools1
                0x0800abb0       0x10 /tmp/ccCHtpyS.ltrans10.ltrans.o
 .rodata.testmtx4.4506
                0x0800abc0       0x10 /tmp/ccCHtpyS.ltrans10.ltrans.o
 .rodata.testsem4.4460
                0x0800abd0       0x10 /tmp/ccCHtpyS.ltrans10.ltrans.o
 .rodata.testmsg1
                0x0800abe0       0x10 /tmp/ccCHtpyS.ltrans10.ltrans.o
 .rodata.testdyn3.4550
                0x0800abf0       0x10 /tmp/ccCHtpyS.ltrans10.ltrans.o
 .rodata.testqueues1
                0x0800ac00       0x10 /tmp/ccCHtpyS.ltrans10.ltrans.o
 .rodata.testthd2.4497
                0x0800ac10       0x10 /tmp/ccCHtpyS.ltrans10.ltrans.o
 .rodata.patternmtx
                0x0800ac20       0x1c /tmp/ccCHtpyS.ltrans10.ltrans.o
                0x0800ac20                patternmtx
 *fill*         0x0800ac3c        0x4 00
 .rodata.testbmk7.4569
                0x0800ac40       0x10 /tmp/ccCHtpyS.ltrans10.ltrans.o
 .rodata.testthd1
                0x0800ac50       0x10 /tmp/ccCHtpyS.ltrans10.ltrans.o
 .rodata.testbmk4.4566
                0x0800ac60       0x10 /tmp/ccCHtpyS.ltrans10.ltrans.o
 .rodata.patternsem
                0x0800ac70       0x14 /tmp/ccCHtpyS.ltrans10.ltrans.o
                0x0800ac70                patternsem
 *fill*         0x0800ac84        0xc 00
 .rodata.patternqueues
                0x0800ac90        0xc /tmp/ccCHtpyS.ltrans10.ltrans.o
                0x0800ac90                patternqueues
 *fill*         0x0800ac9c        0x4 00
 .rodata.testbmk13.4575
                0x0800aca0       0x10 /tmp/ccCHtpyS.ltrans10.ltrans.o
 .rodata.testsem3.4473
                0x0800acb0       0x10 /tmp/ccCHtpyS.ltrans10.ltrans.o
 .rodata.testevt1
                0x0800acc0       0x10 /tmp/ccCHtpyS.ltrans10.ltrans.o
 .rodata.testheap1
                0x0800acd0       0x10 /tmp/ccCHtpyS.ltrans10.ltrans.o
 .rodata.testdyn2.4549
                0x0800ace0       0x10 /tmp/ccCHtpyS.ltrans10.ltrans.o
 .rodata.testqueues2.4557
                0x0800acf0       0x10 /tmp/ccCHtpyS.ltrans10.ltrans.o
 .rodata.patternmsg
                0x0800ad00        0x8 /tmp/ccCHtpyS.ltrans10.ltrans.o
                0x0800ad00                patternmsg
 *fill*         0x0800ad08        0x8 00
 .rodata.testbmk11.4573
                0x0800ad10       0x10 /tmp/ccCHtpyS.ltrans10.ltrans.o
 .rodata.testthd3.4498
                0x0800ad20       0x10 /tmp/ccCHtpyS.ltrans10.ltrans.o
 .rodata.str1.4
                0x0800ad30      0x50c /tmp/ccCHtpyS.ltrans10.ltrans.o
                                0x52c (size before relaxing)
 *fill*         0x0800b23c        0x4 00
 .rodata.testmtx1
                0x0800b240       0x10 /tmp/ccCHtpyS.ltrans10.ltrans.o
 .rodata.testmtx5.4507
                0x0800b250       0x10 /tmp/ccCHtpyS.ltrans10.ltrans.o
 .rodata._ctype_
                0x0800b260      0x104 /home/laurence/ARM-GCC/bin/../lib/gcc/arm-none-eabi/4.7.4/../../../../arm-none-eabi/lib/armv7-m/libg.a(lib_a-ctype_.o)
                0x0800b260                _ctype_
 *(.glue_7t)
 .glue_7t       0x00000000        0x0 linker stubs
 *(.glue_7)
 .glue_7        0x00000000        0x0 linker stubs
 *(.gcc*)

.vfp11_veneer   0x0800b364        0x0
 .vfp11_veneer  0x00000000        0x0 linker stubs

.v4_bx          0x0800b364        0x0
 .v4_bx         0x00000000        0x0 linker stubs

.iplt           0x0800b364        0x0
 .iplt          0x00000000        0x0 build/obj/chcoreasm_v7m.o

.rel.dyn        0x0800b364        0x0
 .rel.iplt      0x00000000        0x0 build/obj/chcoreasm_v7m.o

.ARM.extab
 *(.ARM.extab* .gnu.linkonce.armextab.*)

.ARM.exidx      0x0800b364        0x0
                0x0800b364                PROVIDE (__exidx_start, .)
 *(.ARM.exidx* .gnu.linkonce.armexidx.*)
                0x0800b364                PROVIDE (__exidx_end, .)

.eh_frame_hdr
 *(.eh_frame_hdr)

.eh_frame
 *(.eh_frame)

.textalign      0x0800b364        0x4
                0x0800b368                . = ALIGN (0x8)
 *fill*         0x0800b364        0x4 00
                0x0800b368                . = ALIGN (0x4)
                0x0800b368                _etext = .
                0x0800b368                _textdata = _etext

.stacks         0x20000000      0x800
                0x20000000                . = ALIGN (0x8)
                0x20000000                __main_stack_base__ = .
                0x20000400                . = (. + __main_stack_size__)
 *fill*         0x20000000      0x400 00
                0x20000400                . = ALIGN (0x8)
                0x20000400                __main_stack_end__ = .
                0x20000400                __process_stack_base__ = .
                0x20000400                __main_thread_stack_base__ = .
                0x20000800                . = (. + __process_stack_size__)
 *fill*         0x20000400      0x400 00
                0x20000800                . = ALIGN (0x8)
                0x20000800                __process_stack_end__ = .
                0x20000800                __main_thread_stack_end__ = .

.data           0x20000800      0x504 load address 0x0800b368
                0x20000800                . = ALIGN (0x4)
                0x20000800                PROVIDE (_data, .)
 *(.data)
 *(.data.*)
 .data.sem1.7122
                0x20000800        0xc /tmp/ccCHtpyS.ltrans1.ltrans.o
                0x20000800                sem1.7122
 .data.c1.7329  0x2000080c        0x8 /tmp/ccCHtpyS.ltrans3.ltrans.o
                0x2000080c                c1.7329
 .data.mp1.7972
                0x20000814        0xc /tmp/ccCHtpyS.ltrans3.ltrans.o
                0x20000814                mp1.7972
 .data.Active_level.4685
                0x20000820        0x1 /tmp/ccCHtpyS.ltrans4.ltrans.o
 *fill*         0x20000821        0x3 00
 .data.m1.7331  0x20000824       0x10 /tmp/ccCHtpyS.ltrans4.ltrans.o
                0x20000824                m1.7331
 .data.Active_shift.4684
                0x20000834        0x2 /tmp/ccCHtpyS.ltrans4.ltrans.o
 *fill*         0x20000836        0x2 00
 .data.linecoding.9032.4577
                0x20000838        0x8 /tmp/ccCHtpyS.ltrans5.ltrans.o
 .data.buf.8527.11095.5015
                0x20000840      0x404 /tmp/ccCHtpyS.ltrans7.ltrans.o
 .data.es1.7762
                0x20000c44        0x4 /tmp/ccCHtpyS.ltrans8.ltrans.o
                0x20000c44                es1.7762
 .data.Active_banddiv
                0x20000c48        0x1 /tmp/ccCHtpyS.ltrans8.ltrans.o
                0x20000c48                Active_banddiv
 *fill*         0x20000c49        0x3 00
 .data.Active_Frequency.4569
                0x20000c4c        0x4 /tmp/ccCHtpyS.ltrans8.ltrans.o
 .data.gpt4cfg.11689.4509
                0x20000c50       0x10 /tmp/ccCHtpyS.ltrans8.ltrans.o
 .data.Outdiv   0x20000c60        0x1 /tmp/ccCHtpyS.ltrans8.ltrans.o
                0x20000c60                Outdiv
 *fill*         0x20000c61        0x3 00
 .data.es2.7761
                0x20000c64        0x4 /tmp/ccCHtpyS.ltrans8.ltrans.o
                0x20000c64                es2.7761
 .data.m2.7330  0x20000c68       0x10 /tmp/ccCHtpyS.ltrans9.ltrans.o
                0x20000c68                m2.7330
 .data.oq.8291  0x20000c78       0x24 /tmp/ccCHtpyS.ltrans10.ltrans.o
                0x20000c78                oq.8291
 .data.local_commands.10667.4448
                0x20000c9c       0x18 /tmp/ccCHtpyS.ltrans10.ltrans.o
 .data.iq.8304  0x20000cb4       0x24 /tmp/ccCHtpyS.ltrans10.ltrans.o
                0x20000cb4                iq.8304
 .data.mb1.7615
                0x20000cd8       0x28 /tmp/ccCHtpyS.ltrans10.ltrans.o
                0x20000cd8                mb1.7615
 .data.__ctype_ptr__
                0x20000d00        0x4 /home/laurence/ARM-GCC/bin/../lib/gcc/arm-none-eabi/4.7.4/../../../../arm-none-eabi/lib/armv7-m/libg.a(lib_a-ctype_.o)
                0x20000d00                __ctype_ptr__
 *(.ramtext)
                0x20000d04                . = ALIGN (0x4)
                0x20000d04                PROVIDE (_edata, .)

.igot.plt       0x20000d04        0x0 load address 0x0800b86c
 .igot.plt      0x00000000        0x0 build/obj/chcoreasm_v7m.o

.bss            0x20000d04     0x12e0
                0x20000d04                . = ALIGN (0x4)
                0x20000d04                PROVIDE (_bss_start, .)
 *(.bss)
 *(.bss.*)
 .bss.sem1.8528
                0x20000d04        0xc /tmp/ccCHtpyS.ltrans1.ltrans.o
                0x20000d04                sem1.8528
 .bss.mtx1.8527
                0x20000d10       0x10 /tmp/ccCHtpyS.ltrans1.ltrans.o
                0x20000d10                mtx1.8527
 .bss.vt1.6286.8530.4501
                0x20000d20       0x14 /tmp/ccCHtpyS.ltrans1.ltrans.o
 .bss.test_timer_done
                0x20000d34        0x1 /tmp/ccCHtpyS.ltrans1.ltrans.o
                0x20000d34                test_timer_done
 *fill*         0x20000d35        0x3 00
 .bss.ib.6275.8532.4452
                0x20000d38       0x10 /tmp/ccCHtpyS.ltrans1.ltrans.o
 .bss.iq.6276.8531.4448
                0x20000d48       0x24 /tmp/ccCHtpyS.ltrans1.ltrans.o
 .bss.vt2.6287.8529.4502
                0x20000d6c       0x14 /tmp/ccCHtpyS.ltrans1.ltrans.o
 .bss.vt.6747.4630
                0x20000d80       0x14 /tmp/ccCHtpyS.ltrans2.ltrans.o
 .bss.mp1.8119  0x20000d94        0xc /tmp/ccCHtpyS.ltrans3.ltrans.o
                0x20000d94                mp1.8119
 .bss.SDU1      0x20000da0      0x258 /tmp/ccCHtpyS.ltrans4.ltrans.o
                0x20000da0                SDU1
 .bss.ep2instate.11389.4732
                0x20000ff8       0x10 /tmp/ccCHtpyS.ltrans4.ltrans.o
 .bss.ep0_state.10420
                0x20001008       0x14 /tmp/ccCHtpyS.ltrans6.ltrans.o
                0x20001008                ep0_state.10420
 .bss.ep1instate.11386
                0x2000101c       0x10 /tmp/ccCHtpyS.ltrans6.ltrans.o
                0x2000101c                ep1instate.11386
 .bss.ep0setup_buffer.10424
                0x2000102c        0x8 /tmp/ccCHtpyS.ltrans6.ltrans.o
                0x2000102c                ep0setup_buffer.10424
 .bss.ep1outstate.11387
                0x20001034       0x14 /tmp/ccCHtpyS.ltrans6.ltrans.o
                0x20001034                ep1outstate.11387
 .bss.dma_streams_mask.9722
                0x20001048        0x4 /tmp/ccCHtpyS.ltrans7.ltrans.o
                0x20001048                dma_streams_mask.9722
 .bss.endmem.6446
                0x2000104c        0x4 /tmp/ccCHtpyS.ltrans7.ltrans.o
                0x2000104c                endmem.6446
 .bss.waThread1.11098.4965
                0x20001050      0x148 /tmp/ccCHtpyS.ltrans7.ltrans.o
 .bss.nextmem.6444
                0x20001198        0x4 /tmp/ccCHtpyS.ltrans7.ltrans.o
                0x20001198                nextmem.6444
 *fill*         0x2000119c        0x4 00
 .bss.waThreadSI.11691.4966
                0x200011a0      0x4c8 /tmp/ccCHtpyS.ltrans7.ltrans.o
 .bss.dma_isr_redir.9717
                0x20001668       0x38 /tmp/ccCHtpyS.ltrans7.ltrans.o
                0x20001668                dma_isr_redir.9717
 .bss.dummytx.10008.4929
                0x200016a0        0x2 /tmp/ccCHtpyS.ltrans7.ltrans.o
 *fill*         0x200016a2        0x6 00
 .bss.default_heap.6550
                0x200016a8       0x20 /tmp/ccCHtpyS.ltrans7.ltrans.o
                0x200016a8                default_heap.6550
 .bss.test_heap.7938
                0x200016c8       0x20 /tmp/ccCHtpyS.ltrans7.ltrans.o
                0x200016c8                test_heap.7938
 .bss.Command   0x200016e8        0x1 /tmp/ccCHtpyS.ltrans8.ltrans.o
                0x200016e8                Command
 *fill*         0x200016e9        0x3 00
 .bss.SPID1     0x200016ec       0x30 /tmp/ccCHtpyS.ltrans8.ltrans.o
                0x200016ec                SPID1
 .bss.GPTD4     0x2000171c       0x10 /tmp/ccCHtpyS.ltrans8.ltrans.o
                0x2000171c                GPTD4
 .bss.Silabs_busy
                0x2000172c        0xc /tmp/ccCHtpyS.ltrans8.ltrans.o
                0x2000172c                Silabs_busy
 .bss.Command_string
                0x20001738        0x8 /tmp/ccCHtpyS.ltrans8.ltrans.o
                0x20001738                Command_string
 .bss.tokp.6757
                0x20001740        0x4 /tmp/ccCHtpyS.ltrans9.ltrans.o
                0x20001740                tokp.6757
 .bss.USBD1     0x20001744       0x84 /tmp/ccCHtpyS.ltrans9.ltrans.o
                0x20001744                USBD1
 .bss.local_fail.6760
                0x200017c8        0x1 /tmp/ccCHtpyS.ltrans9.ltrans.o
                0x200017c8                local_fail.6760
 *fill*         0x200017c9        0x7 00
 .bss.heap1.8117
                0x200017d0       0x20 /tmp/ccCHtpyS.ltrans9.ltrans.o
                0x200017d0                heap1.8117
 .bss.global_fail.6761
                0x200017f0        0x1 /tmp/ccCHtpyS.ltrans9.ltrans.o
                0x200017f0                global_fail.6761
 *fill*         0x200017f1        0x3 00
 .bss.chp.6748  0x200017f4        0x4 /tmp/ccCHtpyS.ltrans9.ltrans.o
                0x200017f4                chp.6748
 .bss.failpoint.6762
                0x200017f8        0x4 /tmp/ccCHtpyS.ltrans9.ltrans.o
                0x200017f8                failpoint.6762
 .bss.tokens_buffer.6758
                0x200017fc       0x10 /tmp/ccCHtpyS.ltrans9.ltrans.o
                0x200017fc                tokens_buffer.6758
 *fill*         0x2000180c        0x4 00
 .bss.test      0x20001810      0x668 /tmp/ccCHtpyS.ltrans10.ltrans.o
                0x20001810                test
 .bss.shell_terminated
                0x20001e78        0x4 /tmp/ccCHtpyS.ltrans10.ltrans.o
                0x20001e78                shell_terminated
 *fill*         0x20001e7c        0x4 00
 .bss.ch        0x20001e80      0x150 /tmp/ccCHtpyS.ltrans10.ltrans.o
                0x20001e80                ch
 .bss.threads   0x20001fd0       0x14 /tmp/ccCHtpyS.ltrans10.ltrans.o
                0x20001fd0                threads
 *(COMMON)
                0x20001fe4                . = ALIGN (0x4)
                0x20001fe4                PROVIDE (_bss_end, .)
                0x20001fe4                PROVIDE (end, .)
                0x20001fe4                _end = .
                0x20001fe4                __heap_base__ = _end
                0x20005000                __heap_end__ = __ram_end__
                0x00000400                __process_stack_size__ = 0x400
                0x00000400                __main_stack_size__ = 0x400
START GROUP
LOAD /home/laurence/ARM-GCC/bin/../lib/gcc/arm-none-eabi/4.7.4/armv7-m/libgcc.a
LOAD /home/laurence/ARM-GCC/bin/../lib/gcc/arm-none-eabi/4.7.4/../../../../arm-none-eabi/lib/armv7-m/libg.a
LOAD /home/laurence/ARM-GCC/bin/../lib/gcc/arm-none-eabi/4.7.4/../../../../arm-none-eabi/lib/armv7-m/libc.a
END GROUP
OUTPUT(build/ch.elf elf32-littlearm)

.ARM.attributes
                0x00000000       0x2f
 .ARM.attributes
                0x00000000       0x21 build/obj/chcoreasm_v7m.o
 .ARM.attributes
                0x00000021       0x31 /tmp/ccCHtpyS.ltrans0.ltrans.o
 .ARM.attributes
                0x00000052       0x31 /tmp/ccCHtpyS.ltrans1.ltrans.o
 .ARM.attributes
                0x00000083       0x31 /tmp/ccCHtpyS.ltrans2.ltrans.o
 .ARM.attributes
                0x000000b4       0x31 /tmp/ccCHtpyS.ltrans3.ltrans.o
 .ARM.attributes
                0x000000e5       0x31 /tmp/ccCHtpyS.ltrans4.ltrans.o
 .ARM.attributes
                0x00000116       0x31 /tmp/ccCHtpyS.ltrans5.ltrans.o
 .ARM.attributes
                0x00000147       0x31 /tmp/ccCHtpyS.ltrans6.ltrans.o
 .ARM.attributes
                0x00000178       0x31 /tmp/ccCHtpyS.ltrans7.ltrans.o
 .ARM.attributes
                0x000001a9       0x31 /tmp/ccCHtpyS.ltrans8.ltrans.o
 .ARM.attributes
                0x000001da       0x31 /tmp/ccCHtpyS.ltrans9.ltrans.o
 .ARM.attributes
                0x0000020b       0x31 /tmp/ccCHtpyS.ltrans10.ltrans.o
 .ARM.attributes
                0x0000023c       0x1d /home/laurence/ARM-GCC/bin/../lib/gcc/arm-none-eabi/4.7.4/armv7-m/libgcc.a(_arm_addsubdf3.o)
 .ARM.attributes
                0x00000259       0x1d /home/laurence/ARM-GCC/bin/../lib/gcc/arm-none-eabi/4.7.4/armv7-m/libgcc.a(_arm_muldivdf3.o)
 .ARM.attributes
                0x00000276       0x1d /home/laurence/ARM-GCC/bin/../lib/gcc/arm-none-eabi/4.7.4/armv7-m/libgcc.a(_arm_fixdfsi.o)
 .ARM.attributes
                0x00000293       0x1d /home/laurence/ARM-GCC/bin/../lib/gcc/arm-none-eabi/4.7.4/armv7-m/libgcc.a(_arm_fixunsdfsi.o)
 .ARM.attributes
                0x000002b0       0x1d /home/laurence/ARM-GCC/bin/../lib/gcc/arm-none-eabi/4.7.4/armv7-m/libgcc.a(_arm_truncdfsf2.o)
 .ARM.attributes
                0x000002cd       0x1d /home/laurence/ARM-GCC/bin/../lib/gcc/arm-none-eabi/4.7.4/armv7-m/libgcc.a(_arm_addsubsf3.o)
 .ARM.attributes
                0x000002ea       0x1d /home/laurence/ARM-GCC/bin/../lib/gcc/arm-none-eabi/4.7.4/armv7-m/libgcc.a(_arm_muldivsf3.o)
 .ARM.attributes
                0x00000307       0x1d /home/laurence/ARM-GCC/bin/../lib/gcc/arm-none-eabi/4.7.4/armv7-m/libgcc.a(_arm_cmpsf2.o)
 .ARM.attributes
                0x00000324       0x1d /home/laurence/ARM-GCC/bin/../lib/gcc/arm-none-eabi/4.7.4/armv7-m/libgcc.a(_arm_fixsfsi.o)
 .ARM.attributes
                0x00000341       0x1d /home/laurence/ARM-GCC/bin/../lib/gcc/arm-none-eabi/4.7.4/armv7-m/libgcc.a(_arm_fixunssfsi.o)
 .ARM.attributes
                0x0000035e       0x2d /home/laurence/ARM-GCC/bin/../lib/gcc/arm-none-eabi/4.7.4/../../../../arm-none-eabi/lib/armv7-m/libg.a(lib_a-memset.o)
 .ARM.attributes
                0x0000038b       0x2d /home/laurence/ARM-GCC/bin/../lib/gcc/arm-none-eabi/4.7.4/../../../../arm-none-eabi/lib/armv7-m/libg.a(lib_a-strcasecmp.o)
 .ARM.attributes
                0x000003b8       0x2d /home/laurence/ARM-GCC/bin/../lib/gcc/arm-none-eabi/4.7.4/../../../../arm-none-eabi/lib/armv7-m/libg.a(lib_a-strcpy.o)
 .ARM.attributes
                0x000003e5       0x2d /home/laurence/ARM-GCC/bin/../lib/gcc/arm-none-eabi/4.7.4/../../../../arm-none-eabi/lib/armv7-m/libg.a(lib_a-strlen.o)
 .ARM.attributes
                0x00000412       0x2d /home/laurence/ARM-GCC/bin/../lib/gcc/arm-none-eabi/4.7.4/../../../../arm-none-eabi/lib/armv7-m/libg.a(lib_a-strpbrk.o)
 .ARM.attributes
                0x0000043f       0x2d /home/laurence/ARM-GCC/bin/../lib/gcc/arm-none-eabi/4.7.4/../../../../arm-none-eabi/lib/armv7-m/libg.a(lib_a-strspn.o)
 .ARM.attributes
                0x0000046c       0x2d /home/laurence/ARM-GCC/bin/../lib/gcc/arm-none-eabi/4.7.4/../../../../arm-none-eabi/lib/armv7-m/libg.a(lib_a-ctype_.o)

.comment        0x00000000       0x70
 .comment       0x00000000       0x70 /tmp/ccCHtpyS.ltrans0.ltrans.o
                                 0x71 (size before relaxing)
 .comment       0x00000000       0x71 /tmp/ccCHtpyS.ltrans1.ltrans.o
 .comment       0x00000000       0x71 /tmp/ccCHtpyS.ltrans2.ltrans.o
 .comment       0x00000000       0x71 /tmp/ccCHtpyS.ltrans3.ltrans.o
 .comment       0x00000000       0x71 /tmp/ccCHtpyS.ltrans4.ltrans.o
 .comment       0x00000000       0x71 /tmp/ccCHtpyS.ltrans5.ltrans.o
 .comment       0x00000000       0x71 /tmp/ccCHtpyS.ltrans6.ltrans.o
 .comment       0x00000000       0x71 /tmp/ccCHtpyS.ltrans7.ltrans.o
 .comment       0x00000000       0x71 /tmp/ccCHtpyS.ltrans8.ltrans.o
 .comment       0x00000000       0x71 /tmp/ccCHtpyS.ltrans9.ltrans.o
 .comment       0x00000000       0x71 /tmp/ccCHtpyS.ltrans10.ltrans.o

.debug_info     0x00000000    0x23f36
 .debug_info    0x00000000     0x33e9 /tmp/ccCHtpyS.ltrans0.ltrans.o
 .debug_info    0x000033e9     0x390d /tmp/ccCHtpyS.ltrans1.ltrans.o
 .debug_info    0x00006cf6     0x3da7 /tmp/ccCHtpyS.ltrans2.ltrans.o
 .debug_info    0x0000aa9d     0x3bd8 /tmp/ccCHtpyS.ltrans3.ltrans.o
 .debug_info    0x0000e675     0x404d /tmp/ccCHtpyS.ltrans4.ltrans.o
 .debug_info    0x000126c2     0x36f5 /tmp/ccCHtpyS.ltrans5.ltrans.o
 .debug_info    0x00015db7     0x2d1c /tmp/ccCHtpyS.ltrans6.ltrans.o
 .debug_info    0x00018ad3     0x3e46 /tmp/ccCHtpyS.ltrans7.ltrans.o
 .debug_info    0x0001c919     0x2faf /tmp/ccCHtpyS.ltrans8.ltrans.o
 .debug_info    0x0001f8c8     0x2288 /tmp/ccCHtpyS.ltrans9.ltrans.o
 .debug_info    0x00021b50     0x23e6 /tmp/ccCHtpyS.ltrans10.ltrans.o

.debug_abbrev   0x00000000     0x441a
 .debug_abbrev  0x00000000      0x6f8 /tmp/ccCHtpyS.ltrans0.ltrans.o
 .debug_abbrev  0x000006f8      0x5bd /tmp/ccCHtpyS.ltrans1.ltrans.o
 .debug_abbrev  0x00000cb5      0x702 /tmp/ccCHtpyS.ltrans2.ltrans.o
 .debug_abbrev  0x000013b7      0x731 /tmp/ccCHtpyS.ltrans3.ltrans.o
 .debug_abbrev  0x00001ae8      0x6a6 /tmp/ccCHtpyS.ltrans4.ltrans.o
 .debug_abbrev  0x0000218e      0x719 /tmp/ccCHtpyS.ltrans5.ltrans.o
 .debug_abbrev  0x000028a7      0x47a /tmp/ccCHtpyS.ltrans6.ltrans.o
 .debug_abbrev  0x00002d21      0x734 /tmp/ccCHtpyS.ltrans7.ltrans.o
 .debug_abbrev  0x00003455      0x54e /tmp/ccCHtpyS.ltrans8.ltrans.o
 .debug_abbrev  0x000039a3      0x578 /tmp/ccCHtpyS.ltrans9.ltrans.o
 .debug_abbrev  0x00003f1b      0x4ff /tmp/ccCHtpyS.ltrans10.ltrans.o

.debug_loc      0x00000000     0xab52
 .debug_loc     0x00000000     0x1cae /tmp/ccCHtpyS.ltrans0.ltrans.o
 .debug_loc     0x00001cae      0xc94 /tmp/ccCHtpyS.ltrans1.ltrans.o
 .debug_loc     0x00002942     0x12de /tmp/ccCHtpyS.ltrans2.ltrans.o
 .debug_loc     0x00003c20     0x1279 /tmp/ccCHtpyS.ltrans3.ltrans.o
 .debug_loc     0x00004e99     0x10e5 /tmp/ccCHtpyS.ltrans4.ltrans.o
 .debug_loc     0x00005f7e     0x1103 /tmp/ccCHtpyS.ltrans5.ltrans.o
 .debug_loc     0x00007081     0x12d3 /tmp/ccCHtpyS.ltrans6.ltrans.o
 .debug_loc     0x00008354     0x10d8 /tmp/ccCHtpyS.ltrans7.ltrans.o
 .debug_loc     0x0000942c      0x7d9 /tmp/ccCHtpyS.ltrans8.ltrans.o
 .debug_loc     0x00009c05      0x432 /tmp/ccCHtpyS.ltrans9.ltrans.o
 .debug_loc     0x0000a037      0xb1b /tmp/ccCHtpyS.ltrans10.ltrans.o

.debug_aranges  0x00000000      0x8a0
 .debug_aranges
                0x00000000      0x1c0 /tmp/ccCHtpyS.ltrans0.ltrans.o
 .debug_aranges
                0x000001c0       0xc8 /tmp/ccCHtpyS.ltrans1.ltrans.o
 .debug_aranges
                0x00000288      0x158 /tmp/ccCHtpyS.ltrans2.ltrans.o
 .debug_aranges
                0x000003e0      0x120 /tmp/ccCHtpyS.ltrans3.ltrans.o
 .debug_aranges
                0x00000500       0x80 /tmp/ccCHtpyS.ltrans4.ltrans.o
 .debug_aranges
                0x00000580      0x190 /tmp/ccCHtpyS.ltrans5.ltrans.o
 .debug_aranges
                0x00000710       0x30 /tmp/ccCHtpyS.ltrans6.ltrans.o
 .debug_aranges
                0x00000740       0x90 /tmp/ccCHtpyS.ltrans7.ltrans.o
 .debug_aranges
                0x000007d0       0x30 /tmp/ccCHtpyS.ltrans8.ltrans.o
 .debug_aranges
                0x00000800       0x60 /tmp/ccCHtpyS.ltrans9.ltrans.o
 .debug_aranges
                0x00000860       0x40 /tmp/ccCHtpyS.ltrans10.ltrans.o

.debug_ranges   0x00000000     0x41b0
 .debug_ranges  0x00000000      0x8d0 /tmp/ccCHtpyS.ltrans0.ltrans.o
 .debug_ranges  0x000008d0      0x600 /tmp/ccCHtpyS.ltrans1.ltrans.o
 .debug_ranges  0x00000ed0      0x588 /tmp/ccCHtpyS.ltrans2.ltrans.o
 .debug_ranges  0x00001458      0xc70 /tmp/ccCHtpyS.ltrans3.ltrans.o
 .debug_ranges  0x000020c8      0x600 /tmp/ccCHtpyS.ltrans4.ltrans.o
 .debug_ranges  0x000026c8      0x340 /tmp/ccCHtpyS.ltrans5.ltrans.o
 .debug_ranges  0x00002a08      0x4d0 /tmp/ccCHtpyS.ltrans6.ltrans.o
 .debug_ranges  0x00002ed8      0xb98 /tmp/ccCHtpyS.ltrans7.ltrans.o
 .debug_ranges  0x00003a70      0x380 /tmp/ccCHtpyS.ltrans8.ltrans.o
 .debug_ranges  0x00003df0       0xf8 /tmp/ccCHtpyS.ltrans9.ltrans.o
 .debug_ranges  0x00003ee8      0x2c8 /tmp/ccCHtpyS.ltrans10.ltrans.o

.debug_line     0x00000000     0x827c
 .debug_line    0x00000000     0x10f5 /tmp/ccCHtpyS.ltrans0.ltrans.o
 .debug_line    0x000010f5      0xc21 /tmp/ccCHtpyS.ltrans1.ltrans.o
 .debug_line    0x00001d16      0xf24 /tmp/ccCHtpyS.ltrans2.ltrans.o
 .debug_line    0x00002c3a      0xf2a /tmp/ccCHtpyS.ltrans3.ltrans.o
 .debug_line    0x00003b64      0xc9a /tmp/ccCHtpyS.ltrans4.ltrans.o
 .debug_line    0x000047fe      0xca2 /tmp/ccCHtpyS.ltrans5.ltrans.o
 .debug_line    0x000054a0      0x8db /tmp/ccCHtpyS.ltrans6.ltrans.o
 .debug_line    0x00005d7b      0xe80 /tmp/ccCHtpyS.ltrans7.ltrans.o
 .debug_line    0x00006bfb      0x8f5 /tmp/ccCHtpyS.ltrans8.ltrans.o
 .debug_line    0x000074f0      0x740 /tmp/ccCHtpyS.ltrans9.ltrans.o
 .debug_line    0x00007c30      0x64c /tmp/ccCHtpyS.ltrans10.ltrans.o

.debug_str      0x00000000     0x3e73
 .debug_str     0x00000000      0xbd9 /tmp/ccCHtpyS.ltrans0.ltrans.o
                                0xcb5 (size before relaxing)
 .debug_str     0x00000bd9      0x5b6 /tmp/ccCHtpyS.ltrans1.ltrans.o
                                0xc75 (size before relaxing)
 .debug_str     0x0000118f      0x864 /tmp/ccCHtpyS.ltrans2.ltrans.o
                                0xfb3 (size before relaxing)
 .debug_str     0x000019f3      0x8f0 /tmp/ccCHtpyS.ltrans3.ltrans.o
                               0x1378 (size before relaxing)
 .debug_str     0x000022e3      0x514 /tmp/ccCHtpyS.ltrans4.ltrans.o
                               0x132d (size before relaxing)
 .debug_str     0x000027f7      0x509 /tmp/ccCHtpyS.ltrans5.ltrans.o
                               0x13ca (size before relaxing)
 .debug_str     0x00002d00      0x1f2 /tmp/ccCHtpyS.ltrans6.ltrans.o
                                0xc8c (size before relaxing)
 .debug_str     0x00002ef2      0x91c /tmp/ccCHtpyS.ltrans7.ltrans.o
                               0x1acf (size before relaxing)
 .debug_str     0x0000380e      0x23c /tmp/ccCHtpyS.ltrans8.ltrans.o
                               0x10d1 (size before relaxing)
 .debug_str     0x00003a4a      0x26e /tmp/ccCHtpyS.ltrans9.ltrans.o
                                0xda3 (size before relaxing)
 .debug_str     0x00003cb8      0x1bb /tmp/ccCHtpyS.ltrans10.ltrans.o
                                0xaf6 (size before relaxing)

.debug_frame    0x00000000     0x19c4
 .debug_frame   0x00000000      0x51c /tmp/ccCHtpyS.ltrans0.ltrans.o
 .debug_frame   0x0000051c      0x2b0 /tmp/ccCHtpyS.ltrans1.ltrans.o
 .debug_frame   0x000007cc      0x3f0 /tmp/ccCHtpyS.ltrans2.ltrans.o
 .debug_frame   0x00000bbc      0x2d8 /tmp/ccCHtpyS.ltrans3.ltrans.o
 .debug_frame   0x00000e94      0x19c /tmp/ccCHtpyS.ltrans4.ltrans.o
 .debug_frame   0x00001030      0x46c /tmp/ccCHtpyS.ltrans5.ltrans.o
 .debug_frame   0x0000149c       0x74 /tmp/ccCHtpyS.ltrans6.ltrans.o
 .debug_frame   0x00001510      0x1b0 /tmp/ccCHtpyS.ltrans7.ltrans.o
 .debug_frame   0x000016c0       0x78 /tmp/ccCHtpyS.ltrans8.ltrans.o
 .debug_frame   0x00001738      0x108 /tmp/ccCHtpyS.ltrans9.ltrans.o
 .debug_frame   0x00001840       0x94 /tmp/ccCHtpyS.ltrans10.ltrans.o
 .debug_frame   0x000018d4       0x2c /home/laurence/ARM-GCC/bin/../lib/gcc/arm-none-eabi/4.7.4/../../../../arm-none-eabi/lib/armv7-m/libg.a(lib_a-memset.o)
 .debug_frame   0x00001900       0x2c /home/laurence/ARM-GCC/bin/../lib/gcc/arm-none-eabi/4.7.4/../../../../arm-none-eabi/lib/armv7-m/libg.a(lib_a-strcasecmp.o)
 .debug_frame   0x0000192c       0x20 /home/laurence/ARM-GCC/bin/../lib/gcc/arm-none-eabi/4.7.4/../../../../arm-none-eabi/lib/armv7-m/libg.a(lib_a-strcpy.o)
 .debug_frame   0x0000194c       0x20 /home/laurence/ARM-GCC/bin/../lib/gcc/arm-none-eabi/4.7.4/../../../../arm-none-eabi/lib/armv7-m/libg.a(lib_a-strlen.o)
 .debug_frame   0x0000196c       0x2c /home/laurence/ARM-GCC/bin/../lib/gcc/arm-none-eabi/4.7.4/../../../../arm-none-eabi/lib/armv7-m/libg.a(lib_a-strpbrk.o)
 .debug_frame   0x00001998       0x2c /home/laurence/ARM-GCC/bin/../lib/gcc/arm-none-eabi/4.7.4/../../../../arm-none-eabi/lib/armv7-m/libg.a(lib_a-strspn.o)

Cross Reference Table

Symbol                                            File
Active_banddiv                                    /tmp/ccCHtpyS.ltrans8.ltrans.o
                                                  /tmp/ccCHtpyS.ltrans4.ltrans.o
BusFault_Handler                                  /tmp/ccCHtpyS.ltrans0.ltrans.o
                                                  /tmp/ccCHtpyS.ltrans7.ltrans.o
Command                                           /tmp/ccCHtpyS.ltrans8.ltrans.o
                                                  /tmp/ccCHtpyS.ltrans4.ltrans.o
                                                  /tmp/ccCHtpyS.ltrans1.ltrans.o
Command_string                                    /tmp/ccCHtpyS.ltrans8.ltrans.o
                                                  /tmp/ccCHtpyS.ltrans4.ltrans.o
DebugMon_Handler                                  /tmp/ccCHtpyS.ltrans0.ltrans.o
                                                  /tmp/ccCHtpyS.ltrans7.ltrans.o
GPTD4                                             /tmp/ccCHtpyS.ltrans8.ltrans.o
                                                  /tmp/ccCHtpyS.ltrans7.ltrans.o
                                                  /tmp/ccCHtpyS.ltrans2.ltrans.o
HardFault_Handler                                 /tmp/ccCHtpyS.ltrans0.ltrans.o
                                                  /tmp/ccCHtpyS.ltrans7.ltrans.o
MemManage_Handler                                 /tmp/ccCHtpyS.ltrans0.ltrans.o
                                                  /tmp/ccCHtpyS.ltrans7.ltrans.o
NMI_Handler                                       /tmp/ccCHtpyS.ltrans0.ltrans.o
                                                  /tmp/ccCHtpyS.ltrans7.ltrans.o
Outdiv                                            /tmp/ccCHtpyS.ltrans8.ltrans.o
                                                  /tmp/ccCHtpyS.ltrans4.ltrans.o
PendSV_Handler                                    /tmp/ccCHtpyS.ltrans0.ltrans.o
                                                  /tmp/ccCHtpyS.ltrans7.ltrans.o
RF_switch                                         /tmp/ccCHtpyS.ltrans7.ltrans.o
                                                  /tmp/ccCHtpyS.ltrans8.ltrans.o
                                                  /tmp/ccCHtpyS.ltrans4.ltrans.o
Reset_Handler                                     /tmp/ccCHtpyS.ltrans7.ltrans.o
SDU1                                              /tmp/ccCHtpyS.ltrans4.ltrans.o
                                                  /tmp/ccCHtpyS.ltrans7.ltrans.o
SI_Thread.11587                                   /tmp/ccCHtpyS.ltrans8.ltrans.o
                                                  /tmp/ccCHtpyS.ltrans7.ltrans.o
SPID1                                             /tmp/ccCHtpyS.ltrans8.ltrans.o
                                                  /tmp/ccCHtpyS.ltrans7.ltrans.o
                                                  /tmp/ccCHtpyS.ltrans4.ltrans.o
SVC_Handler                                       /tmp/ccCHtpyS.ltrans0.ltrans.o
                                                  /tmp/ccCHtpyS.ltrans7.ltrans.o
Silabs_busy                                       /tmp/ccCHtpyS.ltrans8.ltrans.o
                                                  /tmp/ccCHtpyS.ltrans7.ltrans.o
                                                  /tmp/ccCHtpyS.ltrans4.ltrans.o
                                                  /tmp/ccCHtpyS.ltrans1.ltrans.o
SysTick_Handler                                   /tmp/ccCHtpyS.ltrans0.ltrans.o
                                                  /tmp/ccCHtpyS.ltrans7.ltrans.o
TestThread                                        /tmp/ccCHtpyS.ltrans9.ltrans.o
                                                  /tmp/ccCHtpyS.ltrans7.ltrans.o
Thread1.11028                                     /tmp/ccCHtpyS.ltrans9.ltrans.o
                                                  /tmp/ccCHtpyS.ltrans7.ltrans.o
USBD1                                             /tmp/ccCHtpyS.ltrans9.ltrans.o
                                                  /tmp/ccCHtpyS.ltrans7.ltrans.o
                                                  /tmp/ccCHtpyS.ltrans3.ltrans.o
UsageFault_Handler                                /tmp/ccCHtpyS.ltrans0.ltrans.o
                                                  /tmp/ccCHtpyS.ltrans7.ltrans.o
Vector100                                         /tmp/ccCHtpyS.ltrans0.ltrans.o
                                                  /tmp/ccCHtpyS.ltrans7.ltrans.o
Vector104                                         /tmp/ccCHtpyS.ltrans0.ltrans.o
                                                  /tmp/ccCHtpyS.ltrans7.ltrans.o
Vector108                                         /tmp/ccCHtpyS.ltrans0.ltrans.o
                                                  /tmp/ccCHtpyS.ltrans7.ltrans.o
Vector10C                                         /tmp/ccCHtpyS.ltrans0.ltrans.o
                                                  /tmp/ccCHtpyS.ltrans7.ltrans.o
Vector110                                         /tmp/ccCHtpyS.ltrans0.ltrans.o
                                                  /tmp/ccCHtpyS.ltrans7.ltrans.o
Vector114                                         /tmp/ccCHtpyS.ltrans0.ltrans.o
                                                  /tmp/ccCHtpyS.ltrans7.ltrans.o
Vector118                                         /tmp/ccCHtpyS.ltrans0.ltrans.o
                                                  /tmp/ccCHtpyS.ltrans7.ltrans.o
Vector11C                                         /tmp/ccCHtpyS.ltrans0.ltrans.o
                                                  /tmp/ccCHtpyS.ltrans7.ltrans.o
Vector120                                         /tmp/ccCHtpyS.ltrans0.ltrans.o
                                                  /tmp/ccCHtpyS.ltrans7.ltrans.o
Vector124                                         /tmp/ccCHtpyS.ltrans0.ltrans.o
                                                  /tmp/ccCHtpyS.ltrans7.ltrans.o
Vector128                                         /tmp/ccCHtpyS.ltrans0.ltrans.o
                                                  /tmp/ccCHtpyS.ltrans7.ltrans.o
Vector12C                                         /tmp/ccCHtpyS.ltrans0.ltrans.o
                                                  /tmp/ccCHtpyS.ltrans7.ltrans.o
Vector130                                         /tmp/ccCHtpyS.ltrans0.ltrans.o
                                                  /tmp/ccCHtpyS.ltrans7.ltrans.o
Vector134                                         /tmp/ccCHtpyS.ltrans0.ltrans.o
                                                  /tmp/ccCHtpyS.ltrans7.ltrans.o
Vector138                                         /tmp/ccCHtpyS.ltrans0.ltrans.o
                                                  /tmp/ccCHtpyS.ltrans7.ltrans.o
Vector13C                                         /tmp/ccCHtpyS.ltrans0.ltrans.o
                                                  /tmp/ccCHtpyS.ltrans7.ltrans.o
Vector1C                                          /tmp/ccCHtpyS.ltrans0.ltrans.o
                                                  /tmp/ccCHtpyS.ltrans7.ltrans.o
Vector20                                          /tmp/ccCHtpyS.ltrans0.ltrans.o
                                                  /tmp/ccCHtpyS.ltrans7.ltrans.o
Vector24                                          /tmp/ccCHtpyS.ltrans0.ltrans.o
                                                  /tmp/ccCHtpyS.ltrans7.ltrans.o
Vector28                                          /tmp/ccCHtpyS.ltrans0.ltrans.o
                                                  /tmp/ccCHtpyS.ltrans7.ltrans.o
Vector34                                          /tmp/ccCHtpyS.ltrans0.ltrans.o
                                                  /tmp/ccCHtpyS.ltrans7.ltrans.o
Vector40                                          /tmp/ccCHtpyS.ltrans0.ltrans.o
                                                  /tmp/ccCHtpyS.ltrans7.ltrans.o
Vector44                                          /tmp/ccCHtpyS.ltrans0.ltrans.o
                                                  /tmp/ccCHtpyS.ltrans7.ltrans.o
Vector48                                          /tmp/ccCHtpyS.ltrans0.ltrans.o
                                                  /tmp/ccCHtpyS.ltrans7.ltrans.o
Vector4C                                          /tmp/ccCHtpyS.ltrans0.ltrans.o
                                                  /tmp/ccCHtpyS.ltrans7.ltrans.o
Vector50                                          /tmp/ccCHtpyS.ltrans0.ltrans.o
                                                  /tmp/ccCHtpyS.ltrans7.ltrans.o
Vector54                                          /tmp/ccCHtpyS.ltrans0.ltrans.o
                                                  /tmp/ccCHtpyS.ltrans7.ltrans.o