Archive member included because of file (symbol)

/home/laurence/ARM-GCC/gcc-arm-none-eabi-4_9-2014q4/bin/../lib/gcc/arm-none-eabi/4.9.3/armv7-m/libgcc.a(_arm_addsubdf3.o)
                              /tmp/ccUBB3To.ltrans9.ltrans.o (__aeabi_dsub)
/home/laurence/ARM-GCC/gcc-arm-none-eabi-4_9-2014q4/bin/../lib/gcc/arm-none-eabi/4.9.3/armv7-m/libgcc.a(_arm_muldivdf3.o)
                              /tmp/ccUBB3To.ltrans9.ltrans.o (__aeabi_dmul)
/home/laurence/ARM-GCC/gcc-arm-none-eabi-4_9-2014q4/bin/../lib/gcc/arm-none-eabi/4.9.3/armv7-m/libgcc.a(_arm_fixdfsi.o)
                              /tmp/ccUBB3To.ltrans9.ltrans.o (__aeabi_d2iz)
/home/laurence/ARM-GCC/gcc-arm-none-eabi-4_9-2014q4/bin/../lib/gcc/arm-none-eabi/4.9.3/armv7-m/libgcc.a(_arm_fixunsdfsi.o)
                              /tmp/ccUBB3To.ltrans10.ltrans.o (__aeabi_d2uiz)
/home/laurence/ARM-GCC/gcc-arm-none-eabi-4_9-2014q4/bin/../lib/gcc/arm-none-eabi/4.9.3/armv7-m/libgcc.a(_arm_truncdfsf2.o)
                              /tmp/ccUBB3To.ltrans9.ltrans.o (__aeabi_d2f)
/home/laurence/ARM-GCC/gcc-arm-none-eabi-4_9-2014q4/bin/../lib/gcc/arm-none-eabi/4.9.3/armv7-m/libgcc.a(_arm_addsubsf3.o)
                              /tmp/ccUBB3To.ltrans1.ltrans.o (__aeabi_fsub)
/home/laurence/ARM-GCC/gcc-arm-none-eabi-4_9-2014q4/bin/../lib/gcc/arm-none-eabi/4.9.3/armv7-m/libgcc.a(_arm_muldivsf3.o)
                              /tmp/ccUBB3To.ltrans1.ltrans.o (__aeabi_fmul)
/home/laurence/ARM-GCC/gcc-arm-none-eabi-4_9-2014q4/bin/../lib/gcc/arm-none-eabi/4.9.3/armv7-m/libgcc.a(_arm_cmpsf2.o)
                              /tmp/ccUBB3To.ltrans9.ltrans.o (__aeabi_fcmplt)
/home/laurence/ARM-GCC/gcc-arm-none-eabi-4_9-2014q4/bin/../lib/gcc/arm-none-eabi/4.9.3/armv7-m/libgcc.a(_arm_fixsfsi.o)
                              /tmp/ccUBB3To.ltrans9.ltrans.o (__aeabi_f2iz)
/home/laurence/ARM-GCC/gcc-arm-none-eabi-4_9-2014q4/bin/../lib/gcc/arm-none-eabi/4.9.3/armv7-m/libgcc.a(_arm_fixunssfsi.o)
                              /tmp/ccUBB3To.ltrans1.ltrans.o (__aeabi_f2uiz)
/home/laurence/ARM-GCC/gcc-arm-none-eabi-4_9-2014q4/bin/../lib/gcc/arm-none-eabi/4.9.3/../../../../arm-none-eabi/lib/armv7-m/libg.a(lib_a-memset.o)
                              /tmp/ccUBB3To.ltrans2.ltrans.o (memset)
/home/laurence/ARM-GCC/gcc-arm-none-eabi-4_9-2014q4/bin/../lib/gcc/arm-none-eabi/4.9.3/../../../../arm-none-eabi/lib/armv7-m/libg.a(lib_a-strcasecmp.o)
                              /tmp/ccUBB3To.ltrans9.ltrans.o (strcasecmp)
/home/laurence/ARM-GCC/gcc-arm-none-eabi-4_9-2014q4/bin/../lib/gcc/arm-none-eabi/4.9.3/../../../../arm-none-eabi/lib/armv7-m/libg.a(lib_a-strlen.o)
                              /tmp/ccUBB3To.ltrans1.ltrans.o (strlen)
/home/laurence/ARM-GCC/gcc-arm-none-eabi-4_9-2014q4/bin/../lib/gcc/arm-none-eabi/4.9.3/../../../../arm-none-eabi/lib/armv7-m/libg.a(lib_a-strncpy.o)
                              /tmp/ccUBB3To.ltrans1.ltrans.o (strncpy)
/home/laurence/ARM-GCC/gcc-arm-none-eabi-4_9-2014q4/bin/../lib/gcc/arm-none-eabi/4.9.3/../../../../arm-none-eabi/lib/armv7-m/libg.a(lib_a-strpbrk.o)
                              /tmp/ccUBB3To.ltrans11.ltrans.o (strpbrk)
/home/laurence/ARM-GCC/gcc-arm-none-eabi-4_9-2014q4/bin/../lib/gcc/arm-none-eabi/4.9.3/../../../../arm-none-eabi/lib/armv7-m/libg.a(lib_a-strspn.o)
                              /tmp/ccUBB3To.ltrans11.ltrans.o (strspn)
/home/laurence/ARM-GCC/gcc-arm-none-eabi-4_9-2014q4/bin/../lib/gcc/arm-none-eabi/4.9.3/../../../../arm-none-eabi/lib/armv7-m/libg.a(lib_a-ctype_.o)
                              /home/laurence/ARM-GCC/gcc-arm-none-eabi-4_9-2014q4/bin/../lib/gcc/arm-none-eabi/4.9.3/../../../../arm-none-eabi/lib/armv7-m/libg.a(lib_a-strcasecmp.o) (__ctype_ptr__)

Discarded input sections

 .data          0x00000000        0x0 build/obj/chcoreasm_v7m.o
 .bss           0x00000000        0x0 build/obj/chcoreasm_v7m.o
 .text          0x00000000        0x0 build/obj/crt0.o (symbol from plugin)
 .text          0x00000000        0x0 /tmp/ccUBB3To.ltrans0.ltrans.o
 .data          0x00000000        0x0 /tmp/ccUBB3To.ltrans0.ltrans.o
 .bss           0x00000000        0x0 /tmp/ccUBB3To.ltrans0.ltrans.o
 .text          0x00000000        0x0 /tmp/ccUBB3To.ltrans1.ltrans.o
 .data          0x00000000        0x0 /tmp/ccUBB3To.ltrans1.ltrans.o
 .bss           0x00000000        0x0 /tmp/ccUBB3To.ltrans1.ltrans.o
 .text          0x00000000        0x0 /tmp/ccUBB3To.ltrans2.ltrans.o
 .data          0x00000000        0x0 /tmp/ccUBB3To.ltrans2.ltrans.o
 .bss           0x00000000        0x0 /tmp/ccUBB3To.ltrans2.ltrans.o
 .text          0x00000000        0x0 /tmp/ccUBB3To.ltrans3.ltrans.o
 .data          0x00000000        0x0 /tmp/ccUBB3To.ltrans3.ltrans.o
 .bss           0x00000000        0x0 /tmp/ccUBB3To.ltrans3.ltrans.o
 .text          0x00000000        0x0 /tmp/ccUBB3To.ltrans4.ltrans.o
 .data          0x00000000        0x0 /tmp/ccUBB3To.ltrans4.ltrans.o
 .bss           0x00000000        0x0 /tmp/ccUBB3To.ltrans4.ltrans.o
[...]
Memory Configuration

Name             Origin             Length             Attributes
flash            0x08000000         0x00020000
ram              0x20000000         0x00005000
*default*        0x00000000         0xffffffff

Linker script and memory map

LOAD build/obj/chcoreasm_v7m.o
LOAD build/obj/crt0.o
LOAD /tmp/ccUBB3To.ltrans0.ltrans.o
LOAD /tmp/ccUBB3To.ltrans1.ltrans.o
LOAD /tmp/ccUBB3To.ltrans2.ltrans.o
LOAD /tmp/ccUBB3To.ltrans3.ltrans.o
LOAD /tmp/ccUBB3To.ltrans4.ltrans.o
LOAD /tmp/ccUBB3To.ltrans5.ltrans.o
LOAD /tmp/ccUBB3To.ltrans6.ltrans.o
LOAD /tmp/ccUBB3To.ltrans7.ltrans.o
LOAD /tmp/ccUBB3To.ltrans8.ltrans.o
LOAD /tmp/ccUBB3To.ltrans9.ltrans.o
LOAD /tmp/ccUBB3To.ltrans10.ltrans.o
LOAD /tmp/ccUBB3To.ltrans11.ltrans.o
LOAD /home/laurence/ARM-GCC/gcc-arm-none-eabi-4_9-2014q4/bin/../lib/gcc/arm-none-eabi/4.9.3/armv7-m/libgcc.a
LOAD /home/laurence/ARM-GCC/gcc-arm-none-eabi-4_9-2014q4/bin/../lib/gcc/arm-none-eabi/4.9.3/../../../../arm-none-eabi/lib/armv7-m/libg.a
LOAD /home/laurence/ARM-GCC/gcc-arm-none-eabi-4_9-2014q4/bin/../lib/gcc/arm-none-eabi/4.9.3/../../../../arm-none-eabi/lib/armv7-m/libc.a
LOAD build/obj/vectors.o
LOAD build/obj/chcore.o
LOAD build/obj/chcore_v7m.o
LOAD build/obj/chsys.o
LOAD build/obj/chdebug.o
LOAD build/obj/chtm.o
LOAD build/obj/chstats.o
LOAD build/obj/chschd.o
LOAD build/obj/chvt.o
LOAD build/obj/chthreads.o
LOAD build/obj/chdynamic.o
LOAD build/obj/chregistry.o
LOAD build/obj/chsem.o
LOAD build/obj/chmtx.o
LOAD build/obj/chcond.o
LOAD build/obj/chevents.o
LOAD build/obj/chmsg.o
LOAD build/obj/chmboxes.o
LOAD build/obj/chqueues.o
LOAD build/obj/chmemcore.o
LOAD build/obj/chheap.o
LOAD build/obj/chmempools.o
LOAD build/obj/test.o
LOAD build/obj/testthd.o
LOAD build/obj/testsem.o
LOAD build/obj/testmtx.o
LOAD build/obj/testmsg.o
LOAD build/obj/testmbox.o
LOAD build/obj/testevt.o
LOAD build/obj/testheap.o
LOAD build/obj/testpools.o
LOAD build/obj/testdyn.o
LOAD build/obj/testqueues.o
LOAD build/obj/testbmk.o
LOAD build/obj/hal.o
LOAD build/obj/hal_queues.o
LOAD build/obj/hal_mmcsd.o
LOAD build/obj/adc.o
LOAD build/obj/can.o
LOAD build/obj/dac.o
LOAD build/obj/ext.o
LOAD build/obj/gpt.o
LOAD build/obj/i2c.o
LOAD build/obj/i2s.o
LOAD build/obj/icu.o
LOAD build/obj/mac.o
LOAD build/obj/mmc_spi.o
LOAD build/obj/pal.o
LOAD build/obj/pwm.o
LOAD build/obj/rtc.o
LOAD build/obj/sdc.o
LOAD build/obj/serial.o
LOAD build/obj/serial_usb.o
LOAD build/obj/spi.o
LOAD build/obj/st.o
LOAD build/obj/uart.o
LOAD build/obj/usb.o
LOAD build/obj/osal.o
LOAD build/obj/nvic.o
LOAD build/obj/stm32_dma.o
LOAD build/obj/hal_lld.o
LOAD build/obj/adc_lld.o
LOAD build/obj/ext_lld_isr.o
LOAD build/obj/can_lld.o
LOAD build/obj/ext_lld.o
LOAD build/obj/mac_lld.o
LOAD build/obj/sdc_lld.o
LOAD build/obj/pal_lld.o
LOAD build/obj/i2c_lld.o
LOAD build/obj/rtc_lld.o
LOAD build/obj/spi_lld.o
LOAD build/obj/gpt_lld.o
LOAD build/obj/icu_lld.o
LOAD build/obj/pwm_lld.o
LOAD build/obj/st_lld.o
LOAD build/obj/serial_lld.o
LOAD build/obj/uart_lld.o
LOAD build/obj/usb_lld.o
LOAD build/obj/board.o
LOAD build/obj/shell.o
LOAD build/obj/chprintf.o
LOAD build/obj/main.o
LOAD build/obj/usbcfg.o
LOAD build/obj/Si446x_thread.o
                0x20000000                __ram_start__ = ORIGIN (ram)
                0x00005000                __ram_size__ = 0x5000
                0x20005000                __ram_end__ = (__ram_start__ + __ram_size__)
                0x00000000                . = 0x0
                0x00000000                _text = .

startup         0x08000000      0x140
 *(vectors)
 vectors        0x08000000      0x140 /tmp/ccUBB3To.ltrans8.ltrans.o
                0x08000000                _vectors

constructors    0x08000140        0x0
                0x08000140                PROVIDE (__init_array_start, .)
 *(SORT(.init_array.*))
 *(.init_array)
                0x08000140                PROVIDE (__init_array_end, .)

destructors     0x08000140        0x0
                0x08000140                PROVIDE (__fini_array_start, .)
 *(.fini_array)
 *(SORT(.fini_array.*))
                0x08000140                PROVIDE (__fini_array_end, .)

.text           0x08000140     0xafd4
 *(.text.startup.*)
 .text.startup.main
                0x08000140      0x550 /tmp/ccUBB3To.ltrans1.ltrans.o
                0x08000140                main
 *(.text)
 .text          0x08000690       0x26 build/obj/chcoreasm_v7m.o
                0x08000690                _port_switch
                0x080006a0                _port_thread_start
                0x080006ae                _port_switch_from_isr
                0x080006b2                _port_exit_from_isr
 *fill*         0x080006b6        0xa 
 .text          0x080006c0      0x370 /home/laurence/ARM-GCC/gcc-arm-none-eabi-4_9-2014q4/bin/../lib/gcc/arm-none-eabi/4.9.3/armv7-m/libgcc.a(_arm_addsubdf3.o)
                0x080006c0                __aeabi_drsub
                0x080006c8                __aeabi_dsub
                0x080006c8                __subdf3
                0x080006cc                __adddf3
                0x080006cc                __aeabi_dadd
                0x08000944                __aeabi_ui2d
                0x08000944                __floatunsidf
                0x08000964                __floatsidf
                0x08000964                __aeabi_i2d
                0x08000988                __extendsfdf2
                0x08000988                __aeabi_f2d
                0x080009c4                __aeabi_ul2d
                0x080009c4                __floatundidf
                0x080009d4                __floatdidf
                0x080009d4                __aeabi_l2d
 .text          0x08000a30      0x424 /home/laurence/ARM-GCC/gcc-arm-none-eabi-4_9-2014q4/bin/../lib/gcc/arm-none-eabi/4.9.3/armv7-m/libgcc.a(_arm_muldivdf3.o)
                0x08000a30                __aeabi_dmul
                0x08000a30                __muldf3
                0x08000c84                __aeabi_ddiv
                0x08000c84                __divdf3
 *fill*         0x08000e54        0xc 
 .text          0x08000e60       0x50 /home/laurence/ARM-GCC/gcc-arm-none-eabi-4_9-2014q4/bin/../lib/gcc/arm-none-eabi/4.9.3/armv7-m/libgcc.a(_arm_fixdfsi.o)
                0x08000e60                __fixdfsi
                0x08000e60                __aeabi_d2iz
 .text          0x08000eb0       0x40 /home/laurence/ARM-GCC/gcc-arm-none-eabi-4_9-2014q4/bin/../lib/gcc/arm-none-eabi/4.9.3/armv7-m/libgcc.a(_arm_fixunsdfsi.o)
                0x08000eb0                __fixunsdfsi
                0x08000eb0                __aeabi_d2uiz
 .text          0x08000ef0       0xa0 /home/laurence/ARM-GCC/gcc-arm-none-eabi-4_9-2014q4/bin/../lib/gcc/arm-none-eabi/4.9.3/armv7-m/libgcc.a(_arm_truncdfsf2.o)
                0x08000ef0                __aeabi_d2f
                0x08000ef0                __truncdfsf2
 .text          0x08000f90      0x21c /home/laurence/ARM-GCC/gcc-arm-none-eabi-4_9-2014q4/bin/../lib/gcc/arm-none-eabi/4.9.3/armv7-m/libgcc.a(_arm_addsubsf3.o)
                0x08000f90                __aeabi_frsub
                0x08000f98                __subsf3
                0x08000f98                __aeabi_fsub
                0x08000f9c                __aeabi_fadd
                0x08000f9c                __addsf3
                0x080010fc                __aeabi_ui2f
                0x080010fc                __floatunsisf
                0x08001104                __aeabi_i2f
                0x08001104                __floatsisf
                0x08001120                __floatundisf
                0x08001120                __aeabi_ul2f
                0x08001130                __floatdisf
                0x08001130                __aeabi_l2f
 *fill*         0x080011ac        0x4 
 .text          0x080011b0      0x2a0 /home/laurence/ARM-GCC/gcc-arm-none-eabi-4_9-2014q4/bin/../lib/gcc/arm-none-eabi/4.9.3/armv7-m/libgcc.a(_arm_muldivsf3.o)
                0x080011b0                __mulsf3
                0x080011b0                __aeabi_fmul
                0x08001318                __divsf3
                0x08001318                __aeabi_fdiv
 .text          0x08001450       0xec /home/laurence/ARM-GCC/gcc-arm-none-eabi-4_9-2014q4/bin/../lib/gcc/arm-none-eabi/4.9.3/armv7-m/libgcc.a(_arm_cmpsf2.o)
                0x08001450                __gtsf2
                0x08001450                __gesf2
                0x08001458                __lesf2
                0x08001458                __ltsf2
                0x08001460                __nesf2
                0x08001460                __eqsf2
                0x08001460                __cmpsf2
                0x080014c0                __aeabi_cfrcmple
                0x080014c8                __aeabi_cfcmple
                0x080014c8                __aeabi_cfcmpeq
                0x080014d8                __aeabi_fcmpeq
                0x080014ec                __aeabi_fcmplt
                0x08001500                __aeabi_fcmple
                0x08001514                __aeabi_fcmpge
                0x08001528                __aeabi_fcmpgt
 *fill*         0x0800153c        0x4 
 .text          0x08001540       0x4c /home/laurence/ARM-GCC/gcc-arm-none-eabi-4_9-2014q4/bin/../lib/gcc/arm-none-eabi/4.9.3/armv7-m/libgcc.a(_arm_fixsfsi.o)
                0x08001540                __fixsfsi
                0x08001540                __aeabi_f2iz
 *fill*         0x0800158c        0x4 
 .text          0x08001590       0x40 /home/laurence/ARM-GCC/gcc-arm-none-eabi-4_9-2014q4/bin/../lib/gcc/arm-none-eabi/4.9.3/armv7-m/libgcc.a(_arm_fixunssfsi.o)
                0x08001590                __aeabi_f2uiz
                0x08001590                __fixunssfsi
 *(.text.*)
 .text.dyn3_setup.lto_priv.164
                0x080015d0       0x30 /tmp/ccUBB3To.ltrans0.ltrans.o
                0x080015d0                dyn3_setup.lto_priv.164
 .text.dyn2_setup.lto_priv.162
                0x08001600       0x20 /tmp/ccUBB3To.ltrans0.ltrans.o
                0x08001600                dyn2_setup.lto_priv.162
 .text.dyn1_setup.lto_priv.160
                0x08001620       0x30 /tmp/ccUBB3To.ltrans0.ltrans.o
                0x08001620                dyn1_setup.lto_priv.160
 .text.null_provider
                0x08001650       0x10 /tmp/ccUBB3To.ltrans0.ltrans.o
 .text.pools1_setup.lto_priv.158
                0x08001660       0x20 /tmp/ccUBB3To.ltrans0.ltrans.o
                0x08001660                pools1_setup.lto_priv.158
 .text.heap1_setup.lto_priv.156
                0x08001680       0x30 /tmp/ccUBB3To.ltrans0.ltrans.o
                0x08001680                heap1_setup.lto_priv.156
 .text.pools1_execute.lto_priv.159
                0x080016b0       0xd0 /tmp/ccUBB3To.ltrans0.ltrans.o
                0x080016b0                pools1_execute.lto_priv.159
 .text.dyn2_execute.lto_priv.163
                0x08001780       0xf0 /tmp/ccUBB3To.ltrans0.ltrans.o
                0x08001780                dyn2_execute.lto_priv.163
 .text.thread.lto_priv.72
                0x08001870       0x10 /tmp/ccUBB3To.ltrans0.ltrans.o
                0x08001870                thread.lto_priv.72
 .text.dyn1_execute.lto_priv.161
                0x08001880      0x100 /tmp/ccUBB3To.ltrans0.ltrans.o
                0x08001880                dyn1_execute.lto_priv.161
 .text.heap1_execute.lto_priv.157
                0x08001980      0x240 /tmp/ccUBB3To.ltrans0.ltrans.o
                0x08001980                heap1_execute.lto_priv.157
 .text.evt3_execute.lto_priv.155
                0x08001bc0      0x160 /tmp/ccUBB3To.ltrans0.ltrans.o
                0x08001bc0                evt3_execute.lto_priv.155
 .text.evt3_setup.lto_priv.154
                0x08001d20       0x10 /tmp/ccUBB3To.ltrans0.ltrans.o
                0x08001d20                evt3_setup.lto_priv.154
 .text.evt2_execute.lto_priv.153
                0x08001d30      0x2f0 /tmp/ccUBB3To.ltrans0.ltrans.o
                0x08001d30                evt2_execute.lto_priv.153
 .text.thread2  0x08002020       0x40 /tmp/ccUBB3To.ltrans0.ltrans.o
 .text.thread1  0x08002060       0x30 /tmp/ccUBB3To.ltrans0.ltrans.o
 .text.regfind.lto_priv.112
                0x08002090       0x40 /tmp/ccUBB3To.ltrans0.ltrans.o
                0x08002090                regfind.lto_priv.112
 .text.spicb.lto_priv.77
                0x080020d0       0x20 /tmp/ccUBB3To.ltrans1.ltrans.o
                0x080020d0                spicb.lto_priv.77
 .text.get_descriptor
                0x080020f0       0x30 /tmp/ccUBB3To.ltrans1.ltrans.o
 .text.Thread1  0x08002120       0x50 /tmp/ccUBB3To.ltrans1.ltrans.o
 .text.switch_off_callback.lto_priv.79
                0x08002170       0x20 /tmp/ccUBB3To.ltrans1.ltrans.o
                0x08002170                switch_off_callback.lto_priv.79
 .text.switch_output_callback.lto_priv.78
                0x08002190       0x30 /tmp/ccUBB3To.ltrans1.ltrans.o
                0x08002190                switch_output_callback.lto_priv.78
 .text.chprintf
                0x080021c0       0x20 /tmp/ccUBB3To.ltrans1.ltrans.o
 .text.silabs_get_part_id
                0x080021e0       0x30 /tmp/ccUBB3To.ltrans1.ltrans.o
 .text.silabs_set_header
                0x08002210       0x80 /tmp/ccUBB3To.ltrans1.ltrans.o
 .text.silabs_send_packet
                0x08002290       0x80 /tmp/ccUBB3To.ltrans1.ltrans.o
 .text.silabs_send_command
                0x08002310       0x80 /tmp/ccUBB3To.ltrans1.ltrans.o
 .text.silabs_set_channel
                0x08002390       0x90 /tmp/ccUBB3To.ltrans1.ltrans.o
 .text.silabs_tune_reset
                0x08002420       0x70 /tmp/ccUBB3To.ltrans1.ltrans.o
 .text.silabs_tune_down
                0x08002490       0x70 /tmp/ccUBB3To.ltrans1.ltrans.o
 .text.silabs_tune_up
                0x08002500       0x70 /tmp/ccUBB3To.ltrans1.ltrans.o
 .text.usb_event
                0x08002570       0xb0 /tmp/ccUBB3To.ltrans1.ltrans.o
 .text.si446x_spi
                0x08002620      0x120 /tmp/ccUBB3To.ltrans1.ltrans.o
                0x08002620                si446x_spi
 .text.si446x_set_frequency
                0x08002740      0x1e0 /tmp/ccUBB3To.ltrans1.ltrans.o
                0x08002740                si446x_set_frequency
 .text.usbStartTransmitI
                0x08002920       0x40 /tmp/ccUBB3To.ltrans2.ltrans.o
 .text.set_address
                0x08002960       0x30 /tmp/ccUBB3To.ltrans2.ltrans.o
 .text.sduInterruptTransmitted
                0x08002990       0x10 /tmp/ccUBB3To.ltrans2.ltrans.o
                0x08002990                sduInterruptTransmitted
 .text.sduRequestsHook
                0x080029a0       0x40 /tmp/ccUBB3To.ltrans2.ltrans.o
                0x080029a0                sduRequestsHook
 .text.bmk12_setup.lto_priv.183
                0x080029e0       0x10 /tmp/ccUBB3To.ltrans2.ltrans.o
                0x080029e0                bmk12_setup.lto_priv.183
 .text.bmk11_setup.lto_priv.181
                0x080029f0       0x10 /tmp/ccUBB3To.ltrans2.ltrans.o
                0x080029f0                bmk11_setup.lto_priv.181
 .text._usb_ep0out
                0x08002a00       0x90 /tmp/ccUBB3To.ltrans2.ltrans.o
                0x08002a00                _usb_ep0out
 .text.onotify.lto_priv.84
                0x08002a90       0x70 /tmp/ccUBB3To.ltrans2.ltrans.o
                0x08002a90                onotify.lto_priv.84
 .text.sduDataTransmitted
                0x08002b00       0x90 /tmp/ccUBB3To.ltrans2.ltrans.o
                0x08002b00                sduDataTransmitted
 .text.readt.lto_priv.95
                0x08002b90       0x10 /tmp/ccUBB3To.ltrans2.ltrans.o
                0x08002b90                readt.lto_priv.95
 .text.read.lto_priv.89
                0x08002ba0       0x10 /tmp/ccUBB3To.ltrans2.ltrans.o
                0x08002ba0                read.lto_priv.89
 .text.writet.lto_priv.94
                0x08002bb0       0x10 /tmp/ccUBB3To.ltrans2.ltrans.o
                0x08002bb0                writet.lto_priv.94
 .text.write.lto_priv.88
                0x08002bc0       0x10 /tmp/ccUBB3To.ltrans2.ltrans.o
                0x08002bc0                write.lto_priv.88
 .text.gett.lto_priv.93
                0x08002bd0       0x10 /tmp/ccUBB3To.ltrans2.ltrans.o
                0x08002bd0                gett.lto_priv.93
 .text.get.lto_priv.91
                0x08002be0       0x10 /tmp/ccUBB3To.ltrans2.ltrans.o
                0x08002be0                get.lto_priv.91
 .text.putt.lto_priv.92
                0x08002bf0       0x10 /tmp/ccUBB3To.ltrans2.ltrans.o
                0x08002bf0                putt.lto_priv.92
 .text.put.lto_priv.90
                0x08002c00       0x10 /tmp/ccUBB3To.ltrans2.ltrans.o
                0x08002c00                put.lto_priv.90
 .text.bmk13_execute.lto_priv.185
                0x08002c10       0xf0 /tmp/ccUBB3To.ltrans2.ltrans.o
                0x08002c10                bmk13_execute.lto_priv.185
 .text.bmk12_execute.lto_priv.184
                0x08002d00       0x70 /tmp/ccUBB3To.ltrans2.ltrans.o
                0x08002d00                bmk12_execute.lto_priv.184
 .text.bmk11_execute.lto_priv.182
                0x08002d70       0x70 /tmp/ccUBB3To.ltrans2.ltrans.o
                0x08002d70                bmk11_execute.lto_priv.182
 .text.bmk10_execute.lto_priv.180
                0x08002de0       0x80 /tmp/ccUBB3To.ltrans2.ltrans.o
                0x08002de0                bmk10_execute.lto_priv.180
 .text.usbStartReceiveI
                0x08002e60       0x40 /tmp/ccUBB3To.ltrans2.ltrans.o
                0x08002e60                usbStartReceiveI
 .text._usb_ep0in
                0x08002ea0       0xe0 /tmp/ccUBB3To.ltrans2.ltrans.o
                0x08002ea0                _usb_ep0in
 .text._usb_ep0setup
                0x08002f80      0x3d0 /tmp/ccUBB3To.ltrans2.ltrans.o
                0x08002f80                _usb_ep0setup
 .text.sduDataReceived
                0x08003350       0x80 /tmp/ccUBB3To.ltrans2.ltrans.o
                0x08003350                sduDataReceived
 .text.inotify.lto_priv.83
                0x080033d0       0x80 /tmp/ccUBB3To.ltrans2.ltrans.o
                0x080033d0                inotify.lto_priv.83
 .text.usbInitEndpointI
                0x08003450       0x40 /tmp/ccUBB3To.ltrans2.ltrans.o
                0x08003450                usbInitEndpointI
 .text.gptStart
                0x08003490       0xc0 /tmp/ccUBB3To.ltrans2.ltrans.o
                0x08003490                gptStart
 .text.tmo.lto_priv.105
                0x08003550       0x10 /tmp/ccUBB3To.ltrans3.ltrans.o
                0x08003550                tmo.lto_priv.105
 .text.bmk7_setup.lto_priv.176
                0x08003560       0x10 /tmp/ccUBB3To.ltrans3.ltrans.o
                0x08003560                bmk7_setup.lto_priv.176
 .text.thread1.lto_priv.108
                0x08003570       0x10 /tmp/ccUBB3To.ltrans3.ltrans.o
 .text.notify.lto_priv.74
                0x08003580       0x10 /tmp/ccUBB3To.ltrans3.ltrans.o
                0x08003580                notify.lto_priv.74
 .text.queues2_setup.lto_priv.168
                0x08003590       0x30 /tmp/ccUBB3To.ltrans3.ltrans.o
                0x08003590                queues2_setup.lto_priv.168
 .text.queues1_setup.lto_priv.166
                0x080035c0       0x30 /tmp/ccUBB3To.ltrans3.ltrans.o
                0x080035c0                queues1_setup.lto_priv.166
 .text.thread1.lto_priv.107
                0x080035f0       0x20 /tmp/ccUBB3To.ltrans3.ltrans.o
 .text.bmk9_execute.lto_priv.179
                0x08003610       0xb0 /tmp/ccUBB3To.ltrans3.ltrans.o
                0x08003610                bmk9_execute.lto_priv.179
 .text.bmk8_execute.lto_priv.178
                0x080036c0       0xe0 /tmp/ccUBB3To.ltrans3.ltrans.o
                0x080036c0                bmk8_execute.lto_priv.178
 .text.bmk6_execute.lto_priv.175
                0x080037a0       0x70 /tmp/ccUBB3To.ltrans3.ltrans.o
                0x080037a0                bmk6_execute.lto_priv.175
 .text.thread8  0x08003810       0x30 /tmp/ccUBB3To.ltrans3.ltrans.o
 .text.thread3  0x08003840       0x30 /tmp/ccUBB3To.ltrans3.ltrans.o
 .text.bmk7_execute.lto_priv.177
                0x08003870      0x130 /tmp/ccUBB3To.ltrans3.ltrans.o
                0x08003870                bmk7_execute.lto_priv.177
 .text.bmk5_execute.lto_priv.174
                0x080039a0       0x70 /tmp/ccUBB3To.ltrans3.ltrans.o
                0x080039a0                bmk5_execute.lto_priv.174
 .text.bmk4_execute.lto_priv.173
                0x08003a10       0xc0 /tmp/ccUBB3To.ltrans3.ltrans.o
                0x08003a10                bmk4_execute.lto_priv.173
 .text.thread4  0x08003ad0       0x30 /tmp/ccUBB3To.ltrans3.ltrans.o
 .text.thread2.lto_priv.110
                0x08003b00       0x30 /tmp/ccUBB3To.ltrans3.ltrans.o
 .text.msg_loop_test
                0x08003b30       0x30 /tmp/ccUBB3To.ltrans3.ltrans.o
 .text.bmk3_execute.lto_priv.172
                0x08003b60       0xe0 /tmp/ccUBB3To.ltrans3.ltrans.o
                0x08003b60                bmk3_execute.lto_priv.172
 .text.bmk2_execute.lto_priv.171
                0x08003c40       0x70 /tmp/ccUBB3To.ltrans3.ltrans.o
                0x08003c40                bmk2_execute.lto_priv.171
 .text.bmk1_execute.lto_priv.170
                0x08003cb0       0x70 /tmp/ccUBB3To.ltrans3.ltrans.o
                0x08003cb0                bmk1_execute.lto_priv.170
 .text.thread2.lto_priv.109
                0x08003d20       0x20 /tmp/ccUBB3To.ltrans3.ltrans.o
 .text.queues2_execute.lto_priv.169
                0x08003d40      0x250 /tmp/ccUBB3To.ltrans3.ltrans.o
                0x08003d40                queues2_execute.lto_priv.169
 .text.queues1_execute.lto_priv.167
                0x08003f90      0x270 /tmp/ccUBB3To.ltrans3.ltrans.o
                0x08003f90                queues1_execute.lto_priv.167
 .text.dyn3_execute.lto_priv.165
                0x08004200      0x140 /tmp/ccUBB3To.ltrans3.ltrans.o
                0x08004200                dyn3_execute.lto_priv.165
 .text.mbox1_setup.lto_priv.148
                0x08004340       0x40 /tmp/ccUBB3To.ltrans4.ltrans.o
                0x08004340                mbox1_setup.lto_priv.148
 .text.mtx8_setup.lto_priv.145
                0x08004380       0x30 /tmp/ccUBB3To.ltrans4.ltrans.o
                0x08004380                mtx8_setup.lto_priv.145
 .text.mtx7_setup.lto_priv.143
                0x080043b0       0x20 /tmp/ccUBB3To.ltrans4.ltrans.o
                0x080043b0                mtx7_setup.lto_priv.143
 .text.mtx6_setup.lto_priv.141
                0x080043d0       0x20 /tmp/ccUBB3To.ltrans4.ltrans.o
                0x080043d0                mtx6_setup.lto_priv.141
 .text.evt2_setup.lto_priv.152
                0x080043f0       0x10 /tmp/ccUBB3To.ltrans4.ltrans.o
                0x080043f0                evt2_setup.lto_priv.152
 .text.evt1_setup.lto_priv.150
                0x08004400       0x10 /tmp/ccUBB3To.ltrans4.ltrans.o
                0x08004400                evt1_setup.lto_priv.150
 .text.evt1_execute.lto_priv.151
                0x08004410       0xe0 /tmp/ccUBB3To.ltrans4.ltrans.o
                0x08004410                evt1_execute.lto_priv.151
 .text.h3       0x080044f0       0x10 /tmp/ccUBB3To.ltrans4.ltrans.o
 .text.h2       0x08004500       0x10 /tmp/ccUBB3To.ltrans4.ltrans.o
 .text.h1       0x08004510       0x10 /tmp/ccUBB3To.ltrans4.ltrans.o
 .text.mbox1_execute.lto_priv.149
                0x08004520      0x5d0 /tmp/ccUBB3To.ltrans4.ltrans.o
                0x08004520                mbox1_execute.lto_priv.149
 .text.thread   0x08004af0       0x20 /tmp/ccUBB3To.ltrans4.ltrans.o
 .text.msg1_execute.lto_priv.147
                0x08004b10       0xa0 /tmp/ccUBB3To.ltrans4.ltrans.o
                0x08004b10                msg1_execute.lto_priv.147
 .text.mtx8_execute.lto_priv.146
                0x08004bb0       0x90 /tmp/ccUBB3To.ltrans4.ltrans.o
                0x08004bb0                mtx8_execute.lto_priv.146
 .text.thread12
                0x08004c40       0x20 /tmp/ccUBB3To.ltrans4.ltrans.o
 .text.thread11
                0x08004c60       0x90 /tmp/ccUBB3To.ltrans4.ltrans.o
 .text.thread10
                0x08004cf0       0x70 /tmp/ccUBB3To.ltrans4.ltrans.o
 .text.mtx7_execute.lto_priv.144
                0x08004d60       0xf0 /tmp/ccUBB3To.ltrans4.ltrans.o
                0x08004d60                mtx7_execute.lto_priv.144
 .text.mtx6_execute.lto_priv.142
                0x08004e50       0xe0 /tmp/ccUBB3To.ltrans4.ltrans.o
                0x08004e50                mtx6_execute.lto_priv.142
 .text.mtx5_setup.lto_priv.139
                0x08004f30       0x10 /tmp/ccUBB3To.ltrans5.ltrans.o
                0x08004f30                mtx5_setup.lto_priv.139
 .text.mtx4_setup.lto_priv.137
                0x08004f40       0x20 /tmp/ccUBB3To.ltrans5.ltrans.o
                0x08004f40                mtx4_setup.lto_priv.137
 .text.mtx1_setup.lto_priv.135
                0x08004f60       0x10 /tmp/ccUBB3To.ltrans5.ltrans.o
                0x08004f60                mtx1_setup.lto_priv.135
 .text.sem3_setup.lto_priv.132
                0x08004f70       0x10 /tmp/ccUBB3To.ltrans5.ltrans.o
                0x08004f70                sem3_setup.lto_priv.132
 .text.sem2_setup.lto_priv.130
                0x08004f80       0x10 /tmp/ccUBB3To.ltrans5.ltrans.o
                0x08004f80                sem2_setup.lto_priv.130
 .text.sem1_setup.lto_priv.128
                0x08004f90       0x10 /tmp/ccUBB3To.ltrans5.ltrans.o
                0x08004f90                sem1_setup.lto_priv.128
 .text.mtx5_execute.lto_priv.140
                0x08004fa0      0x100 /tmp/ccUBB3To.ltrans5.ltrans.o
                0x08004fa0                mtx5_execute.lto_priv.140
 .text.mtx4_execute.lto_priv.138
                0x080050a0      0x250 /tmp/ccUBB3To.ltrans5.ltrans.o
                0x080050a0                mtx4_execute.lto_priv.138
 .text.thread4a
                0x080052f0       0x20 /tmp/ccUBB3To.ltrans5.ltrans.o
 .text.thread4b
                0x08005310       0x20 /tmp/ccUBB3To.ltrans5.ltrans.o
 .text.mtx1_execute.lto_priv.136
                0x08005330       0xf0 /tmp/ccUBB3To.ltrans5.ltrans.o
                0x08005330                mtx1_execute.lto_priv.136
 .text.thread1.lto_priv.123
                0x08005420       0x20 /tmp/ccUBB3To.ltrans5.ltrans.o
 .text.thread1.lto_priv.122
                0x08005440       0x20 /tmp/ccUBB3To.ltrans5.ltrans.o
 .text.thread4  0x08005460       0x30 /tmp/ccUBB3To.ltrans5.ltrans.o
 .text.thread2  0x08005490       0x30 /tmp/ccUBB3To.ltrans5.ltrans.o
 .text.sem4_execute.lto_priv.134
                0x080054c0      0x160 /tmp/ccUBB3To.ltrans5.ltrans.o
                0x080054c0                sem4_execute.lto_priv.134
 .text.sem3_execute.lto_priv.133
                0x08005620       0x90 /tmp/ccUBB3To.ltrans5.ltrans.o
                0x08005620                sem3_execute.lto_priv.133
 .text.thread3  0x080056b0       0x20 /tmp/ccUBB3To.ltrans5.ltrans.o
 .text.sem2_execute.lto_priv.131
                0x080056d0      0x160 /tmp/ccUBB3To.ltrans5.ltrans.o
                0x080056d0                sem2_execute.lto_priv.131
 .text.sem1_execute.lto_priv.129
                0x08005830      0x170 /tmp/ccUBB3To.ltrans5.ltrans.o
                0x08005830                sem1_execute.lto_priv.129
 .text.thd4_execute.lto_priv.127
                0x080059a0       0xd0 /tmp/ccUBB3To.ltrans5.ltrans.o
                0x080059a0                thd4_execute.lto_priv.127
 .text.thd3_execute.lto_priv.126
                0x08005a70      0x130 /tmp/ccUBB3To.ltrans5.ltrans.o
                0x08005a70                thd3_execute.lto_priv.126
 .text.print_line
                0x08005ba0       0x30 /tmp/ccUBB3To.ltrans6.ltrans.o
 .text.tmr.lto_priv.73
                0x08005bd0       0x10 /tmp/ccUBB3To.ltrans6.ltrans.o
                0x08005bd0                tmr.lto_priv.73
 .text.chCoreAlloc
                0x08005be0       0x40 /tmp/ccUBB3To.ltrans6.ltrans.o
                0x08005be0                chCoreAlloc
 .text.test_wait_tick
                0x08005c20       0x20 /tmp/ccUBB3To.ltrans6.ltrans.o
                0x08005c20                test_wait_tick
 .text.test_wait_threads
                0x08005c40       0x30 /tmp/ccUBB3To.ltrans6.ltrans.o
                0x08005c40                test_wait_threads
 .text.test_terminate_threads
                0x08005c70       0x30 /tmp/ccUBB3To.ltrans6.ltrans.o
                0x08005c70                test_terminate_threads
 .text._test_assert_time_window
                0x08005ca0       0x40 /tmp/ccUBB3To.ltrans6.ltrans.o
                0x08005ca0                _test_assert_time_window
 .text._test_assert_sequence
                0x08005ce0       0x50 /tmp/ccUBB3To.ltrans6.ltrans.o
                0x08005ce0                _test_assert_sequence
 .text.thd2_execute
                0x08005d30      0x150 /tmp/ccUBB3To.ltrans6.ltrans.o
 .text.thd1_execute
                0x08005e80       0xd0 /tmp/ccUBB3To.ltrans6.ltrans.o
 .text._test_assert
                0x08005f50       0x30 /tmp/ccUBB3To.ltrans6.ltrans.o
                0x08005f50                _test_assert
 .text.test_emit_token
                0x08005f80       0x30 /tmp/ccUBB3To.ltrans6.ltrans.o
                0x08005f80                test_emit_token
 .text.thread   0x08005fb0       0x10 /tmp/ccUBB3To.ltrans6.ltrans.o
 .text.test_println
                0x08005fc0       0x40 /tmp/ccUBB3To.ltrans6.ltrans.o
                0x08005fc0                test_println
 .text.test_print
                0x08006000       0x20 /tmp/ccUBB3To.ltrans6.ltrans.o
                0x08006000                test_print
 .text.test_printn
                0x08006020       0x60 /tmp/ccUBB3To.ltrans6.ltrans.o
                0x08006020                test_printn
 .text.TestThread
                0x08006080      0x330 /tmp/ccUBB3To.ltrans6.ltrans.o
                0x08006080                TestThread
 .text.chPoolAlloc
                0x080063b0       0x30 /tmp/ccUBB3To.ltrans6.ltrans.o
                0x080063b0                chPoolAlloc
 .text.chHeapStatus
                0x080063e0       0x50 /tmp/ccUBB3To.ltrans6.ltrans.o
                0x080063e0                chHeapStatus
 .text.chHeapFree
                0x08006430       0x90 /tmp/ccUBB3To.ltrans6.ltrans.o
                0x08006430                chHeapFree
 .text.chHeapAlloc
                0x080064c0       0x90 /tmp/ccUBB3To.ltrans6.ltrans.o
                0x080064c0                chHeapAlloc
 .text.chOQWriteTimeout
                0x08006550       0x90 /tmp/ccUBB3To.ltrans6.ltrans.o
                0x08006550                chOQWriteTimeout
 .text.chOQPutTimeout
                0x080065e0       0x50 /tmp/ccUBB3To.ltrans6.ltrans.o
                0x080065e0                chOQPutTimeout
 .text.chIQReadTimeout
                0x08006630       0x80 /tmp/ccUBB3To.ltrans6.ltrans.o
                0x08006630                chIQReadTimeout
 .text.chIQGetTimeout
                0x080066b0       0x50 /tmp/ccUBB3To.ltrans6.ltrans.o
                0x080066b0                chIQGetTimeout
 .text.chIQPutI
                0x08006700       0x60 /tmp/ccUBB3To.ltrans6.ltrans.o
                0x08006700                chIQPutI
 .text.chMsgWait
                0x08006760       0x40 /tmp/ccUBB3To.ltrans6.ltrans.o
                0x08006760                chMsgWait
 .text.chMsgSend
                0x080067a0       0x40 /tmp/ccUBB3To.ltrans6.ltrans.o
                0x080067a0                chMsgSend
 .text.chEvtSignalI
                0x080067e0       0x30 /tmp/ccUBB3To.ltrans6.ltrans.o
                0x080067e0                chEvtSignalI
 .text.wakeup.lto_priv.119
                0x08006810       0x70 /tmp/ccUBB3To.ltrans7.ltrans.o
                0x08006810                wakeup.lto_priv.119
 .text._idle_thread.lto_priv.85
                0x08006880       0x20 /tmp/ccUBB3To.ltrans7.ltrans.o
                0x08006880                _idle_thread.lto_priv.85
 .text.SVC_Handler
                0x080068a0       0x20 /tmp/ccUBB3To.ltrans7.ltrans.o
                0x080068a0                SVC_Handler
 .text.chSchDoRescheduleAhead
                0x080068c0       0x40 /tmp/ccUBB3To.ltrans7.ltrans.o
 .text.Reset_Handler
                0x08006900      0x170 /tmp/ccUBB3To.ltrans7.ltrans.o
                0x08006900                Reset_Handler
 .text.chEvtBroadcastFlagsI
                0x08006a70       0x30 /tmp/ccUBB3To.ltrans7.ltrans.o
                0x08006a70                chEvtBroadcastFlagsI
 .text.chEvtUnregister
                0x08006aa0       0x30 /tmp/ccUBB3To.ltrans7.ltrans.o
                0x08006aa0                chEvtUnregister
 .text.chThdRelease
                0x08006ad0       0x60 /tmp/ccUBB3To.ltrans7.ltrans.o
                0x08006ad0                chThdRelease
 .text.chRegNextThread
                0x08006b30       0x30 /tmp/ccUBB3To.ltrans7.ltrans.o
                0x08006b30                chRegNextThread
 .text.chThdYield
                0x08006b60       0x60 /tmp/ccUBB3To.ltrans7.ltrans.o
                0x08006b60                chThdYield
 .text.chVTDoResetI
                0x08006bc0       0x60 /tmp/ccUBB3To.ltrans7.ltrans.o
                0x08006bc0                chVTDoResetI
 .text.chVTDoSetI
                0x08006c20       0x80 /tmp/ccUBB3To.ltrans7.ltrans.o
                0x08006c20                chVTDoSetI
 .text.chSchDoReschedule
                0x08006ca0       0x10 /tmp/ccUBB3To.ltrans7.ltrans.o
                0x08006ca0                chSchDoReschedule
 .text.chSchRescheduleS
                0x08006cb0       0x20 /tmp/ccUBB3To.ltrans7.ltrans.o
                0x08006cb0                chSchRescheduleS
 .text.chThdSetPriority
                0x08006cd0       0x30 /tmp/ccUBB3To.ltrans7.ltrans.o
                0x08006cd0                chThdSetPriority
 .text.chSchWakeupS
                0x08006d00       0x60 /tmp/ccUBB3To.ltrans7.ltrans.o
                0x08006d00                chSchWakeupS
 .text.chMtxUnlock
                0x08006d60       0x60 /tmp/ccUBB3To.ltrans7.ltrans.o
                0x08006d60                chMtxUnlock
 .text.chSemSignal
                0x08006dc0       0x40 /tmp/ccUBB3To.ltrans7.ltrans.o
                0x08006dc0                chSemSignal
 .text.chThdCreateFromHeap
                0x08006e00       0x90 /tmp/ccUBB3To.ltrans7.ltrans.o
                0x08006e00                chThdCreateFromHeap
 .text.chThdCreateStatic
                0x08006e90       0x80 /tmp/ccUBB3To.ltrans7.ltrans.o
                0x08006e90                chThdCreateStatic
 .text.chSchGoSleepS
                0x08006f10       0x30 /tmp/ccUBB3To.ltrans7.ltrans.o
                0x08006f10                chSchGoSleepS
 .text.chSemWait
                0x08006f40       0x50 /tmp/ccUBB3To.ltrans7.ltrans.o
                0x08006f40                chSemWait
 .text.chThdWait
                0x08006f90       0x40 /tmp/ccUBB3To.ltrans7.ltrans.o
                0x08006f90                chThdWait
 .text.chSchGoSleepTimeoutS
                0x08006fd0       0x50 /tmp/ccUBB3To.ltrans7.ltrans.o
                0x08006fd0                chSchGoSleepTimeoutS
 .text.chSemWaitTimeoutS
                0x08007020       0x40 /tmp/ccUBB3To.ltrans7.ltrans.o
                0x08007020                chSemWaitTimeoutS
 .text.chSemWaitTimeout
                0x08007060       0x20 /tmp/ccUBB3To.ltrans7.ltrans.o
                0x08007060                chSemWaitTimeout
 .text.chThdEnqueueTimeoutS
                0x08007080       0x30 /tmp/ccUBB3To.ltrans7.ltrans.o
                0x08007080                chThdEnqueueTimeoutS
 .text.chThdSleep
                0x080070b0       0x20 /tmp/ccUBB3To.ltrans7.ltrans.o
                0x080070b0                chThdSleep
 .text.chSchReadyI
                0x080070d0       0x30 /tmp/ccUBB3To.ltrans7.ltrans.o
                0x080070d0                chSchReadyI
 .text.chMtxUnlockAll
                0x08007100       0x60 /tmp/ccUBB3To.ltrans7.ltrans.o
                0x08007100                chMtxUnlockAll
 .text.chMtxUnlockS
                0x08007160       0x50 /tmp/ccUBB3To.ltrans7.ltrans.o
                0x08007160                chMtxUnlockS
 .text.chMtxLockS
                0x080071b0       0xd0 /tmp/ccUBB3To.ltrans7.ltrans.o
                0x080071b0                chMtxLockS
 .text.chMtxLock
                0x08007280       0x20 /tmp/ccUBB3To.ltrans7.ltrans.o
                0x08007280                chMtxLock
 .text.chSemSignalI
                0x080072a0       0x30 /tmp/ccUBB3To.ltrans7.ltrans.o
                0x080072a0                chSemSignalI
 .text.chSemResetI
                0x080072d0       0x30 /tmp/ccUBB3To.ltrans7.ltrans.o
                0x080072d0                chSemResetI
 .text.chThdDequeueAllI
                0x08007300       0x30 /tmp/ccUBB3To.ltrans7.ltrans.o
                0x08007300                chThdDequeueAllI
 .text.chThdExitS
                0x08007330       0x40 /tmp/ccUBB3To.ltrans7.ltrans.o
                0x08007330                chThdExitS
 .text.chThdExit
                0x08007370       0x10 /tmp/ccUBB3To.ltrans7.ltrans.o
                0x08007370                chThdExit
 .text.chTMStopMeasurementX
                0x08007380       0x50 /tmp/ccUBB3To.ltrans7.ltrans.o
                0x08007380                chTMStopMeasurementX
 .text._port_irq_epilogue
                0x080073d0       0x60 /tmp/ccUBB3To.ltrans7.ltrans.o
                0x080073d0                _port_irq_epilogue
 .text._unhandled_exception
                0x08007430       0x10 /tmp/ccUBB3To.ltrans7.ltrans.o
                0x08007430                Vector58
                0x08007430                VectorE8
                0x08007430                Vector9C
                0x08007430                VectorAC
                0x08007430                DebugMon_Handler
                0x08007430                Vector5C
                0x08007430                Vector11C
                0x08007430                HardFault_Handler
                0x08007430                SysTick_Handler
                0x08007430                VectorDC
                0x08007430                PendSV_Handler
                0x08007430                NMI_Handler
                0x08007430                Vector110
                0x08007430                Vector120
                0x08007430                VectorC8
                0x08007430                Vector94
                0x08007430                VectorA8
                0x08007430                UsageFault_Handler
                0x08007430                VectorEC
                0x08007430                Vector40
                0x08007430                VectorF8
                0x08007430                Vector108
                0x08007430                VectorBC
                0x08007430                Vector124
                0x08007430                Vector118
                0x08007430                Vector64
                0x08007430                VectorCC
                0x08007430                Vector54
                0x08007430                Vector98
                0x08007430                VectorD8
                0x08007430                Vector138
                0x08007430                Vector24
                0x08007430                VectorD0
                0x08007430                VectorE4
                0x08007430                VectorC0
                0x08007430                Vector130
                0x08007430                Vector134
                0x08007430                VectorF0
                0x08007430                Vector12C
                0x08007430                Vector13C
                0x08007430                Vector100
                0x08007430                VectorE0
                0x08007430                VectorF4
                0x08007430                MemManage_Handler
                0x08007430                VectorA0
                0x08007430                VectorC4
                0x08007430                Vector114
                0x08007430                Vector60
                0x08007430                Vector1C
                0x08007430                Vector48
                0x08007430                VectorD4
                0x08007430                Vector4C
                0x08007430                Vector68
                0x08007430                Vector88
                0x08007430                Vector104
                0x08007430                Vector10C
                0x08007430                BusFault_Handler
                0x08007430                Vector50
                0x08007430                Vector44
                0x08007430                Vector28
                0x08007430                VectorFC
                0x08007430                Vector34
                0x08007430                Vector128
                0x08007430                VectorA4
                0x08007430                Vector20
 .text.gpt_lld_serve_interrupt
                0x08007440       0x30 /tmp/ccUBB3To.ltrans8.ltrans.o
 .text.spi_lld_serve_tx_interrupt.lto_priv.76
                0x08007470       0x20 /tmp/ccUBB3To.ltrans8.ltrans.o
                0x08007470                spi_lld_serve_tx_interrupt.lto_priv.76
 .text.Vector8C
                0x08007490       0x10 /tmp/ccUBB3To.ltrans8.ltrans.o
 .text.VectorB0
                0x080074a0       0xb0 /tmp/ccUBB3To.ltrans8.ltrans.o
 .text.VectorB8
                0x08007550       0x20 /tmp/ccUBB3To.ltrans8.ltrans.o
 .text.VectorB4
                0x08007570       0x20 /tmp/ccUBB3To.ltrans8.ltrans.o
 .text.Vector84
                0x08007590       0x30 /tmp/ccUBB3To.ltrans8.ltrans.o
 .text.Vector80
                0x080075c0       0x30 /tmp/ccUBB3To.ltrans8.ltrans.o
 .text.Vector7C
                0x080075f0       0x30 /tmp/ccUBB3To.ltrans8.ltrans.o
 .text.Vector78
                0x08007620       0x30 /tmp/ccUBB3To.ltrans8.ltrans.o
 .text.Vector74
                0x08007650       0x30 /tmp/ccUBB3To.ltrans8.ltrans.o
 .text.Vector70
                0x08007680       0x30 /tmp/ccUBB3To.ltrans8.ltrans.o
 .text.Vector6C
                0x080076b0       0x30 /tmp/ccUBB3To.ltrans8.ltrans.o
 .text.usb_packet_write_from_queue
                0x080076e0       0xc0 /tmp/ccUBB3To.ltrans8.ltrans.o
 .text.spi_lld_serve_rx_interrupt.lto_priv.75
                0x080077a0       0x80 /tmp/ccUBB3To.ltrans8.ltrans.o
                0x080077a0                spi_lld_serve_rx_interrupt.lto_priv.75
 .text.chprintf.lto_priv.103
                0x08007820       0x20 /tmp/ccUBB3To.ltrans8.ltrans.o
                0x08007820                chprintf.lto_priv.103
 .text.usb_lld_prepare_transmit
                0x08007840       0x80 /tmp/ccUBB3To.ltrans8.ltrans.o
                0x08007840                usb_lld_prepare_transmit
 .text.usb_lld_prepare_receive
                0x080078c0       0x20 /tmp/ccUBB3To.ltrans8.ltrans.o
                0x080078c0                usb_lld_prepare_receive
 .text.usb_lld_init_endpoint
                0x080078e0       0xd0 /tmp/ccUBB3To.ltrans8.ltrans.o
                0x080078e0                usb_lld_init_endpoint
 .text.usb_lld_reset
                0x080079b0       0x50 /tmp/ccUBB3To.ltrans8.ltrans.o
                0x080079b0                usb_lld_reset
 .text.Vector90
                0x08007a00      0x3a0 /tmp/ccUBB3To.ltrans8.ltrans.o
 .text.gpt_lld_start_timer
                0x08007da0       0x30 /tmp/ccUBB3To.ltrans8.ltrans.o
                0x08007da0                gpt_lld_start_timer
 .text.long_to_string_with_divisor
                0x08007dd0       0x50 /tmp/ccUBB3To.ltrans9.ltrans.o
 .text.cmd_systime
                0x08007e20       0x40 /tmp/ccUBB3To.ltrans9.ltrans.o
 .text.cmd_info
                0x08007e60       0xc0 /tmp/ccUBB3To.ltrans9.ltrans.o
 .text.shell_thread.lto_priv.81
                0x08007f20      0x240 /tmp/ccUBB3To.ltrans9.ltrans.o
                0x08007f20                shell_thread.lto_priv.81
 .text.chvprintf
                0x08008160      0x420 /tmp/ccUBB3To.ltrans9.ltrans.o
                0x08008160                chvprintf
 .text.chprintf.lto_priv.104
                0x08008580       0x20 /tmp/ccUBB3To.ltrans9.ltrans.o
 .text.cmd_help.lto_priv.100
                0x080085a0       0xc0 /tmp/ccUBB3To.ltrans9.ltrans.o
                0x080085a0                cmd_help.lto_priv.100
 .text.cmd_write.lto_priv.99
                0x08008660       0x50 /tmp/ccUBB3To.ltrans9.ltrans.o
                0x08008660                cmd_write.lto_priv.99
 .text.cmd_test.lto_priv.98
                0x080086b0       0x50 /tmp/ccUBB3To.ltrans9.ltrans.o
                0x080086b0                cmd_test.lto_priv.98
 .text.cmd_threads.lto_priv.97
                0x08008700       0x70 /tmp/ccUBB3To.ltrans9.ltrans.o
                0x08008700                cmd_threads.lto_priv.97
 .text.cmd_mem.lto_priv.96
                0x08008770       0x60 /tmp/ccUBB3To.ltrans9.ltrans.o
                0x08008770                cmd_mem.lto_priv.96
 .text.si446x_initialise
                0x080087d0      0x530 /tmp/ccUBB3To.ltrans10.ltrans.o
 .text.SI_Thread.lto_priv.82
                0x08008d00      0x2b0 /tmp/ccUBB3To.ltrans10.ltrans.o
                0x08008d00                SI_Thread.lto_priv.82
 .text.chTMStartMeasurementX.constprop.66
                0x08008fb0       0x10 /tmp/ccUBB3To.ltrans11.ltrans.o
                0x08008fb0                chTMStartMeasurementX.constprop.66
 .text.chThdCreateFromMemoryPool.constprop.59
                0x08008fc0       0xa0 /tmp/ccUBB3To.ltrans11.ltrans.o
                0x08008fc0                chThdCreateFromMemoryPool.constprop.59
 .text.chSemSignalWait.constprop.56
                0x08009060       0x70 /tmp/ccUBB3To.ltrans11.ltrans.o
                0x08009060                chSemSignalWait.constprop.56
 .text.chCondSignal.constprop.52
                0x080090d0       0x30 /tmp/ccUBB3To.ltrans11.ltrans.o
                0x080090d0                chCondSignal.constprop.52
 .text.chCondSignalI.constprop.51
                0x08009100       0x30 /tmp/ccUBB3To.ltrans11.ltrans.o
                0x08009100                chCondSignalI.constprop.51
 .text.chEvtGetAndClearEvents.constprop.43
                0x08009130       0x20 /tmp/ccUBB3To.ltrans11.ltrans.o
                0x08009130                chEvtGetAndClearEvents.constprop.43
 .text.chEvtWaitOne.constprop.39
                0x08009150       0x40 /tmp/ccUBB3To.ltrans11.ltrans.o
                0x08009150                chEvtWaitOne.constprop.39
 .text.unlikely.chEvtWaitAny.constprop.38
                0x08009190       0x34 /tmp/ccUBB3To.ltrans11.ltrans.o
                0x08009190                chEvtWaitAny.constprop.38
 *fill*         0x080091c4        0xc 
 .text.chMBPost.constprop.24
                0x080091d0       0x50 /tmp/ccUBB3To.ltrans11.ltrans.o
                0x080091d0                chMBPost.constprop.24
 .text.chMBPostI.constprop.23
                0x08009220       0x40 /tmp/ccUBB3To.ltrans11.ltrans.o
                0x08009220                chMBPostI.constprop.23
 .text.chMBPostAhead.constprop.22
                0x08009260       0x50 /tmp/ccUBB3To.ltrans11.ltrans.o
                0x08009260                chMBPostAhead.constprop.22
 .text.chMBPostAheadI.constprop.21
                0x080092b0       0x40 /tmp/ccUBB3To.ltrans11.ltrans.o
                0x080092b0                chMBPostAheadI.constprop.21
 .text.unlikely.chMBFetch.constprop.20
                0x080092f0       0x4c /tmp/ccUBB3To.ltrans11.ltrans.o
                0x080092f0                chMBFetch.constprop.20
 *fill*         0x0800933c        0x4 
 .text.unlikely.chMBFetchI.constprop.19
                0x08009340       0x3c /tmp/ccUBB3To.ltrans11.ltrans.o
                0x08009340                chMBFetchI.constprop.19
 *fill*         0x0800937c        0x4 
 .text.chOQGetI.constprop.18
                0x08009380       0x50 /tmp/ccUBB3To.ltrans11.ltrans.o
                0x08009380                chOQGetI.constprop.18
 .text.test_start_timer.constprop.14
                0x080093d0       0x40 /tmp/ccUBB3To.ltrans11.ltrans.o
                0x080093d0                test_start_timer.constprop.14
 .text.dmaStreamAllocate.constprop.11
                0x08009410       0xa0 /tmp/ccUBB3To.ltrans11.ltrans.o
                0x08009410                dmaStreamAllocate.constprop.11
 .text.spiExchange.constprop.4
                0x080094b0       0x80 /tmp/ccUBB3To.ltrans11.ltrans.o
                0x080094b0                spiExchange.constprop.4
 .text._strtok.constprop.3
                0x08009530       0x40 /tmp/ccUBB3To.ltrans11.ltrans.o
                0x08009530                _strtok.constprop.3
 .text.RF_switch.part.8.lto_priv.80
                0x08009570       0x30 /tmp/ccUBB3To.ltrans11.ltrans.o
                0x08009570                RF_switch.part.8.lto_priv.80
 .text.memset   0x080095a0       0x9c /home/laurence/ARM-GCC/gcc-arm-none-eabi-4_9-2014q4/bin/../lib/gcc/arm-none-eabi/4.9.3/../../../../arm-none-eabi/lib/armv7-m/libg.a(lib_a-memset.o)
                0x080095a0                memset
 *fill*         0x0800963c        0x4 
 .text.strcasecmp
                0x08009640       0x40 /home/laurence/ARM-GCC/gcc-arm-none-eabi-4_9-2014q4/bin/../lib/gcc/arm-none-eabi/4.9.3/../../../../arm-none-eabi/lib/armv7-m/libg.a(lib_a-strcasecmp.o)
                0x08009640                strcasecmp
 .text.strlen   0x08009680       0x5c /home/laurence/ARM-GCC/gcc-arm-none-eabi-4_9-2014q4/bin/../lib/gcc/arm-none-eabi/4.9.3/../../../../arm-none-eabi/lib/armv7-m/libg.a(lib_a-strlen.o)
                0x08009680                strlen
 *fill*         0x080096dc        0x4 
 .text.strncpy  0x080096e0       0x68 /home/laurence/ARM-GCC/gcc-arm-none-eabi-4_9-2014q4/bin/../lib/gcc/arm-none-eabi/4.9.3/../../../../arm-none-eabi/lib/armv7-m/libg.a(lib_a-strncpy.o)
                0x080096e0                strncpy
 *fill*         0x08009748        0x8 
 .text.strpbrk  0x08009750       0x48 /home/laurence/ARM-GCC/gcc-arm-none-eabi-4_9-2014q4/bin/../lib/gcc/arm-none-eabi/4.9.3/../../../../arm-none-eabi/lib/armv7-m/libg.a(lib_a-strpbrk.o)
                0x08009750                strpbrk
 *fill*         0x08009798        0x8 
 .text.strspn   0x080097a0       0x34 /home/laurence/ARM-GCC/gcc-arm-none-eabi-4_9-2014q4/bin/../lib/gcc/arm-none-eabi/4.9.3/../../../../arm-none-eabi/lib/armv7-m/libg.a(lib_a-strspn.o)
                0x080097a0                strspn
 *(.rodata)
 *fill*         0x080097d4        0xc 
 .rodata        0x080097e0       0xb0 /tmp/ccUBB3To.ltrans10.ltrans.o
 *(.rodata.*)
 .rodata.str1.4
                0x08009890       0x17 /tmp/ccUBB3To.ltrans0.ltrans.o
                                 0x20 (size before relaxing)
 *fill*         0x080098a7        0x9 
 .rodata.vcom_string0
                0x080098b0        0x4 /tmp/ccUBB3To.ltrans1.ltrans.o
 *fill*         0x080098b4        0xc 
 .rodata.ep2config
                0x080098c0       0x24 /tmp/ccUBB3To.ltrans1.ltrans.o
 *fill*         0x080098e4        0xc 
 .rodata.vcom_string3
                0x080098f0        0x8 /tmp/ccUBB3To.ltrans1.ltrans.o
 *fill*         0x080098f8        0x8 
 .rodata.vcom_string1
                0x08009900       0x14 /tmp/ccUBB3To.ltrans1.ltrans.o
 *fill*         0x08009914        0xc 
 .rodata.vcom_device_descriptor
                0x08009920        0x8 /tmp/ccUBB3To.ltrans1.ltrans.o
 *fill*         0x08009928        0x8 
 .rodata.vmt    0x08009930       0x20 /tmp/ccUBB3To.ltrans1.ltrans.o
 .rodata.vcom_string2
                0x08009950       0x38 /tmp/ccUBB3To.ltrans1.ltrans.o
 *fill*         0x08009988        0x8 
 .rodata.vcom_strings
                0x08009990       0x20 /tmp/ccUBB3To.ltrans1.ltrans.o
 .rodata._stm32_dma_streams
                0x080099b0       0x54 /tmp/ccUBB3To.ltrans1.ltrans.o
 *fill*         0x08009a04        0xc 
 .rodata.usbcfg
                0x08009a10       0x10 /tmp/ccUBB3To.ltrans1.ltrans.o
 .rodata.ch_debug
                0x08009a20       0x18 /tmp/ccUBB3To.ltrans1.ltrans.o
 *fill*         0x08009a38        0x8 
 .rodata.vcom_device_descriptor_data
                0x08009a40       0x14 /tmp/ccUBB3To.ltrans1.ltrans.o
 *fill*         0x08009a54        0xc 
 .rodata.vcom_configuration_descriptor
                0x08009a60        0x8 /tmp/ccUBB3To.ltrans1.ltrans.o
 *fill*         0x08009a68        0x8 
 .rodata.str1.4
                0x08009a70      0x2c0 /tmp/ccUBB3To.ltrans1.ltrans.o
                                0x2d0 (size before relaxing)
 .rodata.serusbcfg
                0x08009d30        0x8 /tmp/ccUBB3To.ltrans1.ltrans.o
 *fill*         0x08009d38        0x8 
 .rodata.commands
                0x08009d40       0x78 /tmp/ccUBB3To.ltrans1.ltrans.o
 *fill*         0x08009db8        0x8 
 .rodata.vcom_configuration_descriptor_data
                0x08009dc0       0x44 /tmp/ccUBB3To.ltrans1.ltrans.o
 *fill*         0x08009e04        0xc 
 .rodata.shell_cfg1
                0x08009e10        0x8 /tmp/ccUBB3To.ltrans1.ltrans.o
 *fill*         0x08009e18        0x8 
 .rodata.ep1config
                0x08009e20       0x24 /tmp/ccUBB3To.ltrans1.ltrans.o
 *fill*         0x08009e44        0xc 
 .rodata.zero_status
                0x08009e50        0x4 /tmp/ccUBB3To.ltrans2.ltrans.o
 *fill*         0x08009e54        0xc 
 .rodata.active_status
                0x08009e60        0x4 /tmp/ccUBB3To.ltrans2.ltrans.o
 *fill*         0x08009e64        0xc 
 .rodata.str1.4
                0x08009e70       0xe2 /tmp/ccUBB3To.ltrans2.ltrans.o
                                 0xe4 (size before relaxing)
 *fill*         0x08009f52        0xe 
 .rodata.halted_status
                0x08009f60        0x4 /tmp/ccUBB3To.ltrans2.ltrans.o
 *fill*         0x08009f64        0xc 
 .rodata.wa     0x08009f70       0x14 /tmp/ccUBB3To.ltrans3.ltrans.o
                0x08009f70                wa
 *fill*         0x08009f84        0xc 
 .rodata.str1.4
                0x08009f90       0x42 /tmp/ccUBB3To.ltrans3.ltrans.o
                                 0x60 (size before relaxing)
 *fill*         0x08009fd2        0xe 
 .rodata.str1.4
                0x08009fe0        0xa /tmp/ccUBB3To.ltrans4.ltrans.o
                                 0x20 (size before relaxing)
 *fill*         0x08009fea        0x6 
 .rodata.evhndl
                0x08009ff0        0xc /tmp/ccUBB3To.ltrans4.ltrans.o
 .rodata.str1.4
                0x00000000       0x1c /tmp/ccUBB3To.ltrans5.ltrans.o
 *fill*         0x08009ffc        0x4 
 .rodata.testmtx4
                0x0800a000       0x10 /tmp/ccUBB3To.ltrans6.ltrans.o
 .rodata.testmtx5
                0x0800a010       0x10 /tmp/ccUBB3To.ltrans6.ltrans.o
 .rodata.testmtx6
                0x0800a020       0x10 /tmp/ccUBB3To.ltrans6.ltrans.o
 .rodata.testmtx7
                0x0800a030       0x10 /tmp/ccUBB3To.ltrans6.ltrans.o
 .rodata.testmtx8
                0x0800a040       0x10 /tmp/ccUBB3To.ltrans6.ltrans.o
 .rodata.patternmsg
                0x0800a050        0x8 /tmp/ccUBB3To.ltrans6.ltrans.o
 *fill*         0x0800a058        0x8 
 .rodata.testbmk11
                0x0800a060       0x10 /tmp/ccUBB3To.ltrans6.ltrans.o
 .rodata.testbmk12
                0x0800a070       0x10 /tmp/ccUBB3To.ltrans6.ltrans.o
 .rodata.testevt2
                0x0800a080       0x10 /tmp/ccUBB3To.ltrans6.ltrans.o
 .rodata.patterndyn
                0x0800a090       0x10 /tmp/ccUBB3To.ltrans6.ltrans.o
 .rodata.testsem1
                0x0800a0a0       0x10 /tmp/ccUBB3To.ltrans6.ltrans.o
 .rodata.testsem2
                0x0800a0b0       0x10 /tmp/ccUBB3To.ltrans6.ltrans.o
 .rodata.testsem3
                0x0800a0c0       0x10 /tmp/ccUBB3To.ltrans6.ltrans.o
 .rodata.testsem4
                0x0800a0d0       0x10 /tmp/ccUBB3To.ltrans6.ltrans.o
 .rodata.testbmk6
                0x0800a0e0       0x10 /tmp/ccUBB3To.ltrans6.ltrans.o
 .rodata.testbmk10
                0x0800a0f0       0x10 /tmp/ccUBB3To.ltrans6.ltrans.o
 .rodata.testbmk4
                0x0800a100       0x10 /tmp/ccUBB3To.ltrans6.ltrans.o
 .rodata.patternthd
                0x0800a110       0x14 /tmp/ccUBB3To.ltrans6.ltrans.o
 *fill*         0x0800a124        0xc 
 .rodata.testbmk13
                0x0800a130       0x10 /tmp/ccUBB3To.ltrans6.ltrans.o
 .rodata.testbmk1
                0x0800a140       0x10 /tmp/ccUBB3To.ltrans6.ltrans.o
 .rodata.testbmk2
                0x0800a150       0x10 /tmp/ccUBB3To.ltrans6.ltrans.o
 .rodata.testbmk3
                0x0800a160       0x10 /tmp/ccUBB3To.ltrans6.ltrans.o
 .rodata.testbmk5
                0x0800a170       0x10 /tmp/ccUBB3To.ltrans6.ltrans.o
 .rodata.testbmk8
                0x0800a180       0x10 /tmp/ccUBB3To.ltrans6.ltrans.o
 .rodata.testbmk7
                0x0800a190       0x10 /tmp/ccUBB3To.ltrans6.ltrans.o
 .rodata.testpools1
                0x0800a1a0       0x10 /tmp/ccUBB3To.ltrans6.ltrans.o
 .rodata.testbmk9
                0x0800a1b0       0x10 /tmp/ccUBB3To.ltrans6.ltrans.o
 .rodata.patternbmk
                0x0800a1c0       0x38 /tmp/ccUBB3To.ltrans6.ltrans.o
 *fill*         0x0800a1f8        0x8 
 .rodata.patterns
                0x0800a200       0x30 /tmp/ccUBB3To.ltrans6.ltrans.o
 .rodata.testdyn1
                0x0800a230       0x10 /tmp/ccUBB3To.ltrans6.ltrans.o
 .rodata.testdyn2
                0x0800a240       0x10 /tmp/ccUBB3To.ltrans6.ltrans.o
 .rodata.testdyn3
                0x0800a250       0x10 /tmp/ccUBB3To.ltrans6.ltrans.o
 .rodata.testmbox1
                0x0800a260       0x10 /tmp/ccUBB3To.ltrans6.ltrans.o
 .rodata.patternevt
                0x0800a270       0x10 /tmp/ccUBB3To.ltrans6.ltrans.o
 .rodata.patternheap
                0x0800a280        0x8 /tmp/ccUBB3To.ltrans6.ltrans.o
 *fill*         0x0800a288        0x8 
 .rodata.testmsg1
                0x0800a290       0x10 /tmp/ccUBB3To.ltrans6.ltrans.o
 .rodata.testqueues1
                0x0800a2a0       0x10 /tmp/ccUBB3To.ltrans6.ltrans.o
 .rodata.testqueues2
                0x0800a2b0       0x10 /tmp/ccUBB3To.ltrans6.ltrans.o
 .rodata.patternmbox
                0x0800a2c0        0x8 /tmp/ccUBB3To.ltrans6.ltrans.o
 *fill*         0x0800a2c8        0x8 
 .rodata.testthd1
                0x0800a2d0       0x10 /tmp/ccUBB3To.ltrans6.ltrans.o
 .rodata.testthd2
                0x0800a2e0       0x10 /tmp/ccUBB3To.ltrans6.ltrans.o
 .rodata.testthd3
                0x0800a2f0       0x10 /tmp/ccUBB3To.ltrans6.ltrans.o
 .rodata.testthd4
                0x0800a300       0x10 /tmp/ccUBB3To.ltrans6.ltrans.o
 .rodata.patternsem
                0x0800a310       0x14 /tmp/ccUBB3To.ltrans6.ltrans.o
 *fill*         0x0800a324        0xc 
 .rodata.patternqueues
                0x0800a330        0xc /tmp/ccUBB3To.ltrans6.ltrans.o
 *fill*         0x0800a33c        0x4 
 .rodata.testevt1
                0x0800a340       0x10 /tmp/ccUBB3To.ltrans6.ltrans.o
 .rodata.testheap1
                0x0800a350       0x10 /tmp/ccUBB3To.ltrans6.ltrans.o
 .rodata.testevt3
                0x0800a360       0x10 /tmp/ccUBB3To.ltrans6.ltrans.o
 .rodata.patternmtx
                0x0800a370       0x1c /tmp/ccUBB3To.ltrans6.ltrans.o
 *fill*         0x0800a38c        0x4 
 .rodata.str1.4
                0x0800a390      0x67b /tmp/ccUBB3To.ltrans6.ltrans.o
                                0x6a8 (size before relaxing)
 *fill*         0x0800aa0b        0x5 
 .rodata.testmtx1
                0x0800aa10       0x10 /tmp/ccUBB3To.ltrans6.ltrans.o
 .rodata.patternpools
                0x0800aa20        0x8 /tmp/ccUBB3To.ltrans6.ltrans.o
 *fill*         0x0800aa28        0x8 
 .rodata.str1.4
                0x0800aa30        0x5 /tmp/ccUBB3To.ltrans7.ltrans.o
                                  0x8 (size before relaxing)
 *fill*         0x0800aa35        0xb 
 .rodata.str1.4
                0x0800aa40        0xc /tmp/ccUBB3To.ltrans8.ltrans.o
 *fill*         0x0800aa4c        0x4 
 .rodata.ep0config
                0x0800aa50       0x24 /tmp/ccUBB3To.ltrans8.ltrans.o
 *fill*         0x0800aa74        0xc 
 .rodata.CSWTCH.32
                0x0800aa80        0x8 /tmp/ccUBB3To.ltrans8.ltrans.o
 *fill*         0x0800aa88        0x8 
 .rodata.states.8561
                0x0800aa90       0x40 /tmp/ccUBB3To.ltrans9.ltrans.o
 .rodata.str1.4
                0x0800aad0      0x4d2 /tmp/ccUBB3To.ltrans9.ltrans.o
                                0x594 (size before relaxing)
 *fill*         0x0800afa2        0xe 
 .rodata.pow10  0x0800afb0       0x24 /tmp/ccUBB3To.ltrans9.ltrans.o
 *fill*         0x0800afd4        0xc 
 .rodata.str1.4
                0x0800afe0        0x7 /tmp/ccUBB3To.ltrans10.ltrans.o
                                 0x10 (size before relaxing)
 *fill*         0x0800afe7        0x9 
 .rodata.spicfg
                0x0800aff0        0xc /tmp/ccUBB3To.ltrans10.ltrans.o
 *fill*         0x0800affc        0x4 
 .rodata.str1.4
                0x0800b000        0x4 /tmp/ccUBB3To.ltrans11.ltrans.o
 *fill*         0x0800b004        0xc 
 .rodata._ctype_
                0x0800b010      0x104 /home/laurence/ARM-GCC/gcc-arm-none-eabi-4_9-2014q4/bin/../lib/gcc/arm-none-eabi/4.9.3/../../../../arm-none-eabi/lib/armv7-m/libg.a(lib_a-ctype_.o)
                0x0800b010                _ctype_
 *(.glue_7t)
 .glue_7t       0x00000000        0x0 linker stubs
 *(.glue_7)
 .glue_7        0x00000000        0x0 linker stubs
 *(.gcc*)

.vfp11_veneer   0x0800b114        0x0
 .vfp11_veneer  0x00000000        0x0 linker stubs

.v4_bx          0x0800b114        0x0
 .v4_bx         0x00000000        0x0 linker stubs

.iplt           0x0800b114        0x0
 .iplt          0x00000000        0x0 build/obj/chcoreasm_v7m.o

.rel.dyn        0x0800b114        0x0
 .rel.iplt      0x00000000        0x0 build/obj/chcoreasm_v7m.o

.ARM.extab
 *(.ARM.extab* .gnu.linkonce.armextab.*)

.ARM.exidx      0x0800b114        0x0
                0x0800b114                PROVIDE (__exidx_start, .)
 *(.ARM.exidx* .gnu.linkonce.armexidx.*)
                0x0800b114                PROVIDE (__exidx_end, .)

.eh_frame_hdr
 *(.eh_frame_hdr)

.eh_frame
 *(.eh_frame)

.textalign      0x0800b114        0x4
                0x0800b118                . = ALIGN (0x8)
 *fill*         0x0800b114        0x4 
                0x0800b118                . = ALIGN (0x4)
                0x0800b118                _etext = .
                0x0800b118                _textdata = _etext

.stacks         0x20000000      0x800
                0x20000000                . = ALIGN (0x8)
                0x20000000                __main_stack_base__ = .
                0x20000400                . = (. + __main_stack_size__)
 *fill*         0x20000000      0x400 
                0x20000400                . = ALIGN (0x8)
                0x20000400                __main_stack_end__ = .
                0x20000400                __process_stack_base__ = .
                0x20000400                __main_thread_stack_base__ = .
                0x20000800                . = (. + __process_stack_size__)
 *fill*         0x20000400      0x400 
                0x20000800                . = ALIGN (0x8)
                0x20000800                __process_stack_end__ = .
                0x20000800                __main_thread_stack_end__ = .

.data           0x20000800      0x510 load address 0x0800b118
                0x20000800                . = ALIGN (0x4)
                0x20000800                PROVIDE (_data, .)
 *(.data)
 *(.data.*)
 .data.es1.lto_priv.116
                0x20000800        0x4 /tmp/ccUBB3To.ltrans0.ltrans.o
                0x20000800                es1.lto_priv.116
 .data.mp1.lto_priv.114
                0x20000804        0xc /tmp/ccUBB3To.ltrans0.ltrans.o
 .data.es2      0x20000810        0x4 /tmp/ccUBB3To.ltrans0.ltrans.o
 .data.Active_shift
                0x20000814        0x2 /tmp/ccUBB3To.ltrans1.ltrans.o
 .data.Active_level
                0x20000816        0x1 /tmp/ccUBB3To.ltrans1.ltrans.o
 *fill*         0x20000817        0x1 
 .data.linecoding
                0x20000818        0x8 /tmp/ccUBB3To.ltrans2.ltrans.o
 .data.iq       0x20000820       0x24 /tmp/ccUBB3To.ltrans3.ltrans.o
 .data.m1.lto_priv.120
                0x20000844       0x10 /tmp/ccUBB3To.ltrans4.ltrans.o
                0x20000844                m1.lto_priv.120
 .data.m2.lto_priv.121
                0x20000854       0x10 /tmp/ccUBB3To.ltrans4.ltrans.o
                0x20000854                m2.lto_priv.121
 .data.local_commands
                0x20000864       0x18 /tmp/ccUBB3To.ltrans9.ltrans.o
 .data.buf.8576
                0x2000087c      0x404 /tmp/ccUBB3To.ltrans9.ltrans.o
 .data.Active_banddiv
                0x20000c80        0x1 /tmp/ccUBB3To.ltrans10.ltrans.o
                0x20000c80                Active_banddiv
 *fill*         0x20000c81        0x3 
 .data.gpt3cfg  0x20000c84       0x10 /tmp/ccUBB3To.ltrans10.ltrans.o
 .data.gpt4cfg  0x20000c94       0x10 /tmp/ccUBB3To.ltrans10.ltrans.o
 .data.Outdiv   0x20000ca4        0x1 /tmp/ccUBB3To.ltrans10.ltrans.o
                0x20000ca4                Outdiv
 *fill*         0x20000ca5        0x3 
 .data.Active_Frequency
                0x20000ca8        0x4 /tmp/ccUBB3To.ltrans10.ltrans.o
                0x20000ca8                Active_Frequency
 .data.mb1.lto_priv.117
                0x20000cac       0x28 /tmp/ccUBB3To.ltrans11.ltrans.o
                0x20000cac                mb1.lto_priv.117
 .data.c1.lto_priv.118
                0x20000cd4        0x8 /tmp/ccUBB3To.ltrans11.ltrans.o
                0x20000cd4                c1.lto_priv.118
 .data.sem1.lto_priv.124
                0x20000cdc        0xc /tmp/ccUBB3To.ltrans11.ltrans.o
                0x20000cdc                sem1.lto_priv.124
 .data.oq.lto_priv.111
                0x20000ce8       0x24 /tmp/ccUBB3To.ltrans11.ltrans.o
                0x20000ce8                oq.lto_priv.111
 .data.__ctype_ptr__
                0x20000d0c        0x4 /home/laurence/ARM-GCC/gcc-arm-none-eabi-4_9-2014q4/bin/../lib/gcc/arm-none-eabi/4.9.3/../../../../arm-none-eabi/lib/armv7-m/libg.a(lib_a-ctype_.o)
                0x20000d0c                __ctype_ptr__
 *(.ramtext)
                0x20000d10                . = ALIGN (0x4)
                0x20000d10                PROVIDE (_edata, .)

.igot.plt       0x20000d10        0x0 load address 0x0800b628
 .igot.plt      0x00000000        0x0 build/obj/chcoreasm_v7m.o

.bss            0x20000d10     0x1314
                0x20000d10                . = ALIGN (0x4)
                0x20000d10                PROVIDE (_bss_start, .)
 *(.bss)
 *(.bss.*)
 .bss.test_heap
                0x20000d10       0x20 /tmp/ccUBB3To.ltrans0.ltrans.o
 .bss.nextmem.lto_priv.102
                0x20000d30        0x4 /tmp/ccUBB3To.ltrans1.ltrans.o
                0x20000d30                nextmem.lto_priv.102
 .bss.endmem.lto_priv.101
                0x20000d34        0x4 /tmp/ccUBB3To.ltrans1.ltrans.o
                0x20000d34                endmem.lto_priv.101
 .bss.waThreadSI
                0x20000d38      0x4c8 /tmp/ccUBB3To.ltrans1.ltrans.o
 .bss.USBD1     0x20001200       0x84 /tmp/ccUBB3To.ltrans1.ltrans.o
                0x20001200                USBD1
 .bss.shell_terminated
                0x20001284        0x4 /tmp/ccUBB3To.ltrans1.ltrans.o
                0x20001284                shell_terminated
 .bss.dummytx   0x20001288        0x2 /tmp/ccUBB3To.ltrans1.ltrans.o
 *fill*         0x2000128a        0x2 
 .bss.SDU1      0x2000128c      0x258 /tmp/ccUBB3To.ltrans1.ltrans.o
                0x2000128c                SDU1
 .bss.ep1instate
                0x200014e4       0x10 /tmp/ccUBB3To.ltrans1.ltrans.o
 .bss.ep2instate
                0x200014f4       0x10 /tmp/ccUBB3To.ltrans1.ltrans.o
 *fill*         0x20001504        0x4 
 .bss.default_heap.lto_priv.125
                0x20001508       0x20 /tmp/ccUBB3To.ltrans1.ltrans.o
                0x20001508                default_heap.lto_priv.125
 .bss.ep1outstate
                0x20001528       0x14 /tmp/ccUBB3To.ltrans1.ltrans.o
 *fill*         0x2000153c        0x4 
 .bss.waThread1
                0x20001540      0x148 /tmp/ccUBB3To.ltrans1.ltrans.o
 .bss.vt1.6324  0x20001688       0x14 /tmp/ccUBB3To.ltrans2.ltrans.o
 .bss.vt2.6325  0x2000169c       0x14 /tmp/ccUBB3To.ltrans2.ltrans.o
 .bss.mtx1      0x200016b0       0x10 /tmp/ccUBB3To.ltrans2.ltrans.o
 .bss.sem1.lto_priv.106
                0x200016c0        0xc /tmp/ccUBB3To.ltrans2.ltrans.o
                0x200016c0                sem1.lto_priv.106
 .bss.iq.6314   0x200016cc       0x24 /tmp/ccUBB3To.ltrans3.ltrans.o
 .bss.heap1.lto_priv.113
                0x200016f0       0x20 /tmp/ccUBB3To.ltrans3.ltrans.o
                0x200016f0                heap1.lto_priv.113
 .bss.threads   0x20001710       0x14 /tmp/ccUBB3To.ltrans3.ltrans.o
                0x20001710                threads
 .bss.ib.6313   0x20001724       0x10 /tmp/ccUBB3To.ltrans3.ltrans.o
 .bss.tokp      0x20001734        0x4 /tmp/ccUBB3To.ltrans6.ltrans.o
 .bss.global_fail
                0x20001738        0x1 /tmp/ccUBB3To.ltrans6.ltrans.o
 .bss.local_fail
                0x20001739        0x1 /tmp/ccUBB3To.ltrans6.ltrans.o
 *fill*         0x2000173a        0x2 
 .bss.chp       0x2000173c        0x4 /tmp/ccUBB3To.ltrans6.ltrans.o
 .bss.tokens_buffer
                0x20001740       0x10 /tmp/ccUBB3To.ltrans6.ltrans.o
 .bss.failpoint
                0x20001750        0x4 /tmp/ccUBB3To.ltrans6.ltrans.o
 .bss.ep0_state
                0x20001754       0x14 /tmp/ccUBB3To.ltrans8.ltrans.o
 .bss.ep0setup_buffer
                0x20001768        0x8 /tmp/ccUBB3To.ltrans8.ltrans.o
 .bss.tx_buffer
                0x20001770       0x10 /tmp/ccUBB3To.ltrans10.ltrans.o
 .bss.Command   0x20001780        0x1 /tmp/ccUBB3To.ltrans10.ltrans.o
                0x20001780                Command
 *fill*         0x20001781        0x3 
 .bss.rx_buffer
                0x20001784        0xc /tmp/ccUBB3To.ltrans10.ltrans.o
 .bss.Active_channel
                0x20001790        0x1 /tmp/ccUBB3To.ltrans10.ltrans.o
                0x20001790                Active_channel
 *fill*         0x20001791        0x3 
 .bss.GPTD4     0x20001794       0x10 /tmp/ccUBB3To.ltrans10.ltrans.o
                0x20001794                GPTD4
 .bss.Silabs_busy
                0x200017a4        0xc /tmp/ccUBB3To.ltrans10.ltrans.o
                0x200017a4                Silabs_busy
 .bss.Silabs_Part_ID
                0x200017b0        0x2 /tmp/ccUBB3To.ltrans10.ltrans.o
                0x200017b0                Silabs_Part_ID
 *fill*         0x200017b2        0x2 
 .bss.Silabs_callback
                0x200017b4        0xc /tmp/ccUBB3To.ltrans10.ltrans.o
                0x200017b4                Silabs_callback
 .bss.Command_string
                0x200017c0        0x8 /tmp/ccUBB3To.ltrans10.ltrans.o
                0x200017c0                Command_string
 .bss.mp1.lto_priv.115
                0x200017c8        0xc /tmp/ccUBB3To.ltrans11.ltrans.o
                0x200017c8                mp1.lto_priv.115
 *fill*         0x200017d4        0x4 
 .bss.ch        0x200017d8      0x150 /tmp/ccUBB3To.ltrans11.ltrans.o
                0x200017d8                ch
 .bss.test_timer_done
                0x20001928        0x1 /tmp/ccUBB3To.ltrans11.ltrans.o
                0x20001928                test_timer_done
 *fill*         0x20001929        0x3 
 .bss.GPTD3     0x2000192c       0x10 /tmp/ccUBB3To.ltrans11.ltrans.o
                0x2000192c                GPTD3
 .bss.SPID1     0x2000193c       0x30 /tmp/ccUBB3To.ltrans11.ltrans.o
                0x2000193c                SPID1
 .bss.vt        0x2000196c       0x14 /tmp/ccUBB3To.ltrans11.ltrans.o
 .bss.dma_isr_redir.lto_priv.87
                0x20001980       0x38 /tmp/ccUBB3To.ltrans11.ltrans.o
                0x20001980                dma_isr_redir.lto_priv.87
 .bss.test      0x200019b8      0x668 /tmp/ccUBB3To.ltrans11.ltrans.o
                0x200019b8                test
 .bss.dma_streams_mask.lto_priv.86
                0x20002020        0x4 /tmp/ccUBB3To.ltrans11.ltrans.o
                0x20002020                dma_streams_mask.lto_priv.86
 *(COMMON)
                0x20002024                . = ALIGN (0x4)
                0x20002024                PROVIDE (_bss_end, .)
                0x20002024                PROVIDE (end, .)
                0x20002024                _end = .
                0x20002024                __heap_base__ = _end
                0x20005000                __heap_end__ = __ram_end__
                0x00000400                __process_stack_size__ = 0x400
                0x00000400                __main_stack_size__ = 0x400
START GROUP
LOAD /home/laurence/ARM-GCC/gcc-arm-none-eabi-4_9-2014q4/bin/../lib/gcc/arm-none-eabi/4.9.3/armv7-m/libgcc.a
LOAD /home/laurence/ARM-GCC/gcc-arm-none-eabi-4_9-2014q4/bin/../lib/gcc/arm-none-eabi/4.9.3/../../../../arm-none-eabi/lib/armv7-m/libg.a
LOAD /home/laurence/ARM-GCC/gcc-arm-none-eabi-4_9-2014q4/bin/../lib/gcc/arm-none-eabi/4.9.3/../../../../arm-none-eabi/lib/armv7-m/libc.a
END GROUP
OUTPUT(build/ch.elf elf32-littlearm)

.ARM.attributes
                0x00000000       0x2f
 .ARM.attributes
                0x00000000       0x21 build/obj/chcoreasm_v7m.o
 .ARM.attributes
                0x00000021       0x31 /tmp/ccUBB3To.ltrans0.ltrans.o
 .ARM.attributes
                0x00000052       0x31 /tmp/ccUBB3To.ltrans1.ltrans.o
 .ARM.attributes
                0x00000083       0x31 /tmp/ccUBB3To.ltrans2.ltrans.o
 .ARM.attributes
                0x000000b4       0x31 /tmp/ccUBB3To.ltrans3.ltrans.o
 .ARM.attributes
                0x000000e5       0x31 /tmp/ccUBB3To.ltrans4.ltrans.o
 .ARM.attributes
                0x00000116       0x31 /tmp/ccUBB3To.ltrans5.ltrans.o
 .ARM.attributes
                0x00000147       0x31 /tmp/ccUBB3To.ltrans6.ltrans.o
 .ARM.attributes
                0x00000178       0x31 /tmp/ccUBB3To.ltrans7.ltrans.o
 .ARM.attributes
                0x000001a9       0x31 /tmp/ccUBB3To.ltrans8.ltrans.o
 .ARM.attributes
                0x000001da       0x31 /tmp/ccUBB3To.ltrans9.ltrans.o
 .ARM.attributes
                0x0000020b       0x31 /tmp/ccUBB3To.ltrans10.ltrans.o
 .ARM.attributes
                0x0000023c       0x31 /tmp/ccUBB3To.ltrans11.ltrans.o
 .ARM.attributes
                0x0000026d       0x1d /home/laurence/ARM-GCC/gcc-arm-none-eabi-4_9-2014q4/bin/../lib/gcc/arm-none-eabi/4.9.3/armv7-m/libgcc.a(_arm_addsubdf3.o)
 .ARM.attributes
                0x0000028a       0x1d /home/laurence/ARM-GCC/gcc-arm-none-eabi-4_9-2014q4/bin/../lib/gcc/arm-none-eabi/4.9.3/armv7-m/libgcc.a(_arm_muldivdf3.o)
 .ARM.attributes
                0x000002a7       0x1d /home/laurence/ARM-GCC/gcc-arm-none-eabi-4_9-2014q4/bin/../lib/gcc/arm-none-eabi/4.9.3/armv7-m/libgcc.a(_arm_fixdfsi.o)
 .ARM.attributes
                0x000002c4       0x1d /home/laurence/ARM-GCC/gcc-arm-none-eabi-4_9-2014q4/bin/../lib/gcc/arm-none-eabi/4.9.3/armv7-m/libgcc.a(_arm_fixunsdfsi.o)
 .ARM.attributes
                0x000002e1       0x1d /home/laurence/ARM-GCC/gcc-arm-none-eabi-4_9-2014q4/bin/../lib/gcc/arm-none-eabi/4.9.3/armv7-m/libgcc.a(_arm_truncdfsf2.o)
 .ARM.attributes
                0x000002fe       0x1d /home/laurence/ARM-GCC/gcc-arm-none-eabi-4_9-2014q4/bin/../lib/gcc/arm-none-eabi/4.9.3/armv7-m/libgcc.a(_arm_addsubsf3.o)
 .ARM.attributes
                0x0000031b       0x1d /home/laurence/ARM-GCC/gcc-arm-none-eabi-4_9-2014q4/bin/../lib/gcc/arm-none-eabi/4.9.3/armv7-m/libgcc.a(_arm_muldivsf3.o)
 .ARM.attributes
                0x00000338       0x1d /home/laurence/ARM-GCC/gcc-arm-none-eabi-4_9-2014q4/bin/../lib/gcc/arm-none-eabi/4.9.3/armv7-m/libgcc.a(_arm_cmpsf2.o)
 .ARM.attributes
                0x00000355       0x1d /home/laurence/ARM-GCC/gcc-arm-none-eabi-4_9-2014q4/bin/../lib/gcc/arm-none-eabi/4.9.3/armv7-m/libgcc.a(_arm_fixsfsi.o)
 .ARM.attributes
                0x00000372       0x1d /home/laurence/ARM-GCC/gcc-arm-none-eabi-4_9-2014q4/bin/../lib/gcc/arm-none-eabi/4.9.3/armv7-m/libgcc.a(_arm_fixunssfsi.o)
 .ARM.attributes
                0x0000038f       0x2d /home/laurence/ARM-GCC/gcc-arm-none-eabi-4_9-2014q4/bin/../lib/gcc/arm-none-eabi/4.9.3/../../../../arm-none-eabi/lib/armv7-m/libg.a(lib_a-memset.o)
 .ARM.attributes
                0x000003bc       0x2d /home/laurence/ARM-GCC/gcc-arm-none-eabi-4_9-2014q4/bin/../lib/gcc/arm-none-eabi/4.9.3/../../../../arm-none-eabi/lib/armv7-m/libg.a(lib_a-strcasecmp.o)
 .ARM.attributes
                0x000003e9       0x2d /home/laurence/ARM-GCC/gcc-arm-none-eabi-4_9-2014q4/bin/../lib/gcc/arm-none-eabi/4.9.3/../../../../arm-none-eabi/lib/armv7-m/libg.a(lib_a-strlen.o)
 .ARM.attributes
                0x00000416       0x2d /home/laurence/ARM-GCC/gcc-arm-none-eabi-4_9-2014q4/bin/../lib/gcc/arm-none-eabi/4.9.3/../../../../arm-none-eabi/lib/armv7-m/libg.a(lib_a-strncpy.o)
 .ARM.attributes
                0x00000443       0x2d /home/laurence/ARM-GCC/gcc-arm-none-eabi-4_9-2014q4/bin/../lib/gcc/arm-none-eabi/4.9.3/../../../../arm-none-eabi/lib/armv7-m/libg.a(lib_a-strpbrk.o)
 .ARM.attributes
                0x00000470       0x2d /home/laurence/ARM-GCC/gcc-arm-none-eabi-4_9-2014q4/bin/../lib/gcc/arm-none-eabi/4.9.3/../../../../arm-none-eabi/lib/armv7-m/libg.a(lib_a-strspn.o)
 .ARM.attributes
                0x0000049d       0x2d /home/laurence/ARM-GCC/gcc-arm-none-eabi-4_9-2014q4/bin/../lib/gcc/arm-none-eabi/4.9.3/../../../../arm-none-eabi/lib/armv7-m/libg.a(lib_a-ctype_.o)

.comment        0x00000000       0x70
 .comment       0x00000000       0x70 /tmp/ccUBB3To.ltrans0.ltrans.o
                                 0x71 (size before relaxing)
 .comment       0x00000000       0x71 /tmp/ccUBB3To.ltrans1.ltrans.o
 .comment       0x00000000       0x71 /tmp/ccUBB3To.ltrans2.ltrans.o
 .comment       0x00000000       0x71 /tmp/ccUBB3To.ltrans3.ltrans.o
 .comment       0x00000000       0x71 /tmp/ccUBB3To.ltrans4.ltrans.o
 .comment       0x00000000       0x71 /tmp/ccUBB3To.ltrans5.ltrans.o
 .comment       0x00000000       0x71 /tmp/ccUBB3To.ltrans6.ltrans.o
 .comment       0x00000000       0x71 /tmp/ccUBB3To.ltrans7.ltrans.o
 .comment       0x00000000       0x71 /tmp/ccUBB3To.ltrans8.ltrans.o
 .comment       0x00000000       0x71 /tmp/ccUBB3To.ltrans9.ltrans.o
 .comment       0x00000000       0x71 /tmp/ccUBB3To.ltrans10.ltrans.o
 .comment       0x00000000       0x71 /tmp/ccUBB3To.ltrans11.ltrans.o

.debug_info     0x00000000    0x24352
 .debug_info    0x00000000     0x2f92 /tmp/ccUBB3To.ltrans0.ltrans.o
 .debug_info    0x00002f92     0x496c /tmp/ccUBB3To.ltrans1.ltrans.o
 .debug_info    0x000078fe     0x3c3e /tmp/ccUBB3To.ltrans2.ltrans.o
 .debug_info    0x0000b53c     0x3768 /tmp/ccUBB3To.ltrans3.ltrans.o
 .debug_info    0x0000eca4     0x35fe /tmp/ccUBB3To.ltrans4.ltrans.o
 .debug_info    0x000122a2     0x3181 /tmp/ccUBB3To.ltrans5.ltrans.o
 .debug_info    0x00015423     0x2dc6 /tmp/ccUBB3To.ltrans6.ltrans.o
 .debug_info    0x000181e9     0x32f3 /tmp/ccUBB3To.ltrans7.ltrans.o
 .debug_info    0x0001b4dc     0x2916 /tmp/ccUBB3To.ltrans8.ltrans.o
 .debug_info    0x0001ddf2     0x1f81 /tmp/ccUBB3To.ltrans9.ltrans.o
 .debug_info    0x0001fd73     0x195e /tmp/ccUBB3To.ltrans10.ltrans.o
 .debug_info    0x000216d1     0x2c81 /tmp/ccUBB3To.ltrans11.ltrans.o

.debug_abbrev   0x00000000     0x42cf
 .debug_abbrev  0x00000000      0x537 /tmp/ccUBB3To.ltrans0.ltrans.o
 .debug_abbrev  0x00000537      0x62b /tmp/ccUBB3To.ltrans1.ltrans.o
 .debug_abbrev  0x00000b62      0x681 /tmp/ccUBB3To.ltrans2.ltrans.o
 .debug_abbrev  0x000011e3      0x59d /tmp/ccUBB3To.ltrans3.ltrans.o
 .debug_abbrev  0x00001780      0x556 /tmp/ccUBB3To.ltrans4.ltrans.o
 .debug_abbrev  0x00001cd6      0x51d /tmp/ccUBB3To.ltrans5.ltrans.o
 .debug_abbrev  0x000021f3      0x685 /tmp/ccUBB3To.ltrans6.ltrans.o
 .debug_abbrev  0x00002878      0x620 /tmp/ccUBB3To.ltrans7.ltrans.o
 .debug_abbrev  0x00002e98      0x619 /tmp/ccUBB3To.ltrans8.ltrans.o
 .debug_abbrev  0x000034b1      0x4da /tmp/ccUBB3To.ltrans9.ltrans.o
 .debug_abbrev  0x0000398b      0x42b /tmp/ccUBB3To.ltrans10.ltrans.o
 .debug_abbrev  0x00003db6      0x519 /tmp/ccUBB3To.ltrans11.ltrans.o

.debug_loc      0x00000000     0x9fa8
 .debug_loc     0x00000000      0x97b /tmp/ccUBB3To.ltrans0.ltrans.o
 .debug_loc     0x0000097b     0x1217 /tmp/ccUBB3To.ltrans1.ltrans.o
 .debug_loc     0x00001b92     0x16d9 /tmp/ccUBB3To.ltrans2.ltrans.o
 .debug_loc     0x0000326b      0x7c9 /tmp/ccUBB3To.ltrans3.ltrans.o
 .debug_loc     0x00003a34      0xa36 /tmp/ccUBB3To.ltrans4.ltrans.o
 .debug_loc     0x0000446a      0x719 /tmp/ccUBB3To.ltrans5.ltrans.o
 .debug_loc     0x00004b83     0x1267 /tmp/ccUBB3To.ltrans6.ltrans.o
 .debug_loc     0x00005dea     0x166e /tmp/ccUBB3To.ltrans7.ltrans.o
 .debug_loc     0x00007458      0xb33 /tmp/ccUBB3To.ltrans8.ltrans.o
 .debug_loc     0x00007f8b     0x1315 /tmp/ccUBB3To.ltrans9.ltrans.o
 .debug_loc     0x000092a0      0x338 /tmp/ccUBB3To.ltrans10.ltrans.o
 .debug_loc     0x000095d8      0x9d0 /tmp/ccUBB3To.ltrans11.ltrans.o

.debug_aranges  0x00000000      0x910
 .debug_aranges
                0x00000000       0xa0 /tmp/ccUBB3To.ltrans0.ltrans.o
 .debug_aranges
                0x000000a0       0xa8 /tmp/ccUBB3To.ltrans1.ltrans.o
 .debug_aranges
                0x00000148       0xf8 /tmp/ccUBB3To.ltrans2.ltrans.o
 .debug_aranges
                0x00000240       0xe0 /tmp/ccUBB3To.ltrans3.ltrans.o
 .debug_aranges
                0x00000320       0xb0 /tmp/ccUBB3To.ltrans4.ltrans.o
 .debug_aranges
                0x000003d0       0xc8 /tmp/ccUBB3To.ltrans5.ltrans.o
 .debug_aranges
                0x00000498      0x100 /tmp/ccUBB3To.ltrans6.ltrans.o
 .debug_aranges
                0x00000598      0x160 /tmp/ccUBB3To.ltrans7.ltrans.o
 .debug_aranges
                0x000006f8       0xc8 /tmp/ccUBB3To.ltrans8.ltrans.o
 .debug_aranges
                0x000007c0       0x70 /tmp/ccUBB3To.ltrans9.ltrans.o
 .debug_aranges
                0x00000830       0x28 /tmp/ccUBB3To.ltrans10.ltrans.o
 .debug_aranges
                0x00000858       0xb8 /tmp/ccUBB3To.ltrans11.ltrans.o

.debug_ranges   0x00000000     0x34c8
 .debug_ranges  0x00000000      0x418 /tmp/ccUBB3To.ltrans0.ltrans.o
 .debug_ranges  0x00000418      0xae8 /tmp/ccUBB3To.ltrans1.ltrans.o
 .debug_ranges  0x00000f00      0x458 /tmp/ccUBB3To.ltrans2.ltrans.o
 .debug_ranges  0x00001358      0x460 /tmp/ccUBB3To.ltrans3.ltrans.o
 .debug_ranges  0x000017b8      0x4c8 /tmp/ccUBB3To.ltrans4.ltrans.o
 .debug_ranges  0x00001c80      0x458 /tmp/ccUBB3To.ltrans5.ltrans.o
 .debug_ranges  0x000020d8      0x478 /tmp/ccUBB3To.ltrans6.ltrans.o
 .debug_ranges  0x00002550      0x6b0 /tmp/ccUBB3To.ltrans7.ltrans.o
 .debug_ranges  0x00002c00      0x2a8 /tmp/ccUBB3To.ltrans8.ltrans.o
 .debug_ranges  0x00002ea8      0x198 /tmp/ccUBB3To.ltrans9.ltrans.o
 .debug_ranges  0x00003040      0x140 /tmp/ccUBB3To.ltrans10.ltrans.o
 .debug_ranges  0x00003180      0x348 /tmp/ccUBB3To.ltrans11.ltrans.o

.debug_line     0x00000000     0x8305
 .debug_line    0x00000000      0x94a /tmp/ccUBB3To.ltrans0.ltrans.o
 .debug_line    0x0000094a      0xfcb /tmp/ccUBB3To.ltrans1.ltrans.o
 .debug_line    0x00001915      0xc2c /tmp/ccUBB3To.ltrans2.ltrans.o
 .debug_line    0x00002541      0xb2c /tmp/ccUBB3To.ltrans3.ltrans.o
 .debug_line    0x0000306d      0x9ce /tmp/ccUBB3To.ltrans4.ltrans.o
 .debug_line    0x00003a3b      0xad5 /tmp/ccUBB3To.ltrans5.ltrans.o
 .debug_line    0x00004510      0xbcc /tmp/ccUBB3To.ltrans6.ltrans.o
 .debug_line    0x000050dc      0xf16 /tmp/ccUBB3To.ltrans7.ltrans.o
 .debug_line    0x00005ff2      0xa88 /tmp/ccUBB3To.ltrans8.ltrans.o
 .debug_line    0x00006a7a      0x6e1 /tmp/ccUBB3To.ltrans9.ltrans.o
 .debug_line    0x0000715b      0x695 /tmp/ccUBB3To.ltrans10.ltrans.o
 .debug_line    0x000077f0      0xb15 /tmp/ccUBB3To.ltrans11.ltrans.o

.debug_str      0x00000000     0x464a
 .debug_str     0x00000000      0xaef /tmp/ccUBB3To.ltrans0.ltrans.o
                                0xb9d (size before relaxing)
 .debug_str     0x00000aef     0x12f6 /tmp/ccUBB3To.ltrans1.ltrans.o
                               0x192f (size before relaxing)
 .debug_str     0x00001de5      0x662 /tmp/ccUBB3To.ltrans2.ltrans.o
                               0x114d (size before relaxing)
 .debug_str     0x00002447      0x412 /tmp/ccUBB3To.ltrans3.ltrans.o
                                0xb29 (size before relaxing)
 .debug_str     0x00002859      0x540 /tmp/ccUBB3To.ltrans4.ltrans.o
                                0xbc3 (size before relaxing)
 .debug_str     0x00002d99      0x38b /tmp/ccUBB3To.ltrans5.ltrans.o
                                0x9a7 (size before relaxing)
 .debug_str     0x00003124      0x3f6 /tmp/ccUBB3To.ltrans6.ltrans.o
                                0xb9f (size before relaxing)
 .debug_str     0x0000351a      0x3d3 /tmp/ccUBB3To.ltrans7.ltrans.o
                                0xc9f (size before relaxing)
 .debug_str     0x000038ed      0x492 /tmp/ccUBB3To.ltrans8.ltrans.o
                               0x11a9 (size before relaxing)
 .debug_str     0x00003d7f      0x26f /tmp/ccUBB3To.ltrans9.ltrans.o
                                0x8cf (size before relaxing)
 .debug_str     0x00003fee      0x239 /tmp/ccUBB3To.ltrans10.ltrans.o
                                0xa04 (size before relaxing)
 .debug_str     0x00004227      0x423 /tmp/ccUBB3To.ltrans11.ltrans.o
                               0x1098 (size before relaxing)

.debug_frame    0x00000000     0x2028
 .debug_frame   0x00000000      0x1fc /tmp/ccUBB3To.ltrans0.ltrans.o
 .debug_frame   0x000001fc      0x2a0 /tmp/ccUBB3To.ltrans1.ltrans.o
 .debug_frame   0x0000049c      0x2e4 /tmp/ccUBB3To.ltrans2.ltrans.o
 .debug_frame   0x00000780      0x36c /tmp/ccUBB3To.ltrans3.ltrans.o
 .debug_frame   0x00000aec      0x21c /tmp/ccUBB3To.ltrans4.ltrans.o
 .debug_frame   0x00000d08      0x2b0 /tmp/ccUBB3To.ltrans5.ltrans.o
 .debug_frame   0x00000fb8      0x3c0 /tmp/ccUBB3To.ltrans6.ltrans.o
 .debug_frame   0x00001378      0x48c /tmp/ccUBB3To.ltrans7.ltrans.o
 .debug_frame   0x00001804      0x2cc /tmp/ccUBB3To.ltrans8.ltrans.o
 .debug_frame   0x00001ad0      0x1b0 /tmp/ccUBB3To.ltrans9.ltrans.o
 .debug_frame   0x00001c80       0x5c /tmp/ccUBB3To.ltrans10.ltrans.o
 .debug_frame   0x00001cdc      0x230 /tmp/ccUBB3To.ltrans11.ltrans.o
 .debug_frame   0x00001f0c       0x34 /home/laurence/ARM-GCC/gcc-arm-none-eabi-4_9-2014q4/bin/../lib/gcc/arm-none-eabi/4.9.3/../../../../arm-none-eabi/lib/armv7-m/libg.a(lib_a-memset.o)
 .debug_frame   0x00001f40       0x2c /home/laurence/ARM-GCC/gcc-arm-none-eabi-4_9-2014q4/bin/../lib/gcc/arm-none-eabi/4.9.3/../../../../arm-none-eabi/lib/armv7-m/libg.a(lib_a-strcasecmp.o)
 .debug_frame   0x00001f6c       0x20 /home/laurence/ARM-GCC/gcc-arm-none-eabi-4_9-2014q4/bin/../lib/gcc/arm-none-eabi/4.9.3/../../../../arm-none-eabi/lib/armv7-m/libg.a(lib_a-strlen.o)
 .debug_frame   0x00001f8c       0x34 /home/laurence/ARM-GCC/gcc-arm-none-eabi-4_9-2014q4/bin/../lib/gcc/arm-none-eabi/4.9.3/../../../../arm-none-eabi/lib/armv7-m/libg.a(lib_a-strncpy.o)
 .debug_frame   0x00001fc0       0x34 /home/laurence/ARM-GCC/gcc-arm-none-eabi-4_9-2014q4/bin/../lib/gcc/arm-none-eabi/4.9.3/../../../../arm-none-eabi/lib/armv7-m/libg.a(lib_a-strpbrk.o)
 .debug_frame   0x00001ff4       0x34 /home/laurence/ARM-GCC/gcc-arm-none-eabi-4_9-2014q4/bin/../lib/gcc/arm-none-eabi/4.9.3/../../../../arm-none-eabi/lib/armv7-m/libg.a(lib_a-strspn.o)

Cross Reference Table

Symbol                                            File
Active_Frequency                                  /tmp/ccUBB3To.ltrans10.ltrans.o
                                                  build/obj/Si446x_thread.o (symbol from plugin)
                                                  /tmp/ccUBB3To.ltrans1.ltrans.o
Active_banddiv                                    /tmp/ccUBB3To.ltrans10.ltrans.o
                                                  build/obj/Si446x_thread.o (symbol from plugin)
                                                  /tmp/ccUBB3To.ltrans1.ltrans.o
Active_channel                                    /tmp/ccUBB3To.ltrans10.ltrans.o
                                                  build/obj/Si446x_thread.o (symbol from plugin)
                                                  /tmp/ccUBB3To.ltrans1.ltrans.o
Active_level                                      build/obj/Si446x_thread.o (symbol from plugin)
Active_shift                                      build/obj/Si446x_thread.o (symbol from plugin)
BusFault_Handler                                  /tmp/ccUBB3To.ltrans7.ltrans.o
                                                  build/obj/vectors.o (symbol from plugin)
                                                  /tmp/ccUBB3To.ltrans8.ltrans.o
Command                                           /tmp/ccUBB3To.ltrans10.ltrans.o
                                                  build/obj/Si446x_thread.o (symbol from plugin)
                                                  /tmp/ccUBB3To.ltrans1.ltrans.o
Command_string                                    /tmp/ccUBB3To.ltrans10.ltrans.o
                                                  build/obj/Si446x_thread.o (symbol from plugin)
                                                  /tmp/ccUBB3To.ltrans1.ltrans.o
DebugMon_Handler                                  /tmp/ccUBB3To.ltrans7.ltrans.o
                                                  build/obj/vectors.o (symbol from plugin)
                                                  /tmp/ccUBB3To.ltrans8.ltrans.o
GPTD3                                             /tmp/ccUBB3To.ltrans11.ltrans.o
                                                  build/obj/gpt_lld.o (symbol from plugin)
                                                  /tmp/ccUBB3To.ltrans10.ltrans.o
                                                  /tmp/ccUBB3To.ltrans8.ltrans.o
                                                  /tmp/ccUBB3To.ltrans2.ltrans.o
                                                  /tmp/ccUBB3To.ltrans1.ltrans.o
                                                  build/obj/Si446x_thread.o (symbol from plugin)
GPTD4                                             /tmp/ccUBB3To.ltrans10.ltrans.o
                                                  build/obj/gpt_lld.o (symbol from plugin)
                                                  /tmp/ccUBB3To.ltrans8.ltrans.o
                                                  /tmp/ccUBB3To.ltrans2.ltrans.o
                                                  /tmp/ccUBB3To.ltrans1.ltrans.o
                                                  build/obj/Si446x_thread.o (symbol from plugin)
HardFault_Handler                                 /tmp/ccUBB3To.ltrans7.ltrans.o
                                                  build/obj/vectors.o (symbol from plugin)
                                                  /tmp/ccUBB3To.ltrans8.ltrans.o
MemManage_Handler                                 /tmp/ccUBB3To.ltrans7.ltrans.o
                                                  build/obj/vectors.o (symbol from plugin)
                                                  /tmp/ccUBB3To.ltrans8.ltrans.o
NMI_Handler                                       /tmp/ccUBB3To.ltrans7.ltrans.o
                                                  build/obj/vectors.o (symbol from plugin)
                                                  /tmp/ccUBB3To.ltrans8.ltrans.o
Outdiv                                            /tmp/ccUBB3To.ltrans10.ltrans.o
                                                  build/obj/Si446x_thread.o (symbol from plugin)
                                                  /tmp/ccUBB3To.ltrans1.ltrans.o
PendSV_Handler                                    /tmp/ccUBB3To.ltrans7.ltrans.o
                                                  build/obj/vectors.o (symbol from plugin)
                                                  /tmp/ccUBB3To.ltrans8.ltrans.o
RF_switch                                         build/obj/Si446x_thread.o (symbol from plugin)
RF_switch.part.8.lto_priv.80                      /tmp/ccUBB3To.ltrans11.ltrans.o
                                                  /tmp/ccUBB3To.ltrans10.ltrans.o
Reset_Handler                                     /tmp/ccUBB3To.ltrans7.ltrans.o
                                                  build/obj/crt0.o (symbol from plugin)
                                                  /tmp/ccUBB3To.ltrans8.ltrans.o
SDU1                                              /tmp/ccUBB3To.ltrans1.ltrans.o
                                                  build/obj/main.o (symbol from plugin)
                                                  /tmp/ccUBB3To.ltrans9.ltrans.o
                                                  build/obj/usbcfg.o (symbol from plugin)
SI_Thread.lto_priv.82                             /tmp/ccUBB3To.ltrans10.ltrans.o
                                                  /tmp/ccUBB3To.ltrans1.ltrans.o
SPID1                                             /tmp/ccUBB3To.ltrans11.ltrans.o
                                                  build/obj/spi_lld.o (symbol from plugin)
                                                  /tmp/ccUBB3To.ltrans10.ltrans.o
                                                  /tmp/ccUBB3To.ltrans1.ltrans.o
                                                  build/obj/Si446x_thread.o (symbol from plugin)
SVC_Handler                                       /tmp/ccUBB3To.ltrans7.ltrans.o
                                                  build/obj/chcore_v7m.o (symbol from plugin)
                                                  build/obj/vectors.o (symbol from plugin)
                                                  /tmp/ccUBB3To.ltrans8.ltrans.o
Silabs_Header                                     build/obj/Si446x_thread.o (symbol from plugin)
Silabs_Part_ID                                    /tmp/ccUBB3To.ltrans10.ltrans.o
                                                  build/obj/Si446x_thread.o (symbol from plugin)
                                                  /tmp/ccUBB3To.ltrans1.ltrans.o
Silabs_busy                                       /tmp/ccUBB3To.ltrans10.ltrans.o
                                                  build/obj/Si446x_thread.o (symbol from plugin)
                                                  /tmp/ccUBB3To.ltrans1.ltrans.o
Silabs_callback                                   /tmp/ccUBB3To.ltrans10.ltrans.o
                                                  build/obj/Si446x_thread.o (symbol from plugin)
                                                  /tmp/ccUBB3To.ltrans1.ltrans.o
Spawn_Si446x_Thread                               build/obj/Si446x_thread.o (symbol from plugin)
                                                  build/obj/main.o (symbol from plugin)
SysTick_Handler                                   /tmp/ccUBB3To.ltrans7.ltrans.o
                                                  build/obj/vectors.o (symbol from plugin)
                                                  /tmp/ccUBB3To.ltrans8.ltrans.o