Archive member included because of file (symbol)

/home/laurence/ARM-GCC/bin/../lib/gcc/arm-none-eabi/4.7.4/armv7-m/libgcc.a(_arm_addsubdf3.o)
                              /tmp/ccyVWik4.ltrans4.ltrans.o (__aeabi_dsub)
/home/laurence/ARM-GCC/bin/../lib/gcc/arm-none-eabi/4.7.4/armv7-m/libgcc.a(_arm_muldivdf3.o)
                              /tmp/ccyVWik4.ltrans4.ltrans.o (__aeabi_dmul)
/home/laurence/ARM-GCC/bin/../lib/gcc/arm-none-eabi/4.7.4/armv7-m/libgcc.a(_arm_fixdfsi.o)
                              /tmp/ccyVWik4.ltrans4.ltrans.o (__aeabi_d2iz)
/home/laurence/ARM-GCC/bin/../lib/gcc/arm-none-eabi/4.7.4/armv7-m/libgcc.a(_arm_fixunsdfsi.o)
                              /tmp/ccyVWik4.ltrans8.ltrans.o (__aeabi_d2uiz)
/home/laurence/ARM-GCC/bin/../lib/gcc/arm-none-eabi/4.7.4/armv7-m/libgcc.a(_arm_truncdfsf2.o)
                              /tmp/ccyVWik4.ltrans4.ltrans.o (__aeabi_d2f)
/home/laurence/ARM-GCC/bin/../lib/gcc/arm-none-eabi/4.7.4/armv7-m/libgcc.a(_arm_addsubsf3.o)
                              /tmp/ccyVWik4.ltrans8.ltrans.o (__aeabi_fsub)
/home/laurence/ARM-GCC/bin/../lib/gcc/arm-none-eabi/4.7.4/armv7-m/libgcc.a(_arm_muldivsf3.o)
                              /tmp/ccyVWik4.ltrans8.ltrans.o (__aeabi_fmul)
/home/laurence/ARM-GCC/bin/../lib/gcc/arm-none-eabi/4.7.4/armv7-m/libgcc.a(_arm_cmpsf2.o)
                              /tmp/ccyVWik4.ltrans4.ltrans.o (__aeabi_fcmplt)
/home/laurence/ARM-GCC/bin/../lib/gcc/arm-none-eabi/4.7.4/armv7-m/libgcc.a(_arm_fixsfsi.o)
                              /tmp/ccyVWik4.ltrans4.ltrans.o (__aeabi_f2iz)
/home/laurence/ARM-GCC/bin/../lib/gcc/arm-none-eabi/4.7.4/armv7-m/libgcc.a(_arm_fixunssfsi.o)
                              /tmp/ccyVWik4.ltrans8.ltrans.o (__aeabi_f2uiz)
/home/laurence/ARM-GCC/bin/../lib/gcc/arm-none-eabi/4.7.4/../../../../arm-none-eabi/lib/armv7-m/libg.a(lib_a-memset.o)
                              /tmp/ccyVWik4.ltrans3.ltrans.o (memset)
/home/laurence/ARM-GCC/bin/../lib/gcc/arm-none-eabi/4.7.4/../../../../arm-none-eabi/lib/armv7-m/libg.a(lib_a-strcasecmp.o)
                              /tmp/ccyVWik4.ltrans11.ltrans.o (strcasecmp)
/home/laurence/ARM-GCC/bin/../lib/gcc/arm-none-eabi/4.7.4/../../../../arm-none-eabi/lib/armv7-m/libg.a(lib_a-strcpy.o)
                              /tmp/ccyVWik4.ltrans7.ltrans.o (strcpy)
/home/laurence/ARM-GCC/bin/../lib/gcc/arm-none-eabi/4.7.4/../../../../arm-none-eabi/lib/armv7-m/libg.a(lib_a-strlen.o)
                              /tmp/ccyVWik4.ltrans7.ltrans.o (strlen)
/home/laurence/ARM-GCC/bin/../lib/gcc/arm-none-eabi/4.7.4/../../../../arm-none-eabi/lib/armv7-m/libg.a(lib_a-strpbrk.o)
                              /tmp/ccyVWik4.ltrans1.ltrans.o (strpbrk)
/home/laurence/ARM-GCC/bin/../lib/gcc/arm-none-eabi/4.7.4/../../../../arm-none-eabi/lib/armv7-m/libg.a(lib_a-strspn.o)
                              /tmp/ccyVWik4.ltrans1.ltrans.o (strspn)
/home/laurence/ARM-GCC/bin/../lib/gcc/arm-none-eabi/4.7.4/../../../../arm-none-eabi/lib/armv7-m/libg.a(lib_a-ctype_.o)
                              /home/laurence/ARM-GCC/bin/../lib/gcc/arm-none-eabi/4.7.4/../../../../arm-none-eabi/lib/armv7-m/libg.a(lib_a-strcasecmp.o) (__ctype_ptr__)

Discarded input sections

 .data          0x00000000        0x0 build/obj/chcoreasm_v7m.o
 .bss           0x00000000        0x0 build/obj/chcoreasm_v7m.o
 .text          0x00000000        0x0 build/obj/crt0.o (symbol from plugin)
 .text          0x00000000        0x0 /tmp/ccyVWik4.ltrans0.ltrans.o
 .data          0x00000000        0x0 /tmp/ccyVWik4.ltrans0.ltrans.o
 .bss           0x00000000        0x0 /tmp/ccyVWik4.ltrans0.ltrans.o
 .text          0x00000000        0x0 /tmp/ccyVWik4.ltrans1.ltrans.o
 .data          0x00000000        0x0 /tmp/ccyVWik4.ltrans1.ltrans.o
 .bss           0x00000000        0x0 /tmp/ccyVWik4.ltrans1.ltrans.o
 .text          0x00000000        0x0 /tmp/ccyVWik4.ltrans2.ltrans.o
 .data          0x00000000        0x0 /tmp/ccyVWik4.ltrans2.ltrans.o
 .bss           0x00000000        0x0 /tmp/ccyVWik4.ltrans2.ltrans.o
 .text          0x00000000        0x0 /tmp/ccyVWik4.ltrans3.ltrans.o
 .data          0x00000000        0x0 /tmp/ccyVWik4.ltrans3.ltrans.o
 .bss           0x00000000        0x0 /tmp/ccyVWik4.ltrans3.ltrans.o
 .text          0x00000000        0x0 /tmp/ccyVWik4.ltrans4.ltrans.o
 .data          0x00000000        0x0 /tmp/ccyVWik4.ltrans4.ltrans.o
 .bss           0x00000000        0x0 /tmp/ccyVWik4.ltrans4.ltrans.o
 .text          0x00000000        0x0 /tmp/ccyVWik4.ltrans5.ltrans.o
 .data          0x00000000        0x0 /tmp/ccyVWik4.ltrans5.ltrans.o
 .bss           0x00000000        0x0 /tmp/ccyVWik4.ltrans5.ltrans.o
 .text          0x00000000        0x0 /tmp/ccyVWik4.ltrans6.ltrans.o
 .data          0x00000000        0x0 /tmp/ccyVWik4.ltrans6.ltrans.o
 .bss           0x00000000        0x0 /tmp/ccyVWik4.ltrans6.ltrans.o
 .text          0x00000000        0x0 /tmp/ccyVWik4.ltrans7.ltrans.o
 .data          0x00000000        0x0 /tmp/ccyVWik4.ltrans7.ltrans.o
[...]
Memory Configuration

Name             Origin             Length             Attributes
flash            0x08000000         0x00020000
ram              0x20000000         0x00005000
*default*        0x00000000         0xffffffff

Linker script and memory map

LOAD build/obj/chcoreasm_v7m.o
LOAD build/obj/crt0.o
LOAD /tmp/ccyVWik4.ltrans0.ltrans.o
LOAD /tmp/ccyVWik4.ltrans1.ltrans.o
LOAD /tmp/ccyVWik4.ltrans2.ltrans.o
LOAD /tmp/ccyVWik4.ltrans3.ltrans.o
LOAD /tmp/ccyVWik4.ltrans4.ltrans.o
LOAD /tmp/ccyVWik4.ltrans5.ltrans.o
LOAD /tmp/ccyVWik4.ltrans6.ltrans.o
LOAD /tmp/ccyVWik4.ltrans7.ltrans.o
LOAD /tmp/ccyVWik4.ltrans8.ltrans.o
LOAD /tmp/ccyVWik4.ltrans9.ltrans.o
LOAD /tmp/ccyVWik4.ltrans10.ltrans.o
LOAD /tmp/ccyVWik4.ltrans11.ltrans.o
LOAD /home/laurence/ARM-GCC/bin/../lib/gcc/arm-none-eabi/4.7.4/armv7-m/libgcc.a
LOAD /home/laurence/ARM-GCC/bin/../lib/gcc/arm-none-eabi/4.7.4/../../../../arm-none-eabi/lib/armv7-m/libg.a
LOAD /home/laurence/ARM-GCC/bin/../lib/gcc/arm-none-eabi/4.7.4/../../../../arm-none-eabi/lib/armv7-m/libc.a
LOAD build/obj/vectors.o
LOAD build/obj/chcore.o
LOAD build/obj/chcore_v7m.o
LOAD build/obj/chsys.o
LOAD build/obj/chdebug.o
LOAD build/obj/chtm.o
LOAD build/obj/chstats.o
LOAD build/obj/chschd.o
LOAD build/obj/chvt.o
LOAD build/obj/chthreads.o
LOAD build/obj/chdynamic.o
LOAD build/obj/chregistry.o
LOAD build/obj/chsem.o
LOAD build/obj/chmtx.o
LOAD build/obj/chcond.o
LOAD build/obj/chevents.o
LOAD build/obj/chmsg.o
LOAD build/obj/chmboxes.o
LOAD build/obj/chqueues.o
LOAD build/obj/chmemcore.o
LOAD build/obj/chheap.o
LOAD build/obj/chmempools.o
LOAD build/obj/test.o
LOAD build/obj/testthd.o
LOAD build/obj/testsem.o
LOAD build/obj/testmtx.o
LOAD build/obj/testmsg.o
LOAD build/obj/testmbox.o
LOAD build/obj/testevt.o
LOAD build/obj/testheap.o
LOAD build/obj/testpools.o
LOAD build/obj/testdyn.o
LOAD build/obj/testqueues.o
LOAD build/obj/testbmk.o
LOAD build/obj/hal.o
LOAD build/obj/hal_queues.o
LOAD build/obj/hal_mmcsd.o
LOAD build/obj/adc.o
LOAD build/obj/can.o
LOAD build/obj/dac.o
LOAD build/obj/ext.o
LOAD build/obj/gpt.o
LOAD build/obj/i2c.o
LOAD build/obj/i2s.o
LOAD build/obj/icu.o
LOAD build/obj/mac.o
LOAD build/obj/mmc_spi.o
LOAD build/obj/pal.o
LOAD build/obj/pwm.o
LOAD build/obj/rtc.o
LOAD build/obj/sdc.o
LOAD build/obj/serial.o
LOAD build/obj/serial_usb.o
LOAD build/obj/spi.o
LOAD build/obj/st.o
LOAD build/obj/uart.o
LOAD build/obj/usb.o
LOAD build/obj/osal.o
LOAD build/obj/nvic.o
LOAD build/obj/stm32_dma.o
LOAD build/obj/hal_lld.o
LOAD build/obj/adc_lld.o
LOAD build/obj/ext_lld_isr.o
LOAD build/obj/can_lld.o
LOAD build/obj/ext_lld.o
LOAD build/obj/mac_lld.o
LOAD build/obj/sdc_lld.o
LOAD build/obj/pal_lld.o
LOAD build/obj/i2c_lld.o
LOAD build/obj/rtc_lld.o
LOAD build/obj/spi_lld.o
LOAD build/obj/gpt_lld.o
LOAD build/obj/icu_lld.o
LOAD build/obj/pwm_lld.o
LOAD build/obj/st_lld.o
LOAD build/obj/serial_lld.o
LOAD build/obj/uart_lld.o
LOAD build/obj/usb_lld.o
LOAD build/obj/board.o
LOAD build/obj/shell.o
LOAD build/obj/chprintf.o
LOAD build/obj/main.o
LOAD build/obj/usbcfg.o
LOAD build/obj/Si446x_thread.o
                0x20000000                __ram_start__ = ORIGIN (ram)
                0x00005000                __ram_size__ = 0x5000
                0x20005000                __ram_end__ = (__ram_start__ + __ram_size__)
                0x00000000                . = 0x0
                0x00000000                _text = .

startup         0x08000000      0x140
 *(vectors)
 vectors        0x08000000      0x140 /tmp/ccyVWik4.ltrans4.ltrans.o
                0x08000000                _vectors

constructors    0x08000140        0x0
                0x08000140                PROVIDE (__init_array_start, .)
 *(SORT(.init_array.*))
 *(.init_array)
                0x08000140                PROVIDE (__init_array_end, .)

destructors     0x08000140        0x0
                0x08000140                PROVIDE (__fini_array_start, .)
 *(.fini_array)
 *(SORT(.fini_array.*))
                0x08000140                PROVIDE (__fini_array_end, .)

.text           0x08000140     0xb3d4
 *(.text.startup.*)
 .text.startup.main.4417
                0x08000140      0x590 /tmp/ccyVWik4.ltrans4.ltrans.o
 *(.text)
 .text          0x080006d0       0x26 build/obj/chcoreasm_v7m.o
                0x080006d0                _port_switch
                0x080006e0                _port_thread_start
                0x080006ee                _port_switch_from_isr
                0x080006f2                _port_exit_from_isr
 *fill*         0x080006f6        0xa 00
 .text          0x08000700      0x370 /home/laurence/ARM-GCC/bin/../lib/gcc/arm-none-eabi/4.7.4/armv7-m/libgcc.a(_arm_addsubdf3.o)
                0x08000700                __aeabi_drsub
                0x08000708                __aeabi_dsub
                0x08000708                __subdf3
                0x0800070c                __adddf3
                0x0800070c                __aeabi_dadd
                0x08000984                __aeabi_ui2d
                0x08000984                __floatunsidf
                0x080009a4                __floatsidf
                0x080009a4                __aeabi_i2d
                0x080009c8                __extendsfdf2
                0x080009c8                __aeabi_f2d
                0x08000a04                __aeabi_ul2d
                0x08000a04                __floatundidf
                0x08000a14                __floatdidf
                0x08000a14                __aeabi_l2d
 .text          0x08000a70      0x424 /home/laurence/ARM-GCC/bin/../lib/gcc/arm-none-eabi/4.7.4/armv7-m/libgcc.a(_arm_muldivdf3.o)
                0x08000a70                __aeabi_dmul
                0x08000a70                __muldf3
                0x08000cc4                __aeabi_ddiv
                0x08000cc4                __divdf3
 *fill*         0x08000e94        0xc 00
 .text          0x08000ea0       0x50 /home/laurence/ARM-GCC/bin/../lib/gcc/arm-none-eabi/4.7.4/armv7-m/libgcc.a(_arm_fixdfsi.o)
                0x08000ea0                __fixdfsi
                0x08000ea0                __aeabi_d2iz
 .text          0x08000ef0       0x40 /home/laurence/ARM-GCC/bin/../lib/gcc/arm-none-eabi/4.7.4/armv7-m/libgcc.a(_arm_fixunsdfsi.o)
                0x08000ef0                __fixunsdfsi
                0x08000ef0                __aeabi_d2uiz
 .text          0x08000f30       0xa0 /home/laurence/ARM-GCC/bin/../lib/gcc/arm-none-eabi/4.7.4/armv7-m/libgcc.a(_arm_truncdfsf2.o)
                0x08000f30                __aeabi_d2f
                0x08000f30                __truncdfsf2
 .text          0x08000fd0      0x21c /home/laurence/ARM-GCC/bin/../lib/gcc/arm-none-eabi/4.7.4/armv7-m/libgcc.a(_arm_addsubsf3.o)
                0x08000fd0                __aeabi_frsub
                0x08000fd8                __subsf3
                0x08000fd8                __aeabi_fsub
                0x08000fdc                __aeabi_fadd
                0x08000fdc                __addsf3
                0x0800113c                __aeabi_ui2f
                0x0800113c                __floatunsisf
                0x08001144                __aeabi_i2f
                0x08001144                __floatsisf
                0x08001160                __floatundisf
                0x08001160                __aeabi_ul2f
                0x08001170                __floatdisf
                0x08001170                __aeabi_l2f
 *fill*         0x080011ec        0x4 00
 .text          0x080011f0      0x2a0 /home/laurence/ARM-GCC/bin/../lib/gcc/arm-none-eabi/4.7.4/armv7-m/libgcc.a(_arm_muldivsf3.o)
                0x080011f0                __mulsf3
                0x080011f0                __aeabi_fmul
                0x08001358                __divsf3
                0x08001358                __aeabi_fdiv
 .text          0x08001490       0xec /home/laurence/ARM-GCC/bin/../lib/gcc/arm-none-eabi/4.7.4/armv7-m/libgcc.a(_arm_cmpsf2.o)
                0x08001490                __gtsf2
                0x08001490                __gesf2
                0x08001498                __lesf2
                0x08001498                __ltsf2
                0x080014a0                __nesf2
                0x080014a0                __eqsf2
                0x080014a0                __cmpsf2
                0x08001500                __aeabi_cfrcmple
                0x08001508                __aeabi_cfcmple
                0x08001508                __aeabi_cfcmpeq
                0x08001518                __aeabi_fcmpeq
                0x0800152c                __aeabi_fcmplt
                0x08001540                __aeabi_fcmple
                0x08001554                __aeabi_fcmpge
                0x08001568                __aeabi_fcmpgt
 *fill*         0x0800157c        0x4 00
 .text          0x08001580       0x4c /home/laurence/ARM-GCC/bin/../lib/gcc/arm-none-eabi/4.7.4/armv7-m/libgcc.a(_arm_fixsfsi.o)
                0x08001580                __fixsfsi
                0x08001580                __aeabi_f2iz
 *fill*         0x080015cc        0x4 00
 .text          0x080015d0       0x40 /home/laurence/ARM-GCC/bin/../lib/gcc/arm-none-eabi/4.7.4/armv7-m/libgcc.a(_arm_fixunssfsi.o)
                0x080015d0                __aeabi_f2uiz
                0x080015d0                __fixunssfsi
 *(.text.*)
 .text.tmr.6612
                0x08001610       0x10 /tmp/ccyVWik4.ltrans0.ltrans.o
                0x08001610                tmr.6612
 .text.chCoreAlloc
                0x08001620       0x40 /tmp/ccyVWik4.ltrans0.ltrans.o
                0x08001620                chCoreAlloc
 .text.wakeup.4589
                0x08001660       0x60 /tmp/ccyVWik4.ltrans0.ltrans.o
                0x08001660                wakeup.4589
 .text._idle_thread.4288
                0x080016c0       0x20 /tmp/ccyVWik4.ltrans0.ltrans.o
                0x080016c0                _idle_thread.4288
 .text.SVC_Handler
                0x080016e0       0x20 /tmp/ccyVWik4.ltrans0.ltrans.o
                0x080016e0                SVC_Handler
 .text.test_terminate_threads
                0x08001700       0x80 /tmp/ccyVWik4.ltrans0.ltrans.o
                0x08001700                test_terminate_threads
 .text._test_assert_time_window
                0x08001780       0x50 /tmp/ccyVWik4.ltrans0.ltrans.o
                0x08001780                _test_assert_time_window
 .text._test_assert_sequence
                0x080017d0       0x90 /tmp/ccyVWik4.ltrans0.ltrans.o
                0x080017d0                _test_assert_sequence
 .text._test_assert
                0x08001860       0x30 /tmp/ccyVWik4.ltrans0.ltrans.o
                0x08001860                _test_assert
 .text.test_emit_token
                0x08001890       0x20 /tmp/ccyVWik4.ltrans0.ltrans.o
                0x08001890                test_emit_token
 .text.test_println
                0x080018b0       0x30 /tmp/ccyVWik4.ltrans0.ltrans.o
                0x080018b0                test_println
 .text.test_print
                0x080018e0       0x20 /tmp/ccyVWik4.ltrans0.ltrans.o
                0x080018e0                test_print
 .text.test_printn
                0x08001900       0x90 /tmp/ccyVWik4.ltrans0.ltrans.o
                0x08001900                test_printn
 .text.print_line.6617
                0x08001990       0x40 /tmp/ccyVWik4.ltrans0.ltrans.o
                0x08001990                print_line.6617
 .text.chPoolAlloc
                0x080019d0       0x30 /tmp/ccyVWik4.ltrans0.ltrans.o
                0x080019d0                chPoolAlloc
 .text.chEvtUnregister
                0x08001a00       0x30 /tmp/ccyVWik4.ltrans0.ltrans.o
                0x08001a00                chEvtUnregister
 .text.chThdYield
                0x08001a30       0x50 /tmp/ccyVWik4.ltrans0.ltrans.o
                0x08001a30                chThdYield
 .text.chThdCreateI
                0x08001a80       0x70 /tmp/ccyVWik4.ltrans0.ltrans.o
                0x08001a80                chThdCreateI
 .text.chSchDoRescheduleAhead
                0x08001af0       0x40 /tmp/ccyVWik4.ltrans0.ltrans.o
                0x08001af0                chSchDoRescheduleAhead
 .text.chSchRescheduleS
                0x08001b30       0x20 /tmp/ccyVWik4.ltrans0.ltrans.o
                0x08001b30                chSchRescheduleS
 .text.chThdSetPriority.4273
                0x08001b50       0x30 /tmp/ccyVWik4.ltrans0.ltrans.o
 .text.thd3_execute.6824
                0x08001b80      0x150 /tmp/ccyVWik4.ltrans0.ltrans.o
                0x08001b80                thd3_execute.6824
 .text.chSchWakeupS
                0x08001cd0       0x60 /tmp/ccyVWik4.ltrans0.ltrans.o
                0x08001cd0                chSchWakeupS
 .text.chMtxUnlock
                0x08001d30       0x60 /tmp/ccyVWik4.ltrans0.ltrans.o
                0x08001d30                chMtxUnlock
 .text.chSemSignal
                0x08001d90       0x30 /tmp/ccyVWik4.ltrans0.ltrans.o
                0x08001d90                chSemSignal
 .text.chThdCreateStatic
                0x08001dc0       0x80 /tmp/ccyVWik4.ltrans0.ltrans.o
                0x08001dc0                chThdCreateStatic
 .text.chSchGoSleepS
                0x08001e40       0x30 /tmp/ccyVWik4.ltrans0.ltrans.o
                0x08001e40                chSchGoSleepS
 .text.chMsgWait
                0x08001e70       0x40 /tmp/ccyVWik4.ltrans0.ltrans.o
                0x08001e70                chMsgWait
 .text.chSemWait
                0x08001eb0       0x40 /tmp/ccyVWik4.ltrans0.ltrans.o
                0x08001eb0                chSemWait
 .text._port_irq_epilogue
                0x08001ef0       0x60 /tmp/ccyVWik4.ltrans0.ltrans.o
                0x08001ef0                _port_irq_epilogue
 .text.chSchReadyI
                0x08001f50       0x20 /tmp/ccyVWik4.ltrans0.ltrans.o
                0x08001f50                chSchReadyI
 .text.chMsgSend
                0x08001f70       0x40 /tmp/ccyVWik4.ltrans0.ltrans.o
                0x08001f70                chMsgSend
 .text.chEvtSignalI
                0x08001fb0       0x30 /tmp/ccyVWik4.ltrans0.ltrans.o
                0x08001fb0                chEvtSignalI
 .text.chEvtBroadcastFlagsI
                0x08001fe0       0x30 /tmp/ccyVWik4.ltrans0.ltrans.o
                0x08001fe0                chEvtBroadcastFlagsI
 .text.chMtxUnlockAll
                0x08002010       0x60 /tmp/ccyVWik4.ltrans0.ltrans.o
                0x08002010                chMtxUnlockAll
 .text.chMtxUnlockS
                0x08002070       0x50 /tmp/ccyVWik4.ltrans0.ltrans.o
                0x08002070                chMtxUnlockS
 .text.chMtxLockS
                0x080020c0       0xd0 /tmp/ccyVWik4.ltrans0.ltrans.o
                0x080020c0                chMtxLockS
 .text.chMtxLock
                0x08002190       0x20 /tmp/ccyVWik4.ltrans0.ltrans.o
                0x08002190                chMtxLock
 .text.chHeapStatus
                0x080021b0       0x40 /tmp/ccyVWik4.ltrans0.ltrans.o
                0x080021b0                chHeapStatus
 .text.chHeapFree
                0x080021f0       0x90 /tmp/ccyVWik4.ltrans0.ltrans.o
                0x080021f0                chHeapFree
 .text.chThdRelease
                0x08002280       0x60 /tmp/ccyVWik4.ltrans0.ltrans.o
                0x08002280                chThdRelease
 .text.chThdWait
                0x080022e0       0x40 /tmp/ccyVWik4.ltrans0.ltrans.o
                0x080022e0                chThdWait
 .text.test_wait_threads
                0x08002320       0x50 /tmp/ccyVWik4.ltrans0.ltrans.o
                0x08002320                test_wait_threads
 .text.chRegNextThread
                0x08002370       0x30 /tmp/ccyVWik4.ltrans0.ltrans.o
                0x08002370                chRegNextThread
 .text.chHeapAlloc
                0x080023a0       0x90 /tmp/ccyVWik4.ltrans0.ltrans.o
                0x080023a0                chHeapAlloc
 .text.chThdCreateFromHeap
                0x08002430       0x40 /tmp/ccyVWik4.ltrans0.ltrans.o
                0x08002430                chThdCreateFromHeap
 .text.chSemSignalI
                0x08002470       0x20 /tmp/ccyVWik4.ltrans0.ltrans.o
                0x08002470                chSemSignalI
 .text.chSemResetI
                0x08002490       0x70 /tmp/ccyVWik4.ltrans0.ltrans.o
                0x08002490                chSemResetI
 .text.chThdExitS
                0x08002500       0x40 /tmp/ccyVWik4.ltrans0.ltrans.o
                0x08002500                chThdExitS
 .text.chTMStopMeasurementX
                0x08002540       0x50 /tmp/ccyVWik4.ltrans0.ltrans.o
                0x08002540                chTMStopMeasurementX
 .text.chTMStartMeasurementX
                0x08002590       0x10 /tmp/ccyVWik4.ltrans0.ltrans.o
                0x08002590                chTMStartMeasurementX
 .text._unhandled_exception.4338
                0x080025a0       0x10 /tmp/ccyVWik4.ltrans0.ltrans.o
                0x080025a0                Vector58
                0x080025a0                VectorE8
                0x080025a0                Vector9C
                0x080025a0                VectorAC
                0x080025a0                DebugMon_Handler
                0x080025a0                Vector5C
                0x080025a0                Vector11C
                0x080025a0                HardFault_Handler
                0x080025a0                SysTick_Handler
                0x080025a0                VectorDC
                0x080025a0                PendSV_Handler
                0x080025a0                NMI_Handler
                0x080025a0                Vector110
                0x080025a0                Vector120
                0x080025a0                VectorC8
                0x080025a0                Vector94
                0x080025a0                VectorA8
                0x080025a0                VectorB4
                0x080025a0                UsageFault_Handler
                0x080025a0                VectorEC
                0x080025a0                Vector40
                0x080025a0                VectorF8
                0x080025a0                Vector108
                0x080025a0                VectorBC
                0x080025a0                Vector124
                0x080025a0                Vector118
                0x080025a0                Vector64
                0x080025a0                VectorCC
                0x080025a0                Vector54
                0x080025a0                Vector98
                0x080025a0                VectorD8
                0x080025a0                Vector138
                0x080025a0                Vector24
                0x080025a0                VectorD0
                0x080025a0                VectorE4
                0x080025a0                VectorC0
                0x080025a0                Vector130
                0x080025a0                Vector134
                0x080025a0                VectorF0
                0x080025a0                Vector12C
                0x080025a0                Vector13C
                0x080025a0                Vector100
                0x080025a0                VectorE0
                0x080025a0                VectorF4
                0x080025a0                MemManage_Handler
                0x080025a0                VectorA0
                0x080025a0                VectorC4
                0x080025a0                Vector114
                0x080025a0                Vector60
                0x080025a0                Vector1C
                0x080025a0                Vector48
                0x080025a0                VectorD4
                0x080025a0                Vector4C
                0x080025a0                Vector68
                0x080025a0                Vector88
                0x080025a0                Vector104
                0x080025a0                Vector10C
                0x080025a0                BusFault_Handler
                0x080025a0                Vector50
                0x080025a0                Vector44
                0x080025a0                Vector28
                0x080025a0                VectorFC
                0x080025a0                Vector34
                0x080025a0                Vector128
                0x080025a0                VectorA4
                0x080025a0                Vector20
 .text.mtx8_setup.7283
                0x080025b0       0x30 /tmp/ccyVWik4.ltrans1.ltrans.o
                0x080025b0                mtx8_setup.7283
 .text.mtx7_setup.7285
                0x080025e0       0x20 /tmp/ccyVWik4.ltrans1.ltrans.o
                0x080025e0                mtx7_setup.7285
 .text.mtx6_setup.7287
                0x08002600       0x20 /tmp/ccyVWik4.ltrans1.ltrans.o
                0x08002600                mtx6_setup.7287
 .text.mtx5_setup.7289
                0x08002620       0x20 /tmp/ccyVWik4.ltrans1.ltrans.o
                0x08002620                mtx5_setup.7289
 .text.mtx4_setup.7291
                0x08002640       0x20 /tmp/ccyVWik4.ltrans1.ltrans.o
                0x08002640                mtx4_setup.7291
 .text.mtx1_setup.7293
                0x08002660       0x20 /tmp/ccyVWik4.ltrans1.ltrans.o
                0x08002660                mtx1_setup.7293
 .text.bmk12_setup.8464
                0x08002680       0x20 /tmp/ccyVWik4.ltrans1.ltrans.o
                0x08002680                bmk12_setup.8464
 .text.spi_lld_serve_tx_interrupt.9951
                0x080026a0       0x20 /tmp/ccyVWik4.ltrans1.ltrans.o
                0x080026a0                spi_lld_serve_tx_interrupt.9951
 .text.mbox1_setup.7601
                0x080026c0       0x40 /tmp/ccyVWik4.ltrans1.ltrans.o
                0x080026c0                mbox1_setup.7601
 .text.sem3_setup.7070
                0x08002700       0x20 /tmp/ccyVWik4.ltrans1.ltrans.o
                0x08002700                sem3_setup.7070
 .text.sem2_setup.7072
                0x08002720       0x20 /tmp/ccyVWik4.ltrans1.ltrans.o
                0x08002720                sem2_setup.7072
 .text.sem1_setup.7074
                0x08002740       0x20 /tmp/ccyVWik4.ltrans1.ltrans.o
                0x08002740                sem1_setup.7074
 .text.bmk11_setup.8468
                0x08002760       0x20 /tmp/ccyVWik4.ltrans1.ltrans.o
                0x08002760                bmk11_setup.8468
 .text.bmk7_setup.8470
                0x08002780       0x20 /tmp/ccyVWik4.ltrans1.ltrans.o
                0x08002780                bmk7_setup.8470
 .text.dyn2_setup.8092
                0x080027a0       0x20 /tmp/ccyVWik4.ltrans1.ltrans.o
                0x080027a0                dyn2_setup.8092
 .text.pools1_setup.7960
                0x080027c0       0x20 /tmp/ccyVWik4.ltrans1.ltrans.o
                0x080027c0                pools1_setup.7960
 .text.heap1_setup.7929
                0x080027e0       0x30 /tmp/ccyVWik4.ltrans1.ltrans.o
                0x080027e0                heap1_setup.7929
 .text.get_descriptor.11367
                0x08002810       0x40 /tmp/ccyVWik4.ltrans1.ltrans.o
                0x08002810                get_descriptor.11367
 .text.VectorB0
                0x08002850       0xa0 /tmp/ccyVWik4.ltrans1.ltrans.o
                0x08002850                VectorB0
 .text.VectorB8
                0x080028f0       0x40 /tmp/ccyVWik4.ltrans1.ltrans.o
                0x080028f0                VectorB8
 .text.spi_lld_serve_rx_interrupt.9955
                0x08002930       0x80 /tmp/ccyVWik4.ltrans1.ltrans.o
                0x08002930                spi_lld_serve_rx_interrupt.9955
 .text.chCondSignalI.constprop.55.4385
                0x080029b0       0x20 /tmp/ccyVWik4.ltrans1.ltrans.o
 .text.chCondSignal.constprop.56.4379
                0x080029d0       0x30 /tmp/ccyVWik4.ltrans1.ltrans.o
 .text.mtx8_execute.7281
                0x08002a00       0xb0 /tmp/ccyVWik4.ltrans1.ltrans.o
                0x08002a00                mtx8_execute.7281
 .text.mtx6_execute.7297
                0x08002ab0       0xf0 /tmp/ccyVWik4.ltrans1.ltrans.o
                0x08002ab0                mtx6_execute.7297
 .text.mtx7_execute.7295
                0x08002ba0       0xf0 /tmp/ccyVWik4.ltrans1.ltrans.o
                0x08002ba0                mtx7_execute.7295
 .text.sem1_execute.7091
                0x08002c90      0x180 /tmp/ccyVWik4.ltrans1.ltrans.o
                0x08002c90                sem1_execute.7091
 .text.chSemSignalWait.constprop.59.4364
                0x08002e10       0x70 /tmp/ccyVWik4.ltrans1.ltrans.o
 .text.sem3_execute.7095
                0x08002e80       0xa0 /tmp/ccyVWik4.ltrans1.ltrans.o
                0x08002e80                sem3_execute.7095
 .text.thread10.7266.4370
                0x08002f20       0x70 /tmp/ccyVWik4.ltrans1.ltrans.o
 .text.spicb.11595
                0x08002f90       0x20 /tmp/ccyVWik4.ltrans1.ltrans.o
                0x08002f90                spicb.11595
 .text.chVTDoSetI
                0x08002fb0       0x90 /tmp/ccyVWik4.ltrans1.ltrans.o
                0x08002fb0                chVTDoSetI
 .text.chThdCreateFromMemoryPool.constprop.62
                0x08003040       0x50 /tmp/ccyVWik4.ltrans1.ltrans.o
                0x08003040                chThdCreateFromMemoryPool.constprop.62
 .text.chEvtGetAndClearEvents.constprop.49
                0x08003090       0x20 /tmp/ccyVWik4.ltrans1.ltrans.o
                0x08003090                chEvtGetAndClearEvents.constprop.49
 .text.evt1_setup.7710
                0x080030b0       0x10 /tmp/ccyVWik4.ltrans1.ltrans.o
                0x080030b0                evt1_setup.7710
 .text.evt2_setup.7708
                0x080030c0       0x10 /tmp/ccyVWik4.ltrans1.ltrans.o
                0x080030c0                evt2_setup.7708
 .text.evt3_setup.7706
                0x080030d0       0x10 /tmp/ccyVWik4.ltrans1.ltrans.o
                0x080030d0                evt3_setup.7706
 .text.chEvtWaitOne.constprop.45
                0x080030e0       0x40 /tmp/ccyVWik4.ltrans1.ltrans.o
                0x080030e0                chEvtWaitOne.constprop.45
 .text.unlikely.chEvtWaitAny.constprop.44
                0x08003120       0x34 /tmp/ccyVWik4.ltrans1.ltrans.o
                0x08003120                chEvtWaitAny.constprop.44
 *fill*         0x08003154        0xc 00
 .text.chMBPostI.constprop.36
                0x08003160       0x40 /tmp/ccyVWik4.ltrans1.ltrans.o
                0x08003160                chMBPostI.constprop.36
 .text.chMBPostAheadI.constprop.34
                0x080031a0       0x40 /tmp/ccyVWik4.ltrans1.ltrans.o
                0x080031a0                chMBPostAheadI.constprop.34
 .text.unlikely.chMBFetchI.constprop.32
                0x080031e0       0x3c /tmp/ccyVWik4.ltrans1.ltrans.o
                0x080031e0                chMBFetchI.constprop.32
 *fill*         0x0800321c        0x4 00
 .text.dmaStreamAllocate.constprop.14
                0x08003220       0xa0 /tmp/ccyVWik4.ltrans1.ltrans.o
                0x08003220                dmaStreamAllocate.constprop.14
 .text._strtok.10605.constprop.6
                0x080032c0       0x40 /tmp/ccyVWik4.ltrans1.ltrans.o
                0x080032c0                _strtok.10605.constprop.6
 .text.long_to_string_with_divisor.10734
                0x08003300       0x70 /tmp/ccyVWik4.ltrans1.ltrans.o
                0x08003300                long_to_string_with_divisor.10734
 .text.queues2_setup.8259
                0x08003370       0x40 /tmp/ccyVWik4.ltrans2.ltrans.o
                0x08003370                queues2_setup.8259
 .text.queues1_setup.8264
                0x080033b0       0x30 /tmp/ccyVWik4.ltrans2.ltrans.o
                0x080033b0                queues1_setup.8264
 .text.thread2.8457
                0x080033e0       0x30 /tmp/ccyVWik4.ltrans2.ltrans.o
                0x080033e0                thread2.8457
 .text.pools1_execute.7964
                0x08003410      0x200 /tmp/ccyVWik4.ltrans2.ltrans.o
                0x08003410                pools1_execute.7964
 .text.dyn2_execute.8090
                0x08003610      0x160 /tmp/ccyVWik4.ltrans2.ltrans.o
                0x08003610                dyn2_execute.8090
 .text.chThdDequeueAllI
                0x08003770       0x30 /tmp/ccyVWik4.ltrans2.ltrans.o
                0x08003770                chThdDequeueAllI
 .text.usb_packet_write_from_queue.10323.4241
                0x080037a0      0x130 /tmp/ccyVWik4.ltrans2.ltrans.o
 .text.Vector90
                0x080038d0      0x4c0 /tmp/ccyVWik4.ltrans2.ltrans.o
                0x080038d0                Vector90
 .text.usb_lld_prepare_transmit
                0x08003d90       0xb0 /tmp/ccyVWik4.ltrans2.ltrans.o
                0x08003d90                usb_lld_prepare_transmit
 .text.usbPrepareTransmit.constprop.8
                0x08003e40       0x20 /tmp/ccyVWik4.ltrans2.ltrans.o
                0x08003e40                usbPrepareTransmit.constprop.8
 .text.chVTDoResetI
                0x08003e60       0x60 /tmp/ccyVWik4.ltrans2.ltrans.o
                0x08003e60                chVTDoResetI
 .text.thread11.7269
                0x08003ec0       0x90 /tmp/ccyVWik4.ltrans2.ltrans.o
                0x08003ec0                thread11.7269
 .text.chSchGoSleepTimeoutS
                0x08003f50       0x50 /tmp/ccyVWik4.ltrans2.ltrans.o
                0x08003f50                chSchGoSleepTimeoutS
 .text.chThdEnqueueTimeoutS.4411
                0x08003fa0       0x30 /tmp/ccyVWik4.ltrans2.ltrans.o
 .text.chIQGetTimeout
                0x08003fd0       0x50 /tmp/ccyVWik4.ltrans2.ltrans.o
                0x08003fd0                chIQGetTimeout
 .text.thread1.8252
                0x08004020       0x20 /tmp/ccyVWik4.ltrans2.ltrans.o
                0x08004020                thread1.8252
 .text.gett.8862
                0x08004040       0x10 /tmp/ccyVWik4.ltrans2.ltrans.o
                0x08004040                gett.8862
 .text.get.8866
                0x08004050       0x10 /tmp/ccyVWik4.ltrans2.ltrans.o
                0x08004050                get.8866
 .text.chIQReadTimeout
                0x08004060       0x80 /tmp/ccyVWik4.ltrans2.ltrans.o
                0x08004060                chIQReadTimeout
 .text.readt.8838
                0x080040e0       0x10 /tmp/ccyVWik4.ltrans2.ltrans.o
                0x080040e0                readt.8838
 .text.read.8846
                0x080040f0       0x10 /tmp/ccyVWik4.ltrans2.ltrans.o
                0x080040f0                read.8846
 .text.chOQPutTimeout
                0x08004100       0x50 /tmp/ccyVWik4.ltrans2.ltrans.o
                0x08004100                chOQPutTimeout
 .text.thread2.8249
                0x08004150       0x20 /tmp/ccyVWik4.ltrans2.ltrans.o
                0x08004150                thread2.8249
 .text.putt.8869
                0x08004170       0x10 /tmp/ccyVWik4.ltrans2.ltrans.o
                0x08004170                putt.8869
 .text.put.8874
                0x08004180       0x10 /tmp/ccyVWik4.ltrans2.ltrans.o
                0x08004180                put.8874
 .text.chOQWriteTimeout
                0x08004190       0x80 /tmp/ccyVWik4.ltrans2.ltrans.o
                0x08004190                chOQWriteTimeout
 .text.writet.8851
                0x08004210       0x10 /tmp/ccyVWik4.ltrans2.ltrans.o
                0x08004210                writet.8851
 .text.write.8857
                0x08004220       0x10 /tmp/ccyVWik4.ltrans2.ltrans.o
                0x08004220                write.8857
 .text.chSemWaitTimeoutS
                0x08004230       0x40 /tmp/ccyVWik4.ltrans2.ltrans.o
                0x08004230                chSemWaitTimeoutS
 .text.unlikely.chMBFetch.constprop.33
                0x08004270       0x4c /tmp/ccyVWik4.ltrans2.ltrans.o
                0x08004270                chMBFetch.constprop.33
 *fill*         0x080042bc        0x4 00
 .text.test_start_timer.constprop.26
                0x080042c0       0x40 /tmp/ccyVWik4.ltrans2.ltrans.o
                0x080042c0                test_start_timer.constprop.26
 .text.usb_lld_init_endpoint.4211
                0x08004300       0xc0 /tmp/ccyVWik4.ltrans3.ltrans.o
 .text.set_address.9473
                0x080043c0       0x30 /tmp/ccyVWik4.ltrans3.ltrans.o
                0x080043c0                set_address.9473
 .text.sduInterruptTransmitted
                0x080043f0       0x10 /tmp/ccyVWik4.ltrans3.ltrans.o
                0x080043f0                sduInterruptTransmitted
 .text.sduRequestsHook
                0x08004400       0x40 /tmp/ccyVWik4.ltrans3.ltrans.o
                0x08004400                sduRequestsHook
 .text.tmo.8442
                0x08004440       0x10 /tmp/ccyVWik4.ltrans3.ltrans.o
                0x08004440                tmo.8442
 .text.thread1.8445
                0x08004450       0x10 /tmp/ccyVWik4.ltrans3.ltrans.o
                0x08004450                thread1.8445
 .text.notify.8246
                0x08004460       0x10 /tmp/ccyVWik4.ltrans3.ltrans.o
                0x08004460                notify.8246
 .text.null_provider.7957
                0x08004470       0x10 /tmp/ccyVWik4.ltrans3.ltrans.o
                0x08004470                null_provider.7957
 .text.Vector8C
                0x08004480       0x10 /tmp/ccyVWik4.ltrans3.ltrans.o
                0x08004480                Vector8C
 .text.Vector84
                0x08004490       0x30 /tmp/ccyVWik4.ltrans3.ltrans.o
                0x08004490                Vector84
 .text.Vector80
                0x080044c0       0x30 /tmp/ccyVWik4.ltrans3.ltrans.o
                0x080044c0                Vector80
 .text.Vector7C
                0x080044f0       0x30 /tmp/ccyVWik4.ltrans3.ltrans.o
                0x080044f0                Vector7C
 .text.Vector78
                0x08004520       0x30 /tmp/ccyVWik4.ltrans3.ltrans.o
                0x08004520                Vector78
 .text.Vector74
                0x08004550       0x30 /tmp/ccyVWik4.ltrans3.ltrans.o
                0x08004550                Vector74
 .text.Vector70
                0x08004580       0x30 /tmp/ccyVWik4.ltrans3.ltrans.o
                0x08004580                Vector70
 .text.Vector6C
                0x080045b0       0x30 /tmp/ccyVWik4.ltrans3.ltrans.o
                0x080045b0                Vector6C
 .text.thread4  0x080045e0       0x30 /tmp/ccyVWik4.ltrans3.ltrans.o
                0x080045e0                thread4
 .text.thread8.8448
                0x08004610       0x40 /tmp/ccyVWik4.ltrans3.ltrans.o
                0x08004610                thread8.8448
 .text.thread3.8451
                0x08004650       0x30 /tmp/ccyVWik4.ltrans3.ltrans.o
                0x08004650                thread3.8451
 .text.bmk13_execute.8460
                0x08004680      0x100 /tmp/ccyVWik4.ltrans3.ltrans.o
                0x08004680                bmk13_execute.8460
 .text.dyn1_execute.8094
                0x08004780      0x100 /tmp/ccyVWik4.ltrans3.ltrans.o
                0x08004780                dyn1_execute.8094
 .text.heap1_execute.7927
                0x08004880      0x250 /tmp/ccyVWik4.ltrans3.ltrans.o
                0x08004880                heap1_execute.7927
 .text.thread.8077
                0x08004ad0       0x10 /tmp/ccyVWik4.ltrans3.ltrans.o
                0x08004ad0                thread.8077
 .text.h1.7730  0x08004ae0       0x10 /tmp/ccyVWik4.ltrans3.ltrans.o
                0x08004ae0                h1.7730
 .text.h2.7727  0x08004af0       0x10 /tmp/ccyVWik4.ltrans3.ltrans.o
                0x08004af0                h2.7727
 .text.h3.7724  0x08004b00       0x10 /tmp/ccyVWik4.ltrans3.ltrans.o
                0x08004b00                h3.7724
 .text.thread1.7054
                0x08004b10       0x20 /tmp/ccyVWik4.ltrans3.ltrans.o
                0x08004b10                thread1.7054
 .text.thread.6821.4406
                0x08004b30       0x10 /tmp/ccyVWik4.ltrans3.ltrans.o
 .text.thread.7390
                0x08004b40       0x20 /tmp/ccyVWik4.ltrans3.ltrans.o
                0x08004b40                thread.7390
 .text.thd1_execute.6828
                0x08004b60       0xe0 /tmp/ccyVWik4.ltrans3.ltrans.o
                0x08004b60                thd1_execute.6828
 .text.mtx1_execute.7299
                0x08004c40       0xf0 /tmp/ccyVWik4.ltrans3.ltrans.o
                0x08004c40                mtx1_execute.7299
 .text.thread1.7272.4390
                0x08004d30       0x30 /tmp/ccyVWik4.ltrans3.ltrans.o
 .text.thread12.7263
                0x08004d60       0x30 /tmp/ccyVWik4.ltrans3.ltrans.o
                0x08004d60                thread12.7263
 .text.thread3.7057
                0x08004d90       0x20 /tmp/ccyVWik4.ltrans3.ltrans.o
                0x08004d90                thread3.7057
 .text.thd2_execute.6826
                0x08004db0      0x100 /tmp/ccyVWik4.ltrans3.ltrans.o
                0x08004db0                thd2_execute.6826
 .text.usbStartTransmitI
                0x08004eb0       0x40 /tmp/ccyVWik4.ltrans3.ltrans.o
                0x08004eb0                usbStartTransmitI
 .text.usbStartReceiveI
                0x08004ef0       0x40 /tmp/ccyVWik4.ltrans3.ltrans.o
                0x08004ef0                usbStartReceiveI
 .text.usb_lld_prepare_receive
                0x08004f30       0x20 /tmp/ccyVWik4.ltrans3.ltrans.o
                0x08004f30                usb_lld_prepare_receive
 .text.inotify.8835
                0x08004f50       0x80 /tmp/ccyVWik4.ltrans3.ltrans.o
                0x08004f50                inotify.8835
 .text._usb_reset
                0x08004fd0       0x70 /tmp/ccyVWik4.ltrans3.ltrans.o
                0x08004fd0                _usb_reset
 .text.usbInitEndpointI
                0x08005040       0x40 /tmp/ccyVWik4.ltrans3.ltrans.o
                0x08005040                usbInitEndpointI
 .text.spi_lld_exchange
                0x08005080       0x40 /tmp/ccyVWik4.ltrans3.ltrans.o
                0x08005080                spi_lld_exchange
 .text.spi_lld_unselect
                0x080050c0       0x10 /tmp/ccyVWik4.ltrans3.ltrans.o
                0x080050c0                spi_lld_unselect
 .text.regfind.8080
                0x080050d0       0x40 /tmp/ccyVWik4.ltrans3.ltrans.o
                0x080050d0                regfind.8080
 .text.dyn1_setup.8088
                0x08005110       0x30 /tmp/ccyVWik4.ltrans4.ltrans.o
                0x08005110                dyn1_setup.8088
 .text.dyn3_setup.8086
                0x08005140       0x30 /tmp/ccyVWik4.ltrans4.ltrans.o
                0x08005140                dyn3_setup.8086
 .text._usb_ep0out
                0x08005170       0x90 /tmp/ccyVWik4.ltrans4.ltrans.o
                0x08005170                _usb_ep0out
 .text.chvprintf.4681
                0x08005200      0x470 /tmp/ccyVWik4.ltrans4.ltrans.o
 .text.chThdSleep
                0x08005670       0x20 /tmp/ccyVWik4.ltrans4.ltrans.o
                0x08005670                chThdSleep
 .text.Reset_Handler
                0x08005690      0x220 /tmp/ccyVWik4.ltrans4.ltrans.o
                0x08005690                Reset_Handler
 .text.RF_switch
                0x080058b0       0x40 /tmp/ccyVWik4.ltrans4.ltrans.o
                0x080058b0                RF_switch
 .text.switch_output_callback.11647
                0x080058f0       0x10 /tmp/ccyVWik4.ltrans4.ltrans.o
                0x080058f0                switch_output_callback.11647
 .text.chprintf.10585
                0x08005900       0x20 /tmp/ccyVWik4.ltrans4.ltrans.o
                0x08005900                chprintf.10585
 .text.chprintf.11031
                0x08005920       0x20 /tmp/ccyVWik4.ltrans4.ltrans.o
                0x08005920                chprintf.11031
 .text.cmd_mem.11062
                0x08005940       0x60 /tmp/ccyVWik4.ltrans4.ltrans.o
                0x08005940                cmd_mem.11062
 .text.cmd_test.11046
                0x080059a0       0x60 /tmp/ccyVWik4.ltrans4.ltrans.o
                0x080059a0                cmd_test.11046
 .text.cmd_write.11038
                0x08005a00       0x50 /tmp/ccyVWik4.ltrans4.ltrans.o
                0x08005a00                cmd_write.11038
 .text.chprintf.11607
                0x08005a50       0x20 /tmp/ccyVWik4.ltrans4.ltrans.o
                0x08005a50                chprintf.11607
 .text.silabs_get_part_id
                0x08005a70       0x20 /tmp/ccyVWik4.ltrans4.ltrans.o
                0x08005a70                silabs_get_part_id
 .text.cmd_threads.11054
                0x08005a90       0x80 /tmp/ccyVWik4.ltrans5.ltrans.o
                0x08005a90                cmd_threads.11054
 .text.silabs_tune_up
                0x08005b10       0x60 /tmp/ccyVWik4.ltrans5.ltrans.o
                0x08005b10                silabs_tune_up
 .text.msg1_execute.7393
                0x08005b70       0xa0 /tmp/ccyVWik4.ltrans5.ltrans.o
                0x08005b70                msg1_execute.7393
 .text.sem2_execute.7099
                0x08005c10      0x300 /tmp/ccyVWik4.ltrans5.ltrans.o
                0x08005c10                sem2_execute.7099
 .text.cmd_info.10624
                0x08005f10       0xc0 /tmp/ccyVWik4.ltrans5.ltrans.o
                0x08005f10                cmd_info.10624
 .text.cmd_systime.10616
                0x08005fd0       0x40 /tmp/ccyVWik4.ltrans5.ltrans.o
                0x08005fd0                cmd_systime.10616
 .text.evt1_execute.7722
                0x08006010       0xe0 /tmp/ccyVWik4.ltrans5.ltrans.o
                0x08006010                evt1_execute.7722
 .text.thd4_execute.6832
                0x080060f0       0xd0 /tmp/ccyVWik4.ltrans5.ltrans.o
                0x080060f0                thd4_execute.6832
 .text.bmk12_execute.8462
                0x080061c0       0x70 /tmp/ccyVWik4.ltrans5.ltrans.o
                0x080061c0                bmk12_execute.8462
 .text.bmk6_execute.8479
                0x08006230       0x70 /tmp/ccyVWik4.ltrans5.ltrans.o
                0x08006230                bmk6_execute.8479
 .text.bmk4_execute.8487
                0x080062a0       0xc0 /tmp/ccyVWik4.ltrans5.ltrans.o
                0x080062a0                bmk4_execute.8487
 .text.bmk11_execute.8466
                0x08006360       0x70 /tmp/ccyVWik4.ltrans5.ltrans.o
                0x08006360                bmk11_execute.8466
 .text.bmk10_execute.8472
                0x080063d0       0x80 /tmp/ccyVWik4.ltrans5.ltrans.o
                0x080063d0                bmk10_execute.8472
 .text.bmk8_execute.8481
                0x08006450       0xf0 /tmp/ccyVWik4.ltrans5.ltrans.o
                0x08006450                bmk8_execute.8481
 .text.bmk7_execute.8483
                0x08006540      0x130 /tmp/ccyVWik4.ltrans5.ltrans.o
                0x08006540                bmk7_execute.8483
 .text.bmk5_execute.8485
                0x08006670       0x70 /tmp/ccyVWik4.ltrans5.ltrans.o
                0x08006670                bmk5_execute.8485
 .text.msg_loop_test.8489.4288
                0x080066e0       0x30 /tmp/ccyVWik4.ltrans5.ltrans.o
 .text.bmk1_execute.8496
                0x08006710       0x80 /tmp/ccyVWik4.ltrans5.ltrans.o
                0x08006710                bmk1_execute.8496
 .text.bmk2_execute.8494
                0x08006790       0x80 /tmp/ccyVWik4.ltrans5.ltrans.o
                0x08006790                bmk2_execute.8494
 .text.bmk3_execute.8492
                0x08006810       0xf0 /tmp/ccyVWik4.ltrans5.ltrans.o
                0x08006810                bmk3_execute.8492
 .text.chIQPutI
                0x08006900       0x50 /tmp/ccyVWik4.ltrans5.ltrans.o
                0x08006900                chIQPutI
 .text.mbox1_execute.7599
                0x08006950      0x7a0 /tmp/ccyVWik4.ltrans6.ltrans.o
                0x08006950                mbox1_execute.7599
 .text.onotify.8832
                0x080070f0       0x70 /tmp/ccyVWik4.ltrans6.ltrans.o
                0x080070f0                onotify.8832
 .text._usb_ep0setup
                0x08007160      0x3f0 /tmp/ccyVWik4.ltrans6.ltrans.o
                0x08007160                _usb_ep0setup
 .text.silabs_send_command.4228
                0x08007550       0x90 /tmp/ccyVWik4.ltrans7.ltrans.o
 .text.silabs_tune_down.4257
                0x080075e0       0x60 /tmp/ccyVWik4.ltrans7.ltrans.o
 .text.usb_event.11376
                0x08007640       0xb0 /tmp/ccyVWik4.ltrans7.ltrans.o
                0x08007640                usb_event.11376
 .text.chOQGetI.constprop.31.4321
                0x080076f0       0x50 /tmp/ccyVWik4.ltrans7.ltrans.o
 .text.queues2_execute.8268
                0x08007740      0x2a0 /tmp/ccyVWik4.ltrans7.ltrans.o
                0x08007740                queues2_execute.8268
 .text.thread2.7700
                0x080079e0       0x50 /tmp/ccyVWik4.ltrans7.ltrans.o
                0x080079e0                thread2.7700
 .text.mtx5_execute.7301
                0x08007a30      0x110 /tmp/ccyVWik4.ltrans7.ltrans.o
                0x08007a30                mtx5_execute.7301
 .text.queues1_execute.8272
                0x08007b40      0x2d0 /tmp/ccyVWik4.ltrans7.ltrans.o
                0x08007b40                queues1_execute.8272
 .text.bmk9_execute.8477
                0x08007e10       0xb0 /tmp/ccyVWik4.ltrans7.ltrans.o
                0x08007e10                bmk9_execute.8477
 .text.chMBPost.constprop.37
                0x08007ec0       0x50 /tmp/ccyVWik4.ltrans7.ltrans.o
                0x08007ec0                chMBPost.constprop.37
 .text._usb_ep0in
                0x08007f10       0xd0 /tmp/ccyVWik4.ltrans8.ltrans.o
                0x08007f10                _usb_ep0in
 .text.thread4.7051
                0x08007fe0       0x20 /tmp/ccyVWik4.ltrans8.ltrans.o
                0x08007fe0                thread4.7051
 .text.si446x_spi
                0x08008000      0x180 /tmp/ccyVWik4.ltrans8.ltrans.o
                0x08008000                si446x_spi
 .text.si446x_set_frequency
                0x08008180      0x1c0 /tmp/ccyVWik4.ltrans8.ltrans.o
                0x08008180                si446x_set_frequency
 .text.si446x_initialise
                0x08008340      0x520 /tmp/ccyVWik4.ltrans8.ltrans.o
                0x08008340                si446x_initialise
 .text.Thread1.11028
                0x08008860       0x50 /tmp/ccyVWik4.ltrans9.ltrans.o
                0x08008860                Thread1.11028
 .text.TestThread
                0x080088b0      0x330 /tmp/ccyVWik4.ltrans9.ltrans.o
                0x080088b0                TestThread
 .text.thread2.7060
                0x08008be0       0x30 /tmp/ccyVWik4.ltrans9.ltrans.o
                0x08008be0                thread2.7060
 .text.mtx4_execute.7303
                0x08008c10      0x250 /tmp/ccyVWik4.ltrans9.ltrans.o
                0x08008c10                mtx4_execute.7303
 .text.thread4b.7275.4043
                0x08008e60       0x30 /tmp/ccyVWik4.ltrans9.ltrans.o
 .text.thread4a.7278.4040
                0x08008e90       0x20 /tmp/ccyVWik4.ltrans9.ltrans.o
 .text.thread1.7703
                0x08008eb0       0x30 /tmp/ccyVWik4.ltrans9.ltrans.o
                0x08008eb0                thread1.7703
 .text.dyn3_execute.8084
                0x08008ee0      0x150 /tmp/ccyVWik4.ltrans9.ltrans.o
                0x08008ee0                dyn3_execute.8084
 .text.test_wait_tick
                0x08009030       0x20 /tmp/ccyVWik4.ltrans9.ltrans.o
                0x08009030                test_wait_tick
 .text.evt2_execute.7717
                0x08009050      0x300 /tmp/ccyVWik4.ltrans10.ltrans.o
                0x08009050                evt2_execute.7717
 .text.sduDataTransmitted
                0x08009350       0x90 /tmp/ccyVWik4.ltrans10.ltrans.o
                0x08009350                sduDataTransmitted
 .text.sduDataReceived
                0x080093e0       0x80 /tmp/ccyVWik4.ltrans10.ltrans.o
                0x080093e0                sduDataReceived
 .text.SI_Thread.11588
                0x08009460      0x2c0 /tmp/ccyVWik4.ltrans10.ltrans.o
                0x08009460                SI_Thread.11588
 .text.shell_thread.10582
                0x08009720      0x280 /tmp/ccyVWik4.ltrans11.ltrans.o
                0x08009720                shell_thread.10582
 .text.sem4_execute.7089.4141
                0x080099a0      0x150 /tmp/ccyVWik4.ltrans11.ltrans.o
 .text.evt3_execute.7735.4183
                0x08009af0      0x170 /tmp/ccyVWik4.ltrans11.ltrans.o
 .text.chThdExit
                0x08009c60       0x10 /tmp/ccyVWik4.ltrans11.ltrans.o
                0x08009c60                chThdExit
 .text.chSchDoReschedule
                0x08009c70       0x10 /tmp/ccyVWik4.ltrans11.ltrans.o
                0x08009c70                chSchDoReschedule
 .text.memset   0x08009c80      0x12c /home/laurence/ARM-GCC/bin/../lib/gcc/arm-none-eabi/4.7.4/../../../../arm-none-eabi/lib/armv7-m/libg.a(lib_a-memset.o)
                0x08009c80                memset
 *fill*         0x08009dac        0x4 00
 .text.strcasecmp
                0x08009db0       0x44 /home/laurence/ARM-GCC/bin/../lib/gcc/arm-none-eabi/4.7.4/../../../../arm-none-eabi/lib/armv7-m/libg.a(lib_a-strcasecmp.o)
                0x08009db0                strcasecmp
 *fill*         0x08009df4        0xc 00
 .text.strcpy   0x08009e00       0xbc /home/laurence/ARM-GCC/bin/../lib/gcc/arm-none-eabi/4.7.4/../../../../arm-none-eabi/lib/armv7-m/libg.a(lib_a-strcpy.o)
                0x08009e00                strcpy
 *fill*         0x08009ebc        0x4 00
 .text.strlen   0x08009ec0       0x60 /home/laurence/ARM-GCC/bin/../lib/gcc/arm-none-eabi/4.7.4/../../../../arm-none-eabi/lib/armv7-m/libg.a(lib_a-strlen.o)
                0x08009ec0                strlen
 .text.strpbrk  0x08009f20       0x4c /home/laurence/ARM-GCC/bin/../lib/gcc/arm-none-eabi/4.7.4/../../../../arm-none-eabi/lib/armv7-m/libg.a(lib_a-strpbrk.o)
                0x08009f20                strpbrk
 *fill*         0x08009f6c        0x4 00
 .text.strspn   0x08009f70       0x40 /home/laurence/ARM-GCC/bin/../lib/gcc/arm-none-eabi/4.7.4/../../../../arm-none-eabi/lib/armv7-m/libg.a(lib_a-strspn.o)
                0x08009f70                strspn
 *(.rodata)
 .rodata        0x08009fb0       0xa8 /tmp/ccyVWik4.ltrans8.ltrans.o
 *fill*         0x0800a058        0x8 00
 .rodata        0x0800a060        0x8 /tmp/ccyVWik4.ltrans10.ltrans.o
 *(.rodata.*)
 *fill*         0x0800a068        0x8 00
 .rodata.str1.4
                0x0800a070        0x5 /tmp/ccyVWik4.ltrans0.ltrans.o
                                  0xc (size before relaxing)
 *fill*         0x0800a075        0xb 00
 .rodata.vcom_configuration_descriptor_data.11400.4734
                0x0800a080       0x44 /tmp/ccyVWik4.ltrans1.ltrans.o
 *fill*         0x0800a0c4        0xc 00
 .rodata.vcom_string1.11394.4728
                0x0800a0d0       0x14 /tmp/ccyVWik4.ltrans1.ltrans.o
 *fill*         0x0800a0e4        0xc 00
 .rodata.vcom_string2.11395.4729
                0x0800a0f0       0x38 /tmp/ccyVWik4.ltrans1.ltrans.o
 *fill*         0x0800a128        0x8 00
 .rodata.vcom_configuration_descriptor.11399.4733
                0x0800a130        0x8 /tmp/ccyVWik4.ltrans1.ltrans.o
 *fill*         0x0800a138        0x8 00
 .rodata.vcom_string0.11393.4727
                0x0800a140        0x4 /tmp/ccyVWik4.ltrans1.ltrans.o
 *fill*         0x0800a144        0xc 00
 .rodata.vcom_strings.11392.4726
                0x0800a150       0x20 /tmp/ccyVWik4.ltrans1.ltrans.o
 .rodata.vcom_device_descriptor.11397.4731
                0x0800a170        0x8 /tmp/ccyVWik4.ltrans1.ltrans.o
 *fill*         0x0800a178        0x8 00
 .rodata.str1.4
                0x0800a180       0x27 /tmp/ccyVWik4.ltrans1.ltrans.o
                                 0x30 (size before relaxing)
 *fill*         0x0800a1a7        0x9 00
 .rodata.vcom_device_descriptor_data.11398.4732
                0x0800a1b0       0x14 /tmp/ccyVWik4.ltrans1.ltrans.o
 *fill*         0x0800a1c4        0xc 00
 .rodata.vcom_string3.11396.4730
                0x0800a1d0        0x8 /tmp/ccyVWik4.ltrans1.ltrans.o
 *fill*         0x0800a1d8        0x8 00
 .rodata.str1.4
                0x0800a1e0        0x5 /tmp/ccyVWik4.ltrans2.ltrans.o
                                 0x1c (size before relaxing)
 *fill*         0x0800a1e5        0xb 00
 .rodata.CSWTCH.26.10418.10418.4555
                0x0800a1f0        0x8 /tmp/ccyVWik4.ltrans3.ltrans.o
 *fill*         0x0800a1f8        0x8 00
 .rodata.str1.4
                0x0800a200       0xab /tmp/ccyVWik4.ltrans3.ltrans.o
                                 0xc8 (size before relaxing)
 *fill*         0x0800a2ab        0x5 00
 .rodata.ch_debug
                0x0800a2b0       0x18 /tmp/ccyVWik4.ltrans4.ltrans.o
 *fill*         0x0800a2c8        0x8 00
 .rodata.vmt.9039.4975
                0x0800a2d0       0x20 /tmp/ccyVWik4.ltrans4.ltrans.o
 .rodata._stm32_dma_streams
                0x0800a2f0       0x54 /tmp/ccyVWik4.ltrans4.ltrans.o
 *fill*         0x0800a344        0xc 00
 .rodata.str1.4
                0x0800a350       0xd3 /tmp/ccyVWik4.ltrans4.ltrans.o
                                 0xd4 (size before relaxing)
 *fill*         0x0800a423        0xd 00
 .rodata.pow10.10788.5023
                0x0800a430       0x24 /tmp/ccyVWik4.ltrans4.ltrans.o
 *fill*         0x0800a454        0xc 00
 .rodata.states.8516.11140.4435
                0x0800a460       0x40 /tmp/ccyVWik4.ltrans5.ltrans.o
 .rodata.str1.4
                0x0800a4a0      0x32a /tmp/ccyVWik4.ltrans5.ltrans.o
                                0x338 (size before relaxing)
 *fill*         0x0800a7ca        0x6 00
 .rodata.evhndl.7763.4434
                0x0800a7d0        0xc /tmp/ccyVWik4.ltrans5.ltrans.o
 *fill*         0x0800a7dc        0x4 00
 .rodata.CSWTCH.32.10425.10425.4366
                0x0800a7e0       0x14 /tmp/ccyVWik4.ltrans6.ltrans.o
 *fill*         0x0800a7f4        0xc 00
 .rodata.halted_status.9576.4364
                0x0800a800        0x4 /tmp/ccyVWik4.ltrans6.ltrans.o
 *fill*         0x0800a804        0xc 00
 .rodata.zero_status.9575.4363
                0x0800a810        0x4 /tmp/ccyVWik4.ltrans6.ltrans.o
 .rodata.str1.4
                0x00000000        0x8 /tmp/ccyVWik4.ltrans6.ltrans.o
 *fill*         0x0800a814        0xc 00
 .rodata.ep0config.10419
                0x0800a820       0x24 /tmp/ccyVWik4.ltrans6.ltrans.o
                0x0800a820                ep0config.10419
 *fill*         0x0800a844        0xc 00
 .rodata.active_status.9577.4365
                0x0800a850        0x4 /tmp/ccyVWik4.ltrans6.ltrans.o
 *fill*         0x0800a854        0xc 00
 .rodata.commands.11098
                0x0800a860       0x48 /tmp/ccyVWik4.ltrans7.ltrans.o
                0x0800a860                commands.11098
 *fill*         0x0800a8a8        0x8 00
 .rodata.ep2config.11389.4571
                0x0800a8b0       0x24 /tmp/ccyVWik4.ltrans7.ltrans.o
 *fill*         0x0800a8d4        0xc 00
 .rodata.usbcfg
                0x0800a8e0       0x10 /tmp/ccyVWik4.ltrans7.ltrans.o
                0x0800a8e0                usbcfg
 .rodata.str1.4
                0x0800a8f0       0x96 /tmp/ccyVWik4.ltrans7.ltrans.o
                                 0xd0 (size before relaxing)
 *fill*         0x0800a986        0xa 00
 .rodata.shell_cfg1.11097
                0x0800a990        0x8 /tmp/ccyVWik4.ltrans7.ltrans.o
                0x0800a990                shell_cfg1.11097
 *fill*         0x0800a998        0x8 00
 .rodata.str1.4
                0x0800a9a0      0x143 /tmp/ccyVWik4.ltrans9.ltrans.o
                                0x21c (size before relaxing)
 *fill*         0x0800aae3        0xd 00
 .rodata.serusbcfg
                0x0800aaf0        0x8 /tmp/ccyVWik4.ltrans9.ltrans.o
                0x0800aaf0                serusbcfg
 *fill*         0x0800aaf8        0x8 00
 .rodata.str1.4
                0x0800ab00        0x7 /tmp/ccyVWik4.ltrans10.ltrans.o
                                  0xc (size before relaxing)
 *fill*         0x0800ab07        0x9 00
 .rodata.spicfg.11705.4517
                0x0800ab10        0xc /tmp/ccyVWik4.ltrans10.ltrans.o
 *fill*         0x0800ab1c        0x4 00
 .rodata.ep1config.11386
                0x0800ab20       0x24 /tmp/ccyVWik4.ltrans10.ltrans.o
                0x0800ab20                ep1config.11386
 *fill*         0x0800ab44        0xc 00
 .rodata.patternthd
                0x0800ab50       0x14 /tmp/ccyVWik4.ltrans11.ltrans.o
                0x0800ab50                patternthd
 *fill*         0x0800ab64        0xc 00
 .rodata.testevt3.4530
                0x0800ab70       0x10 /tmp/ccyVWik4.ltrans11.ltrans.o
 .rodata.patternbmk
                0x0800ab80       0x38 /tmp/ccyVWik4.ltrans11.ltrans.o
                0x0800ab80                patternbmk
 *fill*         0x0800abb8        0x8 00
 .rodata.testbmk10.4572
                0x0800abc0       0x10 /tmp/ccyVWik4.ltrans11.ltrans.o
 .rodata.patterndyn
                0x0800abd0       0x10 /tmp/ccyVWik4.ltrans11.ltrans.o
                0x0800abd0                patterndyn
 .rodata.testbmk12.4574
                0x0800abe0       0x10 /tmp/ccyVWik4.ltrans11.ltrans.o
 .rodata.testsem1
                0x0800abf0       0x10 /tmp/ccyVWik4.ltrans11.ltrans.o
 .rodata.patternevt
                0x0800ac00       0x10 /tmp/ccyVWik4.ltrans11.ltrans.o
                0x0800ac00                patternevt
 .rodata.testevt2.4529
                0x0800ac10       0x10 /tmp/ccyVWik4.ltrans11.ltrans.o
 .rodata.testthd4.4499
                0x0800ac20       0x10 /tmp/ccyVWik4.ltrans11.ltrans.o
 .rodata.patternpools
                0x0800ac30        0x8 /tmp/ccyVWik4.ltrans11.ltrans.o
                0x0800ac30                patternpools
 *fill*         0x0800ac38        0x8 00
 .rodata.testmtx6.4508
                0x0800ac40       0x10 /tmp/ccyVWik4.ltrans11.ltrans.o
 .rodata.testbmk1
                0x0800ac50       0x10 /tmp/ccyVWik4.ltrans11.ltrans.o
 .rodata.testbmk9.4571
                0x0800ac60       0x10 /tmp/ccyVWik4.ltrans11.ltrans.o
 .rodata.testbmk6.4568
                0x0800ac70       0x10 /tmp/ccyVWik4.ltrans11.ltrans.o
 .rodata.testmtx8.4510
                0x0800ac80       0x10 /tmp/ccyVWik4.ltrans11.ltrans.o
 .rodata.patternmbox
                0x0800ac90        0x8 /tmp/ccyVWik4.ltrans11.ltrans.o
                0x0800ac90                patternmbox
 *fill*         0x0800ac98        0x8 00
 .rodata.testbmk3.4565
                0x0800aca0       0x10 /tmp/ccyVWik4.ltrans11.ltrans.o
 .rodata.patterns.6764
                0x0800acb0       0x30 /tmp/ccyVWik4.ltrans11.ltrans.o
                0x0800acb0                patterns.6764
 .rodata.testbmk2.4564
                0x0800ace0       0x10 /tmp/ccyVWik4.ltrans11.ltrans.o
 .rodata.testsem2.4472
                0x0800acf0       0x10 /tmp/ccyVWik4.ltrans11.ltrans.o
 .rodata.testbmk5.4567
                0x0800ad00       0x10 /tmp/ccyVWik4.ltrans11.ltrans.o
 .rodata.testdyn1
                0x0800ad10       0x10 /tmp/ccyVWik4.ltrans11.ltrans.o
 .rodata.testmbox1
                0x0800ad20       0x10 /tmp/ccyVWik4.ltrans11.ltrans.o
 .rodata.testbmk8.4570
                0x0800ad30       0x10 /tmp/ccyVWik4.ltrans11.ltrans.o
 .rodata.testmtx7.4509
                0x0800ad40       0x10 /tmp/ccyVWik4.ltrans11.ltrans.o
 .rodata.patternheap
                0x0800ad50        0x8 /tmp/ccyVWik4.ltrans11.ltrans.o
                0x0800ad50                patternheap
 *fill*         0x0800ad58        0x8 00
 .rodata.testpools1
                0x0800ad60       0x10 /tmp/ccyVWik4.ltrans11.ltrans.o
 .rodata.testmtx4.4506
                0x0800ad70       0x10 /tmp/ccyVWik4.ltrans11.ltrans.o
 .rodata.testsem4.4460
                0x0800ad80       0x10 /tmp/ccyVWik4.ltrans11.ltrans.o
 .rodata.testmsg1
                0x0800ad90       0x10 /tmp/ccyVWik4.ltrans11.ltrans.o
 .rodata.testdyn3.4550
                0x0800ada0       0x10 /tmp/ccyVWik4.ltrans11.ltrans.o
 .rodata.testqueues1
                0x0800adb0       0x10 /tmp/ccyVWik4.ltrans11.ltrans.o
 .rodata.testthd2.4497
                0x0800adc0       0x10 /tmp/ccyVWik4.ltrans11.ltrans.o
 .rodata.patternmtx
                0x0800add0       0x1c /tmp/ccyVWik4.ltrans11.ltrans.o
                0x0800add0                patternmtx
 *fill*         0x0800adec        0x4 00
 .rodata.testbmk7.4569
                0x0800adf0       0x10 /tmp/ccyVWik4.ltrans11.ltrans.o
 .rodata.testthd1
                0x0800ae00       0x10 /tmp/ccyVWik4.ltrans11.ltrans.o
 .rodata.testbmk4.4566
                0x0800ae10       0x10 /tmp/ccyVWik4.ltrans11.ltrans.o
 .rodata.patternsem
                0x0800ae20       0x14 /tmp/ccyVWik4.ltrans11.ltrans.o
                0x0800ae20                patternsem
 *fill*         0x0800ae34        0xc 00
 .rodata.patternqueues
                0x0800ae40        0xc /tmp/ccyVWik4.ltrans11.ltrans.o
                0x0800ae40                patternqueues
 *fill*         0x0800ae4c        0x4 00
 .rodata.testbmk13.4575
                0x0800ae50       0x10 /tmp/ccyVWik4.ltrans11.ltrans.o
 .rodata.testsem3.4473
                0x0800ae60       0x10 /tmp/ccyVWik4.ltrans11.ltrans.o
 .rodata.testevt1
                0x0800ae70       0x10 /tmp/ccyVWik4.ltrans11.ltrans.o
 .rodata.testheap1
                0x0800ae80       0x10 /tmp/ccyVWik4.ltrans11.ltrans.o
 .rodata.testdyn2.4549
                0x0800ae90       0x10 /tmp/ccyVWik4.ltrans11.ltrans.o
 .rodata.testqueues2.4557
                0x0800aea0       0x10 /tmp/ccyVWik4.ltrans11.ltrans.o
 .rodata.patternmsg
                0x0800aeb0        0x8 /tmp/ccyVWik4.ltrans11.ltrans.o
                0x0800aeb0                patternmsg
 *fill*         0x0800aeb8        0x8 00
 .rodata.testbmk11.4573
                0x0800aec0       0x10 /tmp/ccyVWik4.ltrans11.ltrans.o
 .rodata.testthd3.4498
                0x0800aed0       0x10 /tmp/ccyVWik4.ltrans11.ltrans.o
 .rodata.str1.4
                0x0800aee0      0x50c /tmp/ccyVWik4.ltrans11.ltrans.o
                                0x52c (size before relaxing)
 *fill*         0x0800b3ec        0x4 00
 .rodata.testmtx1
                0x0800b3f0       0x10 /tmp/ccyVWik4.ltrans11.ltrans.o
 .rodata.testmtx5.4507
                0x0800b400       0x10 /tmp/ccyVWik4.ltrans11.ltrans.o
 .rodata._ctype_
                0x0800b410      0x104 /home/laurence/ARM-GCC/bin/../lib/gcc/arm-none-eabi/4.7.4/../../../../arm-none-eabi/lib/armv7-m/libg.a(lib_a-ctype_.o)
                0x0800b410                _ctype_
 *(.glue_7t)
 .glue_7t       0x00000000        0x0 linker stubs
 *(.glue_7)
 .glue_7        0x00000000        0x0 linker stubs
 *(.gcc*)

.vfp11_veneer   0x0800b514        0x0
 .vfp11_veneer  0x00000000        0x0 linker stubs

.v4_bx          0x0800b514        0x0
 .v4_bx         0x00000000        0x0 linker stubs

.iplt           0x0800b514        0x0
 .iplt          0x00000000        0x0 build/obj/chcoreasm_v7m.o

.rel.dyn        0x0800b514        0x0
 .rel.iplt      0x00000000        0x0 build/obj/chcoreasm_v7m.o

.ARM.extab
 *(.ARM.extab* .gnu.linkonce.armextab.*)

.ARM.exidx      0x0800b514        0x0
                0x0800b514                PROVIDE (__exidx_start, .)
 *(.ARM.exidx* .gnu.linkonce.armexidx.*)
                0x0800b514                PROVIDE (__exidx_end, .)

.eh_frame_hdr
 *(.eh_frame_hdr)

.eh_frame
 *(.eh_frame)

.textalign      0x0800b514        0x4
                0x0800b518                . = ALIGN (0x8)
 *fill*         0x0800b514        0x4 00
                0x0800b518                . = ALIGN (0x4)
                0x0800b518                _etext = .
                0x0800b518                _textdata = _etext

.stacks         0x20000000      0x800
                0x20000000                . = ALIGN (0x8)
                0x20000000                __main_stack_base__ = .
                0x20000400                . = (. + __main_stack_size__)
 *fill*         0x20000000      0x400 00
                0x20000400                . = ALIGN (0x8)
                0x20000400                __main_stack_end__ = .
                0x20000400                __process_stack_base__ = .
                0x20000400                __main_thread_stack_base__ = .
                0x20000800                . = (. + __process_stack_size__)
 *fill*         0x20000400      0x400 00
                0x20000800                . = ALIGN (0x8)
                0x20000800                __process_stack_end__ = .
                0x20000800                __main_thread_stack_end__ = .

.data           0x20000800      0x4fc load address 0x0800b518
                0x20000800                . = ALIGN (0x4)
                0x20000800                PROVIDE (_data, .)
 *(.data)
 *(.data.*)
 .data.c1.7329  0x20000800        0x8 /tmp/ccyVWik4.ltrans2.ltrans.o
                0x20000800                c1.7329
 .data.mp1.7972
                0x20000808        0xc /tmp/ccyVWik4.ltrans2.ltrans.o
                0x20000808                mp1.7972
 .data.linecoding.9032.4556
                0x20000814        0x8 /tmp/ccyVWik4.ltrans3.ltrans.o
 .data.buf.8531.11096.5021
                0x2000081c      0x404 /tmp/ccyVWik4.ltrans4.ltrans.o
 .data.sem1.7122
                0x20000c20        0xc /tmp/ccyVWik4.ltrans5.ltrans.o
                0x20000c20                sem1.7122
 .data.m1.7331  0x20000c2c       0x10 /tmp/ccyVWik4.ltrans7.ltrans.o
                0x20000c2c                m1.7331
 .data.Active_banddiv.4366
                0x20000c3c        0x1 /tmp/ccyVWik4.ltrans8.ltrans.o
 .data.Active_level.4405
                0x20000c3d        0x1 /tmp/ccyVWik4.ltrans8.ltrans.o
 .data.Outdiv.4364
                0x20000c3e        0x1 /tmp/ccyVWik4.ltrans8.ltrans.o
 *fill*         0x20000c3f        0x1 00
 .data.Active_shift.4404
                0x20000c40        0x2 /tmp/ccyVWik4.ltrans8.ltrans.o
 *fill*         0x20000c42        0x2 00
 .data.m2.7330  0x20000c44       0x10 /tmp/ccyVWik4.ltrans9.ltrans.o
                0x20000c44                m2.7330
 .data.Active_Frequency
                0x20000c54        0x4 /tmp/ccyVWik4.ltrans10.ltrans.o
                0x20000c54                Active_Frequency
 .data.gpt4cfg.11704.4515
                0x20000c58       0x10 /tmp/ccyVWik4.ltrans10.ltrans.o
 .data.es1.7762
                0x20000c68        0x4 /tmp/ccyVWik4.ltrans10.ltrans.o
                0x20000c68                es1.7762
 .data.es2.7761
                0x20000c6c        0x4 /tmp/ccyVWik4.ltrans10.ltrans.o
                0x20000c6c                es2.7761
 .data.oq.8291  0x20000c70       0x24 /tmp/ccyVWik4.ltrans11.ltrans.o
                0x20000c70                oq.8291
 .data.local_commands.10667.4448
                0x20000c94       0x18 /tmp/ccyVWik4.ltrans11.ltrans.o
 .data.iq.8304  0x20000cac       0x24 /tmp/ccyVWik4.ltrans11.ltrans.o
                0x20000cac                iq.8304
 .data.mb1.7615
                0x20000cd0       0x28 /tmp/ccyVWik4.ltrans11.ltrans.o
                0x20000cd0                mb1.7615
 .data.__ctype_ptr__
                0x20000cf8        0x4 /home/laurence/ARM-GCC/bin/../lib/gcc/arm-none-eabi/4.7.4/../../../../arm-none-eabi/lib/armv7-m/libg.a(lib_a-ctype_.o)
                0x20000cf8                __ctype_ptr__
 *(.ramtext)
                0x20000cfc                . = ALIGN (0x4)
                0x20000cfc                PROVIDE (_edata, .)

.igot.plt       0x20000cfc        0x0 load address 0x0800ba14
 .igot.plt      0x00000000        0x0 build/obj/chcoreasm_v7m.o

.bss            0x20000cfc     0x12f8
                0x20000cfc                . = ALIGN (0x4)
                0x20000cfc                PROVIDE (_bss_start, .)
 *(.bss)
 *(.bss.*)
 *fill*         0x20000cfc        0x4 00
 .bss.test_heap.7938
                0x20000d00       0x20 /tmp/ccyVWik4.ltrans1.ltrans.o
                0x20000d00                test_heap.7938
 .bss.vt.6747.4543
                0x20000d20       0x14 /tmp/ccyVWik4.ltrans2.ltrans.o
 .bss.mp1.8119  0x20000d34        0xc /tmp/ccyVWik4.ltrans2.ltrans.o
                0x20000d34                mp1.8119
 .bss.dma_streams_mask.9722
                0x20000d40        0x4 /tmp/ccyVWik4.ltrans4.ltrans.o
                0x20000d40                dma_streams_mask.9722
 .bss.endmem.6446
                0x20000d44        0x4 /tmp/ccyVWik4.ltrans4.ltrans.o
                0x20000d44                endmem.6446
 .bss.waThreadSI.11706.4973
                0x20000d48      0x4c8 /tmp/ccyVWik4.ltrans4.ltrans.o
 .bss.waThread1.11099.4972
                0x20001210      0x148 /tmp/ccyVWik4.ltrans4.ltrans.o
 .bss.nextmem.6444
                0x20001358        0x4 /tmp/ccyVWik4.ltrans4.ltrans.o
                0x20001358                nextmem.6444
 .bss.dma_isr_redir.9717
                0x2000135c       0x38 /tmp/ccyVWik4.ltrans4.ltrans.o
                0x2000135c                dma_isr_redir.9717
 .bss.dummytx.10008.4936
                0x20001394        0x2 /tmp/ccyVWik4.ltrans4.ltrans.o
 *fill*         0x20001396        0x2 00
 .bss.default_heap.6550
                0x20001398       0x20 /tmp/ccyVWik4.ltrans4.ltrans.o
                0x20001398                default_heap.6550
 .bss.sem1.8528
                0x200013b8        0xc /tmp/ccyVWik4.ltrans5.ltrans.o
                0x200013b8                sem1.8528
 .bss.mtx1.8527
                0x200013c4       0x10 /tmp/ccyVWik4.ltrans5.ltrans.o
                0x200013c4                mtx1.8527
 .bss.vt2.6287.8529.4486
                0x200013d4       0x14 /tmp/ccyVWik4.ltrans5.ltrans.o
 .bss.vt1.6286.8530.4485
                0x200013e8       0x14 /tmp/ccyVWik4.ltrans5.ltrans.o
 .bss.ep0_state.10420
                0x200013fc       0x14 /tmp/ccyVWik4.ltrans6.ltrans.o
                0x200013fc                ep0_state.10420
 .bss.ep0setup_buffer.10424
                0x20001410        0x8 /tmp/ccyVWik4.ltrans6.ltrans.o
                0x20001410                ep0setup_buffer.10424
 .bss.SDU1      0x20001418      0x258 /tmp/ccyVWik4.ltrans7.ltrans.o
                0x20001418                SDU1
 .bss.test_timer_done
                0x20001670        0x1 /tmp/ccyVWik4.ltrans7.ltrans.o
                0x20001670                test_timer_done
 *fill*         0x20001671        0x3 00
 .bss.ep2instate.11390.4572
                0x20001674       0x10 /tmp/ccyVWik4.ltrans7.ltrans.o
 .bss.ib.6275.8532.4626
                0x20001684       0x10 /tmp/ccyVWik4.ltrans7.ltrans.o
 .bss.iq.6276.8531.4563
                0x20001694       0x24 /tmp/ccyVWik4.ltrans7.ltrans.o
 .bss.Silabs_Part_ID
                0x200016b8        0x2 /tmp/ccyVWik4.ltrans8.ltrans.o
                0x200016b8                Silabs_Part_ID
 *fill*         0x200016ba        0x2 00
 .bss.tokp.6757
                0x200016bc        0x4 /tmp/ccyVWik4.ltrans9.ltrans.o
                0x200016bc                tokp.6757
 .bss.USBD1     0x200016c0       0x84 /tmp/ccyVWik4.ltrans9.ltrans.o
                0x200016c0                USBD1
 .bss.local_fail.6760
                0x20001744        0x1 /tmp/ccyVWik4.ltrans9.ltrans.o
                0x20001744                local_fail.6760
 *fill*         0x20001745        0x3 00
 .bss.heap1.8117
                0x20001748       0x20 /tmp/ccyVWik4.ltrans9.ltrans.o
                0x20001748                heap1.8117
 .bss.global_fail.6761
                0x20001768        0x1 /tmp/ccyVWik4.ltrans9.ltrans.o
                0x20001768                global_fail.6761
 *fill*         0x20001769        0x3 00
 .bss.chp.6748  0x2000176c        0x4 /tmp/ccyVWik4.ltrans9.ltrans.o
                0x2000176c                chp.6748
 .bss.failpoint.6762
                0x20001770        0x4 /tmp/ccyVWik4.ltrans9.ltrans.o
                0x20001770                failpoint.6762
 .bss.tokens_buffer.6758
                0x20001774       0x10 /tmp/ccyVWik4.ltrans9.ltrans.o
                0x20001774                tokens_buffer.6758
 .bss.tx_buffer
                0x20001784       0x10 /tmp/ccyVWik4.ltrans10.ltrans.o
                0x20001784                tx_buffer
 .bss.SPID1     0x20001794       0x30 /tmp/ccyVWik4.ltrans10.ltrans.o
                0x20001794                SPID1
 .bss.GPTD4     0x200017c4       0x10 /tmp/ccyVWik4.ltrans10.ltrans.o
                0x200017c4                GPTD4
 .bss.Silabs_busy
                0x200017d4        0xc /tmp/ccyVWik4.ltrans10.ltrans.o
                0x200017d4                Silabs_busy
 .bss.Command   0x200017e0        0x1 /tmp/ccyVWik4.ltrans10.ltrans.o
                0x200017e0                Command
 *fill*         0x200017e1        0x3 00
 .bss.ep1instate.11387
                0x200017e4       0x10 /tmp/ccyVWik4.ltrans10.ltrans.o
                0x200017e4                ep1instate.11387
 .bss.rx_buffer
                0x200017f4        0xc /tmp/ccyVWik4.ltrans10.ltrans.o
                0x200017f4                rx_buffer
 .bss.Command_string
                0x20001800        0x8 /tmp/ccyVWik4.ltrans10.ltrans.o
                0x20001800                Command_string
 .bss.ep1outstate.11388
                0x20001808       0x14 /tmp/ccyVWik4.ltrans10.ltrans.o
                0x20001808                ep1outstate.11388
 *fill*         0x2000181c        0x4 00
 .bss.test      0x20001820      0x668 /tmp/ccyVWik4.ltrans11.ltrans.o
                0x20001820                test
 .bss.shell_terminated
                0x20001e88        0x4 /tmp/ccyVWik4.ltrans11.ltrans.o
                0x20001e88                shell_terminated
 *fill*         0x20001e8c        0x4 00
 .bss.ch        0x20001e90      0x150 /tmp/ccyVWik4.ltrans11.ltrans.o
                0x20001e90                ch
 .bss.threads   0x20001fe0       0x14 /tmp/ccyVWik4.ltrans11.ltrans.o
                0x20001fe0                threads
 *(COMMON)
                0x20001ff4                . = ALIGN (0x4)
                0x20001ff4                PROVIDE (_bss_end, .)
                0x20001ff4                PROVIDE (end, .)
                0x20001ff4                _end = .
                0x20001ff4                __heap_base__ = _end
                0x20005000                __heap_end__ = __ram_end__
                0x00000400                __process_stack_size__ = 0x400
                0x00000400                __main_stack_size__ = 0x400
START GROUP
LOAD /home/laurence/ARM-GCC/bin/../lib/gcc/arm-none-eabi/4.7.4/armv7-m/libgcc.a
LOAD /home/laurence/ARM-GCC/bin/../lib/gcc/arm-none-eabi/4.7.4/../../../../arm-none-eabi/lib/armv7-m/libg.a
LOAD /home/laurence/ARM-GCC/bin/../lib/gcc/arm-none-eabi/4.7.4/../../../../arm-none-eabi/lib/armv7-m/libc.a
END GROUP
OUTPUT(build/ch.elf elf32-littlearm)

.ARM.attributes
                0x00000000       0x2f
 .ARM.attributes
                0x00000000       0x21 build/obj/chcoreasm_v7m.o
 .ARM.attributes
                0x00000021       0x31 /tmp/ccyVWik4.ltrans0.ltrans.o
 .ARM.attributes
                0x00000052       0x31 /tmp/ccyVWik4.ltrans1.ltrans.o
 .ARM.attributes
                0x00000083       0x31 /tmp/ccyVWik4.ltrans2.ltrans.o
 .ARM.attributes
                0x000000b4       0x31 /tmp/ccyVWik4.ltrans3.ltrans.o
 .ARM.attributes
                0x000000e5       0x31 /tmp/ccyVWik4.ltrans4.ltrans.o
 .ARM.attributes
                0x00000116       0x31 /tmp/ccyVWik4.ltrans5.ltrans.o
 .ARM.attributes
                0x00000147       0x31 /tmp/ccyVWik4.ltrans6.ltrans.o
 .ARM.attributes
                0x00000178       0x31 /tmp/ccyVWik4.ltrans7.ltrans.o
 .ARM.attributes
                0x000001a9       0x31 /tmp/ccyVWik4.ltrans8.ltrans.o
 .ARM.attributes
                0x000001da       0x31 /tmp/ccyVWik4.ltrans9.ltrans.o
 .ARM.attributes
                0x0000020b       0x31 /tmp/ccyVWik4.ltrans10.ltrans.o
 .ARM.attributes
                0x0000023c       0x31 /tmp/ccyVWik4.ltrans11.ltrans.o
 .ARM.attributes
                0x0000026d       0x1d /home/laurence/ARM-GCC/bin/../lib/gcc/arm-none-eabi/4.7.4/armv7-m/libgcc.a(_arm_addsubdf3.o)
 .ARM.attributes
                0x0000028a       0x1d /home/laurence/ARM-GCC/bin/../lib/gcc/arm-none-eabi/4.7.4/armv7-m/libgcc.a(_arm_muldivdf3.o)
 .ARM.attributes
                0x000002a7       0x1d /home/laurence/ARM-GCC/bin/../lib/gcc/arm-none-eabi/4.7.4/armv7-m/libgcc.a(_arm_fixdfsi.o)
 .ARM.attributes
                0x000002c4       0x1d /home/laurence/ARM-GCC/bin/../lib/gcc/arm-none-eabi/4.7.4/armv7-m/libgcc.a(_arm_fixunsdfsi.o)
 .ARM.attributes
                0x000002e1       0x1d /home/laurence/ARM-GCC/bin/../lib/gcc/arm-none-eabi/4.7.4/armv7-m/libgcc.a(_arm_truncdfsf2.o)
 .ARM.attributes
                0x000002fe       0x1d /home/laurence/ARM-GCC/bin/../lib/gcc/arm-none-eabi/4.7.4/armv7-m/libgcc.a(_arm_addsubsf3.o)
 .ARM.attributes
                0x0000031b       0x1d /home/laurence/ARM-GCC/bin/../lib/gcc/arm-none-eabi/4.7.4/armv7-m/libgcc.a(_arm_muldivsf3.o)
 .ARM.attributes
                0x00000338       0x1d /home/laurence/ARM-GCC/bin/../lib/gcc/arm-none-eabi/4.7.4/armv7-m/libgcc.a(_arm_cmpsf2.o)
 .ARM.attributes
                0x00000355       0x1d /home/laurence/ARM-GCC/bin/../lib/gcc/arm-none-eabi/4.7.4/armv7-m/libgcc.a(_arm_fixsfsi.o)
 .ARM.attributes
                0x00000372       0x1d /home/laurence/ARM-GCC/bin/../lib/gcc/arm-none-eabi/4.7.4/armv7-m/libgcc.a(_arm_fixunssfsi.o)
 .ARM.attributes
                0x0000038f       0x2d /home/laurence/ARM-GCC/bin/../lib/gcc/arm-none-eabi/4.7.4/../../../../arm-none-eabi/lib/armv7-m/libg.a(lib_a-memset.o)
 .ARM.attributes
                0x000003bc       0x2d /home/laurence/ARM-GCC/bin/../lib/gcc/arm-none-eabi/4.7.4/../../../../arm-none-eabi/lib/armv7-m/libg.a(lib_a-strcasecmp.o)
 .ARM.attributes
                0x000003e9       0x2d /home/laurence/ARM-GCC/bin/../lib/gcc/arm-none-eabi/4.7.4/../../../../arm-none-eabi/lib/armv7-m/libg.a(lib_a-strcpy.o)
 .ARM.attributes
                0x00000416       0x2d /home/laurence/ARM-GCC/bin/../lib/gcc/arm-none-eabi/4.7.4/../../../../arm-none-eabi/lib/armv7-m/libg.a(lib_a-strlen.o)
 .ARM.attributes
                0x00000443       0x2d /home/laurence/ARM-GCC/bin/../lib/gcc/arm-none-eabi/4.7.4/../../../../arm-none-eabi/lib/armv7-m/libg.a(lib_a-strpbrk.o)
 .ARM.attributes
                0x00000470       0x2d /home/laurence/ARM-GCC/bin/../lib/gcc/arm-none-eabi/4.7.4/../../../../arm-none-eabi/lib/armv7-m/libg.a(lib_a-strspn.o)
 .ARM.attributes
                0x0000049d       0x2d /home/laurence/ARM-GCC/bin/../lib/gcc/arm-none-eabi/4.7.4/../../../../arm-none-eabi/lib/armv7-m/libg.a(lib_a-ctype_.o)

.comment        0x00000000       0x70
 .comment       0x00000000       0x70 /tmp/ccyVWik4.ltrans0.ltrans.o
                                 0x71 (size before relaxing)
 .comment       0x00000000       0x71 /tmp/ccyVWik4.ltrans1.ltrans.o
 .comment       0x00000000       0x71 /tmp/ccyVWik4.ltrans2.ltrans.o
 .comment       0x00000000       0x71 /tmp/ccyVWik4.ltrans3.ltrans.o
 .comment       0x00000000       0x71 /tmp/ccyVWik4.ltrans4.ltrans.o
 .comment       0x00000000       0x71 /tmp/ccyVWik4.ltrans5.ltrans.o
 .comment       0x00000000       0x71 /tmp/ccyVWik4.ltrans6.ltrans.o
 .comment       0x00000000       0x71 /tmp/ccyVWik4.ltrans7.ltrans.o
 .comment       0x00000000       0x71 /tmp/ccyVWik4.ltrans8.ltrans.o
 .comment       0x00000000       0x71 /tmp/ccyVWik4.ltrans9.ltrans.o
 .comment       0x00000000       0x71 /tmp/ccyVWik4.ltrans10.ltrans.o
 .comment       0x00000000       0x71 /tmp/ccyVWik4.ltrans11.ltrans.o

.debug_info     0x00000000    0x24b8a
 .debug_info    0x00000000     0x3156 /tmp/ccyVWik4.ltrans0.ltrans.o
 .debug_info    0x00003156     0x4198 /tmp/ccyVWik4.ltrans1.ltrans.o
 .debug_info    0x000072ee     0x3746 /tmp/ccyVWik4.ltrans2.ltrans.o
 .debug_info    0x0000aa34     0x35de /tmp/ccyVWik4.ltrans3.ltrans.o
 .debug_info    0x0000e012     0x3f13 /tmp/ccyVWik4.ltrans4.ltrans.o
 .debug_info    0x00011f25     0x35d4 /tmp/ccyVWik4.ltrans5.ltrans.o
 .debug_info    0x000154f9     0x2ba6 /tmp/ccyVWik4.ltrans6.ltrans.o
 .debug_info    0x0001809f     0x34cc /tmp/ccyVWik4.ltrans7.ltrans.o
 .debug_info    0x0001b56b     0x22b7 /tmp/ccyVWik4.ltrans8.ltrans.o
 .debug_info    0x0001d822     0x2288 /tmp/ccyVWik4.ltrans9.ltrans.o
 .debug_info    0x0001faaa     0x2cfa /tmp/ccyVWik4.ltrans10.ltrans.o
 .debug_info    0x000227a4     0x23e6 /tmp/ccyVWik4.ltrans11.ltrans.o

.debug_abbrev   0x00000000     0x47b0
 .debug_abbrev  0x00000000      0x6ca /tmp/ccyVWik4.ltrans0.ltrans.o
 .debug_abbrev  0x000006ca      0x6ab /tmp/ccyVWik4.ltrans1.ltrans.o
 .debug_abbrev  0x00000d75      0x719 /tmp/ccyVWik4.ltrans2.ltrans.o
 .debug_abbrev  0x0000148e      0x6f8 /tmp/ccyVWik4.ltrans3.ltrans.o
 .debug_abbrev  0x00001b86      0x757 /tmp/ccyVWik4.ltrans4.ltrans.o
 .debug_abbrev  0x000022dd      0x5aa /tmp/ccyVWik4.ltrans5.ltrans.o
 .debug_abbrev  0x00002887      0x4a2 /tmp/ccyVWik4.ltrans6.ltrans.o
 .debug_abbrev  0x00002d29      0x5f2 /tmp/ccyVWik4.ltrans7.ltrans.o
 .debug_abbrev  0x0000331b      0x4e1 /tmp/ccyVWik4.ltrans8.ltrans.o
 .debug_abbrev  0x000037fc      0x578 /tmp/ccyVWik4.ltrans9.ltrans.o
 .debug_abbrev  0x00003d74      0x53d /tmp/ccyVWik4.ltrans10.ltrans.o
 .debug_abbrev  0x000042b1      0x4ff /tmp/ccyVWik4.ltrans11.ltrans.o

.debug_loc      0x00000000     0xaceb
 .debug_loc     0x00000000     0x1c5c /tmp/ccyVWik4.ltrans0.ltrans.o
 .debug_loc     0x00001c5c      0xd95 /tmp/ccyVWik4.ltrans1.ltrans.o
 .debug_loc     0x000029f1     0x19c7 /tmp/ccyVWik4.ltrans2.ltrans.o
 .debug_loc     0x000043b8      0xe97 /tmp/ccyVWik4.ltrans3.ltrans.o
 .debug_loc     0x0000524f     0x1186 /tmp/ccyVWik4.ltrans4.ltrans.o
 .debug_loc     0x000063d5      0xc6d /tmp/ccyVWik4.ltrans5.ltrans.o
 .debug_loc     0x00007042     0x10f8 /tmp/ccyVWik4.ltrans6.ltrans.o
 .debug_loc     0x0000813a      0xac6 /tmp/ccyVWik4.ltrans7.ltrans.o
 .debug_loc     0x00008c00      0x863 /tmp/ccyVWik4.ltrans8.ltrans.o
 .debug_loc     0x00009463      0x432 /tmp/ccyVWik4.ltrans9.ltrans.o
 .debug_loc     0x00009895      0x93b /tmp/ccyVWik4.ltrans10.ltrans.o
 .debug_loc     0x0000a1d0      0xb1b /tmp/ccyVWik4.ltrans11.ltrans.o

.debug_aranges  0x00000000      0x8c8
 .debug_aranges
                0x00000000      0x1b8 /tmp/ccyVWik4.ltrans0.ltrans.o
 .debug_aranges
                0x000001b8      0x180 /tmp/ccyVWik4.ltrans1.ltrans.o
 .debug_aranges
                0x00000338      0x110 /tmp/ccyVWik4.ltrans2.ltrans.o
 .debug_aranges
                0x00000448      0x178 /tmp/ccyVWik4.ltrans3.ltrans.o
 .debug_aranges
                0x000005c0       0x98 /tmp/ccyVWik4.ltrans4.ltrans.o
 .debug_aranges
                0x00000658       0xc0 /tmp/ccyVWik4.ltrans5.ltrans.o
 .debug_aranges
                0x00000718       0x30 /tmp/ccyVWik4.ltrans6.ltrans.o
 .debug_aranges
                0x00000748       0x68 /tmp/ccyVWik4.ltrans7.ltrans.o
 .debug_aranges
                0x000007b0       0x40 /tmp/ccyVWik4.ltrans8.ltrans.o
 .debug_aranges
                0x000007f0       0x60 /tmp/ccyVWik4.ltrans9.ltrans.o
 .debug_aranges
                0x00000850       0x38 /tmp/ccyVWik4.ltrans10.ltrans.o
 .debug_aranges
                0x00000888       0x40 /tmp/ccyVWik4.ltrans11.ltrans.o

.debug_ranges   0x00000000     0x4268
 .debug_ranges  0x00000000      0x898 /tmp/ccyVWik4.ltrans0.ltrans.o
 .debug_ranges  0x00000898      0xa38 /tmp/ccyVWik4.ltrans1.ltrans.o
 .debug_ranges  0x000012d0      0x7d8 /tmp/ccyVWik4.ltrans2.ltrans.o
 .debug_ranges  0x00001aa8      0x358 /tmp/ccyVWik4.ltrans3.ltrans.o
 .debug_ranges  0x00001e00      0xbd0 /tmp/ccyVWik4.ltrans4.ltrans.o
 .debug_ranges  0x000029d0      0x598 /tmp/ccyVWik4.ltrans5.ltrans.o
 .debug_ranges  0x00002f68      0x460 /tmp/ccyVWik4.ltrans6.ltrans.o
 .debug_ranges  0x000033c8      0x4e0 /tmp/ccyVWik4.ltrans7.ltrans.o
 .debug_ranges  0x000038a8      0x238 /tmp/ccyVWik4.ltrans8.ltrans.o
 .debug_ranges  0x00003ae0       0xf8 /tmp/ccyVWik4.ltrans9.ltrans.o
 .debug_ranges  0x00003bd8      0x3c8 /tmp/ccyVWik4.ltrans10.ltrans.o
 .debug_ranges  0x00003fa0      0x2c8 /tmp/ccyVWik4.ltrans11.ltrans.o

.debug_line     0x00000000     0x8547
 .debug_line    0x00000000     0x104c /tmp/ccyVWik4.ltrans0.ltrans.o
 .debug_line    0x0000104c     0x10ad /tmp/ccyVWik4.ltrans1.ltrans.o
 .debug_line    0x000020f9      0xd5d /tmp/ccyVWik4.ltrans2.ltrans.o
 .debug_line    0x00002e56      0xc4c /tmp/ccyVWik4.ltrans3.ltrans.o
 .debug_line    0x00003aa2      0xe8b /tmp/ccyVWik4.ltrans4.ltrans.o
 .debug_line    0x0000492d      0xbaf /tmp/ccyVWik4.ltrans5.ltrans.o
 .debug_line    0x000054dc      0x864 /tmp/ccyVWik4.ltrans6.ltrans.o
 .debug_line    0x00005d40      0xa84 /tmp/ccyVWik4.ltrans7.ltrans.o
 .debug_line    0x000067c4      0x703 /tmp/ccyVWik4.ltrans8.ltrans.o
 .debug_line    0x00006ec7      0x740 /tmp/ccyVWik4.ltrans9.ltrans.o
 .debug_line    0x00007607      0x8f4 /tmp/ccyVWik4.ltrans10.ltrans.o
 .debug_line    0x00007efb      0x64c /tmp/ccyVWik4.ltrans11.ltrans.o

.debug_str      0x00000000     0x3ee4
 .debug_str     0x00000000      0xba2 /tmp/ccyVWik4.ltrans0.ltrans.o
                                0xc72 (size before relaxing)
 .debug_str     0x00000ba2      0xe86 /tmp/ccyVWik4.ltrans1.ltrans.o
                               0x1538 (size before relaxing)
 .debug_str     0x00001a28      0x4ab /tmp/ccyVWik4.ltrans2.ltrans.o
                                0xf70 (size before relaxing)
 .debug_str     0x00001ed3      0x4d2 /tmp/ccyVWik4.ltrans3.ltrans.o
                               0x128d (size before relaxing)
 .debug_str     0x000023a5      0xaaa /tmp/ccyVWik4.ltrans4.ltrans.o
                               0x1af0 (size before relaxing)
 .debug_str     0x00002e4f      0x3f8 /tmp/ccyVWik4.ltrans5.ltrans.o
                                0xc32 (size before relaxing)
 .debug_str     0x00003247      0x243 /tmp/ccyVWik4.ltrans6.ltrans.o
                                0xc1f (size before relaxing)
 .debug_str     0x0000348a      0x281 /tmp/ccyVWik4.ltrans7.ltrans.o
                               0x1032 (size before relaxing)
 .debug_str     0x0000370b      0x215 /tmp/ccyVWik4.ltrans8.ltrans.o
                                0xd77 (size before relaxing)
 .debug_str     0x00003920      0x26e /tmp/ccyVWik4.ltrans9.ltrans.o
                                0xda3 (size before relaxing)
 .debug_str     0x00003b8e      0x19b /tmp/ccyVWik4.ltrans10.ltrans.o
                               0x10ac (size before relaxing)
 .debug_str     0x00003d29      0x1bb /tmp/ccyVWik4.ltrans11.ltrans.o
                                0xaf6 (size before relaxing)

.debug_frame    0x00000000     0x1a0c
 .debug_frame   0x00000000      0x4f8 /tmp/ccyVWik4.ltrans0.ltrans.o
 .debug_frame   0x000004f8      0x3f4 /tmp/ccyVWik4.ltrans1.ltrans.o
 .debug_frame   0x000008ec      0x314 /tmp/ccyVWik4.ltrans2.ltrans.o
 .debug_frame   0x00000c00      0x430 /tmp/ccyVWik4.ltrans3.ltrans.o
 .debug_frame   0x00001030      0x1c0 /tmp/ccyVWik4.ltrans4.ltrans.o
 .debug_frame   0x000011f0      0x290 /tmp/ccyVWik4.ltrans5.ltrans.o
 .debug_frame   0x00001480       0x74 /tmp/ccyVWik4.ltrans6.ltrans.o
 .debug_frame   0x000014f4      0x138 /tmp/ccyVWik4.ltrans7.ltrans.o
 .debug_frame   0x0000162c       0xc0 /tmp/ccyVWik4.ltrans8.ltrans.o
 .debug_frame   0x000016ec      0x108 /tmp/ccyVWik4.ltrans9.ltrans.o
 .debug_frame   0x000017f4       0x94 /tmp/ccyVWik4.ltrans10.ltrans.o
 .debug_frame   0x00001888       0x94 /tmp/ccyVWik4.ltrans11.ltrans.o
 .debug_frame   0x0000191c       0x2c /home/laurence/ARM-GCC/bin/../lib/gcc/arm-none-eabi/4.7.4/../../../../arm-none-eabi/lib/armv7-m/libg.a(lib_a-memset.o)
 .debug_frame   0x00001948       0x2c /home/laurence/ARM-GCC/bin/../lib/gcc/arm-none-eabi/4.7.4/../../../../arm-none-eabi/lib/armv7-m/libg.a(lib_a-strcasecmp.o)
 .debug_frame   0x00001974       0x20 /home/laurence/ARM-GCC/bin/../lib/gcc/arm-none-eabi/4.7.4/../../../../arm-none-eabi/lib/armv7-m/libg.a(lib_a-strcpy.o)
 .debug_frame   0x00001994       0x20 /home/laurence/ARM-GCC/bin/../lib/gcc/arm-none-eabi/4.7.4/../../../../arm-none-eabi/lib/armv7-m/libg.a(lib_a-strlen.o)
 .debug_frame   0x000019b4       0x2c /home/laurence/ARM-GCC/bin/../lib/gcc/arm-none-eabi/4.7.4/../../../../arm-none-eabi/lib/armv7-m/libg.a(lib_a-strpbrk.o)
 .debug_frame   0x000019e0       0x2c /home/laurence/ARM-GCC/bin/../lib/gcc/arm-none-eabi/4.7.4/../../../../arm-none-eabi/lib/armv7-m/libg.a(lib_a-strspn.o)

Cross Reference Table

Symbol                                            File
Active_Frequency                                  /tmp/ccyVWik4.ltrans10.ltrans.o
                                                  /tmp/ccyVWik4.ltrans8.ltrans.o
                                                  /tmp/ccyVWik4.ltrans7.ltrans.o
                                                  /tmp/ccyVWik4.ltrans5.ltrans.o
BusFault_Handler                                  /tmp/ccyVWik4.ltrans0.ltrans.o
                                                  /tmp/ccyVWik4.ltrans4.ltrans.o
Command                                           /tmp/ccyVWik4.ltrans10.ltrans.o
                                                  /tmp/ccyVWik4.ltrans7.ltrans.o
                                                  /tmp/ccyVWik4.ltrans5.ltrans.o
Command_string                                    /tmp/ccyVWik4.ltrans10.ltrans.o
                                                  /tmp/ccyVWik4.ltrans7.ltrans.o
DebugMon_Handler                                  /tmp/ccyVWik4.ltrans0.ltrans.o
                                                  /tmp/ccyVWik4.ltrans4.ltrans.o
GPTD4                                             /tmp/ccyVWik4.ltrans10.ltrans.o
                                                  /tmp/ccyVWik4.ltrans4.ltrans.o
                                                  /tmp/ccyVWik4.ltrans1.ltrans.o
HardFault_Handler                                 /tmp/ccyVWik4.ltrans0.ltrans.o
                                                  /tmp/ccyVWik4.ltrans4.ltrans.o
MemManage_Handler                                 /tmp/ccyVWik4.ltrans0.ltrans.o
                                                  /tmp/ccyVWik4.ltrans4.ltrans.o
NMI_Handler                                       /tmp/ccyVWik4.ltrans0.ltrans.o
                                                  /tmp/ccyVWik4.ltrans4.ltrans.o
PendSV_Handler                                    /tmp/ccyVWik4.ltrans0.ltrans.o
                                                  /tmp/ccyVWik4.ltrans4.ltrans.o
RF_switch                                         /tmp/ccyVWik4.ltrans4.ltrans.o
                                                  /tmp/ccyVWik4.ltrans10.ltrans.o
                                                  /tmp/ccyVWik4.ltrans7.ltrans.o
Reset_Handler                                     /tmp/ccyVWik4.ltrans4.ltrans.o
SDU1                                              /tmp/ccyVWik4.ltrans7.ltrans.o
                                                  /tmp/ccyVWik4.ltrans4.ltrans.o
SI_Thread.11588                                   /tmp/ccyVWik4.ltrans10.ltrans.o
                                                  /tmp/ccyVWik4.ltrans4.ltrans.o
SPID1                                             /tmp/ccyVWik4.ltrans10.ltrans.o
                                                  /tmp/ccyVWik4.ltrans8.ltrans.o
                                                  /tmp/ccyVWik4.ltrans4.ltrans.o
SVC_Handler                                       /tmp/ccyVWik4.ltrans0.ltrans.o
                                                  /tmp/ccyVWik4.ltrans4.ltrans.o
Silabs_Part_ID                                    /tmp/ccyVWik4.ltrans8.ltrans.o
                                                  /tmp/ccyVWik4.ltrans4.ltrans.o
Silabs_busy                                       /tmp/ccyVWik4.ltrans10.ltrans.o
                                                  /tmp/ccyVWik4.ltrans7.ltrans.o
                                                  /tmp/ccyVWik4.ltrans5.ltrans.o
                                                  /tmp/ccyVWik4.ltrans4.ltrans.o
SysTick_Handler                                   /tmp/ccyVWik4.ltrans0.ltrans.o
                                                  /tmp/ccyVWik4.ltrans4.ltrans.o
TestThread                                        /tmp/ccyVWik4.ltrans9.ltrans.o
                                                  /tmp/ccyVWik4.ltrans4.ltrans.o
Thread1.11028                                     /tmp/ccyVWik4.ltrans9.ltrans.o
                                                  /tmp/ccyVWik4.ltrans4.ltrans.o
USBD1                                             /tmp/ccyVWik4.ltrans9.ltrans.o
                                                  /tmp/ccyVWik4.ltrans4.ltrans.o
                                                  /tmp/ccyVWik4.ltrans2.ltrans.o
UsageFault_Handler                                /tmp/ccyVWik4.ltrans0.ltrans.o
                                                  /tmp/ccyVWik4.ltrans4.ltrans.o
Vector100                                         /tmp/ccyVWik4.ltrans0.ltrans.o
                                                  /tmp/ccyVWik4.ltrans4.ltrans.o
Vector104                                         /tmp/ccyVWik4.ltrans0.ltrans.o
                                                  /tmp/ccyVWik4.ltrans4.ltrans.o
Vector108                                         /tmp/ccyVWik4.ltrans0.ltrans.o
                                                  /tmp/ccyVWik4.ltrans4.ltrans.o
Vector10C                                         /tmp/ccyVWik4.ltrans0.ltrans.o
                                                  /tmp/ccyVWik4.ltrans4.ltrans.o
Vector110                                         /tmp/ccyVWik4.ltrans0.ltrans.o
                                                  /tmp/ccyVWik4.ltrans4.ltrans.o
Vector114                                         /tmp/ccyVWik4.ltrans0.ltrans.o
                                                  /tmp/ccyVWik4.ltrans4.ltrans.o
Vector118                                         /tmp/ccyVWik4.ltrans0.ltrans.o
                                                  /tmp/ccyVWik4.ltrans4.ltrans.o
Vector11C                                         /tmp/ccyVWik4.ltrans0.ltrans.o
                                                  /tmp/ccyVWik4.ltrans4.ltrans.o
Vector120                                         /tmp/ccyVWik4.ltrans0.ltrans.o
                                                  /tmp/ccyVWik4.ltrans4.ltrans.o
Vector124                                         /tmp/ccyVWik4.ltrans0.ltrans.o
                                                  /tmp/ccyVWik4.ltrans4.ltrans.o
Vector128                                         /tmp/ccyVWik4.ltrans0.ltrans.o
                                                  /tmp/ccyVWik4.ltrans4.ltrans.o
Vector12C                                         /tmp/ccyVWik4.ltrans0.ltrans.o
                                                  /tmp/ccyVWik4.ltrans4.ltrans.o
Vector130                                         /tmp/ccyVWik4.ltrans0.ltrans.o
                                                  /tmp/ccyVWik4.ltrans4.ltrans.o
Vector134                                         /tmp/ccyVWik4.ltrans0.ltrans.o
                                                  /tmp/ccyVWik4.ltrans4.ltrans.o
Vector138                                         /tmp/ccyVWik4.ltrans0.ltrans.o
                                                  /tmp/ccyVWik4.ltrans4.ltrans.o
Vector13C                                         /tmp/ccyVWik4.ltrans0.ltrans.o
                                                  /tmp/ccyVWik4.ltrans4.ltrans.o