Archive member included because of file (symbol)

/home/laurence/ARM-GCC/bin/../lib/gcc/arm-none-eabi/4.7.4/armv7-m/libgcc.a(_arm_addsubdf3.o)
                              /tmp/ccHEtvAh.ltrans3.ltrans.o (__aeabi_dsub)
/home/laurence/ARM-GCC/bin/../lib/gcc/arm-none-eabi/4.7.4/armv7-m/libgcc.a(_arm_muldivdf3.o)
                              /tmp/ccHEtvAh.ltrans2.ltrans.o (__aeabi_dmul)
/home/laurence/ARM-GCC/bin/../lib/gcc/arm-none-eabi/4.7.4/armv7-m/libgcc.a(_arm_fixdfsi.o)
                              /tmp/ccHEtvAh.ltrans3.ltrans.o (__aeabi_d2iz)
/home/laurence/ARM-GCC/bin/../lib/gcc/arm-none-eabi/4.7.4/armv7-m/libgcc.a(_arm_fixunsdfsi.o)
                              /tmp/ccHEtvAh.ltrans2.ltrans.o (__aeabi_d2uiz)
/home/laurence/ARM-GCC/bin/../lib/gcc/arm-none-eabi/4.7.4/armv7-m/libgcc.a(_arm_truncdfsf2.o)
                              /tmp/ccHEtvAh.ltrans3.ltrans.o (__aeabi_d2f)
/home/laurence/ARM-GCC/bin/../lib/gcc/arm-none-eabi/4.7.4/armv7-m/libgcc.a(_arm_addsubsf3.o)
                              /tmp/ccHEtvAh.ltrans2.ltrans.o (__aeabi_fsub)
/home/laurence/ARM-GCC/bin/../lib/gcc/arm-none-eabi/4.7.4/armv7-m/libgcc.a(_arm_muldivsf3.o)
                              /tmp/ccHEtvAh.ltrans2.ltrans.o (__aeabi_fmul)
/home/laurence/ARM-GCC/bin/../lib/gcc/arm-none-eabi/4.7.4/armv7-m/libgcc.a(_arm_cmpsf2.o)
                              /tmp/ccHEtvAh.ltrans3.ltrans.o (__aeabi_fcmplt)
/home/laurence/ARM-GCC/bin/../lib/gcc/arm-none-eabi/4.7.4/armv7-m/libgcc.a(_arm_fixsfsi.o)
                              /tmp/ccHEtvAh.ltrans3.ltrans.o (__aeabi_f2iz)
/home/laurence/ARM-GCC/bin/../lib/gcc/arm-none-eabi/4.7.4/armv7-m/libgcc.a(_arm_fixunssfsi.o)
                              /tmp/ccHEtvAh.ltrans2.ltrans.o (__aeabi_f2uiz)
/home/laurence/ARM-GCC/bin/../lib/gcc/arm-none-eabi/4.7.4/../../../../arm-none-eabi/lib/armv7-m/libg.a(lib_a-memset.o)
                              /tmp/ccHEtvAh.ltrans6.ltrans.o (memset)
/home/laurence/ARM-GCC/bin/../lib/gcc/arm-none-eabi/4.7.4/../../../../arm-none-eabi/lib/armv7-m/libg.a(lib_a-strcasecmp.o)
                              /tmp/ccHEtvAh.ltrans10.ltrans.o (strcasecmp)
/home/laurence/ARM-GCC/bin/../lib/gcc/arm-none-eabi/4.7.4/../../../../arm-none-eabi/lib/armv7-m/libg.a(lib_a-strlen.o)
                              /tmp/ccHEtvAh.ltrans1.ltrans.o (strlen)
/home/laurence/ARM-GCC/bin/../lib/gcc/arm-none-eabi/4.7.4/../../../../arm-none-eabi/lib/armv7-m/libg.a(lib_a-strncpy.o)
                              /tmp/ccHEtvAh.ltrans1.ltrans.o (strncpy)
/home/laurence/ARM-GCC/bin/../lib/gcc/arm-none-eabi/4.7.4/../../../../arm-none-eabi/lib/armv7-m/libg.a(lib_a-strpbrk.o)
                              /tmp/ccHEtvAh.ltrans6.ltrans.o (strpbrk)
/home/laurence/ARM-GCC/bin/../lib/gcc/arm-none-eabi/4.7.4/../../../../arm-none-eabi/lib/armv7-m/libg.a(lib_a-strspn.o)
                              /tmp/ccHEtvAh.ltrans6.ltrans.o (strspn)
/home/laurence/ARM-GCC/bin/../lib/gcc/arm-none-eabi/4.7.4/../../../../arm-none-eabi/lib/armv7-m/libg.a(lib_a-ctype_.o)
                              /home/laurence/ARM-GCC/bin/../lib/gcc/arm-none-eabi/4.7.4/../../../../arm-none-eabi/lib/armv7-m/libg.a(lib_a-strcasecmp.o) (__ctype_ptr__)

Discarded input sections

 .data          0x00000000        0x0 build/obj/chcoreasm_v7m.o
 .bss           0x00000000        0x0 build/obj/chcoreasm_v7m.o
 .text          0x00000000        0x0 build/obj/crt0.o (symbol from plugin)
 .text          0x00000000        0x0 /tmp/ccHEtvAh.ltrans0.ltrans.o
 .data          0x00000000        0x0 /tmp/ccHEtvAh.ltrans0.ltrans.o
 .bss           0x00000000        0x0 /tmp/ccHEtvAh.ltrans0.ltrans.o
 .text          0x00000000        0x0 /tmp/ccHEtvAh.ltrans1.ltrans.o
 .data          0x00000000        0x0 /tmp/ccHEtvAh.ltrans1.ltrans.o
 .bss           0x00000000        0x0 /tmp/ccHEtvAh.ltrans1.ltrans.o
 .text          0x00000000        0x0 /tmp/ccHEtvAh.ltrans2.ltrans.o
 .data          0x00000000        0x0 /tmp/ccHEtvAh.ltrans2.ltrans.o
 .bss           0x00000000        0x0 /tmp/ccHEtvAh.ltrans2.ltrans.o
 .text          0x00000000        0x0 /tmp/ccHEtvAh.ltrans3.ltrans.o
 .data          0x00000000        0x0 /tmp/ccHEtvAh.ltrans3.ltrans.o
 .bss           0x00000000        0x0 /tmp/ccHEtvAh.ltrans3.ltrans.o
 .text          0x00000000        0x0 /tmp/ccHEtvAh.ltrans4.ltrans.o
 .data          0x00000000        0x0 /tmp/ccHEtvAh.ltrans4.ltrans.o
 .bss           0x00000000        0x0 /tmp/ccHEtvAh.ltrans4.ltrans.o
 .text          0x00000000        0x0 /tmp/ccHEtvAh.ltrans5.ltrans.o
 .data          0x00000000        0x0 /tmp/ccHEtvAh.ltrans5.ltrans.o
 .bss           0x00000000        0x0 /tmp/ccHEtvAh.ltrans5.ltrans.o
 .text          0x00000000        0x0 /tmp/ccHEtvAh.ltrans6.ltrans.o
 .data          0x00000000        0x0 /tmp/ccHEtvAh.ltrans6.ltrans.o
 .bss           0x00000000        0x0 /tmp/ccHEtvAh.ltrans6.ltrans.o
 .text          0x00000000        0x0 /tmp/ccHEtvAh.ltrans7.ltrans.o
 .data          0x00000000        0x0 /tmp/ccHEtvAh.ltrans7.ltrans.o
[...]
Memory Configuration

Name             Origin             Length             Attributes
flash            0x08000000         0x00020000
ram              0x20000000         0x00005000
*default*        0x00000000         0xffffffff

Linker script and memory map

LOAD build/obj/chcoreasm_v7m.o
LOAD build/obj/crt0.o
LOAD /tmp/ccHEtvAh.ltrans0.ltrans.o
LOAD /tmp/ccHEtvAh.ltrans1.ltrans.o
LOAD /tmp/ccHEtvAh.ltrans2.ltrans.o
LOAD /tmp/ccHEtvAh.ltrans3.ltrans.o
LOAD /tmp/ccHEtvAh.ltrans4.ltrans.o
LOAD /tmp/ccHEtvAh.ltrans5.ltrans.o
LOAD /tmp/ccHEtvAh.ltrans6.ltrans.o
LOAD /tmp/ccHEtvAh.ltrans7.ltrans.o
LOAD /tmp/ccHEtvAh.ltrans8.ltrans.o
LOAD /tmp/ccHEtvAh.ltrans9.ltrans.o
LOAD /tmp/ccHEtvAh.ltrans10.ltrans.o
LOAD /home/laurence/ARM-GCC/bin/../lib/gcc/arm-none-eabi/4.7.4/armv7-m/libgcc.a
LOAD /home/laurence/ARM-GCC/bin/../lib/gcc/arm-none-eabi/4.7.4/../../../../arm-none-eabi/lib/armv7-m/libg.a
LOAD /home/laurence/ARM-GCC/bin/../lib/gcc/arm-none-eabi/4.7.4/../../../../arm-none-eabi/lib/armv7-m/libc.a
LOAD build/obj/vectors.o
LOAD build/obj/chcore.o
LOAD build/obj/chcore_v7m.o
LOAD build/obj/chsys.o
LOAD build/obj/chdebug.o
LOAD build/obj/chtm.o
LOAD build/obj/chstats.o
LOAD build/obj/chschd.o
LOAD build/obj/chvt.o
LOAD build/obj/chthreads.o
LOAD build/obj/chdynamic.o
LOAD build/obj/chregistry.o
LOAD build/obj/chsem.o
LOAD build/obj/chmtx.o
LOAD build/obj/chcond.o
LOAD build/obj/chevents.o
LOAD build/obj/chmsg.o
LOAD build/obj/chmboxes.o
LOAD build/obj/chqueues.o
LOAD build/obj/chmemcore.o
LOAD build/obj/chheap.o
LOAD build/obj/chmempools.o
LOAD build/obj/test.o
LOAD build/obj/testthd.o
LOAD build/obj/testsem.o
LOAD build/obj/testmtx.o
LOAD build/obj/testmsg.o
LOAD build/obj/testmbox.o
LOAD build/obj/testevt.o
LOAD build/obj/testheap.o
LOAD build/obj/testpools.o
LOAD build/obj/testdyn.o
LOAD build/obj/testqueues.o
LOAD build/obj/testbmk.o
LOAD build/obj/hal.o
LOAD build/obj/hal_queues.o
LOAD build/obj/hal_mmcsd.o
LOAD build/obj/adc.o
LOAD build/obj/can.o
LOAD build/obj/dac.o
LOAD build/obj/ext.o
LOAD build/obj/gpt.o
LOAD build/obj/i2c.o
LOAD build/obj/i2s.o
LOAD build/obj/icu.o
LOAD build/obj/mac.o
LOAD build/obj/mmc_spi.o
LOAD build/obj/pal.o
LOAD build/obj/pwm.o
LOAD build/obj/rtc.o
LOAD build/obj/sdc.o
LOAD build/obj/serial.o
LOAD build/obj/serial_usb.o
LOAD build/obj/spi.o
LOAD build/obj/st.o
LOAD build/obj/uart.o
LOAD build/obj/usb.o
LOAD build/obj/osal.o
LOAD build/obj/nvic.o
LOAD build/obj/stm32_dma.o
LOAD build/obj/hal_lld.o
LOAD build/obj/adc_lld.o
LOAD build/obj/ext_lld_isr.o
LOAD build/obj/can_lld.o
LOAD build/obj/ext_lld.o
LOAD build/obj/mac_lld.o
LOAD build/obj/sdc_lld.o
LOAD build/obj/pal_lld.o
LOAD build/obj/i2c_lld.o
LOAD build/obj/rtc_lld.o
LOAD build/obj/spi_lld.o
LOAD build/obj/gpt_lld.o
LOAD build/obj/icu_lld.o
LOAD build/obj/pwm_lld.o
LOAD build/obj/st_lld.o
LOAD build/obj/serial_lld.o
LOAD build/obj/uart_lld.o
LOAD build/obj/usb_lld.o
LOAD build/obj/board.o
LOAD build/obj/shell.o
LOAD build/obj/chprintf.o
LOAD build/obj/main.o
LOAD build/obj/usbcfg.o
LOAD build/obj/Si446x_thread.o
                0x20000000                __ram_start__ = ORIGIN (ram)
                0x00005000                __ram_size__ = 0x5000
                0x20005000                __ram_end__ = (__ram_start__ + __ram_size__)
                0x00000000                . = 0x0
                0x00000000                _text = .

startup         0x08000000      0x140
 *(vectors)
 vectors        0x08000000      0x140 /tmp/ccHEtvAh.ltrans1.ltrans.o
                0x08000000                _vectors

constructors    0x08000140        0x0
                0x08000140                PROVIDE (__init_array_start, .)
 *(SORT(.init_array.*))
 *(.init_array)
                0x08000140                PROVIDE (__init_array_end, .)

destructors     0x08000140        0x0
                0x08000140                PROVIDE (__fini_array_start, .)
 *(.fini_array)
 *(SORT(.fini_array.*))
                0x08000140                PROVIDE (__fini_array_end, .)

.text           0x08000140     0xb524
 *(.text.startup.*)
 .text.startup.main.4458
                0x08000140      0x5b0 /tmp/ccHEtvAh.ltrans1.ltrans.o
 *(.text)
 .text          0x080006f0       0x26 build/obj/chcoreasm_v7m.o
                0x080006f0                _port_switch
                0x08000700                _port_thread_start
                0x0800070e                _port_switch_from_isr
                0x08000712                _port_exit_from_isr
 *fill*         0x08000716        0xa 00
 .text          0x08000720      0x370 /home/laurence/ARM-GCC/bin/../lib/gcc/arm-none-eabi/4.7.4/armv7-m/libgcc.a(_arm_addsubdf3.o)
                0x08000720                __aeabi_drsub
                0x08000728                __aeabi_dsub
                0x08000728                __subdf3
                0x0800072c                __adddf3
                0x0800072c                __aeabi_dadd
                0x080009a4                __aeabi_ui2d
                0x080009a4                __floatunsidf
                0x080009c4                __floatsidf
                0x080009c4                __aeabi_i2d
                0x080009e8                __extendsfdf2
                0x080009e8                __aeabi_f2d
                0x08000a24                __aeabi_ul2d
                0x08000a24                __floatundidf
                0x08000a34                __floatdidf
                0x08000a34                __aeabi_l2d
 .text          0x08000a90      0x424 /home/laurence/ARM-GCC/bin/../lib/gcc/arm-none-eabi/4.7.4/armv7-m/libgcc.a(_arm_muldivdf3.o)
                0x08000a90                __aeabi_dmul
                0x08000a90                __muldf3
                0x08000ce4                __aeabi_ddiv
                0x08000ce4                __divdf3
 *fill*         0x08000eb4        0xc 00
 .text          0x08000ec0       0x50 /home/laurence/ARM-GCC/bin/../lib/gcc/arm-none-eabi/4.7.4/armv7-m/libgcc.a(_arm_fixdfsi.o)
                0x08000ec0                __fixdfsi
                0x08000ec0                __aeabi_d2iz
 .text          0x08000f10       0x40 /home/laurence/ARM-GCC/bin/../lib/gcc/arm-none-eabi/4.7.4/armv7-m/libgcc.a(_arm_fixunsdfsi.o)
                0x08000f10                __fixunsdfsi
                0x08000f10                __aeabi_d2uiz
 .text          0x08000f50       0xa0 /home/laurence/ARM-GCC/bin/../lib/gcc/arm-none-eabi/4.7.4/armv7-m/libgcc.a(_arm_truncdfsf2.o)
                0x08000f50                __aeabi_d2f
                0x08000f50                __truncdfsf2
 .text          0x08000ff0      0x21c /home/laurence/ARM-GCC/bin/../lib/gcc/arm-none-eabi/4.7.4/armv7-m/libgcc.a(_arm_addsubsf3.o)
                0x08000ff0                __aeabi_frsub
                0x08000ff8                __subsf3
                0x08000ff8                __aeabi_fsub
                0x08000ffc                __aeabi_fadd
                0x08000ffc                __addsf3
                0x0800115c                __aeabi_ui2f
                0x0800115c                __floatunsisf
                0x08001164                __aeabi_i2f
                0x08001164                __floatsisf
                0x08001180                __floatundisf
                0x08001180                __aeabi_ul2f
                0x08001190                __floatdisf
                0x08001190                __aeabi_l2f
 *fill*         0x0800120c        0x4 00
 .text          0x08001210      0x2a0 /home/laurence/ARM-GCC/bin/../lib/gcc/arm-none-eabi/4.7.4/armv7-m/libgcc.a(_arm_muldivsf3.o)
                0x08001210                __mulsf3
                0x08001210                __aeabi_fmul
                0x08001378                __divsf3
                0x08001378                __aeabi_fdiv
 .text          0x080014b0       0xec /home/laurence/ARM-GCC/bin/../lib/gcc/arm-none-eabi/4.7.4/armv7-m/libgcc.a(_arm_cmpsf2.o)
                0x080014b0                __gtsf2
                0x080014b0                __gesf2
                0x080014b8                __lesf2
                0x080014b8                __ltsf2
                0x080014c0                __nesf2
                0x080014c0                __eqsf2
                0x080014c0                __cmpsf2
                0x08001520                __aeabi_cfrcmple
                0x08001528                __aeabi_cfcmple
                0x08001528                __aeabi_cfcmpeq
                0x08001538                __aeabi_fcmpeq
                0x0800154c                __aeabi_fcmplt
                0x08001560                __aeabi_fcmple
                0x08001574                __aeabi_fcmpge
                0x08001588                __aeabi_fcmpgt
 *fill*         0x0800159c        0x4 00
 .text          0x080015a0       0x4c /home/laurence/ARM-GCC/bin/../lib/gcc/arm-none-eabi/4.7.4/armv7-m/libgcc.a(_arm_fixsfsi.o)
                0x080015a0                __fixsfsi
                0x080015a0                __aeabi_f2iz
 *fill*         0x080015ec        0x4 00
 .text          0x080015f0       0x40 /home/laurence/ARM-GCC/bin/../lib/gcc/arm-none-eabi/4.7.4/armv7-m/libgcc.a(_arm_fixunssfsi.o)
                0x080015f0                __aeabi_f2uiz
                0x080015f0                __fixunssfsi
 *(.text.*)
 .text.tmr.6612
                0x08001630       0x10 /tmp/ccHEtvAh.ltrans0.ltrans.o
                0x08001630                tmr.6612
 .text.chCoreAlloc
                0x08001640       0x40 /tmp/ccHEtvAh.ltrans0.ltrans.o
                0x08001640                chCoreAlloc
 .text.wakeup.4589
                0x08001680       0x60 /tmp/ccHEtvAh.ltrans0.ltrans.o
                0x08001680                wakeup.4589
 .text._idle_thread.4288
                0x080016e0       0x20 /tmp/ccHEtvAh.ltrans0.ltrans.o
                0x080016e0                _idle_thread.4288
 .text.SVC_Handler
                0x08001700       0x20 /tmp/ccHEtvAh.ltrans0.ltrans.o
                0x08001700                SVC_Handler
 .text.test_terminate_threads
                0x08001720       0x80 /tmp/ccHEtvAh.ltrans0.ltrans.o
                0x08001720                test_terminate_threads
 .text._test_assert_time_window
                0x080017a0       0x50 /tmp/ccHEtvAh.ltrans0.ltrans.o
                0x080017a0                _test_assert_time_window
 .text._test_assert_sequence
                0x080017f0       0x90 /tmp/ccHEtvAh.ltrans0.ltrans.o
                0x080017f0                _test_assert_sequence
 .text._test_assert
                0x08001880       0x30 /tmp/ccHEtvAh.ltrans0.ltrans.o
                0x08001880                _test_assert
 .text.test_emit_token
                0x080018b0       0x20 /tmp/ccHEtvAh.ltrans0.ltrans.o
                0x080018b0                test_emit_token
 .text.h1.7730  0x080018d0       0x10 /tmp/ccHEtvAh.ltrans0.ltrans.o
                0x080018d0                h1.7730
 .text.h2.7727  0x080018e0       0x10 /tmp/ccHEtvAh.ltrans0.ltrans.o
                0x080018e0                h2.7727
 .text.h3.7724  0x080018f0       0x10 /tmp/ccHEtvAh.ltrans0.ltrans.o
                0x080018f0                h3.7724
 .text.thread.6821.4052
                0x08001900       0x10 /tmp/ccHEtvAh.ltrans0.ltrans.o
 .text.test_println
                0x08001910       0x30 /tmp/ccHEtvAh.ltrans0.ltrans.o
                0x08001910                test_println
 .text.test_print
                0x08001940       0x20 /tmp/ccHEtvAh.ltrans0.ltrans.o
                0x08001940                test_print
 .text.test_printn
                0x08001960       0x90 /tmp/ccHEtvAh.ltrans0.ltrans.o
                0x08001960                test_printn
 .text.print_line.6617
                0x080019f0       0x40 /tmp/ccHEtvAh.ltrans0.ltrans.o
                0x080019f0                print_line.6617
 .text.chPoolAlloc
                0x08001a30       0x30 /tmp/ccHEtvAh.ltrans0.ltrans.o
                0x08001a30                chPoolAlloc
 .text.chEvtUnregister
                0x08001a60       0x30 /tmp/ccHEtvAh.ltrans0.ltrans.o
                0x08001a60                chEvtUnregister
 .text.chThdYield
                0x08001a90       0x50 /tmp/ccHEtvAh.ltrans0.ltrans.o
                0x08001a90                chThdYield
 .text.chThdCreateI
                0x08001ae0       0x70 /tmp/ccHEtvAh.ltrans0.ltrans.o
                0x08001ae0                chThdCreateI
 .text.chSchDoRescheduleAhead
                0x08001b50       0x40 /tmp/ccHEtvAh.ltrans0.ltrans.o
                0x08001b50                chSchDoRescheduleAhead
 .text.chSchRescheduleS
                0x08001b90       0x20 /tmp/ccHEtvAh.ltrans0.ltrans.o
                0x08001b90                chSchRescheduleS
 .text.chThdSetPriority.4319
                0x08001bb0       0x30 /tmp/ccHEtvAh.ltrans0.ltrans.o
 .text.thd3_execute.6824
                0x08001be0      0x150 /tmp/ccHEtvAh.ltrans0.ltrans.o
                0x08001be0                thd3_execute.6824
 .text.chSchWakeupS
                0x08001d30       0x60 /tmp/ccHEtvAh.ltrans0.ltrans.o
                0x08001d30                chSchWakeupS
 .text.chMtxUnlock
                0x08001d90       0x60 /tmp/ccHEtvAh.ltrans0.ltrans.o
                0x08001d90                chMtxUnlock
 .text.chSemSignal
                0x08001df0       0x30 /tmp/ccHEtvAh.ltrans0.ltrans.o
                0x08001df0                chSemSignal
 .text.chThdCreateStatic
                0x08001e20       0x80 /tmp/ccHEtvAh.ltrans0.ltrans.o
                0x08001e20                chThdCreateStatic
 .text.chSchGoSleepS
                0x08001ea0       0x30 /tmp/ccHEtvAh.ltrans0.ltrans.o
                0x08001ea0                chSchGoSleepS
 .text.chMsgWait
                0x08001ed0       0x40 /tmp/ccHEtvAh.ltrans0.ltrans.o
                0x08001ed0                chMsgWait
 .text.chSemWait
                0x08001f10       0x40 /tmp/ccHEtvAh.ltrans0.ltrans.o
                0x08001f10                chSemWait
 .text.thread1.7054
                0x08001f50       0x20 /tmp/ccHEtvAh.ltrans0.ltrans.o
                0x08001f50                thread1.7054
 .text.thread3.7057
                0x08001f70       0x20 /tmp/ccHEtvAh.ltrans0.ltrans.o
                0x08001f70                thread3.7057
 .text._port_irq_epilogue
                0x08001f90       0x60 /tmp/ccHEtvAh.ltrans0.ltrans.o
                0x08001f90                _port_irq_epilogue
 .text.chSchReadyI
                0x08001ff0       0x20 /tmp/ccHEtvAh.ltrans0.ltrans.o
                0x08001ff0                chSchReadyI
 .text.chMsgSend
                0x08002010       0x40 /tmp/ccHEtvAh.ltrans0.ltrans.o
                0x08002010                chMsgSend
 .text.thread.7390
                0x08002050       0x20 /tmp/ccHEtvAh.ltrans0.ltrans.o
                0x08002050                thread.7390
 .text.chEvtSignalI
                0x08002070       0x30 /tmp/ccHEtvAh.ltrans0.ltrans.o
                0x08002070                chEvtSignalI
 .text.chEvtBroadcastFlagsI
                0x080020a0       0x30 /tmp/ccHEtvAh.ltrans0.ltrans.o
                0x080020a0                chEvtBroadcastFlagsI
 .text.chMtxUnlockAll
                0x080020d0       0x60 /tmp/ccHEtvAh.ltrans0.ltrans.o
                0x080020d0                chMtxUnlockAll
 .text.chMtxUnlockS
                0x08002130       0x50 /tmp/ccHEtvAh.ltrans0.ltrans.o
                0x08002130                chMtxUnlockS
 .text.chMtxLockS
                0x08002180       0xd0 /tmp/ccHEtvAh.ltrans0.ltrans.o
                0x08002180                chMtxLockS
 .text.chMtxLock
                0x08002250       0x20 /tmp/ccHEtvAh.ltrans0.ltrans.o
                0x08002250                chMtxLock
 .text.thread1.7272.4036
                0x08002270       0x30 /tmp/ccHEtvAh.ltrans0.ltrans.o
 .text.thread12.7263
                0x080022a0       0x30 /tmp/ccHEtvAh.ltrans0.ltrans.o
                0x080022a0                thread12.7263
 .text.chHeapStatus
                0x080022d0       0x40 /tmp/ccHEtvAh.ltrans0.ltrans.o
                0x080022d0                chHeapStatus
 .text.chHeapFree
                0x08002310       0x90 /tmp/ccHEtvAh.ltrans0.ltrans.o
                0x08002310                chHeapFree
 .text.chThdRelease
                0x080023a0       0x60 /tmp/ccHEtvAh.ltrans0.ltrans.o
                0x080023a0                chThdRelease
 .text.chThdWait
                0x08002400       0x40 /tmp/ccHEtvAh.ltrans0.ltrans.o
                0x08002400                chThdWait
 .text.test_wait_threads
                0x08002440       0x50 /tmp/ccHEtvAh.ltrans0.ltrans.o
                0x08002440                test_wait_threads
 .text.mtx1_execute.7299
                0x08002490       0xe0 /tmp/ccHEtvAh.ltrans0.ltrans.o
                0x08002490                mtx1_execute.7299
 .text.thd1_execute.6828
                0x08002570       0xe0 /tmp/ccHEtvAh.ltrans0.ltrans.o
                0x08002570                thd1_execute.6828
 .text.thd2_execute.6826
                0x08002650      0x100 /tmp/ccHEtvAh.ltrans0.ltrans.o
                0x08002650                thd2_execute.6826
 .text.chRegNextThread
                0x08002750       0x30 /tmp/ccHEtvAh.ltrans0.ltrans.o
                0x08002750                chRegNextThread
 .text.chHeapAlloc
                0x08002780       0x90 /tmp/ccHEtvAh.ltrans0.ltrans.o
                0x08002780                chHeapAlloc
 .text.heap1_execute.7927
                0x08002810      0x250 /tmp/ccHEtvAh.ltrans0.ltrans.o
                0x08002810                heap1_execute.7927
 .text.chThdCreateFromHeap
                0x08002a60       0x40 /tmp/ccHEtvAh.ltrans0.ltrans.o
                0x08002a60                chThdCreateFromHeap
 .text.chSemSignalI
                0x08002aa0       0x20 /tmp/ccHEtvAh.ltrans0.ltrans.o
                0x08002aa0                chSemSignalI
 .text.chSemResetI
                0x08002ac0       0x70 /tmp/ccHEtvAh.ltrans0.ltrans.o
                0x08002ac0                chSemResetI
 .text.chThdExitS
                0x08002b30       0x40 /tmp/ccHEtvAh.ltrans0.ltrans.o
                0x08002b30                chThdExitS
 .text.chTMStopMeasurementX
                0x08002b70       0x50 /tmp/ccHEtvAh.ltrans0.ltrans.o
                0x08002b70                chTMStopMeasurementX
 .text.chTMStartMeasurementX
                0x08002bc0       0x10 /tmp/ccHEtvAh.ltrans0.ltrans.o
                0x08002bc0                chTMStartMeasurementX
 .text._unhandled_exception.4384
                0x08002bd0       0x10 /tmp/ccHEtvAh.ltrans0.ltrans.o
                0x08002bd0                Vector58
                0x08002bd0                VectorE8
                0x08002bd0                Vector9C
                0x08002bd0                VectorAC
                0x08002bd0                DebugMon_Handler
                0x08002bd0                Vector5C
                0x08002bd0                Vector11C
                0x08002bd0                HardFault_Handler
                0x08002bd0                SysTick_Handler
                0x08002bd0                VectorDC
                0x08002bd0                PendSV_Handler
                0x08002bd0                NMI_Handler
                0x08002bd0                Vector110
                0x08002bd0                Vector120
                0x08002bd0                VectorC8
                0x08002bd0                Vector94
                0x08002bd0                VectorA8
                0x08002bd0                UsageFault_Handler
                0x08002bd0                VectorEC
                0x08002bd0                Vector40
                0x08002bd0                VectorF8
                0x08002bd0                Vector108
                0x08002bd0                VectorBC
                0x08002bd0                Vector124
                0x08002bd0                Vector118
                0x08002bd0                Vector64
                0x08002bd0                VectorCC
                0x08002bd0                Vector54
                0x08002bd0                Vector98
                0x08002bd0                VectorD8
                0x08002bd0                Vector138
                0x08002bd0                Vector24
                0x08002bd0                VectorD0
                0x08002bd0                VectorE4
                0x08002bd0                VectorC0
                0x08002bd0                Vector130
                0x08002bd0                Vector134
                0x08002bd0                VectorF0
                0x08002bd0                Vector12C
                0x08002bd0                Vector13C
                0x08002bd0                Vector100
                0x08002bd0                VectorE0
                0x08002bd0                VectorF4
                0x08002bd0                MemManage_Handler
                0x08002bd0                VectorA0
                0x08002bd0                VectorC4
                0x08002bd0                Vector114
                0x08002bd0                Vector60
                0x08002bd0                Vector1C
                0x08002bd0                Vector48
                0x08002bd0                VectorD4
                0x08002bd0                Vector4C
                0x08002bd0                Vector68
                0x08002bd0                Vector88
                0x08002bd0                Vector104
                0x08002bd0                Vector10C
                0x08002bd0                BusFault_Handler
                0x08002bd0                Vector50
                0x08002bd0                Vector44
                0x08002bd0                Vector28
                0x08002bd0                VectorFC
                0x08002bd0                Vector34
                0x08002bd0                Vector128
                0x08002bd0                VectorA4
                0x08002bd0                Vector20
 .text.mtx5_execute.7301
                0x08002be0      0x100 /tmp/ccHEtvAh.ltrans1.ltrans.o
                0x08002be0                mtx5_execute.7301
 .text.chIQPutI.4391
                0x08002ce0       0x50 /tmp/ccHEtvAh.ltrans1.ltrans.o
 .text.queues1_execute.8272
                0x08002d30      0x2d0 /tmp/ccHEtvAh.ltrans1.ltrans.o
                0x08002d30                queues1_execute.8272
 .text.bmk9_execute.8477
                0x08003000       0xb0 /tmp/ccHEtvAh.ltrans1.ltrans.o
                0x08003000                bmk9_execute.8477
 .text.cmd_threads.11057
                0x080030b0       0x80 /tmp/ccHEtvAh.ltrans1.ltrans.o
                0x080030b0                cmd_threads.11057
 .text.silabs_send_command
                0x08003130       0x80 /tmp/ccHEtvAh.ltrans1.ltrans.o
                0x08003130                silabs_send_command
 .text.Reset_Handler
                0x080031b0      0x220 /tmp/ccHEtvAh.ltrans1.ltrans.o
                0x080031b0                Reset_Handler
 .text._usb_ep0in
                0x080033d0       0xd0 /tmp/ccHEtvAh.ltrans2.ltrans.o
                0x080033d0                _usb_ep0in
 .text.thread4.7051
                0x080034a0       0x20 /tmp/ccHEtvAh.ltrans2.ltrans.o
                0x080034a0                thread4.7051
 .text.thread2.7700
                0x080034c0       0x50 /tmp/ccHEtvAh.ltrans2.ltrans.o
                0x080034c0                thread2.7700
 .text.usb_event.11379
                0x08003510       0xb0 /tmp/ccHEtvAh.ltrans2.ltrans.o
                0x08003510                usb_event.11379
 .text.chOQGetI.constprop.24.4427
                0x080035c0       0x50 /tmp/ccHEtvAh.ltrans2.ltrans.o
 .text.queues2_execute.8268
                0x08003610      0x2a0 /tmp/ccHEtvAh.ltrans2.ltrans.o
                0x08003610                queues2_execute.8268
 .text.si446x_spi
                0x080038b0      0x180 /tmp/ccHEtvAh.ltrans2.ltrans.o
                0x080038b0                si446x_spi
 .text.si446x_set_frequency
                0x08003a30      0x1c0 /tmp/ccHEtvAh.ltrans2.ltrans.o
                0x08003a30                si446x_set_frequency
 .text.si446x_initialise
                0x08003bf0      0x520 /tmp/ccHEtvAh.ltrans2.ltrans.o
                0x08003bf0                si446x_initialise
 .text.chMBPost.constprop.30
                0x08004110       0x50 /tmp/ccHEtvAh.ltrans2.ltrans.o
                0x08004110                chMBPost.constprop.30
 .text.queues1_setup.8264
                0x08004160       0x30 /tmp/ccHEtvAh.ltrans3.ltrans.o
                0x08004160                queues1_setup.8264
 .text.queues2_setup.8259
                0x08004190       0x40 /tmp/ccHEtvAh.ltrans3.ltrans.o
                0x08004190                queues2_setup.8259
 .text.mtx8_setup.7283
                0x080041d0       0x30 /tmp/ccHEtvAh.ltrans3.ltrans.o
                0x080041d0                mtx8_setup.7283
 .text.mtx7_setup.7285
                0x08004200       0x20 /tmp/ccHEtvAh.ltrans3.ltrans.o
                0x08004200                mtx7_setup.7285
 .text.mtx6_setup.7287
                0x08004220       0x20 /tmp/ccHEtvAh.ltrans3.ltrans.o
                0x08004220                mtx6_setup.7287
 .text.mtx5_setup.7289
                0x08004240       0x20 /tmp/ccHEtvAh.ltrans3.ltrans.o
                0x08004240                mtx5_setup.7289
 .text.mtx4_setup.7291
                0x08004260       0x20 /tmp/ccHEtvAh.ltrans3.ltrans.o
                0x08004260                mtx4_setup.7291
 .text.mtx1_setup.7293
                0x08004280       0x20 /tmp/ccHEtvAh.ltrans3.ltrans.o
                0x08004280                mtx1_setup.7293
 .text.bmk12_setup.8464
                0x080042a0       0x20 /tmp/ccHEtvAh.ltrans3.ltrans.o
                0x080042a0                bmk12_setup.8464
 .text.spi_lld_serve_tx_interrupt.9951
                0x080042c0       0x20 /tmp/ccHEtvAh.ltrans3.ltrans.o
                0x080042c0                spi_lld_serve_tx_interrupt.9951
 .text.thread2.8457
                0x080042e0       0x30 /tmp/ccHEtvAh.ltrans3.ltrans.o
                0x080042e0                thread2.8457
 .text.pools1_execute.7964
                0x08004310      0x200 /tmp/ccHEtvAh.ltrans3.ltrans.o
                0x08004310                pools1_execute.7964
 .text.dyn2_execute.8090
                0x08004510      0x160 /tmp/ccHEtvAh.ltrans3.ltrans.o
                0x08004510                dyn2_execute.8090
 .text.chvprintf
                0x08004670      0x470 /tmp/ccHEtvAh.ltrans3.ltrans.o
                0x08004670                chvprintf
 .text.chThdDequeueAllI
                0x08004ae0       0x30 /tmp/ccHEtvAh.ltrans3.ltrans.o
                0x08004ae0                chThdDequeueAllI
 .text.usb_packet_write_from_queue.10326.4242
                0x08004b10      0x130 /tmp/ccHEtvAh.ltrans3.ltrans.o
 .text.Vector90
                0x08004c40      0x4c0 /tmp/ccHEtvAh.ltrans3.ltrans.o
                0x08004c40                Vector90
 .text.usb_lld_prepare_transmit
                0x08005100       0xb0 /tmp/ccHEtvAh.ltrans3.ltrans.o
                0x08005100                usb_lld_prepare_transmit
 .text.usbPrepareTransmit.constprop.5
                0x080051b0       0x20 /tmp/ccHEtvAh.ltrans3.ltrans.o
                0x080051b0                usbPrepareTransmit.constprop.5
 .text.gpt_lld_start
                0x080051d0       0xd0 /tmp/ccHEtvAh.ltrans3.ltrans.o
                0x080051d0                gpt_lld_start
 .text.mbox1_setup.7601
                0x080052a0       0x40 /tmp/ccHEtvAh.ltrans4.ltrans.o
                0x080052a0                mbox1_setup.7601
 .text.sem3_setup.7070
                0x080052e0       0x20 /tmp/ccHEtvAh.ltrans4.ltrans.o
                0x080052e0                sem3_setup.7070
 .text.sem2_setup.7072
                0x08005300       0x20 /tmp/ccHEtvAh.ltrans4.ltrans.o
                0x08005300                sem2_setup.7072
 .text.sem1_setup.7074
                0x08005320       0x20 /tmp/ccHEtvAh.ltrans4.ltrans.o
                0x08005320                sem1_setup.7074
 .text.bmk11_setup.8468
                0x08005340       0x20 /tmp/ccHEtvAh.ltrans4.ltrans.o
                0x08005340                bmk11_setup.8468
 .text.bmk7_setup.8470
                0x08005360       0x20 /tmp/ccHEtvAh.ltrans4.ltrans.o
                0x08005360                bmk7_setup.8470
 .text.dyn2_setup.8092
                0x08005380       0x20 /tmp/ccHEtvAh.ltrans4.ltrans.o
                0x08005380                dyn2_setup.8092
 .text.pools1_setup.7960
                0x080053a0       0x20 /tmp/ccHEtvAh.ltrans4.ltrans.o
                0x080053a0                pools1_setup.7960
 .text.VectorB0
                0x080053c0       0xa0 /tmp/ccHEtvAh.ltrans4.ltrans.o
                0x080053c0                VectorB0
 .text.spi_lld_serve_rx_interrupt.9955
                0x08005460       0x80 /tmp/ccHEtvAh.ltrans4.ltrans.o
                0x08005460                spi_lld_serve_rx_interrupt.9955
 .text.chSemSignalWait.constprop.52.4464
                0x080054e0       0x70 /tmp/ccHEtvAh.ltrans4.ltrans.o
 .text.chCondSignal.constprop.49.4476
                0x08005550       0x30 /tmp/ccHEtvAh.ltrans4.ltrans.o
 .text.sem3_execute.7095
                0x08005580       0xa0 /tmp/ccHEtvAh.ltrans4.ltrans.o
                0x08005580                sem3_execute.7095
 .text.mtx8_execute.7281
                0x08005620       0xb0 /tmp/ccHEtvAh.ltrans4.ltrans.o
                0x08005620                mtx8_execute.7281
 .text.sem1_execute.7091
                0x080056d0      0x180 /tmp/ccHEtvAh.ltrans4.ltrans.o
                0x080056d0                sem1_execute.7091
 .text.mtx6_execute.7297
                0x08005850       0xf0 /tmp/ccHEtvAh.ltrans4.ltrans.o
                0x08005850                mtx6_execute.7297
 .text.chVTDoResetI
                0x08005940       0x60 /tmp/ccHEtvAh.ltrans4.ltrans.o
                0x08005940                chVTDoResetI
 .text.chVTDoSetI
                0x080059a0       0x90 /tmp/ccHEtvAh.ltrans4.ltrans.o
                0x080059a0                chVTDoSetI
 .text.thread11.7269.4129
                0x08005a30       0x90 /tmp/ccHEtvAh.ltrans4.ltrans.o
 .text.chSchGoSleepTimeoutS
                0x08005ac0       0x50 /tmp/ccHEtvAh.ltrans4.ltrans.o
                0x08005ac0                chSchGoSleepTimeoutS
 .text.chThdEnqueueTimeoutS.4274
                0x08005b10       0x30 /tmp/ccHEtvAh.ltrans4.ltrans.o
 .text.chIQGetTimeout
                0x08005b40       0x50 /tmp/ccHEtvAh.ltrans4.ltrans.o
                0x08005b40                chIQGetTimeout
 .text.thread1.8252
                0x08005b90       0x20 /tmp/ccHEtvAh.ltrans4.ltrans.o
                0x08005b90                thread1.8252
 .text.gett.8862
                0x08005bb0       0x10 /tmp/ccHEtvAh.ltrans4.ltrans.o
                0x08005bb0                gett.8862
 .text.get.8866
                0x08005bc0       0x10 /tmp/ccHEtvAh.ltrans4.ltrans.o
                0x08005bc0                get.8866
 .text.chIQReadTimeout
                0x08005bd0       0x80 /tmp/ccHEtvAh.ltrans4.ltrans.o
                0x08005bd0                chIQReadTimeout
 .text.readt.8838
                0x08005c50       0x10 /tmp/ccHEtvAh.ltrans4.ltrans.o
                0x08005c50                readt.8838
 .text.read.8846
                0x08005c60       0x10 /tmp/ccHEtvAh.ltrans4.ltrans.o
                0x08005c60                read.8846
 .text.chOQPutTimeout
                0x08005c70       0x50 /tmp/ccHEtvAh.ltrans4.ltrans.o
                0x08005c70                chOQPutTimeout
 .text.thread2.8249
                0x08005cc0       0x20 /tmp/ccHEtvAh.ltrans4.ltrans.o
                0x08005cc0                thread2.8249
 .text.putt.8869
                0x08005ce0       0x10 /tmp/ccHEtvAh.ltrans4.ltrans.o
                0x08005ce0                putt.8869
 .text.put.8874
                0x08005cf0       0x10 /tmp/ccHEtvAh.ltrans4.ltrans.o
                0x08005cf0                put.8874
 .text.chOQWriteTimeout
                0x08005d00       0x80 /tmp/ccHEtvAh.ltrans4.ltrans.o
                0x08005d00                chOQWriteTimeout
 .text.writet.8851
                0x08005d80       0x10 /tmp/ccHEtvAh.ltrans4.ltrans.o
                0x08005d80                writet.8851
 .text.write.8857
                0x08005d90       0x10 /tmp/ccHEtvAh.ltrans4.ltrans.o
                0x08005d90                write.8857
 .text.chSemWaitTimeoutS
                0x08005da0       0x40 /tmp/ccHEtvAh.ltrans4.ltrans.o
                0x08005da0                chSemWaitTimeoutS
 .text.unlikely.chMBFetch.constprop.26
                0x08005de0       0x4c /tmp/ccHEtvAh.ltrans4.ltrans.o
                0x08005de0                chMBFetch.constprop.26
 *fill*         0x08005e2c        0x4 00
 .text.chSemWaitTimeout
                0x08005e30       0x20 /tmp/ccHEtvAh.ltrans4.ltrans.o
                0x08005e30                chSemWaitTimeout
 .text.test_start_timer.constprop.19
                0x08005e50       0x40 /tmp/ccHEtvAh.ltrans4.ltrans.o
                0x08005e50                test_start_timer.constprop.19
 .text.chThdCreateFromMemoryPool.constprop.54
                0x08005e90       0x50 /tmp/ccHEtvAh.ltrans4.ltrans.o
                0x08005e90                chThdCreateFromMemoryPool.constprop.54
 .text.mbox1_execute.7599
                0x08005ee0      0x7a0 /tmp/ccHEtvAh.ltrans5.ltrans.o
                0x08005ee0                mbox1_execute.7599
 .text._usb_ep0setup
                0x08006680      0x3f0 /tmp/ccHEtvAh.ltrans5.ltrans.o
                0x08006680                _usb_ep0setup
 .text.onotify.8832
                0x08006a70       0x70 /tmp/ccHEtvAh.ltrans5.ltrans.o
                0x08006a70                onotify.8832
 .text.dyn1_setup.8088
                0x08006ae0       0x30 /tmp/ccHEtvAh.ltrans6.ltrans.o
                0x08006ae0                dyn1_setup.8088
 .text.get_descriptor.11370
                0x08006b10       0x40 /tmp/ccHEtvAh.ltrans6.ltrans.o
                0x08006b10                get_descriptor.11370
 .text.usb_lld_init_endpoint.4444
                0x08006b50       0xc0 /tmp/ccHEtvAh.ltrans6.ltrans.o
 .text.set_address.9473
                0x08006c10       0x30 /tmp/ccHEtvAh.ltrans6.ltrans.o
                0x08006c10                set_address.9473
 .text.gpt_lld_serve_interrupt.10064.4505
                0x08006c40       0x30 /tmp/ccHEtvAh.ltrans6.ltrans.o
 .text.sduInterruptTransmitted
                0x08006c70       0x10 /tmp/ccHEtvAh.ltrans6.ltrans.o
                0x08006c70                sduInterruptTransmitted
 .text.sduRequestsHook
                0x08006c80       0x40 /tmp/ccHEtvAh.ltrans6.ltrans.o
                0x08006c80                sduRequestsHook
 .text.tmo.8442
                0x08006cc0       0x10 /tmp/ccHEtvAh.ltrans6.ltrans.o
                0x08006cc0                tmo.8442
 .text.thread1.8445
                0x08006cd0       0x10 /tmp/ccHEtvAh.ltrans6.ltrans.o
                0x08006cd0                thread1.8445
 .text.notify.8246
                0x08006ce0       0x10 /tmp/ccHEtvAh.ltrans6.ltrans.o
                0x08006ce0                notify.8246
 .text.null_provider.7957
                0x08006cf0       0x10 /tmp/ccHEtvAh.ltrans6.ltrans.o
                0x08006cf0                null_provider.7957
 .text.mtx7_execute.7295
                0x08006d00       0xf0 /tmp/ccHEtvAh.ltrans6.ltrans.o
                0x08006d00                mtx7_execute.7295
 .text.thread.8077
                0x08006df0       0x10 /tmp/ccHEtvAh.ltrans6.ltrans.o
                0x08006df0                thread.8077
 .text.thread4  0x08006e00       0x30 /tmp/ccHEtvAh.ltrans6.ltrans.o
                0x08006e00                thread4
 .text.thread10.7266
                0x08006e30       0x70 /tmp/ccHEtvAh.ltrans6.ltrans.o
                0x08006e30                thread10.7266
 .text.Vector8C
                0x08006ea0       0x10 /tmp/ccHEtvAh.ltrans6.ltrans.o
                0x08006ea0                Vector8C
 .text.VectorB8
                0x08006eb0       0x20 /tmp/ccHEtvAh.ltrans6.ltrans.o
                0x08006eb0                VectorB8
 .text.VectorB4
                0x08006ed0       0x20 /tmp/ccHEtvAh.ltrans6.ltrans.o
                0x08006ed0                VectorB4
 .text.Vector84
                0x08006ef0       0x30 /tmp/ccHEtvAh.ltrans6.ltrans.o
                0x08006ef0                Vector84
 .text.Vector80
                0x08006f20       0x30 /tmp/ccHEtvAh.ltrans6.ltrans.o
                0x08006f20                Vector80
 .text.Vector7C
                0x08006f50       0x30 /tmp/ccHEtvAh.ltrans6.ltrans.o
                0x08006f50                Vector7C
 .text.Vector78
                0x08006f80       0x30 /tmp/ccHEtvAh.ltrans6.ltrans.o
                0x08006f80                Vector78
 .text.Vector74
                0x08006fb0       0x30 /tmp/ccHEtvAh.ltrans6.ltrans.o
                0x08006fb0                Vector74
 .text.Vector70
                0x08006fe0       0x30 /tmp/ccHEtvAh.ltrans6.ltrans.o
                0x08006fe0                Vector70
 .text.Vector6C
                0x08007010       0x30 /tmp/ccHEtvAh.ltrans6.ltrans.o
                0x08007010                Vector6C
 .text.thread8.8448
                0x08007040       0x40 /tmp/ccHEtvAh.ltrans6.ltrans.o
                0x08007040                thread8.8448
 .text.thread3.8451
                0x08007080       0x30 /tmp/ccHEtvAh.ltrans6.ltrans.o
                0x08007080                thread3.8451
 .text.bmk13_execute.8460
                0x080070b0      0x100 /tmp/ccHEtvAh.ltrans6.ltrans.o
                0x080070b0                bmk13_execute.8460
 .text.dyn1_execute.8094
                0x080071b0      0x100 /tmp/ccHEtvAh.ltrans6.ltrans.o
                0x080071b0                dyn1_execute.8094
 .text.chCondSignalI.constprop.48
                0x080072b0       0x20 /tmp/ccHEtvAh.ltrans6.ltrans.o
                0x080072b0                chCondSignalI.constprop.48
 .text.chEvtGetAndClearEvents.constprop.42
                0x080072d0       0x20 /tmp/ccHEtvAh.ltrans6.ltrans.o
                0x080072d0                chEvtGetAndClearEvents.constprop.42
 .text.evt1_setup.7710
                0x080072f0       0x10 /tmp/ccHEtvAh.ltrans6.ltrans.o
                0x080072f0                evt1_setup.7710
 .text.evt2_setup.7708
                0x08007300       0x10 /tmp/ccHEtvAh.ltrans6.ltrans.o
                0x08007300                evt2_setup.7708
 .text.evt3_setup.7706
                0x08007310       0x10 /tmp/ccHEtvAh.ltrans6.ltrans.o
                0x08007310                evt3_setup.7706
 .text.chEvtWaitOne.constprop.38
                0x08007320       0x40 /tmp/ccHEtvAh.ltrans6.ltrans.o
                0x08007320                chEvtWaitOne.constprop.38
 .text.unlikely.chEvtWaitAny.constprop.37
                0x08007360       0x34 /tmp/ccHEtvAh.ltrans6.ltrans.o
                0x08007360                chEvtWaitAny.constprop.37
 *fill*         0x08007394        0xc 00
 .text.chMBPostI.constprop.29
                0x080073a0       0x40 /tmp/ccHEtvAh.ltrans6.ltrans.o
                0x080073a0                chMBPostI.constprop.29
 .text.chMBPostAheadI.constprop.27
                0x080073e0       0x40 /tmp/ccHEtvAh.ltrans6.ltrans.o
                0x080073e0                chMBPostAheadI.constprop.27
 .text.unlikely.chMBFetchI.constprop.25
                0x08007420       0x3c /tmp/ccHEtvAh.ltrans6.ltrans.o
                0x08007420                chMBFetchI.constprop.25
 *fill*         0x0800745c        0x4 00
 .text.dmaStreamAllocate.constprop.11
                0x08007460       0xa0 /tmp/ccHEtvAh.ltrans6.ltrans.o
                0x08007460                dmaStreamAllocate.constprop.11
 .text._strtok.10608.constprop.4
                0x08007500       0x40 /tmp/ccHEtvAh.ltrans6.ltrans.o
                0x08007500                _strtok.10608.constprop.4
 .text.long_to_string_with_divisor.10737
                0x08007540       0x70 /tmp/ccHEtvAh.ltrans6.ltrans.o
                0x08007540                long_to_string_with_divisor.10737
 .text.usbStartTransmitI
                0x080075b0       0x40 /tmp/ccHEtvAh.ltrans6.ltrans.o
                0x080075b0                usbStartTransmitI
 .text.usbStartReceiveI
                0x080075f0       0x40 /tmp/ccHEtvAh.ltrans6.ltrans.o
                0x080075f0                usbStartReceiveI
 .text.usb_lld_prepare_receive
                0x08007630       0x20 /tmp/ccHEtvAh.ltrans6.ltrans.o
                0x08007630                usb_lld_prepare_receive
 .text.inotify.8835
                0x08007650       0x80 /tmp/ccHEtvAh.ltrans6.ltrans.o
                0x08007650                inotify.8835
 .text._usb_reset
                0x080076d0       0x70 /tmp/ccHEtvAh.ltrans6.ltrans.o
                0x080076d0                _usb_reset
 .text.usbInitEndpointI
                0x08007740       0x40 /tmp/ccHEtvAh.ltrans6.ltrans.o
                0x08007740                usbInitEndpointI
 .text.gpt_lld_start_timer
                0x08007780       0x30 /tmp/ccHEtvAh.ltrans6.ltrans.o
                0x08007780                gpt_lld_start_timer
 .text.spi_lld_exchange
                0x080077b0       0x40 /tmp/ccHEtvAh.ltrans6.ltrans.o
                0x080077b0                spi_lld_exchange
 .text.spi_lld_unselect
                0x080077f0       0x10 /tmp/ccHEtvAh.ltrans6.ltrans.o
                0x080077f0                spi_lld_unselect
 .text.spicb.11599
                0x08007800       0x20 /tmp/ccHEtvAh.ltrans6.ltrans.o
                0x08007800                spicb.11599
 .text.regfind.8080
                0x08007820       0x40 /tmp/ccHEtvAh.ltrans6.ltrans.o
                0x08007820                regfind.8080
 .text.heap1_setup.7929
                0x08007860       0x30 /tmp/ccHEtvAh.ltrans7.ltrans.o
                0x08007860                heap1_setup.7929
 .text.dyn3_setup.8086
                0x08007890       0x30 /tmp/ccHEtvAh.ltrans7.ltrans.o
                0x08007890                dyn3_setup.8086
 .text._usb_ep0out
                0x080078c0       0x90 /tmp/ccHEtvAh.ltrans7.ltrans.o
                0x080078c0                _usb_ep0out
 .text.chThdSleep
                0x08007950       0x20 /tmp/ccHEtvAh.ltrans7.ltrans.o
                0x08007950                chThdSleep
 .text.test_wait_tick
                0x08007970       0x20 /tmp/ccHEtvAh.ltrans7.ltrans.o
                0x08007970                test_wait_tick
 .text.TestThread.4031
                0x08007990      0x330 /tmp/ccHEtvAh.ltrans7.ltrans.o
 .text.thread2.7060
                0x08007cc0       0x30 /tmp/ccHEtvAh.ltrans7.ltrans.o
                0x08007cc0                thread2.7060
 .text.mtx4_execute.7303
                0x08007cf0      0x250 /tmp/ccHEtvAh.ltrans7.ltrans.o
                0x08007cf0                mtx4_execute.7303
 .text.thread4b.7275.4058
                0x08007f40       0x30 /tmp/ccHEtvAh.ltrans7.ltrans.o
 .text.thread4a.7278.4055
                0x08007f70       0x20 /tmp/ccHEtvAh.ltrans7.ltrans.o
 .text.thread1.7703
                0x08007f90       0x30 /tmp/ccHEtvAh.ltrans7.ltrans.o
                0x08007f90                thread1.7703
 .text.dyn3_execute.8084
                0x08007fc0      0x150 /tmp/ccHEtvAh.ltrans7.ltrans.o
                0x08007fc0                dyn3_execute.8084
 .text.Thread1.11031
                0x08008110       0x50 /tmp/ccHEtvAh.ltrans7.ltrans.o
                0x08008110                Thread1.11031
 .text.RF_switch.part.4.11638
                0x08008160       0x30 /tmp/ccHEtvAh.ltrans7.ltrans.o
                0x08008160                RF_switch.part.4.11638
 .text.switch_output_callback.11666
                0x08008190       0x10 /tmp/ccHEtvAh.ltrans7.ltrans.o
                0x08008190                switch_output_callback.11666
 .text.switch_off_callback.11663
                0x080081a0       0x20 /tmp/ccHEtvAh.ltrans7.ltrans.o
                0x080081a0                switch_off_callback.11663
 .text.chprintf.10588
                0x080081c0       0x20 /tmp/ccHEtvAh.ltrans7.ltrans.o
                0x080081c0                chprintf.10588
 .text.chprintf.11034
                0x080081e0       0x20 /tmp/ccHEtvAh.ltrans7.ltrans.o
                0x080081e0                chprintf.11034
 .text.cmd_mem.11065
                0x08008200       0x60 /tmp/ccHEtvAh.ltrans7.ltrans.o
                0x08008200                cmd_mem.11065
 .text.cmd_test.11049
                0x08008260       0x60 /tmp/ccHEtvAh.ltrans7.ltrans.o
                0x08008260                cmd_test.11049
 .text.cmd_write.11041
                0x080082c0       0x50 /tmp/ccHEtvAh.ltrans7.ltrans.o
                0x080082c0                cmd_write.11041
 .text.chprintf.11613
                0x08008310       0x20 /tmp/ccHEtvAh.ltrans7.ltrans.o
                0x08008310                chprintf.11613
 .text.silabs_get_part_id
                0x08008330       0x20 /tmp/ccHEtvAh.ltrans7.ltrans.o
                0x08008330                silabs_get_part_id
 .text.msg1_execute.7393
                0x08008350       0xa0 /tmp/ccHEtvAh.ltrans8.ltrans.o
                0x08008350                msg1_execute.7393
 .text.cmd_info.10627
                0x080083f0       0xc0 /tmp/ccHEtvAh.ltrans8.ltrans.o
                0x080083f0                cmd_info.10627
 .text.cmd_systime.10619
                0x080084b0       0x40 /tmp/ccHEtvAh.ltrans8.ltrans.o
                0x080084b0                cmd_systime.10619
 .text.evt1_execute.7722
                0x080084f0       0xe0 /tmp/ccHEtvAh.ltrans8.ltrans.o
                0x080084f0                evt1_execute.7722
 .text.thd4_execute.6832
                0x080085d0       0xd0 /tmp/ccHEtvAh.ltrans8.ltrans.o
                0x080085d0                thd4_execute.6832
 .text.sem2_execute.7099
                0x080086a0      0x2b0 /tmp/ccHEtvAh.ltrans8.ltrans.o
                0x080086a0                sem2_execute.7099
 .text.bmk12_execute.8462
                0x08008950       0x70 /tmp/ccHEtvAh.ltrans8.ltrans.o
                0x08008950                bmk12_execute.8462
 .text.bmk6_execute.8479
                0x080089c0       0x70 /tmp/ccHEtvAh.ltrans8.ltrans.o
                0x080089c0                bmk6_execute.8479
 .text.bmk4_execute.8487
                0x08008a30       0xc0 /tmp/ccHEtvAh.ltrans8.ltrans.o
                0x08008a30                bmk4_execute.8487
 .text.bmk11_execute.8466
                0x08008af0       0x70 /tmp/ccHEtvAh.ltrans8.ltrans.o
                0x08008af0                bmk11_execute.8466
 .text.bmk10_execute.8472
                0x08008b60       0x80 /tmp/ccHEtvAh.ltrans8.ltrans.o
                0x08008b60                bmk10_execute.8472
 .text.bmk8_execute.8481
                0x08008be0       0xf0 /tmp/ccHEtvAh.ltrans8.ltrans.o
                0x08008be0                bmk8_execute.8481
 .text.bmk7_execute.8483
                0x08008cd0      0x130 /tmp/ccHEtvAh.ltrans8.ltrans.o
                0x08008cd0                bmk7_execute.8483
 .text.bmk5_execute.8485
                0x08008e00       0x70 /tmp/ccHEtvAh.ltrans8.ltrans.o
                0x08008e00                bmk5_execute.8485
 .text.msg_loop_test.8489.4223
                0x08008e70       0x30 /tmp/ccHEtvAh.ltrans8.ltrans.o
 .text.bmk1_execute.8496
                0x08008ea0       0x80 /tmp/ccHEtvAh.ltrans8.ltrans.o
                0x08008ea0                bmk1_execute.8496
 .text.bmk2_execute.8494
                0x08008f20       0x80 /tmp/ccHEtvAh.ltrans8.ltrans.o
                0x08008f20                bmk2_execute.8494
 .text.bmk3_execute.8492
                0x08008fa0       0xf0 /tmp/ccHEtvAh.ltrans8.ltrans.o
                0x08008fa0                bmk3_execute.8492
 .text.evt2_execute.7717
                0x08009090      0x300 /tmp/ccHEtvAh.ltrans9.ltrans.o
                0x08009090                evt2_execute.7717
 .text.silabs_tune_down.4181
                0x08009390       0x70 /tmp/ccHEtvAh.ltrans9.ltrans.o
 .text.silabs_tune_up.4222
                0x08009400       0x70 /tmp/ccHEtvAh.ltrans9.ltrans.o
 .text.sduDataTransmitted
                0x08009470       0x90 /tmp/ccHEtvAh.ltrans9.ltrans.o
                0x08009470                sduDataTransmitted
 .text.sduDataReceived
                0x08009500       0x80 /tmp/ccHEtvAh.ltrans9.ltrans.o
                0x08009500                sduDataReceived
 .text.SI_Thread.11592
                0x08009580      0x2b0 /tmp/ccHEtvAh.ltrans9.ltrans.o
                0x08009580                SI_Thread.11592
 .text.shell_thread.10585
                0x08009830      0x280 /tmp/ccHEtvAh.ltrans10.ltrans.o
                0x08009830                shell_thread.10585
 .text.sem4_execute.7089.4141
                0x08009ab0      0x150 /tmp/ccHEtvAh.ltrans10.ltrans.o
 .text.evt3_execute.7735.4183
                0x08009c00      0x170 /tmp/ccHEtvAh.ltrans10.ltrans.o
 .text.chThdExit
                0x08009d70       0x10 /tmp/ccHEtvAh.ltrans10.ltrans.o
                0x08009d70                chThdExit
 .text.chSchDoReschedule
                0x08009d80       0x10 /tmp/ccHEtvAh.ltrans10.ltrans.o
                0x08009d80                chSchDoReschedule
 .text.memset   0x08009d90      0x12c /home/laurence/ARM-GCC/bin/../lib/gcc/arm-none-eabi/4.7.4/../../../../arm-none-eabi/lib/armv7-m/libg.a(lib_a-memset.o)
                0x08009d90                memset
 *fill*         0x08009ebc        0x4 00
 .text.strcasecmp
                0x08009ec0       0x44 /home/laurence/ARM-GCC/bin/../lib/gcc/arm-none-eabi/4.7.4/../../../../arm-none-eabi/lib/armv7-m/libg.a(lib_a-strcasecmp.o)
                0x08009ec0                strcasecmp
 *fill*         0x08009f04        0xc 00
 .text.strlen   0x08009f10       0x60 /home/laurence/ARM-GCC/bin/../lib/gcc/arm-none-eabi/4.7.4/../../../../arm-none-eabi/lib/armv7-m/libg.a(lib_a-strlen.o)
                0x08009f10                strlen
 .text.strncpy  0x08009f70      0x10c /home/laurence/ARM-GCC/bin/../lib/gcc/arm-none-eabi/4.7.4/../../../../arm-none-eabi/lib/armv7-m/libg.a(lib_a-strncpy.o)
                0x08009f70                strncpy
 *fill*         0x0800a07c        0x4 00
 .text.strpbrk  0x0800a080       0x4c /home/laurence/ARM-GCC/bin/../lib/gcc/arm-none-eabi/4.7.4/../../../../arm-none-eabi/lib/armv7-m/libg.a(lib_a-strpbrk.o)
                0x0800a080                strpbrk
 *fill*         0x0800a0cc        0x4 00
 .text.strspn   0x0800a0d0       0x40 /home/laurence/ARM-GCC/bin/../lib/gcc/arm-none-eabi/4.7.4/../../../../arm-none-eabi/lib/armv7-m/libg.a(lib_a-strspn.o)
                0x0800a0d0                strspn
 *(.rodata)
 .rodata        0x0800a110       0xa8 /tmp/ccHEtvAh.ltrans2.ltrans.o
 *fill*         0x0800a1b8        0x8 00
 .rodata        0x0800a1c0        0x8 /tmp/ccHEtvAh.ltrans9.ltrans.o
 *(.rodata.*)
 *fill*         0x0800a1c8        0x8 00
 .rodata.str1.4
                0x0800a1d0       0x1a /tmp/ccHEtvAh.ltrans0.ltrans.o
                                 0x28 (size before relaxing)
 *fill*         0x0800a1ea        0x6 00
 .rodata.ch_debug
                0x0800a1f0       0x18 /tmp/ccHEtvAh.ltrans1.ltrans.o
 *fill*         0x0800a208        0x8 00
 .rodata.str1.4
                0x0800a210      0x152 /tmp/ccHEtvAh.ltrans1.ltrans.o
                                0x154 (size before relaxing)
 *fill*         0x0800a362        0xe 00
 .rodata.vmt.9039.5018
                0x0800a370       0x20 /tmp/ccHEtvAh.ltrans1.ltrans.o
 .rodata._stm32_dma_streams
                0x0800a390       0x54 /tmp/ccHEtvAh.ltrans1.ltrans.o
 *fill*         0x0800a3e4        0xc 00
 .rodata.states.8517.11143.4996
                0x0800a3f0       0x40 /tmp/ccHEtvAh.ltrans1.ltrans.o
 .rodata.serusbcfg
                0x0800a430        0x8 /tmp/ccHEtvAh.ltrans1.ltrans.o
                0x0800a430                serusbcfg
 *fill*         0x0800a438        0x8 00
 .rodata.usbcfg
                0x0800a440       0x10 /tmp/ccHEtvAh.ltrans2.ltrans.o
                0x0800a440                usbcfg
 .rodata.str1.4
                0x00000000        0x8 /tmp/ccHEtvAh.ltrans2.ltrans.o
 .rodata.ep2config.11392.4654
                0x0800a450       0x24 /tmp/ccHEtvAh.ltrans2.ltrans.o
 *fill*         0x0800a474        0xc 00
 .rodata.str1.4
                0x0800a480       0x13 /tmp/ccHEtvAh.ltrans3.ltrans.o
                                 0x30 (size before relaxing)
 *fill*         0x0800a493        0xd 00
 .rodata.pow10.10791.4519
                0x0800a4a0       0x24 /tmp/ccHEtvAh.ltrans3.ltrans.o
 *fill*         0x0800a4c4        0xc 00
 .rodata.str1.4
                0x0800a4d0        0x4 /tmp/ccHEtvAh.ltrans4.ltrans.o
                                 0x2c (size before relaxing)
 *fill*         0x0800a4d4        0xc 00
 .rodata.CSWTCH.32.10428.10428.4366
                0x0800a4e0       0x14 /tmp/ccHEtvAh.ltrans5.ltrans.o
 *fill*         0x0800a4f4        0xc 00
 .rodata.halted_status.9576.4364
                0x0800a500        0x4 /tmp/ccHEtvAh.ltrans5.ltrans.o
 .rodata.str1.4
                0x00000000        0x8 /tmp/ccHEtvAh.ltrans5.ltrans.o
 *fill*         0x0800a504        0xc 00
 .rodata.ep0config.10422
                0x0800a510       0x24 /tmp/ccHEtvAh.ltrans5.ltrans.o
                0x0800a510                ep0config.10422
 *fill*         0x0800a534        0xc 00
 .rodata.zero_status.9575.4363
                0x0800a540        0x4 /tmp/ccHEtvAh.ltrans5.ltrans.o
 *fill*         0x0800a544        0xc 00
 .rodata.active_status.9577.4365
                0x0800a550        0x4 /tmp/ccHEtvAh.ltrans5.ltrans.o
 *fill*         0x0800a554        0xc 00
 .rodata.vcom_string3.11399.4734
                0x0800a560        0x8 /tmp/ccHEtvAh.ltrans6.ltrans.o
 *fill*         0x0800a568        0x8 00
 .rodata.CSWTCH.26.10421.10421.4745
                0x0800a570        0x8 /tmp/ccHEtvAh.ltrans6.ltrans.o
 *fill*         0x0800a578        0x8 00
 .rodata.vcom_string1.11397.4732
                0x0800a580       0x14 /tmp/ccHEtvAh.ltrans6.ltrans.o
 *fill*         0x0800a594        0xc 00
 .rodata.vcom_configuration_descriptor.11402.4737
                0x0800a5a0        0x8 /tmp/ccHEtvAh.ltrans6.ltrans.o
 *fill*         0x0800a5a8        0x8 00
 .rodata.vcom_device_descriptor.11400.4735
                0x0800a5b0        0x8 /tmp/ccHEtvAh.ltrans6.ltrans.o
 *fill*         0x0800a5b8        0x8 00
 .rodata.str1.4
                0x0800a5c0       0xaf /tmp/ccHEtvAh.ltrans6.ltrans.o
                                 0xcc (size before relaxing)
 *fill*         0x0800a66f        0x1 00
 .rodata.vcom_device_descriptor_data.11401.4736
                0x0800a670       0x14 /tmp/ccHEtvAh.ltrans6.ltrans.o
 *fill*         0x0800a684        0xc 00
 .rodata.vcom_string2.11398.4733
                0x0800a690       0x38 /tmp/ccHEtvAh.ltrans6.ltrans.o
 *fill*         0x0800a6c8        0x8 00
 .rodata.vcom_string0.11396.4731
                0x0800a6d0        0x4 /tmp/ccHEtvAh.ltrans6.ltrans.o
 *fill*         0x0800a6d4        0xc 00
 .rodata.vcom_strings.11395.4730
                0x0800a6e0       0x20 /tmp/ccHEtvAh.ltrans6.ltrans.o
 .rodata.vcom_configuration_descriptor_data.11403.4738
                0x0800a700       0x44 /tmp/ccHEtvAh.ltrans6.ltrans.o
 *fill*         0x0800a744        0xc 00
 .rodata.str1.4
                0x0800a750      0x2ca /tmp/ccHEtvAh.ltrans7.ltrans.o
                                0x2e8 (size before relaxing)
 *fill*         0x0800aa1a        0x6 00
 .rodata.evhndl.7763.4350
                0x0800aa20        0xc /tmp/ccHEtvAh.ltrans8.ltrans.o
 *fill*         0x0800aa2c        0x4 00
 .rodata.str1.4
                0x0800aa30      0x146 /tmp/ccHEtvAh.ltrans8.ltrans.o
                                0x220 (size before relaxing)
 *fill*         0x0800ab76        0xa 00
 .rodata.shell_cfg1.11100
                0x0800ab80        0x8 /tmp/ccHEtvAh.ltrans9.ltrans.o
                0x0800ab80                shell_cfg1.11100
 *fill*         0x0800ab88        0x8 00
 .rodata.spicfg.11720.4580
                0x0800ab90        0xc /tmp/ccHEtvAh.ltrans9.ltrans.o
 *fill*         0x0800ab9c        0x4 00
 .rodata.str1.4
                0x0800aba0       0x7a /tmp/ccHEtvAh.ltrans9.ltrans.o
                                 0x8c (size before relaxing)
 *fill*         0x0800ac1a        0x6 00
 .rodata.commands.11101
                0x0800ac20       0x48 /tmp/ccHEtvAh.ltrans9.ltrans.o
                0x0800ac20                commands.11101
 *fill*         0x0800ac68        0x8 00
 .rodata.ep1config.11389
                0x0800ac70       0x24 /tmp/ccHEtvAh.ltrans9.ltrans.o
                0x0800ac70                ep1config.11389
 *fill*         0x0800ac94        0xc 00
 .rodata.patternthd
                0x0800aca0       0x14 /tmp/ccHEtvAh.ltrans10.ltrans.o
                0x0800aca0                patternthd
 *fill*         0x0800acb4        0xc 00
 .rodata.patternmsg
                0x0800acc0        0x8 /tmp/ccHEtvAh.ltrans10.ltrans.o
                0x0800acc0                patternmsg
 *fill*         0x0800acc8        0x8 00
 .rodata.testevt3.4530
                0x0800acd0       0x10 /tmp/ccHEtvAh.ltrans10.ltrans.o
 .rodata.testbmk10.4572
                0x0800ace0       0x10 /tmp/ccHEtvAh.ltrans10.ltrans.o
 .rodata.patterndyn
                0x0800acf0       0x10 /tmp/ccHEtvAh.ltrans10.ltrans.o
                0x0800acf0                patterndyn
 .rodata.testbmk12.4574
                0x0800ad00       0x10 /tmp/ccHEtvAh.ltrans10.ltrans.o
 .rodata.testsem1
                0x0800ad10       0x10 /tmp/ccHEtvAh.ltrans10.ltrans.o
 .rodata.patternevt
                0x0800ad20       0x10 /tmp/ccHEtvAh.ltrans10.ltrans.o
                0x0800ad20                patternevt
 .rodata.testevt2.4529
                0x0800ad30       0x10 /tmp/ccHEtvAh.ltrans10.ltrans.o
 .rodata.testthd4.4499
                0x0800ad40       0x10 /tmp/ccHEtvAh.ltrans10.ltrans.o
 .rodata.patternpools
                0x0800ad50        0x8 /tmp/ccHEtvAh.ltrans10.ltrans.o
                0x0800ad50                patternpools
 *fill*         0x0800ad58        0x8 00
 .rodata.testmtx6.4508
                0x0800ad60       0x10 /tmp/ccHEtvAh.ltrans10.ltrans.o
 .rodata.testbmk1
                0x0800ad70       0x10 /tmp/ccHEtvAh.ltrans10.ltrans.o
 .rodata.testbmk9.4571
                0x0800ad80       0x10 /tmp/ccHEtvAh.ltrans10.ltrans.o
 .rodata.testbmk6.4568
                0x0800ad90       0x10 /tmp/ccHEtvAh.ltrans10.ltrans.o
 .rodata.testmtx8.4510
                0x0800ada0       0x10 /tmp/ccHEtvAh.ltrans10.ltrans.o
 .rodata.testpools1
                0x0800adb0       0x10 /tmp/ccHEtvAh.ltrans10.ltrans.o
 .rodata.testbmk3.4565
                0x0800adc0       0x10 /tmp/ccHEtvAh.ltrans10.ltrans.o
 .rodata.patterns.6764
                0x0800add0       0x30 /tmp/ccHEtvAh.ltrans10.ltrans.o
                0x0800add0                patterns.6764
 .rodata.testbmk2.4564
                0x0800ae00       0x10 /tmp/ccHEtvAh.ltrans10.ltrans.o
 .rodata.testsem2.4472
                0x0800ae10       0x10 /tmp/ccHEtvAh.ltrans10.ltrans.o
 .rodata.testbmk5.4567
                0x0800ae20       0x10 /tmp/ccHEtvAh.ltrans10.ltrans.o
 .rodata.testdyn1
                0x0800ae30       0x10 /tmp/ccHEtvAh.ltrans10.ltrans.o
 .rodata.testmbox1
                0x0800ae40       0x10 /tmp/ccHEtvAh.ltrans10.ltrans.o
 .rodata.testbmk8.4570
                0x0800ae50       0x10 /tmp/ccHEtvAh.ltrans10.ltrans.o
 .rodata.testmtx7.4509
                0x0800ae60       0x10 /tmp/ccHEtvAh.ltrans10.ltrans.o
 .rodata.patternheap
                0x0800ae70        0x8 /tmp/ccHEtvAh.ltrans10.ltrans.o
                0x0800ae70                patternheap
 *fill*         0x0800ae78        0x8 00
 .rodata.patternqueues
                0x0800ae80        0xc /tmp/ccHEtvAh.ltrans10.ltrans.o
                0x0800ae80                patternqueues
 *fill*         0x0800ae8c        0x4 00
 .rodata.testmtx4.4506
                0x0800ae90       0x10 /tmp/ccHEtvAh.ltrans10.ltrans.o
 .rodata.testsem4.4460
                0x0800aea0       0x10 /tmp/ccHEtvAh.ltrans10.ltrans.o
 .rodata.testmsg1
                0x0800aeb0       0x10 /tmp/ccHEtvAh.ltrans10.ltrans.o
 .rodata.testdyn3.4550
                0x0800aec0       0x10 /tmp/ccHEtvAh.ltrans10.ltrans.o
 .rodata.testqueues1
                0x0800aed0       0x10 /tmp/ccHEtvAh.ltrans10.ltrans.o
 .rodata.testthd2.4497
                0x0800aee0       0x10 /tmp/ccHEtvAh.ltrans10.ltrans.o
 .rodata.patternmbox
                0x0800aef0        0x8 /tmp/ccHEtvAh.ltrans10.ltrans.o
                0x0800aef0                patternmbox
 *fill*         0x0800aef8        0x8 00
 .rodata.testbmk7.4569
                0x0800af00       0x10 /tmp/ccHEtvAh.ltrans10.ltrans.o
 .rodata.testthd1
                0x0800af10       0x10 /tmp/ccHEtvAh.ltrans10.ltrans.o
 .rodata.patternbmk
                0x0800af20       0x38 /tmp/ccHEtvAh.ltrans10.ltrans.o
                0x0800af20                patternbmk
 *fill*         0x0800af58        0x8 00
 .rodata.testbmk4.4566
                0x0800af60       0x10 /tmp/ccHEtvAh.ltrans10.ltrans.o
 .rodata.patternsem
                0x0800af70       0x14 /tmp/ccHEtvAh.ltrans10.ltrans.o
                0x0800af70                patternsem
 *fill*         0x0800af84        0xc 00
 .rodata.patternmtx
                0x0800af90       0x1c /tmp/ccHEtvAh.ltrans10.ltrans.o
                0x0800af90                patternmtx
 *fill*         0x0800afac        0x4 00
 .rodata.testbmk13.4575
                0x0800afb0       0x10 /tmp/ccHEtvAh.ltrans10.ltrans.o
 .rodata.testsem3.4473
                0x0800afc0       0x10 /tmp/ccHEtvAh.ltrans10.ltrans.o
 .rodata.testevt1
                0x0800afd0       0x10 /tmp/ccHEtvAh.ltrans10.ltrans.o
 .rodata.testheap1
                0x0800afe0       0x10 /tmp/ccHEtvAh.ltrans10.ltrans.o
 .rodata.testdyn2.4549
                0x0800aff0       0x10 /tmp/ccHEtvAh.ltrans10.ltrans.o
 .rodata.testqueues2.4557
                0x0800b000       0x10 /tmp/ccHEtvAh.ltrans10.ltrans.o
 .rodata.testbmk11.4573
                0x0800b010       0x10 /tmp/ccHEtvAh.ltrans10.ltrans.o
 .rodata.testthd3.4498
                0x0800b020       0x10 /tmp/ccHEtvAh.ltrans10.ltrans.o
 .rodata.str1.4
                0x0800b030      0x50c /tmp/ccHEtvAh.ltrans10.ltrans.o
                                0x52c (size before relaxing)
 *fill*         0x0800b53c        0x4 00
 .rodata.testmtx1
                0x0800b540       0x10 /tmp/ccHEtvAh.ltrans10.ltrans.o
 .rodata.testmtx5.4507
                0x0800b550       0x10 /tmp/ccHEtvAh.ltrans10.ltrans.o
 .rodata._ctype_
                0x0800b560      0x104 /home/laurence/ARM-GCC/bin/../lib/gcc/arm-none-eabi/4.7.4/../../../../arm-none-eabi/lib/armv7-m/libg.a(lib_a-ctype_.o)
                0x0800b560                _ctype_
 *(.glue_7t)
 .glue_7t       0x00000000        0x0 linker stubs
 *(.glue_7)
 .glue_7        0x00000000        0x0 linker stubs
 *(.gcc*)

.vfp11_veneer   0x0800b664        0x0
 .vfp11_veneer  0x00000000        0x0 linker stubs

.v4_bx          0x0800b664        0x0
 .v4_bx         0x00000000        0x0 linker stubs

.iplt           0x0800b664        0x0
 .iplt          0x00000000        0x0 build/obj/chcoreasm_v7m.o

.rel.dyn        0x0800b664        0x0
 .rel.iplt      0x00000000        0x0 build/obj/chcoreasm_v7m.o

.ARM.extab
 *(.ARM.extab* .gnu.linkonce.armextab.*)

.ARM.exidx      0x0800b664        0x0
                0x0800b664                PROVIDE (__exidx_start, .)
 *(.ARM.exidx* .gnu.linkonce.armexidx.*)
                0x0800b664                PROVIDE (__exidx_end, .)

.eh_frame_hdr
 *(.eh_frame_hdr)

.eh_frame
 *(.eh_frame)

.textalign      0x0800b664        0x4
                0x0800b668                . = ALIGN (0x8)
 *fill*         0x0800b664        0x4 00
                0x0800b668                . = ALIGN (0x4)
                0x0800b668                _etext = .
                0x0800b668                _textdata = _etext

.stacks         0x20000000      0x800
                0x20000000                . = ALIGN (0x8)
                0x20000000                __main_stack_base__ = .
                0x20000400                . = (. + __main_stack_size__)
 *fill*         0x20000000      0x400 00
                0x20000400                . = ALIGN (0x8)
                0x20000400                __main_stack_end__ = .
                0x20000400                __process_stack_base__ = .
                0x20000400                __main_thread_stack_base__ = .
                0x20000800                . = (. + __process_stack_size__)
 *fill*         0x20000400      0x400 00
                0x20000800                . = ALIGN (0x8)
                0x20000800                __process_stack_end__ = .
                0x20000800                __main_thread_stack_end__ = .

.data           0x20000800      0x50c load address 0x0800b668
                0x20000800                . = ALIGN (0x4)
                0x20000800                PROVIDE (_data, .)
 *(.data)
 *(.data.*)
 .data.m1.7331  0x20000800       0x10 /tmp/ccHEtvAh.ltrans1.ltrans.o
                0x20000800                m1.7331
 .data.Active_shift.4609
                0x20000810        0x2 /tmp/ccHEtvAh.ltrans2.ltrans.o
 .data.Active_banddiv.4566
                0x20000812        0x1 /tmp/ccHEtvAh.ltrans2.ltrans.o
 .data.Active_level.4610
                0x20000813        0x1 /tmp/ccHEtvAh.ltrans2.ltrans.o
 .data.Outdiv.4564
                0x20000814        0x1 /tmp/ccHEtvAh.ltrans2.ltrans.o
 *fill*         0x20000815        0x3 00
 .data.c1.7329  0x20000818        0x8 /tmp/ccHEtvAh.ltrans3.ltrans.o
                0x20000818                c1.7329
 .data.mp1.7972
                0x20000820        0xc /tmp/ccHEtvAh.ltrans3.ltrans.o
                0x20000820                mp1.7972
 .data.linecoding.9032.4748
                0x2000082c        0x8 /tmp/ccHEtvAh.ltrans6.ltrans.o
 .data.buf.8532.11099.4818
                0x20000834      0x404 /tmp/ccHEtvAh.ltrans7.ltrans.o
 .data.m2.7330  0x20000c38       0x10 /tmp/ccHEtvAh.ltrans7.ltrans.o
                0x20000c38                m2.7330
 .data.sem1.7122
                0x20000c48        0xc /tmp/ccHEtvAh.ltrans8.ltrans.o
                0x20000c48                sem1.7122
 .data.Active_Frequency
                0x20000c54        0x4 /tmp/ccHEtvAh.ltrans9.ltrans.o
                0x20000c54                Active_Frequency
 .data.es1.7762
                0x20000c58        0x4 /tmp/ccHEtvAh.ltrans9.ltrans.o
                0x20000c58                es1.7762
 .data.gpt4cfg.11719.4639
                0x20000c5c       0x10 /tmp/ccHEtvAh.ltrans9.ltrans.o
 .data.gpt3cfg.11718.4641
                0x20000c6c       0x10 /tmp/ccHEtvAh.ltrans9.ltrans.o
 .data.es2.7761
                0x20000c7c        0x4 /tmp/ccHEtvAh.ltrans9.ltrans.o
                0x20000c7c                es2.7761
 .data.local_commands.10670.4448
                0x20000c80       0x18 /tmp/ccHEtvAh.ltrans10.ltrans.o
 .data.oq.8291  0x20000c98       0x24 /tmp/ccHEtvAh.ltrans10.ltrans.o
                0x20000c98                oq.8291
 .data.iq.8304  0x20000cbc       0x24 /tmp/ccHEtvAh.ltrans10.ltrans.o
                0x20000cbc                iq.8304
 .data.mb1.7615
                0x20000ce0       0x28 /tmp/ccHEtvAh.ltrans10.ltrans.o
                0x20000ce0                mb1.7615
 .data.__ctype_ptr__
                0x20000d08        0x4 /home/laurence/ARM-GCC/bin/../lib/gcc/arm-none-eabi/4.7.4/../../../../arm-none-eabi/lib/armv7-m/libg.a(lib_a-ctype_.o)
                0x20000d08                __ctype_ptr__
 *(.ramtext)
                0x20000d0c                . = ALIGN (0x4)
                0x20000d0c                PROVIDE (_edata, .)

.igot.plt       0x20000d0c        0x0 load address 0x0800bb74
 .igot.plt      0x00000000        0x0 build/obj/chcoreasm_v7m.o

.bss            0x20000d0c     0x1310
                0x20000d0c                . = ALIGN (0x4)
                0x20000d0c                PROVIDE (_bss_start, .)
 *(.bss)
 *(.bss.*)
 .bss.iq.6276.8531.4965
                0x20000d0c       0x24 /tmp/ccHEtvAh.ltrans1.ltrans.o
 .bss.endmem.6446
                0x20000d30        0x4 /tmp/ccHEtvAh.ltrans1.ltrans.o
                0x20000d30                endmem.6446
 .bss.USBD1     0x20000d34       0x84 /tmp/ccHEtvAh.ltrans1.ltrans.o
                0x20000d34                USBD1
 .bss.ib.6275.8532.4995
                0x20000db8       0x10 /tmp/ccHEtvAh.ltrans1.ltrans.o
 .bss.nextmem.6444
                0x20000dc8        0x4 /tmp/ccHEtvAh.ltrans1.ltrans.o
                0x20000dc8                nextmem.6444
 .bss.test_timer_done
                0x20000dcc        0x1 /tmp/ccHEtvAh.ltrans1.ltrans.o
                0x20000dcc                test_timer_done
 *fill*         0x20000dcd        0x3 00
 .bss.dma_isr_redir.9717
                0x20000dd0       0x38 /tmp/ccHEtvAh.ltrans1.ltrans.o
                0x20000dd0                dma_isr_redir.9717
 .bss.default_heap.6550
                0x20000e08       0x20 /tmp/ccHEtvAh.ltrans1.ltrans.o
                0x20000e08                default_heap.6550
 .bss.waThread1.11102.5015
                0x20000e28      0x148 /tmp/ccHEtvAh.ltrans1.ltrans.o
 .bss.waThreadSI.11721.5016
                0x20000f70      0x4c8 /tmp/ccHEtvAh.ltrans1.ltrans.o
 .bss.dummytx.10008.4962
                0x20001438        0x2 /tmp/ccHEtvAh.ltrans1.ltrans.o
 *fill*         0x2000143a        0x2 00
 .bss.dma_streams_mask.9722
                0x2000143c        0x4 /tmp/ccHEtvAh.ltrans1.ltrans.o
                0x2000143c                dma_streams_mask.9722
 .bss.ep2instate.11393.4655
                0x20001440       0x10 /tmp/ccHEtvAh.ltrans2.ltrans.o
 .bss.Silabs_Part_ID
                0x20001450        0x2 /tmp/ccHEtvAh.ltrans2.ltrans.o
                0x20001450                Silabs_Part_ID
 *fill*         0x20001452        0x2 00
 .bss.mp1.8119  0x20001454        0xc /tmp/ccHEtvAh.ltrans3.ltrans.o
                0x20001454                mp1.8119
 .bss.vt.6747.4552
                0x20001460       0x14 /tmp/ccHEtvAh.ltrans4.ltrans.o
 .bss.ep0setup_buffer.10427
                0x20001474        0x8 /tmp/ccHEtvAh.ltrans5.ltrans.o
                0x20001474                ep0setup_buffer.10427
 .bss.ep0_state.10423
                0x2000147c       0x14 /tmp/ccHEtvAh.ltrans5.ltrans.o
                0x2000147c                ep0_state.10423
 .bss.tokp.6757
                0x20001490        0x4 /tmp/ccHEtvAh.ltrans7.ltrans.o
                0x20001490                tokp.6757
 .bss.local_fail.6760
                0x20001494        0x1 /tmp/ccHEtvAh.ltrans7.ltrans.o
                0x20001494                local_fail.6760
 *fill*         0x20001495        0x3 00
 .bss.heap1.8117
                0x20001498       0x20 /tmp/ccHEtvAh.ltrans7.ltrans.o
                0x20001498                heap1.8117
 .bss.global_fail.6761
                0x200014b8        0x1 /tmp/ccHEtvAh.ltrans7.ltrans.o
                0x200014b8                global_fail.6761
 *fill*         0x200014b9        0x3 00
 .bss.chp.6748  0x200014bc        0x4 /tmp/ccHEtvAh.ltrans7.ltrans.o
                0x200014bc                chp.6748
 .bss.failpoint.6762
                0x200014c0        0x4 /tmp/ccHEtvAh.ltrans7.ltrans.o
                0x200014c0                failpoint.6762
 .bss.tokens_buffer.6758
                0x200014c4       0x10 /tmp/ccHEtvAh.ltrans7.ltrans.o
                0x200014c4                tokens_buffer.6758
 *fill*         0x200014d4        0x4 00
 .bss.test_heap.7938
                0x200014d8       0x20 /tmp/ccHEtvAh.ltrans7.ltrans.o
                0x200014d8                test_heap.7938
 .bss.sem1.8528
                0x200014f8        0xc /tmp/ccHEtvAh.ltrans8.ltrans.o
                0x200014f8                sem1.8528
 .bss.mtx1.8527
                0x20001504       0x10 /tmp/ccHEtvAh.ltrans8.ltrans.o
                0x20001504                mtx1.8527
 .bss.vt1.6286.8530.4398
                0x20001514       0x14 /tmp/ccHEtvAh.ltrans8.ltrans.o
 .bss.vt2.6287.8529.4399
                0x20001528       0x14 /tmp/ccHEtvAh.ltrans8.ltrans.o
 .bss.SDU1      0x2000153c      0x258 /tmp/ccHEtvAh.ltrans9.ltrans.o
                0x2000153c                SDU1
 .bss.tx_buffer
                0x20001794       0x10 /tmp/ccHEtvAh.ltrans9.ltrans.o
                0x20001794                tx_buffer
 .bss.Command   0x200017a4        0x1 /tmp/ccHEtvAh.ltrans9.ltrans.o
                0x200017a4                Command
 *fill*         0x200017a5        0x3 00
 .bss.SPID1     0x200017a8       0x30 /tmp/ccHEtvAh.ltrans9.ltrans.o
                0x200017a8                SPID1
 .bss.GPTD3     0x200017d8       0x10 /tmp/ccHEtvAh.ltrans9.ltrans.o
                0x200017d8                GPTD3
 .bss.GPTD4     0x200017e8       0x10 /tmp/ccHEtvAh.ltrans9.ltrans.o
                0x200017e8                GPTD4
 .bss.rx_buffer
                0x200017f8        0xc /tmp/ccHEtvAh.ltrans9.ltrans.o
                0x200017f8                rx_buffer
 .bss.Silabs_busy
                0x20001804        0xc /tmp/ccHEtvAh.ltrans9.ltrans.o
                0x20001804                Silabs_busy
 .bss.ep1outstate.11391
                0x20001810       0x14 /tmp/ccHEtvAh.ltrans9.ltrans.o
                0x20001810                ep1outstate.11391
 .bss.ep1instate.11390
                0x20001824       0x10 /tmp/ccHEtvAh.ltrans9.ltrans.o
                0x20001824                ep1instate.11390
 .bss.Silabs_callback
                0x20001834        0xc /tmp/ccHEtvAh.ltrans9.ltrans.o
                0x20001834                Silabs_callback
 .bss.Command_string
                0x20001840        0x8 /tmp/ccHEtvAh.ltrans9.ltrans.o
                0x20001840                Command_string
 .bss.test      0x20001848      0x668 /tmp/ccHEtvAh.ltrans10.ltrans.o
                0x20001848                test
 .bss.shell_terminated
                0x20001eb0        0x4 /tmp/ccHEtvAh.ltrans10.ltrans.o
                0x20001eb0                shell_terminated
 *fill*         0x20001eb4        0x4 00
 .bss.ch        0x20001eb8      0x150 /tmp/ccHEtvAh.ltrans10.ltrans.o
                0x20001eb8                ch
 .bss.threads   0x20002008       0x14 /tmp/ccHEtvAh.ltrans10.ltrans.o
                0x20002008                threads
 *(COMMON)
                0x2000201c                . = ALIGN (0x4)
                0x2000201c                PROVIDE (_bss_end, .)
                0x2000201c                PROVIDE (end, .)
                0x2000201c                _end = .
                0x2000201c                __heap_base__ = _end
                0x20005000                __heap_end__ = __ram_end__
                0x00000400                __process_stack_size__ = 0x400
                0x00000400                __main_stack_size__ = 0x400
START GROUP
LOAD /home/laurence/ARM-GCC/bin/../lib/gcc/arm-none-eabi/4.7.4/armv7-m/libgcc.a
LOAD /home/laurence/ARM-GCC/bin/../lib/gcc/arm-none-eabi/4.7.4/../../../../arm-none-eabi/lib/armv7-m/libg.a
LOAD /home/laurence/ARM-GCC/bin/../lib/gcc/arm-none-eabi/4.7.4/../../../../arm-none-eabi/lib/armv7-m/libc.a
END GROUP
OUTPUT(build/ch.elf elf32-littlearm)

.ARM.attributes
                0x00000000       0x2f
 .ARM.attributes
                0x00000000       0x21 build/obj/chcoreasm_v7m.o
 .ARM.attributes
                0x00000021       0x31 /tmp/ccHEtvAh.ltrans0.ltrans.o
 .ARM.attributes
                0x00000052       0x31 /tmp/ccHEtvAh.ltrans1.ltrans.o
 .ARM.attributes
                0x00000083       0x31 /tmp/ccHEtvAh.ltrans2.ltrans.o
 .ARM.attributes
                0x000000b4       0x31 /tmp/ccHEtvAh.ltrans3.ltrans.o
 .ARM.attributes
                0x000000e5       0x31 /tmp/ccHEtvAh.ltrans4.ltrans.o
 .ARM.attributes
                0x00000116       0x31 /tmp/ccHEtvAh.ltrans5.ltrans.o
 .ARM.attributes
                0x00000147       0x31 /tmp/ccHEtvAh.ltrans6.ltrans.o
 .ARM.attributes
                0x00000178       0x31 /tmp/ccHEtvAh.ltrans7.ltrans.o
 .ARM.attributes
                0x000001a9       0x31 /tmp/ccHEtvAh.ltrans8.ltrans.o
 .ARM.attributes
                0x000001da       0x31 /tmp/ccHEtvAh.ltrans9.ltrans.o
 .ARM.attributes
                0x0000020b       0x31 /tmp/ccHEtvAh.ltrans10.ltrans.o
 .ARM.attributes
                0x0000023c       0x1d /home/laurence/ARM-GCC/bin/../lib/gcc/arm-none-eabi/4.7.4/armv7-m/libgcc.a(_arm_addsubdf3.o)
 .ARM.attributes
                0x00000259       0x1d /home/laurence/ARM-GCC/bin/../lib/gcc/arm-none-eabi/4.7.4/armv7-m/libgcc.a(_arm_muldivdf3.o)
 .ARM.attributes
                0x00000276       0x1d /home/laurence/ARM-GCC/bin/../lib/gcc/arm-none-eabi/4.7.4/armv7-m/libgcc.a(_arm_fixdfsi.o)
 .ARM.attributes
                0x00000293       0x1d /home/laurence/ARM-GCC/bin/../lib/gcc/arm-none-eabi/4.7.4/armv7-m/libgcc.a(_arm_fixunsdfsi.o)
 .ARM.attributes
                0x000002b0       0x1d /home/laurence/ARM-GCC/bin/../lib/gcc/arm-none-eabi/4.7.4/armv7-m/libgcc.a(_arm_truncdfsf2.o)
 .ARM.attributes
                0x000002cd       0x1d /home/laurence/ARM-GCC/bin/../lib/gcc/arm-none-eabi/4.7.4/armv7-m/libgcc.a(_arm_addsubsf3.o)
 .ARM.attributes
                0x000002ea       0x1d /home/laurence/ARM-GCC/bin/../lib/gcc/arm-none-eabi/4.7.4/armv7-m/libgcc.a(_arm_muldivsf3.o)
 .ARM.attributes
                0x00000307       0x1d /home/laurence/ARM-GCC/bin/../lib/gcc/arm-none-eabi/4.7.4/armv7-m/libgcc.a(_arm_cmpsf2.o)
 .ARM.attributes
                0x00000324       0x1d /home/laurence/ARM-GCC/bin/../lib/gcc/arm-none-eabi/4.7.4/armv7-m/libgcc.a(_arm_fixsfsi.o)
 .ARM.attributes
                0x00000341       0x1d /home/laurence/ARM-GCC/bin/../lib/gcc/arm-none-eabi/4.7.4/armv7-m/libgcc.a(_arm_fixunssfsi.o)
 .ARM.attributes
                0x0000035e       0x2d /home/laurence/ARM-GCC/bin/../lib/gcc/arm-none-eabi/4.7.4/../../../../arm-none-eabi/lib/armv7-m/libg.a(lib_a-memset.o)
 .ARM.attributes
                0x0000038b       0x2d /home/laurence/ARM-GCC/bin/../lib/gcc/arm-none-eabi/4.7.4/../../../../arm-none-eabi/lib/armv7-m/libg.a(lib_a-strcasecmp.o)
 .ARM.attributes
                0x000003b8       0x2d /home/laurence/ARM-GCC/bin/../lib/gcc/arm-none-eabi/4.7.4/../../../../arm-none-eabi/lib/armv7-m/libg.a(lib_a-strlen.o)
 .ARM.attributes
                0x000003e5       0x2d /home/laurence/ARM-GCC/bin/../lib/gcc/arm-none-eabi/4.7.4/../../../../arm-none-eabi/lib/armv7-m/libg.a(lib_a-strncpy.o)
 .ARM.attributes
                0x00000412       0x2d /home/laurence/ARM-GCC/bin/../lib/gcc/arm-none-eabi/4.7.4/../../../../arm-none-eabi/lib/armv7-m/libg.a(lib_a-strpbrk.o)
 .ARM.attributes
                0x0000043f       0x2d /home/laurence/ARM-GCC/bin/../lib/gcc/arm-none-eabi/4.7.4/../../../../arm-none-eabi/lib/armv7-m/libg.a(lib_a-strspn.o)
 .ARM.attributes
                0x0000046c       0x2d /home/laurence/ARM-GCC/bin/../lib/gcc/arm-none-eabi/4.7.4/../../../../arm-none-eabi/lib/armv7-m/libg.a(lib_a-ctype_.o)

.comment        0x00000000       0x70
 .comment       0x00000000       0x70 /tmp/ccHEtvAh.ltrans0.ltrans.o
                                 0x71 (size before relaxing)
 .comment       0x00000000       0x71 /tmp/ccHEtvAh.ltrans1.ltrans.o
 .comment       0x00000000       0x71 /tmp/ccHEtvAh.ltrans2.ltrans.o
 .comment       0x00000000       0x71 /tmp/ccHEtvAh.ltrans3.ltrans.o
 .comment       0x00000000       0x71 /tmp/ccHEtvAh.ltrans4.ltrans.o
 .comment       0x00000000       0x71 /tmp/ccHEtvAh.ltrans5.ltrans.o
 .comment       0x00000000       0x71 /tmp/ccHEtvAh.ltrans6.ltrans.o
 .comment       0x00000000       0x71 /tmp/ccHEtvAh.ltrans7.ltrans.o
 .comment       0x00000000       0x71 /tmp/ccHEtvAh.ltrans8.ltrans.o
 .comment       0x00000000       0x71 /tmp/ccHEtvAh.ltrans9.ltrans.o
 .comment       0x00000000       0x71 /tmp/ccHEtvAh.ltrans10.ltrans.o

.debug_info     0x00000000    0x2478b
 .debug_info    0x00000000     0x3e5e /tmp/ccHEtvAh.ltrans0.ltrans.o
 .debug_info    0x00003e5e     0x451d /tmp/ccHEtvAh.ltrans1.ltrans.o
 .debug_info    0x0000837b     0x3688 /tmp/ccHEtvAh.ltrans2.ltrans.o
 .debug_info    0x0000ba03     0x32fd /tmp/ccHEtvAh.ltrans3.ltrans.o
 .debug_info    0x0000ed00     0x37ad /tmp/ccHEtvAh.ltrans4.ltrans.o
 .debug_info    0x000124ad     0x2ba6 /tmp/ccHEtvAh.ltrans5.ltrans.o
 .debug_info    0x00015053     0x3dee /tmp/ccHEtvAh.ltrans6.ltrans.o
 .debug_info    0x00018e41     0x35ce /tmp/ccHEtvAh.ltrans7.ltrans.o
 .debug_info    0x0001c40f     0x2cc1 /tmp/ccHEtvAh.ltrans8.ltrans.o
 .debug_info    0x0001f0d0     0x32d5 /tmp/ccHEtvAh.ltrans9.ltrans.o
 .debug_info    0x000223a5     0x23e6 /tmp/ccHEtvAh.ltrans10.ltrans.o

.debug_abbrev   0x00000000     0x4572
 .debug_abbrev  0x00000000      0x764 /tmp/ccHEtvAh.ltrans0.ltrans.o
 .debug_abbrev  0x00000764      0x6d5 /tmp/ccHEtvAh.ltrans1.ltrans.o
 .debug_abbrev  0x00000e39      0x650 /tmp/ccHEtvAh.ltrans2.ltrans.o
 .debug_abbrev  0x00001489      0x654 /tmp/ccHEtvAh.ltrans3.ltrans.o
 .debug_abbrev  0x00001add      0x70d /tmp/ccHEtvAh.ltrans4.ltrans.o
 .debug_abbrev  0x000021ea      0x4a0 /tmp/ccHEtvAh.ltrans5.ltrans.o
 .debug_abbrev  0x0000268a      0x7a5 /tmp/ccHEtvAh.ltrans6.ltrans.o
 .debug_abbrev  0x00002e2f      0x740 /tmp/ccHEtvAh.ltrans7.ltrans.o
 .debug_abbrev  0x0000356f      0x542 /tmp/ccHEtvAh.ltrans8.ltrans.o
 .debug_abbrev  0x00003ab1      0x5c2 /tmp/ccHEtvAh.ltrans9.ltrans.o
 .debug_abbrev  0x00004073      0x4ff /tmp/ccHEtvAh.ltrans10.ltrans.o

.debug_loc      0x00000000     0xaee3
 .debug_loc     0x00000000     0x20a7 /tmp/ccHEtvAh.ltrans0.ltrans.o
 .debug_loc     0x000020a7      0xa06 /tmp/ccHEtvAh.ltrans1.ltrans.o
 .debug_loc     0x00002aad      0xd2d /tmp/ccHEtvAh.ltrans2.ltrans.o
 .debug_loc     0x000037da     0x1625 /tmp/ccHEtvAh.ltrans3.ltrans.o
 .debug_loc     0x00004dff     0x1319 /tmp/ccHEtvAh.ltrans4.ltrans.o
 .debug_loc     0x00006118     0x10f8 /tmp/ccHEtvAh.ltrans5.ltrans.o
 .debug_loc     0x00007210     0x1262 /tmp/ccHEtvAh.ltrans6.ltrans.o
 .debug_loc     0x00008472      0xb33 /tmp/ccHEtvAh.ltrans7.ltrans.o
 .debug_loc     0x00008fa5      0x8d2 /tmp/ccHEtvAh.ltrans8.ltrans.o
 .debug_loc     0x00009877      0xb51 /tmp/ccHEtvAh.ltrans9.ltrans.o
 .debug_loc     0x0000a3c8      0xb1b /tmp/ccHEtvAh.ltrans10.ltrans.o

.debug_aranges  0x00000000      0x8e0
 .debug_aranges
                0x00000000      0x220 /tmp/ccHEtvAh.ltrans0.ltrans.o
 .debug_aranges
                0x00000220       0x58 /tmp/ccHEtvAh.ltrans1.ltrans.o
 .debug_aranges
                0x00000278       0x68 /tmp/ccHEtvAh.ltrans2.ltrans.o
 .debug_aranges
                0x000002e0       0xb8 /tmp/ccHEtvAh.ltrans3.ltrans.o
 .debug_aranges
                0x00000398      0x158 /tmp/ccHEtvAh.ltrans4.ltrans.o
 .debug_aranges
                0x000004f0       0x30 /tmp/ccHEtvAh.ltrans5.ltrans.o
 .debug_aranges
                0x00000520      0x1c0 /tmp/ccHEtvAh.ltrans6.ltrans.o
 .debug_aranges
                0x000006e0       0xd0 /tmp/ccHEtvAh.ltrans7.ltrans.o
 .debug_aranges
                0x000007b0       0xa8 /tmp/ccHEtvAh.ltrans8.ltrans.o
 .debug_aranges
                0x00000858       0x48 /tmp/ccHEtvAh.ltrans9.ltrans.o
 .debug_aranges
                0x000008a0       0x40 /tmp/ccHEtvAh.ltrans10.ltrans.o

.debug_ranges   0x00000000     0x4090
 .debug_ranges  0x00000000      0x930 /tmp/ccHEtvAh.ltrans0.ltrans.o
 .debug_ranges  0x00000930      0xc80 /tmp/ccHEtvAh.ltrans1.ltrans.o
 .debug_ranges  0x000015b0      0x3e8 /tmp/ccHEtvAh.ltrans2.ltrans.o
 .debug_ranges  0x00001998      0xb08 /tmp/ccHEtvAh.ltrans3.ltrans.o
 .debug_ranges  0x000024a0      0x568 /tmp/ccHEtvAh.ltrans4.ltrans.o
 .debug_ranges  0x00002a08      0x460 /tmp/ccHEtvAh.ltrans5.ltrans.o
 .debug_ranges  0x00002e68      0x560 /tmp/ccHEtvAh.ltrans6.ltrans.o
 .debug_ranges  0x000033c8      0x340 /tmp/ccHEtvAh.ltrans7.ltrans.o
 .debug_ranges  0x00003708      0x328 /tmp/ccHEtvAh.ltrans8.ltrans.o
 .debug_ranges  0x00003a30      0x398 /tmp/ccHEtvAh.ltrans9.ltrans.o
 .debug_ranges  0x00003dc8      0x2c8 /tmp/ccHEtvAh.ltrans10.ltrans.o

.debug_line     0x00000000     0x83cf
 .debug_line    0x00000000     0x12fd /tmp/ccHEtvAh.ltrans0.ltrans.o
 .debug_line    0x000012fd      0xecb /tmp/ccHEtvAh.ltrans1.ltrans.o
 .debug_line    0x000021c8      0xae1 /tmp/ccHEtvAh.ltrans2.ltrans.o
 .debug_line    0x00002ca9      0xde7 /tmp/ccHEtvAh.ltrans3.ltrans.o
 .debug_line    0x00003a90      0xe14 /tmp/ccHEtvAh.ltrans4.ltrans.o
 .debug_line    0x000048a4      0x864 /tmp/ccHEtvAh.ltrans5.ltrans.o
 .debug_line    0x00005108      0xf2b /tmp/ccHEtvAh.ltrans6.ltrans.o
 .debug_line    0x00006033      0xa77 /tmp/ccHEtvAh.ltrans7.ltrans.o
 .debug_line    0x00006aaa      0x995 /tmp/ccHEtvAh.ltrans8.ltrans.o
 .debug_line    0x0000743f      0x944 /tmp/ccHEtvAh.ltrans9.ltrans.o
 .debug_line    0x00007d83      0x64c /tmp/ccHEtvAh.ltrans10.ltrans.o

.debug_str      0x00000000     0x3f7e
 .debug_str     0x00000000      0xceb /tmp/ccHEtvAh.ltrans0.ltrans.o
                                0xdd3 (size before relaxing)
 .debug_str     0x00000ceb     0x1259 /tmp/ccHEtvAh.ltrans1.ltrans.o
                               0x1b1f (size before relaxing)
 .debug_str     0x00001f44      0x510 /tmp/ccHEtvAh.ltrans2.ltrans.o
                               0x11be (size before relaxing)
 .debug_str     0x00002454      0x491 /tmp/ccHEtvAh.ltrans3.ltrans.o
                               0x114d (size before relaxing)
 .debug_str     0x000028e5      0x429 /tmp/ccHEtvAh.ltrans4.ltrans.o
                                0xdf3 (size before relaxing)
 .debug_str     0x00002d0e      0x267 /tmp/ccHEtvAh.ltrans5.ltrans.o
                                0xc1f (size before relaxing)
 .debug_str     0x00002f75      0x554 /tmp/ccHEtvAh.ltrans6.ltrans.o
                               0x1660 (size before relaxing)
 .debug_str     0x000034c9      0x452 /tmp/ccHEtvAh.ltrans7.ltrans.o
                               0x12df (size before relaxing)
 .debug_str     0x0000391b      0x302 /tmp/ccHEtvAh.ltrans8.ltrans.o
                                0xa68 (size before relaxing)
 .debug_str     0x00003c1d      0x19b /tmp/ccHEtvAh.ltrans9.ltrans.o
                               0x1242 (size before relaxing)
 .debug_str     0x00003db8      0x1c6 /tmp/ccHEtvAh.ltrans10.ltrans.o
                                0xaf6 (size before relaxing)

.debug_frame    0x00000000     0x1a84
 .debug_frame   0x00000000      0x644 /tmp/ccHEtvAh.ltrans0.ltrans.o
 .debug_frame   0x00000644       0xf8 /tmp/ccHEtvAh.ltrans1.ltrans.o
 .debug_frame   0x0000073c      0x150 /tmp/ccHEtvAh.ltrans2.ltrans.o
 .debug_frame   0x0000088c      0x1dc /tmp/ccHEtvAh.ltrans3.ltrans.o
 .debug_frame   0x00000a68      0x3d4 /tmp/ccHEtvAh.ltrans4.ltrans.o
 .debug_frame   0x00000e3c       0x74 /tmp/ccHEtvAh.ltrans5.ltrans.o
 .debug_frame   0x00000eb0      0x4d4 /tmp/ccHEtvAh.ltrans6.ltrans.o
 .debug_frame   0x00001384      0x270 /tmp/ccHEtvAh.ltrans7.ltrans.o
 .debug_frame   0x000015f4      0x23c /tmp/ccHEtvAh.ltrans8.ltrans.o
 .debug_frame   0x00001830       0xc4 /tmp/ccHEtvAh.ltrans9.ltrans.o
 .debug_frame   0x000018f4       0x94 /tmp/ccHEtvAh.ltrans10.ltrans.o
 .debug_frame   0x00001988       0x2c /home/laurence/ARM-GCC/bin/../lib/gcc/arm-none-eabi/4.7.4/../../../../arm-none-eabi/lib/armv7-m/libg.a(lib_a-memset.o)
 .debug_frame   0x000019b4       0x2c /home/laurence/ARM-GCC/bin/../lib/gcc/arm-none-eabi/4.7.4/../../../../arm-none-eabi/lib/armv7-m/libg.a(lib_a-strcasecmp.o)
 .debug_frame   0x000019e0       0x20 /home/laurence/ARM-GCC/bin/../lib/gcc/arm-none-eabi/4.7.4/../../../../arm-none-eabi/lib/armv7-m/libg.a(lib_a-strlen.o)
 .debug_frame   0x00001a00       0x2c /home/laurence/ARM-GCC/bin/../lib/gcc/arm-none-eabi/4.7.4/../../../../arm-none-eabi/lib/armv7-m/libg.a(lib_a-strncpy.o)
 .debug_frame   0x00001a2c       0x2c /home/laurence/ARM-GCC/bin/../lib/gcc/arm-none-eabi/4.7.4/../../../../arm-none-eabi/lib/armv7-m/libg.a(lib_a-strpbrk.o)
 .debug_frame   0x00001a58       0x2c /home/laurence/ARM-GCC/bin/../lib/gcc/arm-none-eabi/4.7.4/../../../../arm-none-eabi/lib/armv7-m/libg.a(lib_a-strspn.o)

Cross Reference Table

Symbol                                            File
Active_Frequency                                  /tmp/ccHEtvAh.ltrans9.ltrans.o
                                                  /tmp/ccHEtvAh.ltrans2.ltrans.o
BusFault_Handler                                  /tmp/ccHEtvAh.ltrans0.ltrans.o
                                                  /tmp/ccHEtvAh.ltrans1.ltrans.o
Command                                           /tmp/ccHEtvAh.ltrans9.ltrans.o
                                                  /tmp/ccHEtvAh.ltrans1.ltrans.o
Command_string                                    /tmp/ccHEtvAh.ltrans9.ltrans.o
                                                  /tmp/ccHEtvAh.ltrans1.ltrans.o
DebugMon_Handler                                  /tmp/ccHEtvAh.ltrans0.ltrans.o
                                                  /tmp/ccHEtvAh.ltrans1.ltrans.o
GPTD3                                             /tmp/ccHEtvAh.ltrans9.ltrans.o
                                                  /tmp/ccHEtvAh.ltrans7.ltrans.o
                                                  /tmp/ccHEtvAh.ltrans6.ltrans.o
                                                  /tmp/ccHEtvAh.ltrans3.ltrans.o
                                                  /tmp/ccHEtvAh.ltrans1.ltrans.o
GPTD4                                             /tmp/ccHEtvAh.ltrans9.ltrans.o
                                                  /tmp/ccHEtvAh.ltrans6.ltrans.o
                                                  /tmp/ccHEtvAh.ltrans3.ltrans.o
                                                  /tmp/ccHEtvAh.ltrans1.ltrans.o
HardFault_Handler                                 /tmp/ccHEtvAh.ltrans0.ltrans.o
                                                  /tmp/ccHEtvAh.ltrans1.ltrans.o
MemManage_Handler                                 /tmp/ccHEtvAh.ltrans0.ltrans.o
                                                  /tmp/ccHEtvAh.ltrans1.ltrans.o
NMI_Handler                                       /tmp/ccHEtvAh.ltrans0.ltrans.o
                                                  /tmp/ccHEtvAh.ltrans1.ltrans.o
PendSV_Handler                                    /tmp/ccHEtvAh.ltrans0.ltrans.o
                                                  /tmp/ccHEtvAh.ltrans1.ltrans.o
RF_switch.part.4.11638                            /tmp/ccHEtvAh.ltrans7.ltrans.o
                                                  /tmp/ccHEtvAh.ltrans9.ltrans.o
Reset_Handler                                     /tmp/ccHEtvAh.ltrans1.ltrans.o
SDU1                                              /tmp/ccHEtvAh.ltrans9.ltrans.o
                                                  /tmp/ccHEtvAh.ltrans7.ltrans.o
                                                  /tmp/ccHEtvAh.ltrans2.ltrans.o
                                                  /tmp/ccHEtvAh.ltrans1.ltrans.o
SI_Thread.11592                                   /tmp/ccHEtvAh.ltrans9.ltrans.o
                                                  /tmp/ccHEtvAh.ltrans1.ltrans.o
SPID1                                             /tmp/ccHEtvAh.ltrans9.ltrans.o
                                                  /tmp/ccHEtvAh.ltrans2.ltrans.o
                                                  /tmp/ccHEtvAh.ltrans1.ltrans.o
SVC_Handler                                       /tmp/ccHEtvAh.ltrans0.ltrans.o
                                                  /tmp/ccHEtvAh.ltrans1.ltrans.o
Silabs_Part_ID                                    /tmp/ccHEtvAh.ltrans2.ltrans.o
                                                  /tmp/ccHEtvAh.ltrans7.ltrans.o
Silabs_busy                                       /tmp/ccHEtvAh.ltrans9.ltrans.o
                                                  /tmp/ccHEtvAh.ltrans1.ltrans.o
Silabs_callback                                   /tmp/ccHEtvAh.ltrans9.ltrans.o
                                                  /tmp/ccHEtvAh.ltrans1.ltrans.o
SysTick_Handler                                   /tmp/ccHEtvAh.ltrans0.ltrans.o
                                                  /tmp/ccHEtvAh.ltrans1.ltrans.o
Thread1.11031                                     /tmp/ccHEtvAh.ltrans7.ltrans.o
                                                  /tmp/ccHEtvAh.ltrans1.ltrans.o
USBD1                                             /tmp/ccHEtvAh.ltrans1.ltrans.o
                                                  /tmp/ccHEtvAh.ltrans7.ltrans.o
                                                  /tmp/ccHEtvAh.ltrans3.ltrans.o
UsageFault_Handler                                /tmp/ccHEtvAh.ltrans0.ltrans.o
                                                  /tmp/ccHEtvAh.ltrans1.ltrans.o
Vector100                                         /tmp/ccHEtvAh.ltrans0.ltrans.o
                                                  /tmp/ccHEtvAh.ltrans1.ltrans.o
Vector104                                         /tmp/ccHEtvAh.ltrans0.ltrans.o
                                                  /tmp/ccHEtvAh.ltrans1.ltrans.o
Vector108                                         /tmp/ccHEtvAh.ltrans0.ltrans.o
                                                  /tmp/ccHEtvAh.ltrans1.ltrans.o
Vector10C                                         /tmp/ccHEtvAh.ltrans0.ltrans.o
                                                  /tmp/ccHEtvAh.ltrans1.ltrans.o
Vector110                                         /tmp/ccHEtvAh.ltrans0.ltrans.o
                                                  /tmp/ccHEtvAh.ltrans1.ltrans.o
Vector114                                         /tmp/ccHEtvAh.ltrans0.ltrans.o
                                                  /tmp/ccHEtvAh.ltrans1.ltrans.o
Vector118                                         /tmp/ccHEtvAh.ltrans0.ltrans.o
                                                  /tmp/ccHEtvAh.ltrans1.ltrans.o
Vector11C                                         /tmp/ccHEtvAh.ltrans0.ltrans.o
                                                  /tmp/ccHEtvAh.ltrans1.ltrans.o
Vector120                                         /tmp/ccHEtvAh.ltrans0.ltrans.o
                                                  /tmp/ccHEtvAh.ltrans1.ltrans.o
Vector124                                         /tmp/ccHEtvAh.ltrans0.ltrans.o
                                                  /tmp/ccHEtvAh.ltrans1.ltrans.o
Vector128                                         /tmp/ccHEtvAh.ltrans0.ltrans.o
                                                  /tmp/ccHEtvAh.ltrans1.ltrans.o
Vector12C                                         /tmp/ccHEtvAh.ltrans0.ltrans.o
                                                  /tmp/ccHEtvAh.ltrans1.ltrans.o
Vector130                                         /tmp/ccHEtvAh.ltrans0.ltrans.o
                                                  /tmp/ccHEtvAh.ltrans1.ltrans.o
Vector134                                         /tmp/ccHEtvAh.ltrans0.ltrans.o